java -Xmx512m -Xms512m  -XX:+UseSerialGC -XX:+PrintGCDetails -XX:+PrintGCTimeStamps GCLogAnalysis
正在执行...
0.111: [GC (Allocation Failure) 0.111: [DefNew: 139776K->17471K(157248K), 0.0139954 secs] 139776K->44109K(506816K), 0.0140695 secs] [Times: user=0.00 sys=0.02, real=0.01 secs] 
0.144: [GC (Allocation Failure) 0.144: [DefNew: 157247K->17471K(157248K), 0.0184283 secs] 183885K->86580K(506816K), 0.0184867 secs] [Times: user=0.01 sys=0.00, real=0.02 secs] 
0.178: [GC (Allocation Failure) 0.178: [DefNew: 157247K->17469K(157248K), 0.0153808 secs] 226356K->129763K(506816K), 0.0154412 secs] [Times: user=0.01 sys=0.00, real=0.02 secs] 
0.210: [GC (Allocation Failure) 0.210: [DefNew: 156934K->17471K(157248K), 0.0152134 secs] 269228K->173875K(506816K), 0.0152741 secs] [Times: user=0.02 sys=0.00, real=0.02 secs] 
0.242: [GC (Allocation Failure) 0.242: [DefNew: 157246K->17472K(157248K), 0.0150192 secs] 313650K->218337K(506816K), 0.0150792 secs] [Times: user=0.00 sys=0.02, real=0.02 secs] 
0.274: [GC (Allocation Failure) 0.274: [DefNew: 157248K->17471K(157248K), 0.0135778 secs] 358113K->256414K(506816K), 0.0136361 secs] [Times: user=0.00 sys=0.02, real=0.01 secs] 
0.302: [GC (Allocation Failure) 0.302: [DefNew: 157247K->17471K(157248K), 0.0162790 secs] 396190K->302048K(506816K), 0.0163400 secs] [Times: user=0.01 sys=0.00, real=0.02 secs] 
0.333: [GC (Allocation Failure) 0.333: [DefNew: 156960K->17467K(157248K), 0.0170990 secs] 441538K->351771K(506816K), 0.0171580 secs] [Times: user=0.01 sys=0.00, real=0.02 secs] 
0.366: [GC (Allocation Failure) 0.366: [DefNew: 157050K->157050K(157248K), 0.0000277 secs]0.366: [Tenured: 334304K->284270K(349568K), 0.0310915 secs] 491354K->284270K(506816K), [Metaspace: 3130K->3130K(1056768K)], 0.0312085 secs] [Times: user=0.03 sys=0.00, real=0.03 secs] 
0.411: [GC (Allocation Failure) 0.411: [DefNew: 139680K->17471K(157248K), 0.0068266 secs] 423950K->333188K(506816K), 0.0068852 secs] [Times: user=0.02 sys=0.00, real=0.01 secs] 
0.433: [GC (Allocation Failure) 0.433: [DefNew: 157247K->157247K(157248K), 0.0000273 secs]0.433: [Tenured: 315716K->305827K(349568K), 0.0347828 secs] 472964K->305827K(506816K), [Metaspace: 3130K->3130K(1056768K)], 0.0348890 secs] [Times: user=0.03 sys=0.00, real=0.04 secs] 
0.483: [GC (Allocation Failure) 0.483: [DefNew: 139546K->139546K(157248K), 0.0000278 secs]0.483: [Tenured: 305827K->321135K(349568K), 0.0356721 secs] 445374K->321135K(506816K), [Metaspace: 3130K->3130K(1056768K)], 0.0357821 secs] [Times: user=0.03 sys=0.00, real=0.04 secs] 
0.534: [GC (Allocation Failure) 0.534: [DefNew: 139628K->139628K(157248K), 0.0000284 secs]0.534: [Tenured: 321135K->313867K(349568K), 0.0376716 secs] 460764K->313867K(506816K), [Metaspace: 3130K->3130K(1056768K)], 0.0377898 secs] [Times: user=0.05 sys=0.00, real=0.04 secs] 
0.586: [GC (Allocation Failure) 0.586: [DefNew: 139575K->139575K(157248K), 0.0000294 secs]0.586: [Tenured: 313867K->334688K(349568K), 0.0247721 secs] 453443K->334688K(506816K), [Metaspace: 3130K->3130K(1056768K)], 0.0248907 secs] [Times: user=0.02 sys=0.00, real=0.03 secs] 
0.626: [GC (Allocation Failure) 0.626: [DefNew: 139776K->139776K(157248K), 0.0000263 secs]0.626: [Tenured: 334688K->344169K(349568K), 0.0341703 secs] 474464K->344169K(506816K), [Metaspace: 3130K->3130K(1056768K)], 0.0342771 secs] [Times: user=0.03 sys=0.00, real=0.03 secs] 
0.674: [GC (Allocation Failure) 0.674: [DefNew: 139776K->139776K(157248K), 0.0000278 secs]0.674: [Tenured: 344169K->349375K(349568K), 0.0388040 secs] 483945K->359347K(506816K), [Metaspace: 3130K->3130K(1056768K)], 0.0389114 secs] [Times: user=0.05 sys=0.00, real=0.04 secs] 
0.728: [Full GC (Allocation Failure) 0.728: [Tenured: 349375K->343149K(349568K), 0.0405891 secs] 506577K->343149K(506816K), [Metaspace: 3130K->3130K(1056768K)], 0.0406682 secs] [Times: user=0.03 sys=0.00, real=0.04 secs] 
0.783: [GC (Allocation Failure) 0.783: [DefNew: 139620K->139620K(157248K), 0.0000267 secs]0.783: [Tenured: 343149K->349553K(349568K), 0.0282088 secs] 482769K->373060K(506816K), [Metaspace: 3130K->3130K(1056768K)], 0.0283149 secs] [Times: user=0.03 sys=0.00, real=0.03 secs] 
0.827: [Full GC (Allocation Failure) 0.827: [Tenured: 349553K->349543K(349568K), 0.0369693 secs] 506742K->377832K(506816K), [Metaspace: 3130K->3130K(1056768K)], 0.0370398 secs] [Times: user=0.03 sys=0.00, real=0.04 secs] 
0.878: [Full GC (Allocation Failure) 0.878: [Tenured: 349543K->349266K(349568K), 0.0407675 secs] 506767K->378962K(506816K), [Metaspace: 3130K->3130K(1056768K)], 0.0408504 secs] [Times: user=0.05 sys=0.00, real=0.04 secs] 
0.934: [Full GC (Allocation Failure) 0.934: [Tenured: 349266K->349519K(349568K), 0.0528272 secs] 506511K->367242K(506816K), [Metaspace: 3130K->3130K(1056768K)], 0.0529081 secs] [Times: user=0.05 sys=0.00, real=0.05 secs] 
1.007: [Full GC (Allocation Failure) 1.007: [Tenured: 349519K->349529K(349568K), 0.0510146 secs] 506540K->382367K(506816K), [Metaspace: 3130K->3130K(1056768K)], 0.0511253 secs] [Times: user=0.06 sys=0.00, real=0.05 secs] 
1.081: [Full GC (Allocation Failure) 1.081: [Tenured: 349529K->349399K(349568K), 0.0438541 secs] 506299K->383241K(506816K), [Metaspace: 3130K->3130K(1056768K)], 0.0439282 secs] [Times: user=0.05 sys=0.00, real=0.04 secs] 
1.139: [Full GC (Allocation Failure) 1.139: [Tenured: 349532K->349180K(349568K), 0.0400704 secs] 506761K->388755K(506816K), [Metaspace: 3130K->3130K(1056768K)], 0.0401411 secs] [Times: user=0.03 sys=0.00, real=0.04 secs] 
1.191: [Full GC (Allocation Failure) 1.191: [Tenured: 349245K->349009K(349568K), 0.0448157 secs] 506476K->375586K(506816K), [Metaspace: 3130K->3130K(1056768K)], 0.0448891 secs] [Times: user=0.05 sys=0.00, real=0.04 secs] 
1.250: [Full GC (Allocation Failure) 1.250: [Tenured: 349561K->349414K(349568K), 0.0276306 secs] 506733K->393123K(506816K), [Metaspace: 3130K->3130K(1056768K)], 0.0277082 secs] [Times: user=0.03 sys=0.00, real=0.03 secs] 
1.290: [Full GC (Allocation Failure) 1.290: [Tenured: 349414K->349239K(349568K), 0.0375292 secs] 506445K->392463K(506816K), [Metaspace: 3130K->3130K(1056768K)], 0.0376029 secs] [Times: user=0.03 sys=0.00, real=0.04 secs] 
1.341: [Full GC (Allocation Failure) 1.341: [Tenured: 349239K->349526K(349568K), 0.0408811 secs] 506151K->390922K(506816K), [Metaspace: 3130K->3130K(1056768K)], 0.0409527 secs] [Times: user=0.03 sys=0.00, real=0.04 secs] 
1.393: [Full GC (Allocation Failure) 1.393: [Tenured: 349526K->349414K(349568K), 0.0449253 secs] 506386K->379614K(506816K), [Metaspace: 3130K->3130K(1056768K)], 0.0449966 secs] [Times: user=0.05 sys=0.00, real=0.05 secs] 
1.451: [Full GC (Allocation Failure) 1.451: [Tenured: 349414K->349379K(349568K), 0.0264318 secs] 506381K->398816K(506816K), [Metaspace: 3130K->3130K(1056768K)], 0.0265052 secs] [Times: user=0.03 sys=0.00, real=0.03 secs] 
1.489: [Full GC (Allocation Failure) 1.489: [Tenured: 349523K->349538K(349568K), 0.0362357 secs] 506771K->400578K(506816K), [Metaspace: 3130K->3130K(1056768K)], 0.0363043 secs] [Times: user=0.05 sys=0.00, real=0.04 secs] 
1.536: [Full GC (Allocation Failure) 1.536: [Tenured: 349538K->349377K(349568K), 0.0404548 secs] 506548K->400259K(506816K), [Metaspace: 3130K->3130K(1056768K)], 0.0405222 secs] [Times: user=0.05 sys=0.00, real=0.04 secs] 
1.588: [Full GC (Allocation Failure) 1.588: [Tenured: 349377K->349356K(349568K), 0.0466318 secs] 506110K->384974K(506816K), [Metaspace: 3130K->3130K(1056768K)], 0.0467279 secs] [Times: user=0.05 sys=0.00, real=0.05 secs] 
1.647: [Full GC (Allocation Failure) 1.647: [Tenured: 349356K->349509K(349568K), 0.0277124 secs] 505971K->396115K(506816K), [Metaspace: 3130K->3130K(1056768K)], 0.0277927 secs] [Times: user=0.03 sys=0.00, real=0.03 secs] 
1.687: [Full GC (Allocation Failure) 1.687: [Tenured: 349509K->349480K(349568K), 0.0352032 secs] 506685K->394384K(506816K), [Metaspace: 3130K->3130K(1056768K)], 0.0352753 secs] [Times: user=0.03 sys=0.00, real=0.03 secs] 
1.736: [Full GC (Allocation Failure) 1.736: [Tenured: 349480K->349476K(349568K), 0.0375388 secs] 506483K->393955K(506816K), [Metaspace: 3130K->3130K(1056768K)], 0.0376133 secs] [Times: user=0.03 sys=0.00, real=0.04 secs] 
1.786: [Full GC (Allocation Failure) 1.786: [Tenured: 349476K->349185K(349568K), 0.0479593 secs] 506462K->378721K(506816K), [Metaspace: 3130K->3130K(1056768K)], 0.0480592 secs] [Times: user=0.05 sys=0.00, real=0.05 secs] 
1.848: [Full GC (Allocation Failure) 1.848: [Tenured: 349489K->349508K(349568K), 0.0281282 secs] 506711K->397881K(506816K), [Metaspace: 3130K->3130K(1056768K)], 0.0282009 secs] [Times: user=0.03 sys=0.00, real=0.03 secs] 
1.888: [Full GC (Allocation Failure) 1.888: [Tenured: 349508K->348965K(349568K), 0.0374751 secs] 506701K->392658K(506816K), [Metaspace: 3130K->3130K(1056768K)], 0.0375482 secs] [Times: user=0.03 sys=0.00, real=0.04 secs] 
1.937: [Full GC (Allocation Failure) 1.937: [Tenured: 348965K->349486K(349568K), 0.0394632 secs] 505532K->394082K(506816K), [Metaspace: 3130K->3130K(1056768K)], 0.0395367 secs] [Times: user=0.03 sys=0.00, real=0.04 secs] 
1.989: [Full GC (Allocation Failure) 1.989: [Tenured: 349486K->349338K(349568K), 0.0443947 secs] 506141K->378444K(506816K), [Metaspace: 3130K->3130K(1056768K)], 0.0444661 secs] [Times: user=0.05 sys=0.00, real=0.04 secs] 
2.048: [Full GC (Allocation Failure) 2.048: [Tenured: 349338K->349489K(349568K), 0.0297364 secs] 506396K->391685K(506816K), [Metaspace: 3130K->3130K(1056768K)], 0.0298221 secs] [Times: user=0.03 sys=0.00, real=0.03 secs] 
2.090: [Full GC (Allocation Failure) 2.091: [Tenured: 349489K->349409K(349568K), 0.0379590 secs] 506692K->388757K(506816K), [Metaspace: 3130K->3130K(1056768K)], 0.0380344 secs] [Times: user=0.03 sys=0.00, real=0.04 secs] 
2.142: [Full GC (Allocation Failure) 2.142: [Tenured: 349543K->349085K(349568K), 0.0424601 secs] 506778K->387024K(506816K), [Metaspace: 3130K->3130K(1056768K)], 0.0425272 secs] [Times: user=0.05 sys=0.00, real=0.04 secs] 
2.199: [Full GC (Allocation Failure) 2.199: [Tenured: 349559K->349478K(349568K), 0.0512742 secs] 506665K->371315K(506816K), [Metaspace: 3130K->3130K(1056768K)], 0.0513391 secs] [Times: user=0.05 sys=0.00, real=0.05 secs] 
2.267: [Full GC (Allocation Failure) 2.267: [Tenured: 349565K->349490K(349568K), 0.0330648 secs] 506813K->390982K(506816K), [Metaspace: 3130K->3130K(1056768K)], 0.0331273 secs] [Times: user=0.03 sys=0.00, real=0.03 secs] 
2.313: [Full GC (Allocation Failure) 2.313: [Tenured: 349490K->349549K(349568K), 0.0427992 secs] 506343K->393413K(506816K), [Metaspace: 3130K->3130K(1056768K)], 0.0428731 secs] [Times: user=0.05 sys=0.00, real=0.04 secs] 
2.368: [Full GC (Allocation Failure) 2.368: [Tenured: 349549K->349522K(349568K), 0.0499393 secs] 506584K->394955K(506816K), [Metaspace: 3130K->3130K(1056768K)], 0.0500399 secs] [Times: user=0.05 sys=0.00, real=0.05 secs] 
2.431: [Full GC (Allocation Failure) 2.431: [Tenured: 349522K->349541K(349568K), 0.0523650 secs] 506620K->376561K(506816K), [Metaspace: 3130K->3130K(1056768K)], 0.0524391 secs] [Times: user=0.06 sys=0.00, real=0.05 secs] 
2.498: [Full GC (Allocation Failure) 2.498: [Tenured: 349541K->349383K(349568K), 0.0344284 secs] 506340K->391919K(506816K), [Metaspace: 3130K->3130K(1056768K)], 0.0345039 secs] [Times: user=0.03 sys=0.00, real=0.04 secs] 
2.546: [Full GC (Allocation Failure) 2.546: [Tenured: 349511K->349532K(349568K), 0.0372023 secs] 506741K->392901K(506816K), [Metaspace: 3130K->3130K(1056768K)], 0.0372801 secs] [Times: user=0.03 sys=0.00, real=0.04 secs] 
2.596: [Full GC (Allocation Failure) 2.596: [Tenured: 349532K->349374K(349568K), 0.0446384 secs] 506714K->396626K(506816K), [Metaspace: 3130K->3130K(1056768K)], 0.0447077 secs] [Times: user=0.05 sys=0.00, real=0.04 secs] 
2.653: [Full GC (Allocation Failure) 2.653: [Tenured: 349374K->349368K(349568K), 0.0456284 secs] 506496K->377953K(506816K), [Metaspace: 3130K->3130K(1056768K)], 0.0457014 secs] [Times: user=0.05 sys=0.00, real=0.05 secs] 
2.712: [Full GC (Allocation Failure) 2.712: [Tenured: 349495K->349488K(349568K), 0.0289746 secs] 506731K->393478K(506816K), [Metaspace: 3130K->3130K(1056768K)], 0.0290439 secs] [Times: user=0.03 sys=0.00, real=0.03 secs] 
2.753: [Full GC (Allocation Failure) 2.753: [Tenured: 349488K->349532K(349568K), 0.0372811 secs] 506229K->388177K(506816K), [Metaspace: 3130K->3130K(1056768K)], 0.0373553 secs] [Times: user=0.05 sys=0.00, real=0.04 secs] 
2.803: [Full GC (Allocation Failure) 2.803: [Tenured: 349532K->349559K(349568K), 0.0427910 secs] 506751K->383581K(506816K), [Metaspace: 3130K->3130K(1056768K)], 0.0428773 secs] [Times: user=0.05 sys=0.00, real=0.04 secs] 
2.861: [Full GC (Allocation Failure) 2.861: [Tenured: 349559K->349551K(349568K), 0.0521210 secs] 506475K->368224K(506816K), [Metaspace: 3130K->3130K(1056768K)], 0.0521971 secs] [Times: user=0.05 sys=0.00, real=0.05 secs] 
2.929: [Full GC (Allocation Failure) 2.929: [Tenured: 349551K->349428K(349568K), 0.0291356 secs] 506486K->381508K(506816K), [Metaspace: 3130K->3130K(1056768K)], 0.0292075 secs] [Times: user=0.03 sys=0.00, real=0.03 secs] 
2.972: [Full GC (Allocation Failure) 2.972: [Tenured: 349428K->349286K(349568K), 0.0373215 secs] 506498K->385101K(506816K), [Metaspace: 3130K->3130K(1056768K)], 0.0373989 secs] [Times: user=0.05 sys=0.00, real=0.04 secs] 
3.023: [Full GC (Allocation Failure) 3.023: [Tenured: 349286K->349335K(349568K), 0.0415601 secs] 506200K->392282K(506816K), [Metaspace: 3130K->3130K(1056768K)], 0.0416399 secs] [Times: user=0.05 sys=0.00, real=0.04 secs] 
执行结束!共生成对象次数:28425
Heap
 def new generation   total 157248K, used 48588K [0x00000000e0000000, 0x00000000eaaa0000, 0x00000000eaaa0000)
  eden space 139776K,  34% used [0x00000000e0000000, 0x00000000e2f73098, 0x00000000e8880000)
  from space 17472K,   0% used [0x00000000e9990000, 0x00000000e9990000, 0x00000000eaaa0000)
  to   space 17472K,   0% used [0x00000000e8880000, 0x00000000e8880000, 0x00000000e9990000)
 tenured generation   total 349568K, used 349335K [0x00000000eaaa0000, 0x0000000100000000, 0x0000000100000000)
   the space 349568K,  99% used [0x00000000eaaa0000, 0x00000000fffc5c98, 0x00000000fffc5e00, 0x0000000100000000)
 Metaspace       used 3137K, capacity 4486K, committed 4864K, reserved 1056768K
  class space    used 298K, capacity 386K, committed 512K, reserved 1048576K

java -Xmx1g -Xms1g -XX:+UseSerialGC -XX:+PrintGCDetails -XX:+PrintGCTimeStamps GCLogAnalysis
正在执行...
0.155: [GC (Allocation Failure) 0.155: [DefNew: 279616K->34943K(314560K), 0.0259571 secs] 279616K->84582K(1013632K), 0.0260155 secs] [Times: user=0.00 sys=0.02, real=0.03 secs] 
0.217: [GC (Allocation Failure) 0.217: [DefNew: 314559K->34943K(314560K), 0.0360465 secs] 364198K->164935K(1013632K), 0.0361036 secs] [Times: user=0.03 sys=0.02, real=0.04 secs] 
0.290: [GC (Allocation Failure) 0.290: [DefNew: 314559K->34943K(314560K), 0.0268835 secs] 444551K->238988K(1013632K), 0.0269322 secs] [Times: user=0.02 sys=0.02, real=0.03 secs] 
0.347: [GC (Allocation Failure) 0.347: [DefNew: 314559K->34942K(314560K), 0.0262444 secs] 518604K->313228K(1013632K), 0.0263009 secs] [Times: user=0.02 sys=0.02, real=0.03 secs] 
0.405: [GC (Allocation Failure) 0.405: [DefNew: 314558K->34943K(314560K), 0.0286592 secs] 592844K->388350K(1013632K), 0.0287182 secs] [Times: user=0.02 sys=0.02, real=0.03 secs] 
0.464: [GC (Allocation Failure) 0.464: [DefNew: 314559K->34943K(314560K), 0.0277818 secs] 667966K->468695K(1013632K), 0.0278380 secs] [Times: user=0.02 sys=0.01, real=0.03 secs] 
0.520: [GC (Allocation Failure) 0.520: [DefNew: 314559K->34943K(314560K), 0.0288053 secs] 748311K->552311K(1013632K), 0.0288676 secs] [Times: user=0.02 sys=0.02, real=0.03 secs] 
0.578: [GC (Allocation Failure) 0.578: [DefNew: 314311K->34943K(314560K), 0.0287920 secs] 831678K->635206K(1013632K), 0.0288766 secs] [Times: user=0.00 sys=0.01, real=0.03 secs] 
0.634: [GC (Allocation Failure) 0.634: [DefNew: 314559K->34944K(314560K), 0.0286171 secs] 914822K->715343K(1013632K), 0.0286751 secs] [Times: user=0.00 sys=0.03, real=0.03 secs] 
0.691: [GC (Allocation Failure) 0.691: [DefNew: 314560K->314560K(314560K), 0.0000287 secs]0.691: [Tenured: 680399K->415981K(699072K), 0.0465578 secs] 994959K->415981K(1013632K), [Metaspace: 3130K->3130K(1056768K)], 0.0467220 secs] [Times: user=0.05 sys=0.00, real=0.05 secs] 
0.766: [GC (Allocation Failure) 0.766: [DefNew: 279616K->34943K(314560K), 0.0109434 secs] 695597K->505270K(1013632K), 0.0110043 secs] [Times: user=0.00 sys=0.00, real=0.01 secs] 
0.806: [GC (Allocation Failure) 0.806: [DefNew: 314559K->34943K(314560K), 0.0139813 secs] 784886K->583963K(1013632K), 0.0140376 secs] [Times: user=0.01 sys=0.00, real=0.01 secs] 
0.848: [GC (Allocation Failure) 0.848: [DefNew: 314559K->34944K(314560K), 0.0144854 secs] 863579K->663445K(1013632K), 0.0145430 secs] [Times: user=0.02 sys=0.00, real=0.01 secs] 
0.894: [GC (Allocation Failure) 0.894: [DefNew: 314560K->314560K(314560K), 0.0000261 secs]0.894: [Tenured: 628501K->407370K(699072K), 0.0507151 secs] 943061K->407370K(1013632K), [Metaspace: 3130K->3130K(1056768K)], 0.0508192 secs] [Times: user=0.05 sys=0.00, real=0.05 secs] 
0.974: [GC (Allocation Failure) 0.974: [DefNew: 279616K->34943K(314560K), 0.0121794 secs] 686986K->497974K(1013632K), 0.0122368 secs] [Times: user=0.02 sys=0.00, real=0.01 secs] 
1.016: [GC (Allocation Failure) 1.016: [DefNew: 314559K->34944K(314560K), 0.0135749 secs] 777590K->569434K(1013632K), 0.0136395 secs] [Times: user=0.00 sys=0.00, real=0.01 secs] 
1.059: [GC (Allocation Failure) 1.059: [DefNew: 314560K->34943K(314560K), 0.0143512 secs] 849050K->648982K(1013632K), 0.0144088 secs] [Times: user=0.01 sys=0.00, real=0.01 secs] 
1.103: [GC (Allocation Failure) 1.103: [DefNew: 314559K->314559K(314560K), 0.0000273 secs]1.103: [Tenured: 614038K->420764K(699072K), 0.0448316 secs] 928598K->420764K(1013632K), [Metaspace: 3130K->3130K(1056768K)], 0.0449394 secs] [Times: user=0.05 sys=0.00, real=0.04 secs] 
1.177: [GC (Allocation Failure) 1.178: [DefNew: 279616K->34943K(314560K), 0.0113156 secs] 700380K->511570K(1013632K), 0.0114076 secs] [Times: user=0.01 sys=0.00, real=0.01 secs] 
1.219: [GC (Allocation Failure) 1.219: [DefNew: 314559K->34943K(314560K), 0.0156080 secs] 791186K->597037K(1013632K), 0.0156683 secs] [Times: user=0.02 sys=0.00, real=0.02 secs] 
1.264: [GC (Allocation Failure) 1.264: [DefNew: 314559K->34943K(314560K), 0.0148950 secs] 876653K->685289K(1013632K), 0.0149552 secs] [Times: user=0.02 sys=0.00, real=0.02 secs] 
1.308: [GC (Allocation Failure) 1.308: [DefNew: 314559K->314559K(314560K), 0.0000275 secs]1.308: [Tenured: 650345K->392197K(699072K), 0.0510873 secs] 964905K->392197K(1013632K), [Metaspace: 3130K->3130K(1056768K)], 0.0511941 secs] [Times: user=0.06 sys=0.00, real=0.05 secs] 
1.391: [GC (Allocation Failure) 1.391: [DefNew: 279616K->34943K(314560K), 0.0122932 secs] 671813K->484339K(1013632K), 0.0123429 secs] [Times: user=0.00 sys=0.00, real=0.01 secs] 
1.437: [GC (Allocation Failure) 1.437: [DefNew: 314559K->34943K(314560K), 0.0165084 secs] 763955K->565488K(1013632K), 0.0165724 secs] [Times: user=0.02 sys=0.00, real=0.02 secs] 
1.489: [GC (Allocation Failure) 1.489: [DefNew: 314559K->34943K(314560K), 0.0145303 secs] 845104K->640849K(1013632K), 0.0145904 secs] [Times: user=0.02 sys=0.00, real=0.01 secs] 
1.534: [GC (Allocation Failure) 1.534: [DefNew: 314559K->314559K(314560K), 0.0000271 secs]1.534: [Tenured: 605905K->409746K(699072K), 0.0431494 secs] 920465K->409746K(1013632K), [Metaspace: 3130K->3130K(1056768K)], 0.0432532 secs] [Times: user=0.05 sys=0.00, real=0.04 secs] 
1.609: [GC (Allocation Failure) 1.609: [DefNew: 279616K->34943K(314560K), 0.0120048 secs] 689362K->488305K(1013632K), 0.0120643 secs] [Times: user=0.00 sys=0.00, real=0.01 secs] 
1.653: [GC (Allocation Failure) 1.653: [DefNew: 314253K->34941K(314560K), 0.0138340 secs] 767615K->567528K(1013632K), 0.0138928 secs] [Times: user=0.01 sys=0.00, real=0.01 secs] 
1.694: [GC (Allocation Failure) 1.694: [DefNew: 314557K->34943K(314560K), 0.0168315 secs] 847144K->651781K(1013632K), 0.0168997 secs] [Times: user=0.02 sys=0.00, real=0.02 secs] 
1.740: [GC (Allocation Failure) 1.740: [DefNew: 314559K->314559K(314560K), 0.0000270 secs]1.740: [Tenured: 616837K->398622K(699072K), 0.0437063 secs] 931397K->398622K(1013632K), [Metaspace: 3130K->3130K(1056768K)], 0.0438127 secs] [Times: user=0.05 sys=0.00, real=0.04 secs] 
1.812: [GC (Allocation Failure) 1.812: [DefNew: 279616K->34944K(314560K), 0.0125236 secs] 678238K->497747K(1013632K), 0.0126155 secs] [Times: user=0.00 sys=0.00, real=0.01 secs] 
1.853: [GC (Allocation Failure) 1.853: [DefNew: 314011K->34942K(314560K), 0.0145645 secs] 776815K->574793K(1013632K), 0.0146196 secs] [Times: user=0.02 sys=0.00, real=0.01 secs] 
1.896: [GC (Allocation Failure) 1.896: [DefNew: 314558K->34943K(314560K), 0.0142615 secs] 854409K->654022K(1013632K), 0.0143204 secs] [Times: user=0.01 sys=0.00, real=0.01 secs] 
1.939: [GC (Allocation Failure) 1.939: [DefNew: 314559K->314559K(314560K), 0.0000264 secs]1.939: [Tenured: 619078K->399835K(699072K), 0.0451897 secs] 933638K->399835K(1013632K), [Metaspace: 3130K->3130K(1056768K)], 0.0452945 secs] [Times: user=0.05 sys=0.00, real=0.04 secs] 
2.014: [GC (Allocation Failure) 2.014: [DefNew: 279616K->34943K(314560K), 0.0105108 secs] 679451K->481922K(1013632K), 0.0105722 secs] [Times: user=0.02 sys=0.00, real=0.01 secs] 
2.054: [GC (Allocation Failure) 2.054: [DefNew: 314559K->34941K(314560K), 0.0153331 secs] 761538K->555406K(1013632K), 0.0154237 secs] [Times: user=0.01 sys=0.00, real=0.02 secs] 
2.101: [GC (Allocation Failure) 2.101: [DefNew: 314557K->34943K(314560K), 0.0168614 secs] 835022K->626960K(1013632K), 0.0169218 secs] [Times: user=0.02 sys=0.00, real=0.02 secs] 
2.149: [GC (Allocation Failure) 2.149: [DefNew: 314559K->34943K(314560K), 0.0140853 secs] 906576K->705345K(1013632K), 0.0141435 secs] [Times: user=0.01 sys=0.00, real=0.01 secs] 
2.192: [GC (Allocation Failure) 2.192: [DefNew: 314559K->314559K(314560K), 0.0000271 secs]2.192: [Tenured: 670402K->364660K(699072K), 0.0452923 secs] 984961K->364660K(1013632K), [Metaspace: 3130K->3130K(1056768K)], 0.0453964 secs] [Times: user=0.05 sys=0.00, real=0.04 secs] 
2.265: [GC (Allocation Failure) 2.265: [DefNew: 279616K->34943K(314560K), 0.0112306 secs] 644276K->456691K(1013632K), 0.0112888 secs] [Times: user=0.00 sys=0.00, real=0.01 secs] 
2.305: [GC (Allocation Failure) 2.305: [DefNew: 314559K->34943K(314560K), 0.0147893 secs] 736307K->541216K(1013632K), 0.0148483 secs] [Times: user=0.01 sys=0.00, real=0.01 secs] 
2.347: [GC (Allocation Failure) 2.347: [DefNew: 314559K->34943K(314560K), 0.0150814 secs] 820832K->624517K(1013632K), 0.0151381 secs] [Times: user=0.02 sys=0.00, real=0.01 secs] 
2.391: [GC (Allocation Failure) 2.392: [DefNew: 314559K->34943K(314560K), 0.0136050 secs] 904133K->698246K(1013632K), 0.0136622 secs] [Times: user=0.00 sys=0.02, real=0.01 secs] 
2.433: [GC (Allocation Failure) 2.433: [DefNew: 314559K->314559K(314560K), 0.0000275 secs]2.433: [Tenured: 663302K->410382K(699072K), 0.0448366 secs] 977862K->410382K(1013632K), [Metaspace: 3130K->3130K(1056768K)], 0.0449444 secs] [Times: user=0.05 sys=0.00, real=0.05 secs] 
2.509: [GC (Allocation Failure) 2.509: [DefNew: 279616K->34940K(314560K), 0.0116410 secs] 689998K->495029K(1013632K), 0.0116889 secs] [Times: user=0.02 sys=0.00, real=0.01 secs] 
2.553: [GC (Allocation Failure) 2.553: [DefNew: 314556K->34943K(314560K), 0.0168451 secs] 774645K->581441K(1013632K), 0.0168988 secs] [Times: user=0.02 sys=0.00, real=0.02 secs] 
2.601: [GC (Allocation Failure) 2.601: [DefNew: 314559K->34943K(314560K), 0.0156057 secs] 861057K->663938K(1013632K), 0.0156691 secs] [Times: user=0.02 sys=0.00, real=0.02 secs] 
2.649: [GC (Allocation Failure) 2.649: [DefNew: 314559K->314559K(314560K), 0.0000293 secs]2.649: [Tenured: 628994K->416749K(699072K), 0.0477766 secs] 943554K->416749K(1013632K), [Metaspace: 3130K->3130K(1056768K)], 0.0478749 secs] [Times: user=0.05 sys=0.00, real=0.05 secs] 
2.729: [GC (Allocation Failure) 2.729: [DefNew: 279616K->34943K(314560K), 0.0116978 secs] 696365K->510514K(1013632K), 0.0117550 secs] [Times: user=0.02 sys=0.00, real=0.01 secs] 
2.769: [GC (Allocation Failure) 2.769: [DefNew: 314559K->34943K(314560K), 0.0144519 secs] 790130K->595099K(1013632K), 0.0145131 secs] [Times: user=0.02 sys=0.00, real=0.01 secs] 
2.812: [GC (Allocation Failure) 2.812: [DefNew: 314559K->34944K(314560K), 0.0142613 secs] 874715K->675898K(1013632K), 0.0143188 secs] [Times: user=0.00 sys=0.00, real=0.02 secs] 
2.855: [GC (Allocation Failure) 2.855: [DefNew: 314560K->314560K(314560K), 0.0000280 secs]2.855: [Tenured: 640954K->418486K(699072K), 0.0455106 secs] 955514K->418486K(1013632K), [Metaspace: 3130K->3130K(1056768K)], 0.0456179 secs] [Times: user=0.05 sys=0.00, real=0.05 secs] 
2.929: [GC (Allocation Failure) 2.929: [DefNew: 279616K->34943K(314560K), 0.0111374 secs] 698102K->503586K(1013632K), 0.0111980 secs] [Times: user=0.02 sys=0.00, real=0.01 secs] 
2.969: [GC (Allocation Failure) 2.969: [DefNew: 314559K->34943K(314560K), 0.0141916 secs] 783202K->585286K(1013632K), 0.0142515 secs] [Times: user=0.00 sys=0.00, real=0.01 secs] 
3.013: [GC (Allocation Failure) 3.014: [DefNew: 314559K->34940K(314560K), 0.0128051 secs] 864902K->655909K(1013632K), 0.0128836 secs] [Times: user=0.02 sys=0.00, real=0.01 secs] 
3.055: [GC (Allocation Failure) 3.055: [DefNew: 314013K->314013K(314560K), 0.0000284 secs]3.055: [Tenured: 620968K->360357K(699072K), 0.0444987 secs] 934982K->360357K(1013632K), [Metaspace: 3130K->3130K(1056768K)], 0.0446070 secs] [Times: user=0.05 sys=0.00, real=0.05 secs] 
执行结束!共生成对象次数:59248
Heap
 def new generation   total 314560K, used 11819K [0x00000000c0000000, 0x00000000d5550000, 0x00000000d5550000)
  eden space 279616K,   4% used [0x00000000c0000000, 0x00000000c0b8ac98, 0x00000000d1110000)
  from space 34944K,   0% used [0x00000000d1110000, 0x00000000d1110000, 0x00000000d3330000)
  to   space 34944K,   0% used [0x00000000d3330000, 0x00000000d3330000, 0x00000000d5550000)
 tenured generation   total 699072K, used 360357K [0x00000000d5550000, 0x0000000100000000, 0x0000000100000000)
   the space 699072K,  51% used [0x00000000d5550000, 0x00000000eb539720, 0x00000000eb539800, 0x0000000100000000)
 Metaspace       used 3137K, capacity 4486K, committed 4864K, reserved 1056768K
  class space    used 298K, capacity 386K, committed 512K, reserved 1048576K

java -Xmx2g -Xms2g -XX:+UseSerialGC -XX:+PrintGCDetails -XX:+PrintGCTimeStamps GCLogAnalysis
正在执行...
0.244: [GC (Allocation Failure) 0.245: [DefNew: 559232K->69887K(629120K), 0.0454033 secs] 559232K->154899K(2027264K), 0.0454709 secs] [Times: user=0.03 sys=0.02, real=0.04 secs] 
0.354: [GC (Allocation Failure) 0.354: [DefNew: 629119K->69888K(629120K), 0.0595665 secs] 714131K->285586K(2027264K), 0.0596256 secs] [Times: user=0.03 sys=0.03, real=0.06 secs] 
0.478: [GC (Allocation Failure) 0.478: [DefNew: 629120K->69888K(629120K), 0.0465436 secs] 844818K->407386K(2027264K), 0.0465930 secs] [Times: user=0.01 sys=0.03, real=0.05 secs] 
0.588: [GC (Allocation Failure) 0.588: [DefNew: 629120K->69887K(629120K), 0.0582360 secs] 966618K->533536K(2027264K), 0.0582866 secs] [Times: user=0.03 sys=0.03, real=0.06 secs] 
0.703: [GC (Allocation Failure) 0.703: [DefNew: 629119K->69888K(629120K), 0.0496333 secs] 1092768K->671128K(2027264K), 0.0497011 secs] [Times: user=0.03 sys=0.03, real=0.05 secs] 
0.810: [GC (Allocation Failure) 0.810: [DefNew: 629120K->69888K(629120K), 0.0463438 secs] 1230360K->795822K(2027264K), 0.0464048 secs] [Times: user=0.03 sys=0.02, real=0.04 secs] 
0.920: [GC (Allocation Failure) 0.920: [DefNew: 629120K->69887K(629120K), 0.0462150 secs] 1355054K->926290K(2027264K), 0.0462748 secs] [Times: user=0.02 sys=0.03, real=0.05 secs] 
1.025: [GC (Allocation Failure) 1.025: [DefNew: 629119K->69888K(629120K), 0.0478008 secs] 1485522K->1057498K(2027264K), 0.0478640 secs] [Times: user=0.03 sys=0.01, real=0.05 secs] 
1.131: [GC (Allocation Failure) 1.131: [DefNew: 629120K->69887K(629120K), 0.0447414 secs] 1616730K->1183559K(2027264K), 0.0448021 secs] [Times: user=0.03 sys=0.02, real=0.05 secs] 
1.236: [GC (Allocation Failure) 1.236: [DefNew: 629119K->69887K(629120K), 0.0457385 secs] 1742791K->1310427K(2027264K), 0.0457956 secs] [Times: user=0.03 sys=0.02, real=0.05 secs] 
1.338: [GC (Allocation Failure) 1.338: [DefNew: 629119K->69887K(629120K), 0.0461791 secs] 1869659K->1437170K(2027264K), 0.0462371 secs] [Times: user=0.05 sys=0.00, real=0.05 secs] 
1.441: [GC (Allocation Failure) 1.441: [DefNew: 629119K->629119K(629120K), 0.0000363 secs]1.441: [Tenured: 1367282K->451556K(1398144K), 0.0485490 secs] 1996402K->451556K(2027264K), [Metaspace: 3130K->3130K(1056768K)], 0.0486744 secs] [Times: user=0.05 sys=0.00, real=0.05 secs] 
1.549: [GC (Allocation Failure) 1.549: [DefNew: 559232K->69887K(629120K), 0.0195504 secs] 1010788K->607549K(2027264K), 0.0196087 secs] [Times: user=0.02 sys=0.00, real=0.02 secs] 
1.626: [GC (Allocation Failure) 1.626: [DefNew: 629119K->69887K(629120K), 0.0246870 secs] 1166781K->727546K(2027264K), 0.0247478 secs] [Times: user=0.02 sys=0.00, real=0.03 secs] 
1.713: [GC (Allocation Failure) 1.714: [DefNew: 629119K->69887K(629120K), 0.0374544 secs] 1286778K->857450K(2027264K), 0.0375046 secs] [Times: user=0.05 sys=0.00, real=0.04 secs] 
1.814: [GC (Allocation Failure) 1.814: [DefNew: 629119K->69887K(629120K), 0.0247944 secs] 1416682K->980025K(2027264K), 0.0248773 secs] [Times: user=0.01 sys=0.00, real=0.03 secs] 
1.897: [GC (Allocation Failure) 1.897: [DefNew: 629119K->69887K(629120K), 0.0239943 secs] 1539257K->1105552K(2027264K), 0.0240525 secs] [Times: user=0.02 sys=0.00, real=0.02 secs] 
1.978: [GC (Allocation Failure) 1.978: [DefNew: 629119K->69887K(629120K), 0.0253773 secs] 1664784K->1239008K(2027264K), 0.0254375 secs] [Times: user=0.03 sys=0.00, real=0.03 secs] 
2.062: [GC (Allocation Failure) 2.062: [DefNew: 629119K->69888K(629120K), 0.0234543 secs] 1798240K->1360975K(2027264K), 0.0235123 secs] [Times: user=0.03 sys=0.00, real=0.02 secs] 
2.140: [GC (Allocation Failure) 2.140: [DefNew: 629120K->629120K(629120K), 0.0000266 secs]2.140: [Tenured: 1291087K->445328K(1398144K), 0.0471488 secs] 1920207K->445328K(2027264K), [Metaspace: 3130K->3130K(1056768K)], 0.0472685 secs] [Times: user=0.05 sys=0.00, real=0.05 secs] 
2.246: [GC (Allocation Failure) 2.246: [DefNew: 559232K->69887K(629120K), 0.0199931 secs] 1004560K->592371K(2027264K), 0.0200562 secs] [Times: user=0.03 sys=0.00, real=0.02 secs] 
2.321: [GC (Allocation Failure) 2.322: [DefNew: 629119K->69887K(629120K), 0.0242511 secs] 1151603K->715231K(2027264K), 0.0243074 secs] [Times: user=0.03 sys=0.00, real=0.02 secs] 
2.402: [GC (Allocation Failure) 2.402: [DefNew: 629119K->69887K(629120K), 0.0233816 secs] 1274463K->829776K(2027264K), 0.0234418 secs] [Times: user=0.03 sys=0.00, real=0.02 secs] 
2.484: [GC (Allocation Failure) 2.484: [DefNew: 629119K->69887K(629120K), 0.0232713 secs] 1389008K->946716K(2027264K), 0.0233314 secs] [Times: user=0.03 sys=0.00, real=0.02 secs] 
2.565: [GC (Allocation Failure) 2.565: [DefNew: 629119K->69887K(629120K), 0.0254310 secs] 1505948K->1081060K(2027264K), 0.0254941 secs] [Times: user=0.01 sys=0.00, real=0.02 secs] 
2.647: [GC (Allocation Failure) 2.647: [DefNew: 629119K->69887K(629120K), 0.0238131 secs] 1640292K->1208250K(2027264K), 0.0238709 secs] [Times: user=0.02 sys=0.00, real=0.02 secs] 
2.727: [GC (Allocation Failure) 2.727: [DefNew: 629119K->69888K(629120K), 0.0240760 secs] 1767482K->1329146K(2027264K), 0.0241315 secs] [Times: user=0.03 sys=0.00, real=0.02 secs] 
2.807: [GC (Allocation Failure) 2.807: [DefNew: 629120K->629120K(629120K), 0.0000382 secs]2.807: [Tenured: 1259258K->435435K(1398144K), 0.0462062 secs] 1888378K->435435K(2027264K), [Metaspace: 3130K->3130K(1056768K)], 0.0463283 secs] [Times: user=0.05 sys=0.00, real=0.05 secs] 
2.921: [GC (Allocation Failure) 2.921: [DefNew: 559232K->69887K(629120K), 0.0359401 secs] 994667K->577833K(2027264K), 0.0360009 secs] [Times: user=0.05 sys=0.00, real=0.04 secs] 
3.026: [GC (Allocation Failure) 3.026: [DefNew: 629119K->69888K(629120K), 0.0276243 secs] 1137065K->715109K(2027264K), 0.0276828 secs] [Times: user=0.03 sys=0.00, real=0.03 secs] 
执行结束!共生成对象次数:63895
Heap
 def new generation   total 629120K, used 229197K [0x0000000080000000, 0x00000000aaaa0000, 0x00000000aaaa0000)
  eden space 559232K,  28% used [0x0000000080000000, 0x0000000089b93780, 0x00000000a2220000)
  from space 69888K, 100% used [0x00000000a6660000, 0x00000000aaaa0000, 0x00000000aaaa0000)
  to   space 69888K,   0% used [0x00000000a2220000, 0x00000000a2220000, 0x00000000a6660000)
 tenured generation   total 1398144K, used 645221K [0x00000000aaaa0000, 0x0000000100000000, 0x0000000100000000)
   the space 1398144K,  46% used [0x00000000aaaa0000, 0x00000000d20b9728, 0x00000000d20b9800, 0x0000000100000000)
 Metaspace       used 3144K, capacity 4490K, committed 4864K, reserved 1056768K
  class space    used 298K, capacity 386K, committed 512K, reserved 1048576K

java -Xmx4g -Xms4g -XX:+UseSerialGC -XX:+PrintGCDetails -XX:+PrintGCTimeStamps GCLogAnalysis
正在执行...
0.419: [GC (Allocation Failure) 0.419: [DefNew: 1118528K->139776K(1258304K), 0.0739139 secs] 1118528K->248779K(4054528K), 0.0739776 secs] [Times: user=0.05 sys=0.03, real=0.07 secs] 
0.619: [GC (Allocation Failure) 0.619: [DefNew: 1258304K->139775K(1258304K), 0.0857876 secs] 1367307K->400675K(4054528K), 0.0858688 secs] [Times: user=0.06 sys=0.03, real=0.09 secs] 
0.833: [GC (Allocation Failure) 0.833: [DefNew: 1258303K->139775K(1258304K), 0.0619171 secs] 1519203K->544402K(4054528K), 0.0620467 secs] [Times: user=0.05 sys=0.02, real=0.06 secs] 
1.037: [GC (Allocation Failure) 1.037: [DefNew: 1258303K->139775K(1258304K), 0.0587937 secs] 1662930K->691314K(4054528K), 0.0588567 secs] [Times: user=0.03 sys=0.03, real=0.06 secs] 
1.212: [GC (Allocation Failure) 1.212: [DefNew: 1258303K->139775K(1258304K), 0.0632900 secs] 1809842K->847856K(4054528K), 0.0633760 secs] [Times: user=0.03 sys=0.03, real=0.06 secs] 
1.390: [GC (Allocation Failure) 1.390: [DefNew: 1258303K->139776K(1258304K), 0.0618180 secs] 1966384K->1000211K(4054528K), 0.0618784 secs] [Times: user=0.05 sys=0.01, real=0.06 secs] 
1.566: [GC (Allocation Failure) 1.566: [DefNew: 1258304K->139775K(1258304K), 0.0605516 secs] 2118739K->1145367K(4054528K), 0.0606084 secs] [Times: user=0.05 sys=0.02, real=0.06 secs] 
1.742: [GC (Allocation Failure) 1.742: [DefNew: 1258303K->139776K(1258304K), 0.0628905 secs] 2263895K->1300577K(4054528K), 0.0629476 secs] [Times: user=0.03 sys=0.03, real=0.06 secs] 
1.918: [GC (Allocation Failure) 1.918: [DefNew: 1258304K->139775K(1258304K), 0.0613334 secs] 2419105K->1447045K(4054528K), 0.0613920 secs] [Times: user=0.05 sys=0.02, real=0.06 secs] 
2.113: [GC (Allocation Failure) 2.113: [DefNew: 1258303K->139775K(1258304K), 0.0639500 secs] 2565573K->1599610K(4054528K), 0.0639991 secs] [Times: user=0.05 sys=0.02, real=0.06 secs] 
2.299: [GC (Allocation Failure) 2.299: [DefNew: 1258303K->139776K(1258304K), 0.0609017 secs] 2718138K->1751758K(4054528K), 0.0609649 secs] [Times: user=0.05 sys=0.01, real=0.06 secs] 
2.472: [GC (Allocation Failure) 2.472: [DefNew: 1258304K->139775K(1258304K), 0.0677313 secs] 2870286K->1920928K(4054528K), 0.0677908 secs] [Times: user=0.06 sys=0.00, real=0.07 secs] 
2.674: [GC (Allocation Failure) 2.674: [DefNew: 1258303K->139775K(1258304K), 0.0613175 secs] 3039456K->2070252K(4054528K), 0.0614099 secs] [Times: user=0.05 sys=0.02, real=0.06 secs] 
2.848: [GC (Allocation Failure) 2.848: [DefNew: 1258303K->139775K(1258304K), 0.0673977 secs] 3188780K->2237900K(4054528K), 0.0674577 secs] [Times: user=0.05 sys=0.01, real=0.07 secs] 
3.033: [GC (Allocation Failure) 3.033: [DefNew: 1258303K->139776K(1258304K), 0.0650740 secs] 3356428K->2396751K(4054528K), 0.0651316 secs] [Times: user=0.00 sys=0.06, real=0.07 secs] 
执行结束!共生成对象次数:63253
Heap
 def new generation   total 1258304K, used 184689K [0x00000006c0000000, 0x0000000715550000, 0x0000000715550000)
  eden space 1118528K,   4% used [0x00000006c0000000, 0x00000006c2bdc568, 0x0000000704450000)
  from space 139776K, 100% used [0x000000070ccd0000, 0x0000000715550000, 0x0000000715550000)
  to   space 139776K,   0% used [0x0000000704450000, 0x0000000704450000, 0x000000070ccd0000)
 tenured generation   total 2796224K, used 2256975K [0x0000000715550000, 0x00000007c0000000, 0x00000007c0000000)
   the space 2796224K,  80% used [0x0000000715550000, 0x000000079f163f30, 0x000000079f164000, 0x00000007c0000000)
 Metaspace       used 3144K, capacity 4490K, committed 4864K, reserved 1056768K
  class space    used 298K, capacity 386K, committed 512K, reserved 1048576K

java -Xmx8g -Xms8g -XX:+UseSerialGC -XX:+PrintGCDetails -XX:+PrintGCTimeStamps GCLogAnalysis
正在执行...
0.783: [GC (Allocation Failure) 0.783: [DefNew: 2236928K->279616K(2516544K), 0.0960244 secs] 2236928K->318590K(8108992K), 0.0961294 secs] [Times: user=0.06 sys=0.03, real=0.10 secs] 
1.142: [GC (Allocation Failure) 1.142: [DefNew: 2516544K->279615K(2516544K), 0.1081620 secs] 2555518K->404533K(8108992K), 0.1082258 secs] [Times: user=0.03 sys=0.08, real=0.11 secs] 
1.483: [GC (Allocation Failure) 1.483: [DefNew: 2516543K->279615K(2516544K), 0.0646043 secs] 2641461K->503229K(8108992K), 0.0646638 secs] [Times: user=0.06 sys=0.02, real=0.07 secs] 
1.780: [GC (Allocation Failure) 1.780: [DefNew: 2516543K->279615K(2516544K), 0.0549005 secs] 2740157K->577354K(8108992K), 0.0549595 secs] [Times: user=0.05 sys=0.00, real=0.05 secs] 
2.065: [GC (Allocation Failure) 2.065: [DefNew: 2516543K->279616K(2516544K), 0.0556287 secs] 2814282K->651574K(8108992K), 0.0557000 secs] [Times: user=0.02 sys=0.03, real=0.06 secs] 
2.370: [GC (Allocation Failure) 2.370: [DefNew: 2516544K->279615K(2516544K), 0.0589947 secs] 2888502K->740218K(8108992K), 0.0590544 secs] [Times: user=0.05 sys=0.02, real=0.06 secs] 
2.657: [GC (Allocation Failure) 2.657: [DefNew: 2516543K->279615K(2516544K), 0.0586424 secs] 2977146K->818103K(8108992K), 0.0587033 secs] [Times: user=0.05 sys=0.00, real=0.06 secs] 
2.959: [GC (Allocation Failure) 2.959: [DefNew: 2516543K->279615K(2516544K), 0.0609040 secs] 3055031K->899346K(8108992K), 0.0609675 secs] [Times: user=0.06 sys=0.00, real=0.06 secs] 
执行结束!共生成对象次数:69850
Heap
 def new generation   total 2516544K, used 909251K [0x00000005c0000000, 0x000000066aaa0000, 0x000000066aaa0000)
  eden space 2236928K,  28% used [0x00000005c0000000, 0x00000005e66e0f78, 0x0000000648880000)
  from space 279616K,  99% used [0x0000000648880000, 0x000000065998fcc8, 0x0000000659990000)
  to   space 279616K,   0% used [0x0000000659990000, 0x0000000659990000, 0x000000066aaa0000)
 tenured generation   total 5592448K, used 619730K [0x000000066aaa0000, 0x00000007c0000000, 0x00000007c0000000)
   the space 5592448K,  11% used [0x000000066aaa0000, 0x00000006907d4b68, 0x00000006907d4c00, 0x00000007c0000000)
 Metaspace       used 3144K, capacity 4490K, committed 4864K, reserved 1056768K
  class space    used 298K, capacity 386K, committed 512K, reserved 1048576K

java -Xmx12g -Xms12g -XX:+UseSerialGC -XX:+PrintGCDetails -XX:+PrintGCTimeStamps GCLogAnalysis
正在执行...
1.600: [GC (Allocation Failure) 1.600: [DefNew: 3355520K->357430K(3774912K), 0.1243366 secs] 3355520K->357430K(12163520K), 0.1244182 secs] [Times: user=0.02 sys=0.11, real=0.13 secs] 
2.144: [GC (Allocation Failure) 2.144: [DefNew: 3712950K->364113K(3774912K), 0.1292828 secs] 3712950K->377861K(12163520K), 0.1293787 secs] [Times: user=0.02 sys=0.11, real=0.13 secs] 
2.742: [GC (Allocation Failure) 2.742: [DefNew: 3719633K->379929K(3774912K), 0.0674348 secs] 3733381K->408922K(12163520K), 0.0675491 secs] [Times: user=0.06 sys=0.00, real=0.07 secs] 
3.246: [GC (Allocation Failure) 3.246: [DefNew: 3735449K->364460K(3774912K), 0.0583514 secs] 3764442K->406797K(12163520K), 0.0584267 secs] [Times: user=0.06 sys=0.00, real=0.06 secs] 
执行结束!共生成对象次数:50489
Heap
 def new generation   total 3774912K, used 498792K [0x00000004c0000000, 0x00000005c0000000, 0x00000005c0000000)
  eden space 3355520K,   4% used [0x00000004c0000000, 0x00000004c832f028, 0x000000058cce0000)
  from space 419392K,  86% used [0x000000058cce0000, 0x00000005a30cb148, 0x00000005a6670000)
  to   space 419392K,   0% used [0x00000005a6670000, 0x00000005a6670000, 0x00000005c0000000)
 tenured generation   total 8388608K, used 42337K [0x00000005c0000000, 0x00000007c0000000, 0x00000007c0000000)
   the space 8388608K,   0% used [0x00000005c0000000, 0x00000005c29584b0, 0x00000005c2958600, 0x00000007c0000000)
 Metaspace       used 3137K, capacity 4486K, committed 4864K, reserved 1056768K
  class space    used 298K, capacity 386K, committed 512K, reserved 1048576K

java -Xmx512m -Xms512m  -XX:+UseParallelGC -XX:+PrintGCDetails -XX:+PrintGCTimeStamps GCLogAnalysis
正在执行...
0.174: [GC (Allocation Failure) [PSYoungGen: 131584K->21490K(153088K)] 131584K->38334K(502784K), 0.0059644 secs] [Times: user=0.00 sys=0.00, real=0.01 secs] 
0.203: [GC (Allocation Failure) [PSYoungGen: 153074K->21501K(153088K)] 169918K->84211K(502784K), 0.0110851 secs] [Times: user=0.00 sys=0.00, real=0.01 secs] 
0.237: [GC (Allocation Failure) [PSYoungGen: 153085K->21493K(153088K)] 215795K->120757K(502784K), 0.0089856 secs] [Times: user=0.00 sys=0.00, real=0.01 secs] 
0.268: [GC (Allocation Failure) [PSYoungGen: 152667K->21492K(153088K)] 251931K->162145K(502784K), 0.0089562 secs] [Times: user=0.00 sys=0.00, real=0.01 secs] 
0.296: [GC (Allocation Failure) [PSYoungGen: 152707K->21501K(153088K)] 293361K->199667K(502784K), 0.0089862 secs] [Times: user=0.00 sys=0.00, real=0.01 secs] 
0.327: [GC (Allocation Failure) [PSYoungGen: 152917K->21498K(80384K)] 331083K->236192K(430080K), 0.0087368 secs] [Times: user=0.00 sys=0.00, real=0.01 secs] 
0.343: [GC (Allocation Failure) [PSYoungGen: 80378K->41038K(116736K)] 295072K->261029K(466432K), 0.0067529 secs] [Times: user=0.00 sys=0.00, real=0.01 secs] 
0.358: [GC (Allocation Failure) [PSYoungGen: 99897K->51751K(116736K)] 319889K->276564K(466432K), 0.0072281 secs] [Times: user=0.00 sys=0.00, real=0.01 secs] 
0.373: [GC (Allocation Failure) [PSYoungGen: 110631K->57752K(116736K)] 335444K->292682K(466432K), 0.0087926 secs] [Times: user=0.00 sys=0.00, real=0.01 secs] 
0.390: [GC (Allocation Failure) [PSYoungGen: 116632K->39272K(116736K)] 351562K->309864K(466432K), 0.0096814 secs] [Times: user=0.00 sys=0.00, real=0.01 secs] 
0.408: [GC (Allocation Failure) [PSYoungGen: 98152K->19833K(116736K)] 368744K->325766K(466432K), 0.0079055 secs] [Times: user=0.00 sys=0.00, real=0.01 secs] 
0.416: [Full GC (Ergonomics) [PSYoungGen: 19833K->0K(116736K)] [ParOldGen: 305932K->237897K(349696K)] 325766K->237897K(466432K), [Metaspace: 3130K->3130K(1056768K)], 0.0386249 secs] [Times: user=0.23 sys=0.00, real=0.04 secs] 
0.467: [GC (Allocation Failure) [PSYoungGen: 58880K->18606K(116736K)] 296777K->256504K(466432K), 0.0034183 secs] [Times: user=0.00 sys=0.00, real=0.00 secs] 
0.481: [GC (Allocation Failure) [PSYoungGen: 76999K->18569K(116736K)] 314896K->272794K(466432K), 0.0055330 secs] [Times: user=0.06 sys=0.00, real=0.01 secs] 
0.496: [GC (Allocation Failure) [PSYoungGen: 77449K->16520K(116736K)] 331674K->288004K(466432K), 0.0049852 secs] [Times: user=0.13 sys=0.00, real=0.00 secs] 
0.510: [GC (Allocation Failure) [PSYoungGen: 75113K->17842K(116736K)] 346597K->303118K(466432K), 0.0049066 secs] [Times: user=0.13 sys=0.00, real=0.00 secs] 
0.525: [GC (Allocation Failure) [PSYoungGen: 76413K->20649K(116736K)] 361690K->323160K(466432K), 0.0054582 secs] [Times: user=0.11 sys=0.00, real=0.01 secs] 
0.530: [Full GC (Ergonomics) [PSYoungGen: 20649K->0K(116736K)] [ParOldGen: 302511K->258071K(349696K)] 323160K->258071K(466432K), [Metaspace: 3130K->3130K(1056768K)], 0.0347458 secs] [Times: user=0.24 sys=0.00, real=0.04 secs] 
0.574: [GC (Allocation Failure) [PSYoungGen: 58555K->17347K(116736K)] 316627K->275418K(466432K), 0.0029270 secs] [Times: user=0.11 sys=0.00, real=0.00 secs] 
0.588: [GC (Allocation Failure) [PSYoungGen: 76227K->18179K(116736K)] 334298K->292958K(466432K), 0.0049098 secs] [Times: user=0.13 sys=0.00, real=0.00 secs] 
0.603: [GC (Allocation Failure) [PSYoungGen: 76769K->18819K(116736K)] 351548K->310771K(466432K), 0.0053639 secs] [Times: user=0.11 sys=0.00, real=0.01 secs] 
0.617: [GC (Allocation Failure) [PSYoungGen: 77687K->20244K(116736K)] 369639K->330352K(466432K), 0.0054493 secs] [Times: user=0.00 sys=0.00, real=0.00 secs] 
0.623: [Full GC (Ergonomics) [PSYoungGen: 20244K->0K(116736K)] [ParOldGen: 310108K->280893K(349696K)] 330352K->280893K(466432K), [Metaspace: 3130K->3130K(1056768K)], 0.0398980 secs] [Times: user=0.34 sys=0.00, real=0.04 secs] 
0.672: [GC (Allocation Failure) [PSYoungGen: 58880K->18499K(116736K)] 339773K->299393K(466432K), 0.0032959 secs] [Times: user=0.00 sys=0.00, real=0.00 secs] 
0.685: [GC (Allocation Failure) [PSYoungGen: 77379K->20715K(116736K)] 358273K->318940K(466432K), 0.0055289 secs] [Times: user=0.13 sys=0.00, real=0.01 secs] 
0.699: [GC (Allocation Failure) [PSYoungGen: 79595K->22550K(116736K)] 377820K->339769K(466432K), 0.0063510 secs] [Times: user=0.11 sys=0.00, real=0.01 secs] 
0.705: [Full GC (Ergonomics) [PSYoungGen: 22550K->0K(116736K)] [ParOldGen: 317218K->294623K(349696K)] 339769K->294623K(466432K), [Metaspace: 3130K->3130K(1056768K)], 0.0383534 secs] [Times: user=0.25 sys=0.00, real=0.04 secs] 
0.753: [GC (Allocation Failure) [PSYoungGen: 58360K->19611K(116736K)] 352984K->314235K(466432K), 0.0032224 secs] [Times: user=0.00 sys=0.00, real=0.00 secs] 
0.764: [GC (Allocation Failure) [PSYoungGen: 78238K->22249K(116736K)] 372862K->335538K(466432K), 0.0054507 secs] [Times: user=0.00 sys=0.00, real=0.01 secs] 
0.777: [GC (Allocation Failure) [PSYoungGen: 81129K->22208K(116736K)] 394418K->355416K(466432K), 0.0060150 secs] [Times: user=0.06 sys=0.06, real=0.01 secs] 
0.783: [Full GC (Ergonomics) [PSYoungGen: 22208K->0K(116736K)] [ParOldGen: 333207K->315671K(349696K)] 355416K->315671K(466432K), [Metaspace: 3130K->3130K(1056768K)], 0.0401544 secs] [Times: user=0.25 sys=0.00, real=0.04 secs] 
0.832: [GC (Allocation Failure) [PSYoungGen: 58735K->21162K(116736K)] 374407K->336834K(466432K), 0.0032332 secs] [Times: user=0.00 sys=0.00, real=0.00 secs] 
0.844: [GC (Allocation Failure) [PSYoungGen: 79877K->41739K(114688K)] 395549K->357411K(464384K), 0.0054896 secs] [Times: user=0.00 sys=0.00, real=0.00 secs] 
0.858: [GC (Allocation Failure) --[PSYoungGen: 100538K->100538K(114688K)] 416210K->450200K(464384K), 0.0082684 secs] [Times: user=0.00 sys=0.00, real=0.01 secs] 
0.866: [Full GC (Ergonomics) [PSYoungGen: 100538K->0K(114688K)] [ParOldGen: 349661K->329026K(349696K)] 450200K->329026K(464384K), [Metaspace: 3130K->3130K(1056768K)], 0.0442101 secs] [Times: user=0.33 sys=0.00, real=0.05 secs] 
0.918: [Full GC (Ergonomics) [PSYoungGen: 58880K->0K(114688K)] [ParOldGen: 329026K->333441K(349696K)] 387906K->333441K(464384K), [Metaspace: 3130K->3130K(1056768K)], 0.0421658 secs] [Times: user=0.22 sys=0.00, real=0.04 secs] 
0.968: [Full GC (Ergonomics) [PSYoungGen: 58708K->0K(114688K)] [ParOldGen: 333441K->338141K(349696K)] 392150K->338141K(464384K), [Metaspace: 3130K->3130K(1056768K)], 0.0440435 secs] [Times: user=0.25 sys=0.00, real=0.04 secs] 
1.021: [Full GC (Ergonomics) [PSYoungGen: 58880K->0K(114688K)] [ParOldGen: 338141K->343286K(349696K)] 397021K->343286K(464384K), [Metaspace: 3130K->3130K(1056768K)], 0.0441023 secs] [Times: user=0.38 sys=0.00, real=0.04 secs] 
1.073: [Full GC (Ergonomics) [PSYoungGen: 58667K->0K(114688K)] [ParOldGen: 343286K->344802K(349696K)] 401953K->344802K(464384K), [Metaspace: 3130K->3130K(1056768K)], 0.0474498 secs] [Times: user=0.31 sys=0.00, real=0.05 secs] 
1.130: [Full GC (Ergonomics) [PSYoungGen: 58880K->0K(114688K)] [ParOldGen: 344802K->347232K(349696K)] 403682K->347232K(464384K), [Metaspace: 3130K->3130K(1056768K)], 0.0450295 secs] [Times: user=0.28 sys=0.00, real=0.04 secs] 
1.184: [Full GC (Ergonomics) [PSYoungGen: 58880K->0K(114688K)] [ParOldGen: 347232K->347344K(349696K)] 406112K->347344K(464384K), [Metaspace: 3130K->3130K(1056768K)], 0.0466554 secs] [Times: user=0.19 sys=0.02, real=0.05 secs] 
1.240: [Full GC (Ergonomics) [PSYoungGen: 58821K->0K(114688K)] [ParOldGen: 347344K->346562K(349696K)] 406166K->346562K(464384K), [Metaspace: 3130K->3130K(1056768K)], 0.0443484 secs] [Times: user=0.28 sys=0.00, real=0.04 secs] 
1.293: [Full GC (Ergonomics) [PSYoungGen: 58880K->0K(114688K)] [ParOldGen: 346562K->346506K(349696K)] 405442K->346506K(464384K), [Metaspace: 3130K->3130K(1056768K)], 0.0455100 secs] [Times: user=0.28 sys=0.00, real=0.05 secs] 
1.348: [Full GC (Ergonomics) [PSYoungGen: 58779K->0K(114688K)] [ParOldGen: 346506K->347039K(349696K)] 405286K->347039K(464384K), [Metaspace: 3130K->3130K(1056768K)], 0.0438386 secs] [Times: user=0.28 sys=0.00, real=0.04 secs] 
1.399: [Full GC (Ergonomics) [PSYoungGen: 58868K->3091K(114688K)] [ParOldGen: 347039K->349048K(349696K)] 405908K->352140K(464384K), [Metaspace: 3130K->3130K(1056768K)], 0.0452117 secs] [Times: user=0.28 sys=0.02, real=0.05 secs] 
1.453: [Full GC (Ergonomics) [PSYoungGen: 58692K->0K(114688K)] [ParOldGen: 349048K->347729K(349696K)] 407741K->347729K(464384K), [Metaspace: 3130K->3130K(1056768K)], 0.0453476 secs] [Times: user=0.26 sys=0.00, real=0.05 secs] 
1.507: [Full GC (Ergonomics) [PSYoungGen: 58880K->0K(114688K)] [ParOldGen: 347729K->346959K(349696K)] 406609K->346959K(464384K), [Metaspace: 3130K->3130K(1056768K)], 0.0463543 secs] [Times: user=0.38 sys=0.00, real=0.05 secs] 
1.561: [Full GC (Ergonomics) [PSYoungGen: 58880K->0K(114688K)] [ParOldGen: 346959K->349005K(349696K)] 405839K->349005K(464384K), [Metaspace: 3130K->3130K(1056768K)], 0.0420968 secs] [Times: user=0.25 sys=0.00, real=0.04 secs] 
1.612: [Full GC (Ergonomics) [PSYoungGen: 58852K->2232K(114688K)] [ParOldGen: 349005K->348851K(349696K)] 407858K->351083K(464384K), [Metaspace: 3130K->3130K(1056768K)], 0.0451339 secs] [Times: user=0.38 sys=0.00, real=0.05 secs] 
1.665: [Full GC (Ergonomics) [PSYoungGen: 58813K->0K(114688K)] [ParOldGen: 348851K->349270K(349696K)] 407664K->349270K(464384K), [Metaspace: 3130K->3130K(1056768K)], 0.0396241 secs] [Times: user=0.36 sys=0.00, real=0.04 secs] 
1.714: [Full GC (Ergonomics) [PSYoungGen: 58636K->4515K(114688K)] [ParOldGen: 349270K->349303K(349696K)] 407906K->353819K(464384K), [Metaspace: 3130K->3130K(1056768K)], 0.0454843 secs] [Times: user=0.34 sys=0.00, real=0.05 secs] 
1.767: [Full GC (Ergonomics) [PSYoungGen: 58664K->6618K(114688K)] [ParOldGen: 349303K->349152K(349696K)] 407967K->355771K(464384K), [Metaspace: 3130K->3130K(1056768K)], 0.0452590 secs] [Times: user=0.34 sys=0.00, real=0.05 secs] 
1.819: [Full GC (Ergonomics) [PSYoungGen: 58880K->6339K(114688K)] [ParOldGen: 349152K->349617K(349696K)] 408032K->355957K(464384K), [Metaspace: 3130K->3130K(1056768K)], 0.0453330 secs] [Times: user=0.34 sys=0.00, real=0.05 secs] 
1.872: [Full GC (Ergonomics) [PSYoungGen: 58880K->7665K(114688K)] [ParOldGen: 349617K->349517K(349696K)] 408497K->357183K(464384K), [Metaspace: 3130K->3130K(1056768K)], 0.0452919 secs] [Times: user=0.25 sys=0.00, real=0.05 secs] 
1.925: [Full GC (Ergonomics) [PSYoungGen: 58880K->10550K(114688K)] [ParOldGen: 349517K->349457K(349696K)] 408397K->360008K(464384K), [Metaspace: 3130K->3130K(1056768K)], 0.0452659 secs] [Times: user=0.34 sys=0.00, real=0.05 secs] 
1.976: [Full GC (Ergonomics) [PSYoungGen: 58637K->15517K(114688K)] [ParOldGen: 349457K->349658K(349696K)] 408095K->365176K(464384K), [Metaspace: 3130K->3130K(1056768K)], 0.0463957 secs] [Times: user=0.36 sys=0.00, real=0.05 secs] 
2.028: [Full GC (Ergonomics) [PSYoungGen: 58880K->18265K(114688K)] [ParOldGen: 349658K->349607K(349696K)] 408538K->367873K(464384K), [Metaspace: 3130K->3130K(1056768K)], 0.0456016 secs] [Times: user=0.36 sys=0.00, real=0.05 secs] 
2.080: [Full GC (Ergonomics) [PSYoungGen: 58880K->16646K(114688K)] [ParOldGen: 349607K->349004K(349696K)] 408487K->365651K(464384K), [Metaspace: 3130K->3130K(1056768K)], 0.0462350 secs] [Times: user=0.34 sys=0.00, real=0.05 secs] 
2.133: [Full GC (Ergonomics) [PSYoungGen: 58880K->15779K(114688K)] [ParOldGen: 349004K->349573K(349696K)] 407884K->365353K(464384K), [Metaspace: 3130K->3130K(1056768K)], 0.0468472 secs] [Times: user=0.38 sys=0.00, real=0.05 secs] 
2.185: [Full GC (Ergonomics) [PSYoungGen: 58880K->13588K(114688K)] [ParOldGen: 349573K->349500K(349696K)] 408453K->363088K(464384K), [Metaspace: 3130K->3130K(1056768K)], 0.0457088 secs] [Times: user=0.23 sys=0.00, real=0.05 secs] 
2.238: [Full GC (Ergonomics) [PSYoungGen: 58880K->13274K(114688K)] [ParOldGen: 349500K->349636K(349696K)] 408380K->362910K(464384K), [Metaspace: 3130K->3130K(1056768K)], 0.0467378 secs] [Times: user=0.31 sys=0.00, real=0.05 secs] 
2.291: [Full GC (Ergonomics) [PSYoungGen: 58801K->14288K(114688K)] [ParOldGen: 349636K->348610K(349696K)] 408438K->362899K(464384K), [Metaspace: 3130K->3130K(1056768K)], 0.0502470 secs] [Times: user=0.39 sys=0.00, real=0.05 secs] 
2.348: [Full GC (Ergonomics) [PSYoungGen: 58591K->14080K(114688K)] [ParOldGen: 348610K->349557K(349696K)] 407202K->363637K(464384K), [Metaspace: 3130K->3130K(1056768K)], 0.0468828 secs] [Times: user=0.33 sys=0.03, real=0.05 secs] 
2.400: [Full GC (Ergonomics) [PSYoungGen: 58880K->14981K(114688K)] [ParOldGen: 349557K->349444K(349696K)] 408437K->364425K(464384K), [Metaspace: 3130K->3130K(1056768K)], 0.0459811 secs] [Times: user=0.36 sys=0.01, real=0.05 secs] 
2.453: [Full GC (Ergonomics) [PSYoungGen: 58726K->17467K(114688K)] [ParOldGen: 349444K->349255K(349696K)] 408170K->366723K(464384K), [Metaspace: 3130K->3130K(1056768K)], 0.0459066 secs] [Times: user=0.23 sys=0.00, real=0.05 secs] 
2.505: [Full GC (Ergonomics) [PSYoungGen: 58667K->15133K(114688K)] [ParOldGen: 349255K->349636K(349696K)] 407923K->364770K(464384K), [Metaspace: 3130K->3130K(1056768K)], 0.0465777 secs] [Times: user=0.28 sys=0.00, real=0.05 secs] 
2.559: [Full GC (Ergonomics) [PSYoungGen: 58350K->18591K(114688K)] [ParOldGen: 349636K->349173K(349696K)] 407987K->367765K(464384K), [Metaspace: 3130K->3130K(1056768K)], 0.0482800 secs] [Times: user=0.17 sys=0.00, real=0.05 secs] 
2.613: [Full GC (Ergonomics) [PSYoungGen: 58880K->21280K(114688K)] [ParOldGen: 349173K->349473K(349696K)] 408053K->370754K(464384K), [Metaspace: 3130K->3130K(1056768K)], 0.0486744 secs] [Times: user=0.28 sys=0.00, real=0.05 secs] 
2.668: [Full GC (Ergonomics) [PSYoungGen: 58698K->22184K(114688K)] [ParOldGen: 349473K->349033K(349696K)] 408172K->371217K(464384K), [Metaspace: 3130K->3130K(1056768K)], 0.0507474 secs] [Times: user=0.31 sys=0.00, real=0.05 secs] 
2.725: [Full GC (Ergonomics) [PSYoungGen: 58880K->23157K(114688K)] [ParOldGen: 349033K->349386K(349696K)] 407913K->372544K(464384K), [Metaspace: 3130K->3130K(1056768K)], 0.0500428 secs] [Times: user=0.27 sys=0.00, real=0.05 secs] 
2.780: [Full GC (Ergonomics) [PSYoungGen: 58821K->24166K(114688K)] [ParOldGen: 349386K->349353K(349696K)] 408208K->373519K(464384K), [Metaspace: 3130K->3130K(1056768K)], 0.0492504 secs] [Times: user=0.28 sys=0.00, real=0.05 secs] 
2.836: [Full GC (Ergonomics) [PSYoungGen: 58815K->20228K(114688K)] [ParOldGen: 349353K->349460K(349696K)] 408168K->369689K(464384K), [Metaspace: 3130K->3130K(1056768K)], 0.0509933 secs] [Times: user=0.27 sys=0.00, real=0.05 secs] 
2.892: [Full GC (Ergonomics) [PSYoungGen: 58697K->23911K(114688K)] [ParOldGen: 349460K->349060K(349696K)] 408158K->372972K(464384K), [Metaspace: 3130K->3130K(1056768K)], 0.0488768 secs] [Times: user=0.28 sys=0.02, real=0.05 secs] 
2.946: [Full GC (Ergonomics) [PSYoungGen: 58788K->20007K(114688K)] [ParOldGen: 349060K->349158K(349696K)] 407849K->369165K(464384K), [Metaspace: 3130K->3130K(1056768K)], 0.0491780 secs] [Times: user=0.36 sys=0.00, real=0.05 secs] 
3.002: [Full GC (Ergonomics) [PSYoungGen: 58835K->23095K(114688K)] [ParOldGen: 349158K->349642K(349696K)] 407993K->372738K(464384K), [Metaspace: 3130K->3130K(1056768K)], 0.0468452 secs] [Times: user=0.33 sys=0.00, real=0.05 secs] 
3.054: [Full GC (Ergonomics) [PSYoungGen: 58868K->18901K(114688K)] [ParOldGen: 349642K->349664K(349696K)] 408511K->368566K(464384K), [Metaspace: 3130K->3130K(1056768K)], 0.0469571 secs] [Times: user=0.38 sys=0.00, real=0.05 secs] 
执行结束!共生成对象次数:15593
Heap
 PSYoungGen      total 114688K, used 22654K [0x00000000f5580000, 0x0000000100000000, 0x0000000100000000)
  eden space 58880K, 38% used [0x00000000f5580000,0x00000000f6b9f988,0x00000000f8f00000)
  from space 55808K, 0% used [0x00000000fc980000,0x00000000fc980000,0x0000000100000000)
  to   space 57856K, 0% used [0x00000000f8f00000,0x00000000f8f00000,0x00000000fc780000)
 ParOldGen       total 349696K, used 349664K [0x00000000e0000000, 0x00000000f5580000, 0x00000000f5580000)
  object space 349696K, 99% used [0x00000000e0000000,0x00000000f55781d0,0x00000000f5580000)
 Metaspace       used 3137K, capacity 4486K, committed 4864K, reserved 1056768K
  class space    used 298K, capacity 386K, committed 512K, reserved 1048576K

java -Xmx1g -Xms1g -XX:+UseParallelGC -XX:+PrintGCDetails -XX:+PrintGCTimeStamps GCLogAnalysis
正在执行...
0.212: [GC (Allocation Failure) [PSYoungGen: 262144K->43519K(305664K)] 262144K->72916K(1005056K), 0.0113250 secs] [Times: user=0.02 sys=0.11, real=0.01 secs] 
0.262: [GC (Allocation Failure) [PSYoungGen: 305663K->43516K(305664K)] 335060K->147684K(1005056K), 0.0182019 secs] [Times: user=0.03 sys=0.09, real=0.02 secs] 
0.318: [GC (Allocation Failure) [PSYoungGen: 305660K->43515K(305664K)] 409828K->220033K(1005056K), 0.0162503 secs] [Times: user=0.05 sys=0.08, real=0.02 secs] 
0.369: [GC (Allocation Failure) [PSYoungGen: 305659K->43515K(305664K)] 482177K->285562K(1005056K), 0.0155660 secs] [Times: user=0.00 sys=0.13, real=0.02 secs] 
0.417: [GC (Allocation Failure) [PSYoungGen: 305659K->43499K(305664K)] 547706K->361090K(1005056K), 0.0165221 secs] [Times: user=0.03 sys=0.09, real=0.02 secs] 
0.468: [GC (Allocation Failure) [PSYoungGen: 305570K->43508K(160256K)] 623161K->439084K(859648K), 0.0170306 secs] [Times: user=0.13 sys=0.00, real=0.02 secs] 
0.499: [GC (Allocation Failure) [PSYoungGen: 160244K->73878K(232960K)] 555820K->475306K(932352K), 0.0105119 secs] [Times: user=0.09 sys=0.03, real=0.01 secs] 
0.525: [GC (Allocation Failure) [PSYoungGen: 190586K->97519K(232960K)] 592014K->508562K(932352K), 0.0137194 secs] [Times: user=0.11 sys=0.00, real=0.01 secs] 
0.555: [GC (Allocation Failure) [PSYoungGen: 214255K->108180K(232960K)] 625298K->539074K(932352K), 0.0163222 secs] [Times: user=0.11 sys=0.01, real=0.02 secs] 
0.587: [GC (Allocation Failure) [PSYoungGen: 224916K->69895K(232960K)] 655810K->562810K(932352K), 0.0168896 secs] [Times: user=0.09 sys=0.03, real=0.02 secs] 
0.619: [GC (Allocation Failure) [PSYoungGen: 186631K->38857K(232960K)] 679546K->593172K(932352K), 0.0137848 secs] [Times: user=0.06 sys=0.05, real=0.01 secs] 
0.648: [GC (Allocation Failure) [PSYoungGen: 155593K->39089K(232960K)] 709908K->629710K(932352K), 0.0100759 secs] [Times: user=0.08 sys=0.02, real=0.01 secs] 
0.673: [GC (Allocation Failure) [PSYoungGen: 155790K->37722K(232960K)] 746411K->662573K(932352K), 0.0100080 secs] [Times: user=0.08 sys=0.05, real=0.01 secs] 
0.683: [Full GC (Ergonomics) [PSYoungGen: 37722K->0K(232960K)] [ParOldGen: 624850K->340824K(699392K)] 662573K->340824K(932352K), [Metaspace: 3130K->3130K(1056768K)], 0.0493084 secs] [Times: user=0.36 sys=0.00, real=0.05 secs] 
0.751: [GC (Allocation Failure) [PSYoungGen: 116736K->44217K(232960K)] 457560K->385042K(932352K), 0.0063739 secs] [Times: user=0.11 sys=0.00, real=0.00 secs] 
0.776: [GC (Allocation Failure) [PSYoungGen: 160953K->40198K(232960K)] 501778K->420156K(932352K), 0.0104808 secs] [Times: user=0.09 sys=0.00, real=0.01 secs] 
0.805: [GC (Allocation Failure) [PSYoungGen: 156934K->44953K(232960K)] 536892K->460181K(932352K), 0.0104310 secs] [Times: user=0.08 sys=0.00, real=0.01 secs] 
0.830: [GC (Allocation Failure) [PSYoungGen: 161169K->41249K(232960K)] 576396K->495405K(932352K), 0.0104703 secs] [Times: user=0.00 sys=0.00, real=0.01 secs] 
0.857: [GC (Allocation Failure) [PSYoungGen: 157985K->38311K(232960K)] 612141K->531728K(932352K), 0.0102654 secs] [Times: user=0.09 sys=0.00, real=0.01 secs] 
0.885: [GC (Allocation Failure) [PSYoungGen: 155047K->40572K(232960K)] 648464K->569262K(932352K), 0.0111839 secs] [Times: user=0.08 sys=0.00, real=0.01 secs] 
0.918: [GC (Allocation Failure) [PSYoungGen: 157308K->39382K(232960K)] 685998K->605059K(932352K), 0.0099458 secs] [Times: user=0.09 sys=0.00, real=0.01 secs] 
0.943: [GC (Allocation Failure) [PSYoungGen: 155842K->40000K(232960K)] 721520K->640771K(932352K), 0.0098848 secs] [Times: user=0.00 sys=0.00, real=0.01 secs] 
0.970: [GC (Allocation Failure) [PSYoungGen: 156508K->44000K(232960K)] 757279K->681856K(932352K), 0.0113088 secs] [Times: user=0.06 sys=0.00, real=0.01 secs] 
0.981: [Full GC (Ergonomics) [PSYoungGen: 44000K->0K(232960K)] [ParOldGen: 637856K->376845K(699392K)] 681856K->376845K(932352K), [Metaspace: 3130K->3130K(1056768K)], 0.0513590 secs] [Times: user=0.28 sys=0.00, real=0.05 secs] 
1.053: [GC (Allocation Failure) [PSYoungGen: 116736K->39606K(232960K)] 493581K->416452K(932352K), 0.0053894 secs] [Times: user=0.00 sys=0.00, real=0.01 secs] 
1.074: [GC (Allocation Failure) [PSYoungGen: 156342K->35625K(232960K)] 533188K->448453K(932352K), 0.0094102 secs] [Times: user=0.13 sys=0.00, real=0.01 secs] 
1.101: [GC (Allocation Failure) [PSYoungGen: 152361K->39202K(232960K)] 565189K->484492K(932352K), 0.0091345 secs] [Times: user=0.00 sys=0.00, real=0.01 secs] 
1.128: [GC (Allocation Failure) [PSYoungGen: 155900K->41139K(235520K)] 601189K->520122K(934912K), 0.0098762 secs] [Times: user=0.00 sys=0.00, real=0.01 secs] 
1.153: [GC (Allocation Failure) [PSYoungGen: 160435K->38729K(232960K)] 639418K->554185K(932352K), 0.0098440 secs] [Times: user=0.13 sys=0.00, real=0.01 secs] 
1.178: [GC (Allocation Failure) [PSYoungGen: 158025K->46192K(245248K)] 673481K->596325K(944640K), 0.0102909 secs] [Times: user=0.00 sys=0.00, real=0.01 secs] 
1.207: [GC (Allocation Failure) [PSYoungGen: 181872K->48886K(239616K)] 732005K->639638K(939008K), 0.0110092 secs] [Times: user=0.00 sys=0.00, real=0.01 secs] 
1.235: [GC (Allocation Failure) [PSYoungGen: 184566K->48509K(254976K)] 775318K->683078K(954368K), 0.0116420 secs] [Times: user=0.11 sys=0.00, real=0.01 secs] 
1.267: [GC (Allocation Failure) [PSYoungGen: 204669K->55000K(250368K)] 839238K->730352K(949760K), 0.0122651 secs] [Times: user=0.13 sys=0.00, real=0.01 secs] 
1.279: [Full GC (Ergonomics) [PSYoungGen: 55000K->0K(250368K)] [ParOldGen: 675351K->384665K(699392K)] 730352K->384665K(949760K), [Metaspace: 3130K->3130K(1056768K)], 0.0511643 secs] [Times: user=0.39 sys=0.00, real=0.05 secs] 
1.350: [GC (Allocation Failure) [PSYoungGen: 156160K->54758K(260096K)] 540825K->439424K(959488K), 0.0071447 secs] [Times: user=0.00 sys=0.00, real=0.01 secs] 
1.380: [GC (Allocation Failure) [PSYoungGen: 222994K->55056K(257536K)] 607660K->483741K(956928K), 0.0122808 secs] [Times: user=0.00 sys=0.00, real=0.01 secs] 
1.415: [GC (Allocation Failure) [PSYoungGen: 223504K->60610K(262144K)] 652189K->537097K(961536K), 0.0128478 secs] [Times: user=0.13 sys=0.00, real=0.01 secs] 
1.449: [GC (Allocation Failure) [PSYoungGen: 235714K->54599K(262144K)] 712201K->581143K(961536K), 0.0128579 secs] [Times: user=0.13 sys=0.00, real=0.01 secs] 
1.485: [GC (Allocation Failure) [PSYoungGen: 229703K->59934K(264704K)] 756247K->633230K(964096K), 0.0132937 secs] [Times: user=0.13 sys=0.00, real=0.01 secs] 
1.522: [GC (Allocation Failure) [PSYoungGen: 240158K->55169K(264704K)] 813454K->679372K(964096K), 0.0138101 secs] [Times: user=0.11 sys=0.00, real=0.01 secs] 
1.559: [GC (Allocation Failure) [PSYoungGen: 235393K->58832K(267776K)] 859596K->730264K(967168K), 0.0149443 secs] [Times: user=0.13 sys=0.00, real=0.02 secs] 
1.574: [Full GC (Ergonomics) [PSYoungGen: 58832K->0K(267776K)] [ParOldGen: 671431K->374925K(699392K)] 730264K->374925K(967168K), [Metaspace: 3130K->3130K(1056768K)], 0.0497605 secs] [Times: user=0.36 sys=0.00, real=0.05 secs] 
1.645: [GC (Allocation Failure) [PSYoungGen: 185856K->62219K(267264K)] 560781K->437144K(966656K), 0.0083939 secs] [Times: user=0.00 sys=0.00, real=0.01 secs] 
1.677: [GC (Allocation Failure) [PSYoungGen: 248075K->52691K(269824K)] 623000K->480724K(969216K), 0.0131688 secs] [Times: user=0.13 sys=0.00, real=0.01 secs] 
1.712: [GC (Allocation Failure) [PSYoungGen: 241107K->68281K(257024K)] 669140K->541038K(956416K), 0.0139699 secs] [Times: user=0.13 sys=0.00, real=0.01 secs] 
1.750: [GC (Allocation Failure) [PSYoungGen: 256697K->59474K(268288K)] 729454K->587532K(967680K), 0.0140624 secs] [Times: user=0.13 sys=0.00, real=0.01 secs] 
1.788: [GC (Allocation Failure) [PSYoungGen: 245842K->59806K(267264K)] 773900K->638452K(966656K), 0.0138242 secs] [Times: user=0.13 sys=0.00, real=0.01 secs] 
1.823: [GC (Allocation Failure) [PSYoungGen: 246174K->60126K(270336K)] 824820K->689190K(969728K), 0.0135899 secs] [Times: user=0.13 sys=0.00, real=0.01 secs] 
1.861: [GC (Allocation Failure) [PSYoungGen: 250590K->55445K(269312K)] 879654K->737766K(968704K), 0.0140212 secs] [Times: user=0.13 sys=0.00, real=0.01 secs] 
1.875: [Full GC (Ergonomics) [PSYoungGen: 55445K->0K(269312K)] [ParOldGen: 682321K->368457K(699392K)] 737766K->368457K(968704K), [Metaspace: 3130K->3130K(1056768K)], 0.0494753 secs] [Times: user=0.27 sys=0.00, real=0.05 secs] 
1.949: [GC (Allocation Failure) [PSYoungGen: 190464K->60335K(272896K)] 558921K->428793K(972288K), 0.0075303 secs] [Times: user=0.13 sys=0.00, real=0.01 secs] 
1.982: [GC (Allocation Failure) [PSYoungGen: 256431K->68439K(264704K)] 624889K->486968K(964096K), 0.0148585 secs] [Times: user=0.11 sys=0.00, real=0.01 secs] 
2.020: [GC (Allocation Failure) [PSYoungGen: 264535K->57519K(272384K)] 683064K->535228K(971776K), 0.0144182 secs] [Times: user=0.13 sys=0.00, real=0.01 secs] 
2.059: [GC (Allocation Failure) [PSYoungGen: 251406K->63670K(270848K)] 729116K->592358K(970240K), 0.0144296 secs] [Times: user=0.13 sys=0.00, real=0.01 secs] 
2.098: [GC (Allocation Failure) [PSYoungGen: 257718K->66508K(270336K)] 786406K->651766K(969728K), 0.0147504 secs] [Times: user=0.13 sys=0.00, real=0.01 secs] 
2.138: [GC (Allocation Failure) [PSYoungGen: 259996K->60753K(271360K)] 845254K->702322K(970752K), 0.0146443 secs] [Times: user=0.13 sys=0.00, real=0.01 secs] 
2.153: [Full GC (Ergonomics) [PSYoungGen: 60753K->0K(271360K)] [ParOldGen: 641569K->375760K(699392K)] 702322K->375760K(970752K), [Metaspace: 3130K->3130K(1056768K)], 0.0509145 secs] [Times: user=0.28 sys=0.00, real=0.05 secs] 
2.229: [GC (Allocation Failure) [PSYoungGen: 193536K->62825K(272896K)] 569296K->438585K(972288K), 0.0080694 secs] [Times: user=0.11 sys=0.00, real=0.01 secs] 
2.264: [GC (Allocation Failure) [PSYoungGen: 258921K->67244K(263680K)] 634681K->493530K(963072K), 0.0148983 secs] [Times: user=0.08 sys=0.00, real=0.02 secs] 
2.307: [GC (Allocation Failure) [PSYoungGen: 262803K->69102K(268800K)] 689090K->550580K(968192K), 0.0147746 secs] [Times: user=0.11 sys=0.00, real=0.02 secs] 
2.348: [GC (Allocation Failure) [PSYoungGen: 260590K->62375K(270336K)] 742068K->598263K(969728K), 0.0143864 secs] [Times: user=0.09 sys=0.00, real=0.01 secs] 
2.389: [GC (Allocation Failure) [PSYoungGen: 253721K->67651K(270848K)] 789609K->652224K(970240K), 0.0149240 secs] [Times: user=0.09 sys=0.00, real=0.01 secs] 
2.433: [GC (Allocation Failure) [PSYoungGen: 261187K->60857K(271360K)] 845760K->703595K(970752K), 0.0158064 secs] [Times: user=0.11 sys=0.00, real=0.01 secs] 
2.449: [Full GC (Ergonomics) [PSYoungGen: 60857K->0K(271360K)] [ParOldGen: 642738K->375099K(699392K)] 703595K->375099K(970752K), [Metaspace: 3130K->3130K(1056768K)], 0.0499704 secs] [Times: user=0.30 sys=0.00, real=0.05 secs] 
2.523: [GC (Allocation Failure) [PSYoungGen: 193438K->63292K(273408K)] 568538K->438391K(972800K), 0.0080595 secs] [Times: user=0.00 sys=0.00, real=0.01 secs] 
2.556: [GC (Allocation Failure) [PSYoungGen: 259900K->64984K(272384K)] 634999K->493661K(971776K), 0.0148025 secs] [Times: user=0.13 sys=0.00, real=0.02 secs] 
2.596: [GC (Allocation Failure) [PSYoungGen: 261592K->64083K(274432K)] 690269K->545083K(973824K), 0.0144075 secs] [Times: user=0.00 sys=0.00, real=0.01 secs] 
2.637: [GC (Allocation Failure) [PSYoungGen: 263251K->59251K(273920K)] 744251K->595761K(973312K), 0.0145186 secs] [Times: user=0.09 sys=0.00, real=0.01 secs] 
2.678: [GC (Allocation Failure) [PSYoungGen: 258419K->69112K(272896K)] 794929K->652643K(972288K), 0.0146219 secs] [Times: user=0.13 sys=0.00, real=0.02 secs] 
2.717: [GC (Allocation Failure) [PSYoungGen: 267688K->65617K(273920K)] 851219K->706855K(973312K), 0.0153400 secs] [Times: user=0.13 sys=0.00, real=0.02 secs] 
2.733: [Full GC (Ergonomics) [PSYoungGen: 65617K->0K(273920K)] [ParOldGen: 641237K->377839K(699392K)] 706855K->377839K(973312K), [Metaspace: 3130K->3130K(1056768K)], 0.0501042 secs] [Times: user=0.38 sys=0.00, real=0.05 secs] 
2.807: [GC (Allocation Failure) [PSYoungGen: 198656K->67217K(272896K)] 576495K->445056K(972288K), 0.0086364 secs] [Times: user=0.09 sys=0.00, real=0.01 secs] 
2.841: [GC (Allocation Failure) [PSYoungGen: 264849K->61496K(273408K)] 642688K->496581K(972800K), 0.0149640 secs] [Times: user=0.11 sys=0.00, real=0.01 secs] 
2.883: [GC (Allocation Failure) [PSYoungGen: 259128K->60557K(274944K)] 694213K->551366K(974336K), 0.0143165 secs] [Times: user=0.13 sys=0.00, real=0.01 secs] 
2.922: [GC (Allocation Failure) [PSYoungGen: 260582K->69940K(270336K)] 751391K->609204K(969728K), 0.0167023 secs] [Times: user=0.00 sys=0.00, real=0.02 secs] 
2.963: [GC (Allocation Failure) [PSYoungGen: 270132K->70537K(271360K)] 809396K->670217K(970752K), 0.0163222 secs] [Times: user=0.13 sys=0.00, real=0.02 secs] 
3.005: [GC (Allocation Failure) [PSYoungGen: 266121K->60762K(272384K)] 865801K->719480K(971776K), 0.0149172 secs] [Times: user=0.11 sys=0.00, real=0.01 secs] 
3.020: [Full GC (Ergonomics) [PSYoungGen: 60762K->0K(272384K)] [ParOldGen: 658717K->384274K(699392K)] 719480K->384274K(971776K), [Metaspace: 3130K->3130K(1056768K)], 0.0516082 secs] [Times: user=0.33 sys=0.00, real=0.05 secs] 
执行结束!共生成对象次数:45051
Heap
 PSYoungGen      total 272384K, used 153906K [0x00000000eab00000, 0x0000000100000000, 0x0000000100000000)
  eden space 195584K, 78% used [0x00000000eab00000,0x00000000f414c920,0x00000000f6a00000)
  from space 76800K, 0% used [0x00000000f6a00000,0x00000000f6a00000,0x00000000fb500000)
  to   space 76288K, 0% used [0x00000000fb580000,0x00000000fb580000,0x0000000100000000)
 ParOldGen       total 699392K, used 384274K [0x00000000c0000000, 0x00000000eab00000, 0x00000000eab00000)
  object space 699392K, 54% used [0x00000000c0000000,0x00000000d77448a8,0x00000000eab00000)
 Metaspace       used 3137K, capacity 4486K, committed 4864K, reserved 1056768K
  class space    used 298K, capacity 386K, committed 512K, reserved 1048576K

java -Xmx2g -Xms2g -XX:+UseParallelGC -XX:+PrintGCDetails -XX:+PrintGCTimeStamps GCLogAnalysis
正在执行...
0.401: [GC (Allocation Failure) [PSYoungGen: 524800K->87035K(611840K)] 524800K->142148K(2010112K), 0.0295108 secs] [Times: user=0.05 sys=0.17, real=0.03 secs] 
0.526: [GC (Allocation Failure) [PSYoungGen: 611835K->87032K(611840K)] 666948K->261050K(2010112K), 0.0316740 secs] [Times: user=0.06 sys=0.16, real=0.03 secs] 
0.642: [GC (Allocation Failure) [PSYoungGen: 611832K->87036K(611840K)] 785850K->375862K(2010112K), 0.0300372 secs] [Times: user=0.03 sys=0.09, real=0.03 secs] 
0.745: [GC (Allocation Failure) [PSYoungGen: 611836K->87035K(611840K)] 900662K->474920K(2010112K), 0.0271271 secs] [Times: user=0.14 sys=0.06, real=0.03 secs] 
0.849: [GC (Allocation Failure) [PSYoungGen: 611835K->87034K(611840K)] 999720K->584351K(2010112K), 0.0318016 secs] [Times: user=0.20 sys=0.03, real=0.03 secs] 
0.960: [GC (Allocation Failure) [PSYoungGen: 611834K->87025K(330240K)] 1109151K->700885K(1728512K), 0.0320092 secs] [Times: user=0.14 sys=0.09, real=0.03 secs] 
1.026: [GC (Allocation Failure) [PSYoungGen: 330225K->144743K(388096K)] 944085K->763385K(1786368K), 0.0272840 secs] [Times: user=0.17 sys=0.00, real=0.03 secs] 
1.087: [GC (Allocation Failure) [PSYoungGen: 387943K->173955K(470528K)] 1006585K->808485K(1868800K), 0.0252142 secs] [Times: user=0.14 sys=0.05, real=0.03 secs] 
1.145: [GC (Allocation Failure) [PSYoungGen: 412035K->182984K(466432K)] 1046565K->847015K(1864704K), 0.0291644 secs] [Times: user=0.22 sys=0.02, real=0.03 secs] 
1.207: [GC (Allocation Failure) [PSYoungGen: 421064K->133927K(466944K)] 1085095K->885541K(1865216K), 0.0297745 secs] [Times: user=0.17 sys=0.05, real=0.03 secs] 
1.271: [GC (Allocation Failure) [PSYoungGen: 377127K->75666K(318976K)] 1128741K->933389K(1717248K), 0.0259528 secs] [Times: user=0.16 sys=0.06, real=0.03 secs] 
1.332: [GC (Allocation Failure) [PSYoungGen: 318595K->75302K(465920K)] 1176319K->995824K(1864192K), 0.0185100 secs] [Times: user=0.08 sys=0.05, real=0.02 secs] 
1.385: [GC (Allocation Failure) [PSYoungGen: 308262K->77900K(465920K)] 1228784K->1060418K(1864192K), 0.0272665 secs] [Times: user=0.09 sys=0.08, real=0.03 secs] 
1.458: [GC (Allocation Failure) [PSYoungGen: 310860K->81033K(465920K)] 1293378K->1127901K(1864192K), 0.0187605 secs] [Times: user=0.05 sys=0.03, real=0.02 secs] 
1.514: [GC (Allocation Failure) [PSYoungGen: 313993K->73060K(465920K)] 1360861K->1188619K(1864192K), 0.0203919 secs] [Times: user=0.14 sys=0.08, real=0.02 secs] 
1.584: [GC (Allocation Failure) [PSYoungGen: 306020K->74006K(465920K)] 1421579K->1247886K(1864192K), 0.0240539 secs] [Times: user=0.02 sys=0.08, real=0.02 secs] 
1.656: [GC (Allocation Failure) [PSYoungGen: 306939K->66239K(465920K)] 1480819K->1300884K(1864192K), 0.0212426 secs] [Times: user=0.03 sys=0.06, real=0.02 secs] 
1.713: [GC (Allocation Failure) [PSYoungGen: 299164K->67230K(465920K)] 1533809K->1354720K(1864192K), 0.0187615 secs] [Times: user=0.08 sys=0.05, real=0.02 secs] 
1.732: [Full GC (Ergonomics) [PSYoungGen: 67230K->0K(465920K)] [ParOldGen: 1287490K->388137K(1398272K)] 1354720K->388137K(1864192K), [Metaspace: 3130K->3130K(1056768K)], 0.0689829 secs] [Times: user=0.34 sys=0.03, real=0.07 secs] 
1.836: [GC (Allocation Failure) [PSYoungGen: 232960K->75963K(465920K)] 621097K->464101K(1864192K), 0.0101635 secs] [Times: user=0.09 sys=0.00, real=0.01 secs] 
1.881: [GC (Allocation Failure) [PSYoungGen: 308382K->75165K(465920K)] 696520K->524433K(1864192K), 0.0180308 secs] [Times: user=0.09 sys=0.00, real=0.02 secs] 
1.933: [GC (Allocation Failure) [PSYoungGen: 308125K->70229K(465920K)] 757393K->580545K(1864192K), 0.0163037 secs] [Times: user=0.13 sys=0.00, real=0.02 secs] 
1.986: [GC (Allocation Failure) [PSYoungGen: 303189K->73254K(475136K)] 813505K->637924K(1873408K), 0.0167007 secs] [Times: user=0.11 sys=0.00, real=0.02 secs] 
2.036: [GC (Allocation Failure) [PSYoungGen: 317924K->81437K(468480K)] 882594K->702404K(1866752K), 0.0175028 secs] [Times: user=0.13 sys=0.00, real=0.02 secs] 
2.088: [GC (Allocation Failure) [PSYoungGen: 326173K->75750K(491008K)] 947140K->761740K(1889280K), 0.0179423 secs] [Times: user=0.13 sys=0.00, real=0.02 secs] 
2.144: [GC (Allocation Failure) [PSYoungGen: 351718K->87602K(483840K)] 1037708K->830060K(1882112K), 0.0199126 secs] [Times: user=0.13 sys=0.00, real=0.02 secs] 
2.198: [GC (Allocation Failure) [PSYoungGen: 363570K->86088K(508416K)] 1106028K->888722K(1906688K), 0.0196201 secs] [Times: user=0.11 sys=0.00, real=0.02 secs] 
2.258: [GC (Allocation Failure) [PSYoungGen: 395848K->104925K(500224K)] 1198482K->971158K(1898496K), 0.0204525 secs] [Times: user=0.13 sys=0.00, real=0.02 secs] 
2.318: [GC (Allocation Failure) [PSYoungGen: 414648K->102325K(521216K)] 1280881K->1048459K(1919488K), 0.0229480 secs] [Times: user=0.11 sys=0.00, real=0.02 secs] 
2.384: [GC (Allocation Failure) [PSYoungGen: 439221K->97307K(514560K)] 1385355K->1120412K(1912832K), 0.0284220 secs] [Times: user=0.19 sys=0.00, real=0.03 secs] 
2.463: [GC (Allocation Failure) [PSYoungGen: 434203K->100335K(535552K)] 1457308K->1194601K(1933824K), 0.0223203 secs] [Times: user=0.19 sys=0.00, real=0.02 secs] 
2.534: [GC (Allocation Failure) [PSYoungGen: 466415K->109038K(529408K)] 1560681K->1275846K(1927680K), 0.0234479 secs] [Times: user=0.13 sys=0.00, real=0.02 secs] 
2.604: [GC (Allocation Failure) [PSYoungGen: 475118K->113862K(538112K)] 1641926K->1355907K(1936384K), 0.0235413 secs] [Times: user=0.25 sys=0.00, real=0.02 secs] 
2.675: [GC (Allocation Failure) [PSYoungGen: 490694K->113813K(537600K)] 1732739K->1434593K(1935872K), 0.0245886 secs] [Times: user=0.13 sys=0.00, real=0.03 secs] 
2.700: [Full GC (Ergonomics) [PSYoungGen: 113813K->0K(537600K)] [ParOldGen: 1320779K->379683K(1398272K)] 1434593K->379683K(1935872K), [Metaspace: 3130K->3130K(1056768K)], 0.0538323 secs] [Times: user=0.39 sys=0.00, real=0.05 secs] 
2.801: [GC (Allocation Failure) [PSYoungGen: 376832K->113205K(540672K)] 756515K->492888K(1938944K), 0.0138187 secs] [Times: user=0.13 sys=0.00, real=0.01 secs] 
2.862: [GC (Allocation Failure) [PSYoungGen: 494133K->122400K(539136K)] 873816K->582507K(1937408K), 0.0243616 secs] [Times: user=0.13 sys=0.00, real=0.02 secs] 
2.934: [GC (Allocation Failure) [PSYoungGen: 503328K->107842K(543232K)] 963435K->650115K(1941504K), 0.0232701 secs] [Times: user=0.25 sys=0.00, real=0.02 secs] 
3.005: [GC (Allocation Failure) [PSYoungGen: 491330K->111446K(539136K)] 1033603K->728501K(1937408K), 0.0227092 secs] [Times: user=0.09 sys=0.00, real=0.02 secs] 
3.081: [GC (Allocation Failure) [PSYoungGen: 494934K->111811K(548352K)] 1111989K->810308K(1946624K), 0.0232221 secs] [Times: user=0.13 sys=0.00, real=0.02 secs] 
执行结束!共生成对象次数:46275
Heap
 PSYoungGen      total 548352K, used 127774K [0x00000000d5580000, 0x0000000100000000, 0x0000000100000000)
  eden space 395264K, 4% used [0x00000000d5580000,0x00000000d6516c20,0x00000000ed780000)
  from space 153088K, 73% used [0x00000000f6a80000,0x00000000fd7b0c00,0x0000000100000000)
  to   space 150528K, 0% used [0x00000000ed780000,0x00000000ed780000,0x00000000f6a80000)
 ParOldGen       total 1398272K, used 698497K [0x0000000080000000, 0x00000000d5580000, 0x00000000d5580000)
  object space 1398272K, 49% used [0x0000000080000000,0x00000000aaa20580,0x00000000d5580000)
 Metaspace       used 3137K, capacity 4486K, committed 4864K, reserved 1056768K
  class space    used 298K, capacity 386K, committed 512K, reserved 1048576K

java -Xmx4g -Xms4g -XX:+UseParallelGC -XX:+PrintGCDetails -XX:+PrintGCTimeStamps GCLogAnalysis
正在执行...
0.545: [GC (Allocation Failure) [PSYoungGen: 1048576K->174579K(1223168K)] 1048576K->240735K(4019712K), 0.0354791 secs] [Times: user=0.20 sys=0.14, real=0.04 secs] 
0.725: [GC (Allocation Failure) [PSYoungGen: 1223155K->174591K(1223168K)] 1289311K->362941K(4019712K), 0.0491960 secs] [Times: user=0.08 sys=0.16, real=0.05 secs] 
0.921: [GC (Allocation Failure) [PSYoungGen: 1223167K->174581K(1223168K)] 1411517K->489047K(4019712K), 0.0392474 secs] [Times: user=0.17 sys=0.08, real=0.04 secs] 
1.116: [GC (Allocation Failure) [PSYoungGen: 1223157K->174582K(1223168K)] 1537623K->618464K(4019712K), 0.0411194 secs] [Times: user=0.19 sys=0.14, real=0.04 secs] 
1.299: [GC (Allocation Failure) [PSYoungGen: 1223158K->174583K(1223168K)] 1667040K->756986K(4019712K), 0.0403188 secs] [Times: user=0.14 sys=0.09, real=0.04 secs] 
1.477: [GC (Allocation Failure) [PSYoungGen: 1223159K->174591K(887296K)] 1805562K->884186K(3683840K), 0.0386555 secs] [Times: user=0.19 sys=0.19, real=0.04 secs] 
1.604: [GC (Allocation Failure) [PSYoungGen: 887295K->277748K(1055232K)] 1596890K->989295K(3851776K), 0.0346187 secs] [Times: user=0.25 sys=0.00, real=0.03 secs] 
1.728: [GC (Allocation Failure) [PSYoungGen: 990452K->326160K(1039360K)] 1701999K->1041859K(3835904K), 0.0448038 secs] [Times: user=0.36 sys=0.00, real=0.04 secs] 
1.856: [GC (Allocation Failure) [PSYoungGen: 1026576K->331321K(1032192K)] 1742275K->1063591K(3828736K), 0.0430508 secs] [Times: user=0.36 sys=0.01, real=0.04 secs] 
1.985: [GC (Allocation Failure) [PSYoungGen: 1031737K->283897K(1043456K)] 1764007K->1094784K(3840000K), 0.0430299 secs] [Times: user=0.19 sys=0.06, real=0.04 secs] 
2.114: [GC (Allocation Failure) [PSYoungGen: 969977K->172601K(859136K)] 1780864K->1134587K(3655680K), 0.0418054 secs] [Times: user=0.28 sys=0.08, real=0.04 secs] 
2.242: [GC (Allocation Failure) [PSYoungGen: 858681K->190694K(1012736K)] 1820667K->1240885K(3809280K), 0.0339984 secs] [Times: user=0.16 sys=0.09, real=0.03 secs] 
2.361: [GC (Allocation Failure) [PSYoungGen: 833766K->172378K(815616K)] 1883957K->1331270K(3612160K), 0.0352796 secs] [Times: user=0.20 sys=0.05, real=0.04 secs] 
2.481: [GC (Allocation Failure) [PSYoungGen: 815450K->173557K(1005056K)] 1974342K->1431946K(3801600K), 0.0362171 secs] [Times: user=0.25 sys=0.05, real=0.04 secs] 
2.651: [GC (Allocation Failure) [PSYoungGen: 794101K->176884K(1009152K)] 2052490K->1529546K(3805696K), 0.0398975 secs] [Times: user=0.23 sys=0.09, real=0.04 secs] 
2.776: [GC (Allocation Failure) [PSYoungGen: 797428K->157708K(1006080K)] 2150090K->1600462K(3802624K), 0.0313864 secs] [Times: user=0.16 sys=0.09, real=0.03 secs] 
2.893: [GC (Allocation Failure) [PSYoungGen: 775180K->156850K(1007616K)] 2217934K->1688317K(3804160K), 0.0358586 secs] [Times: user=0.16 sys=0.08, real=0.04 secs] 
3.018: [GC (Allocation Failure) [PSYoungGen: 774322K->162113K(1012736K)] 2305789K->1780722K(3809280K), 0.0316840 secs] [Times: user=0.11 sys=0.14, real=0.03 secs] 
执行结束!共生成对象次数:55515
Heap
 PSYoungGen      total 1012736K, used 587400K [0x000000076ab00000, 0x00000007c0000000, 0x00000007c0000000)
  eden space 623616K, 68% used [0x000000076ab00000,0x0000000784a51af8,0x0000000790c00000)
  from space 389120K, 41% used [0x00000007a8400000,0x00000007b2250740,0x00000007c0000000)
  to   space 385024K, 0% used [0x0000000790c00000,0x0000000790c00000,0x00000007a8400000)
 ParOldGen       total 2796544K, used 1618609K [0x00000006c0000000, 0x000000076ab00000, 0x000000076ab00000)
  object space 2796544K, 57% used [0x00000006c0000000,0x0000000722cac400,0x000000076ab00000)
 Metaspace       used 3137K, capacity 4486K, committed 4864K, reserved 1056768K
  class space    used 298K, capacity 386K, committed 512K, reserved 1048576K

java -Xmx8g -Xms8g -XX:+UseParallelGC -XX:+PrintGCDetails -XX:+PrintGCTimeStamps GCLogAnalysis
正在执行...
1.061: [GC (Allocation Failure) [PSYoungGen: 2097664K->323090K(2446848K)] 2097664K->323098K(8039424K), 0.0486181 secs] [Times: user=0.06 sys=0.28, real=0.05 secs] 
1.402: [GC (Allocation Failure) [PSYoungGen: 2420754K->349177K(2446848K)] 2420762K->391941K(8039424K), 0.0537206 secs] [Times: user=0.11 sys=0.39, real=0.05 secs] 
1.752: [GC (Allocation Failure) [PSYoungGen: 2446841K->349182K(2446848K)] 2489605K->414976K(8039424K), 0.0456556 secs] [Times: user=0.31 sys=0.05, real=0.05 secs] 
2.077: [GC (Allocation Failure) [PSYoungGen: 2446846K->349168K(2446848K)] 2512640K->429035K(8039424K), 0.0438958 secs] [Times: user=0.23 sys=0.00, real=0.04 secs] 
2.395: [GC (Allocation Failure) [PSYoungGen: 2446832K->349166K(2446848K)] 2526699K->455452K(8039424K), 0.0454371 secs] [Times: user=0.38 sys=0.00, real=0.05 secs] 
2.712: [GC (Allocation Failure) [PSYoungGen: 2446830K->349183K(2356736K)] 2553116K->473384K(7949312K), 0.0542980 secs] [Times: user=0.30 sys=0.03, real=0.05 secs] 
3.069: [GC (Allocation Failure) [PSYoungGen: 2356735K->351967K(2401792K)] 2480936K->476844K(7994368K), 0.0434574 secs] [Times: user=0.28 sys=0.00, real=0.04 secs] 
执行结束!共生成对象次数:55470
Heap
 PSYoungGen      total 2401792K, used 473159K [0x0000000715580000, 0x00000007c0000000, 0x00000007c0000000)
  eden space 2007552K, 6% used [0x0000000715580000,0x000000071cbd9f58,0x000000078fe00000)
  from space 394240K, 89% used [0x000000078fe00000,0x00000007a55b7fd8,0x00000007a7f00000)
  to   space 393216K, 0% used [0x00000007a8000000,0x00000007a8000000,0x00000007c0000000)
 ParOldGen       total 5592576K, used 124876K [0x00000005c0000000, 0x0000000715580000, 0x0000000715580000)
  object space 5592576K, 2% used [0x00000005c0000000,0x00000005c79f3300,0x0000000715580000)
 Metaspace       used 3137K, capacity 4486K, committed 4864K, reserved 1056768K
  class space    used 298K, capacity 386K, committed 512K, reserved 1048576K

java -Xmx12g -Xms12g -XX:+UseParallelGC -XX:+PrintGCDetails -XX:+PrintGCTimeStamps GCLogAnalysis
正在执行...
1.877: [GC (Allocation Failure) [PSYoungGen: 3145728K->357242K(3670016K)] 3145728K->357250K(12058624K), 0.0818913 secs] [Times: user=0.13 sys=0.23, real=0.08 secs] 
2.625: [GC (Allocation Failure) [PSYoungGen: 3502970K->390537K(3670016K)] 3502978K->390553K(12058624K), 0.0701505 secs] [Times: user=0.13 sys=0.28, real=0.07 secs] 
3.294: [GC (Allocation Failure) [PSYoungGen: 3536265K->380531K(3670016K)] 3536281K->380547K(12058624K), 0.0555440 secs] [Times: user=0.25 sys=0.03, real=0.06 secs] 
执行结束!共生成对象次数:35821
Heap
 PSYoungGen      total 3670016K, used 506268K [0x00000006c0000000, 0x00000007c0000000, 0x00000007c0000000)
  eden space 3145728K, 3% used [0x00000006c0000000,0x00000006c7aca690,0x0000000780000000)
  from space 524288K, 72% used [0x0000000780000000,0x000000079739cd60,0x00000007a0000000)
  to   space 524288K, 0% used [0x00000007a0000000,0x00000007a0000000,0x00000007c0000000)
 ParOldGen       total 8388608K, used 16K [0x00000004c0000000, 0x00000006c0000000, 0x00000006c0000000)
  object space 8388608K, 0% used [0x00000004c0000000,0x00000004c0004000,0x00000006c0000000)
 Metaspace       used 3137K, capacity 4486K, committed 4864K, reserved 1056768K
  class space    used 298K, capacity 386K, committed 512K, reserved 1048576K

java -Xmx512m -Xms512m  -XX:+UseConcMarkSweepGC -XX:+PrintGCDetails -XX:+PrintGCTimeStamps GCLogAnalysis
正在执行...
0.236: [GC (Allocation Failure) 0.236: [ParNew: 139776K->17471K(157248K), 0.0091638 secs] 139776K->47283K(506816K), 0.0093108 secs] [Times: user=0.03 sys=0.08, real=0.01 secs] 
0.282: [GC (Allocation Failure) 0.282: [ParNew: 157247K->17472K(157248K), 0.0111940 secs] 187059K->87813K(506816K), 0.0113185 secs] [Times: user=0.02 sys=0.11, real=0.01 secs] 
0.330: [GC (Allocation Failure) 0.330: [ParNew: 157248K->17472K(157248K), 0.0233459 secs] 227589K->127413K(506816K), 0.0234969 secs] [Times: user=0.17 sys=0.02, real=0.02 secs] 
0.388: [GC (Allocation Failure) 0.388: [ParNew: 157219K->17470K(157248K), 0.0252891 secs] 267160K->170542K(506816K), 0.0254347 secs] [Times: user=0.13 sys=0.05, real=0.02 secs] 
0.447: [GC (Allocation Failure) 0.447: [ParNew: 157246K->17471K(157248K), 0.0250787 secs] 310318K->212435K(506816K), 0.0251948 secs] [Times: user=0.11 sys=0.00, real=0.02 secs] 
0.472: [GC (CMS Initial Mark) [1 CMS-initial-mark: 194963K(349568K)] 215299K(506816K), 0.0002369 secs] [Times: user=0.00 sys=0.00, real=0.00 secs] 
0.472: [CMS-concurrent-mark-start]
0.475: [CMS-concurrent-mark: 0.002/0.002 secs] [Times: user=0.03 sys=0.02, real=0.00 secs] 
0.475: [CMS-concurrent-preclean-start]
0.475: [CMS-concurrent-preclean: 0.001/0.001 secs] [Times: user=0.00 sys=0.00, real=0.00 secs] 
0.476: [CMS-concurrent-abortable-preclean-start]
0.502: [GC (Allocation Failure) 0.502: [ParNew: 157247K->17468K(157248K), 0.0257881 secs] 352211K->256431K(506816K), 0.0259054 secs] [Times: user=0.14 sys=0.05, real=0.03 secs] 
0.560: [GC (Allocation Failure) 0.560: [ParNew: 157244K->17471K(157248K), 0.0268164 secs] 396207K->301868K(506816K), 0.0269753 secs] [Times: user=0.14 sys=0.03, real=0.03 secs] 
0.621: [GC (Allocation Failure) 0.621: [ParNew: 157247K->17471K(157248K), 0.0270261 secs] 441644K->348300K(506816K), 0.0271409 secs] [Times: user=0.20 sys=0.02, real=0.03 secs] 
0.649: [CMS-concurrent-abortable-preclean: 0.006/0.173 secs] [Times: user=0.56 sys=0.09, real=0.17 secs] 
0.649: [GC (CMS Final Remark) [YG occupancy: 20552 K (157248 K)]0.649: [Rescan (parallel) , 0.0003096 secs]0.650: [weak refs processing, 0.0000311 secs]0.650: [class unloading, 0.0003513 secs]0.650: [scrub symbol table, 0.0006477 secs]0.651: [scrub string table, 0.0002241 secs][1 CMS-remark: 330829K(349568K)] 351381K(506816K), 0.0017784 secs] [Times: user=0.00 sys=0.00, real=0.00 secs] 
0.651: [CMS-concurrent-sweep-start]
0.652: [CMS-concurrent-sweep: 0.001/0.001 secs] [Times: user=0.00 sys=0.00, real=0.00 secs] 
0.652: [CMS-concurrent-reset-start]
0.653: [CMS-concurrent-reset: 0.001/0.001 secs] [Times: user=0.00 sys=0.00, real=0.00 secs] 
0.679: [GC (Allocation Failure) 0.679: [ParNew: 157247K->17471K(157248K), 0.0162810 secs] 448762K->359036K(506816K), 0.0164228 secs] [Times: user=0.09 sys=0.00, real=0.02 secs] 
0.696: [GC (CMS Initial Mark) [1 CMS-initial-mark: 341564K(349568K)] 359108K(506816K), 0.0002165 secs] [Times: user=0.00 sys=0.00, real=0.00 secs] 
0.696: [CMS-concurrent-mark-start]
0.698: [CMS-concurrent-mark: 0.002/0.002 secs] [Times: user=0.00 sys=0.00, real=0.00 secs] 
0.698: [CMS-concurrent-preclean-start]
0.699: [CMS-concurrent-preclean: 0.001/0.001 secs] [Times: user=0.00 sys=0.00, real=0.00 secs] 
0.699: [CMS-concurrent-abortable-preclean-start]
0.699: [CMS-concurrent-abortable-preclean: 0.000/0.000 secs] [Times: user=0.00 sys=0.00, real=0.00 secs] 
0.700: [GC (CMS Final Remark) [YG occupancy: 34243 K (157248 K)]0.700: [Rescan (parallel) , 0.0004429 secs]0.700: [weak refs processing, 0.0000410 secs]0.700: [class unloading, 0.0003519 secs]0.701: [scrub symbol table, 0.0005371 secs]0.701: [scrub string table, 0.0001425 secs][1 CMS-remark: 341564K(349568K)] 375808K(506816K), 0.0016709 secs] [Times: user=0.00 sys=0.00, real=0.00 secs] 
0.701: [CMS-concurrent-sweep-start]
0.703: [CMS-concurrent-sweep: 0.001/0.001 secs] [Times: user=0.00 sys=0.00, real=0.00 secs] 
0.703: [CMS-concurrent-reset-start]
0.703: [CMS-concurrent-reset: 0.000/0.000 secs] [Times: user=0.00 sys=0.00, real=0.00 secs] 
0.728: [GC (Allocation Failure) 0.728: [ParNew: 157237K->17470K(157248K), 0.0114220 secs] 406710K->312130K(506816K), 0.0115042 secs] [Times: user=0.08 sys=0.01, real=0.01 secs] 
0.740: [GC (CMS Initial Mark) [1 CMS-initial-mark: 294659K(349568K)] 312374K(506816K), 0.0001925 secs] [Times: user=0.00 sys=0.00, real=0.00 secs] 
0.740: [CMS-concurrent-mark-start]
0.742: [CMS-concurrent-mark: 0.002/0.002 secs] [Times: user=0.00 sys=0.00, real=0.00 secs] 
0.742: [CMS-concurrent-preclean-start]
0.743: [CMS-concurrent-preclean: 0.001/0.001 secs] [Times: user=0.00 sys=0.00, real=0.00 secs] 
0.743: [CMS-concurrent-abortable-preclean-start]
0.767: [GC (Allocation Failure) 0.767: [ParNew: 157246K->17471K(157248K), 0.0102097 secs] 451906K->349018K(506816K), 0.0103298 secs] [Times: user=0.09 sys=0.00, real=0.01 secs] 
0.779: [CMS-concurrent-abortable-preclean: 0.002/0.035 secs] [Times: user=0.11 sys=0.00, real=0.04 secs] 
0.779: [GC (CMS Final Remark) [YG occupancy: 27126 K (157248 K)]0.779: [Rescan (parallel) , 0.0003442 secs]0.779: [weak refs processing, 0.0000316 secs]0.779: [class unloading, 0.0002850 secs]0.780: [scrub symbol table, 0.0004887 secs]0.780: [scrub string table, 0.0001348 secs][1 CMS-remark: 331547K(349568K)] 358673K(506816K), 0.0014420 secs] [Times: user=0.00 sys=0.00, real=0.00 secs] 
0.780: [CMS-concurrent-sweep-start]
0.781: [CMS-concurrent-sweep: 0.001/0.001 secs] [Times: user=0.00 sys=0.00, real=0.00 secs] 
0.781: [CMS-concurrent-reset-start]
0.782: [CMS-concurrent-reset: 0.000/0.000 secs] [Times: user=0.00 sys=0.00, real=0.00 secs] 
0.804: [GC (Allocation Failure) 0.804: [ParNew: 157247K->157247K(157248K), 0.0000513 secs]0.804: [CMS: 299732K->296222K(349568K), 0.0560976 secs] 456979K->296222K(506816K), [Metaspace: 3130K->3130K(1056768K)], 0.0562728 secs] [Times: user=0.05 sys=0.00, real=0.06 secs] 
0.860: [GC (CMS Initial Mark) [1 CMS-initial-mark: 296222K(349568K)] 297011K(506816K), 0.0001892 secs] [Times: user=0.00 sys=0.00, real=0.00 secs] 
0.860: [CMS-concurrent-mark-start]
0.862: [CMS-concurrent-mark: 0.002/0.002 secs] [Times: user=0.00 sys=0.00, real=0.00 secs] 
0.863: [CMS-concurrent-preclean-start]
0.863: [CMS-concurrent-preclean: 0.001/0.001 secs] [Times: user=0.00 sys=0.00, real=0.00 secs] 
0.863: [CMS-concurrent-abortable-preclean-start]
0.890: [GC (Allocation Failure) 0.890: [ParNew: 139776K->17465K(157248K), 0.0088277 secs] 435998K->343689K(506816K), 0.0089761 secs] [Times: user=0.08 sys=0.00, real=0.01 secs] 
0.900: [CMS-concurrent-abortable-preclean: 0.002/0.037 secs] [Times: user=0.11 sys=0.00, real=0.04 secs] 
0.900: [GC (CMS Final Remark) [YG occupancy: 24314 K (157248 K)]0.900: [Rescan (parallel) , 0.0003232 secs]0.900: [weak refs processing, 0.0000376 secs]0.900: [class unloading, 0.0003761 secs]0.901: [scrub symbol table, 0.0006048 secs]0.901: [scrub string table, 0.0001489 secs][1 CMS-remark: 326223K(349568K)] 350537K(506816K), 0.0016697 secs] [Times: user=0.00 sys=0.00, real=0.00 secs] 
0.902: [CMS-concurrent-sweep-start]
0.903: [CMS-concurrent-sweep: 0.001/0.001 secs] [Times: user=0.00 sys=0.00, real=0.00 secs] 
0.903: [CMS-concurrent-reset-start]
0.903: [CMS-concurrent-reset: 0.001/0.001 secs] [Times: user=0.00 sys=0.00, real=0.00 secs] 
0.926: [GC (Allocation Failure) 0.926: [ParNew: 156960K->156960K(157248K), 0.0000519 secs]0.926: [CMS: 326071K->320449K(349568K), 0.0554214 secs] 483032K->320449K(506816K), [Metaspace: 3130K->3130K(1056768K)], 0.0556152 secs] [Times: user=0.06 sys=0.00, real=0.06 secs] 
0.982: [GC (CMS Initial Mark) [1 CMS-initial-mark: 320449K(349568K)] 323817K(506816K), 0.0002247 secs] [Times: user=0.00 sys=0.00, real=0.00 secs] 
0.982: [CMS-concurrent-mark-start]
0.984: [CMS-concurrent-mark: 0.002/0.002 secs] [Times: user=0.00 sys=0.00, real=0.00 secs] 
0.984: [CMS-concurrent-preclean-start]
0.984: [CMS-concurrent-preclean: 0.001/0.001 secs] [Times: user=0.00 sys=0.00, real=0.00 secs] 
0.985: [CMS-concurrent-abortable-preclean-start]
1.007: [GC (Allocation Failure) 1.007: [ParNew: 139776K->17468K(157248K), 0.0088577 secs] 460225K->363176K(506816K), 0.0089486 secs] [Times: user=0.00 sys=0.00, real=0.01 secs] 
1.016: [CMS-concurrent-abortable-preclean: 0.000/0.032 secs] [Times: user=0.03 sys=0.00, real=0.03 secs] 
1.017: [GC (CMS Final Remark) [YG occupancy: 20244 K (157248 K)]1.017: [Rescan (parallel) , 0.0004066 secs]1.017: [weak refs processing, 0.0000261 secs]1.017: [class unloading, 0.0002299 secs]1.017: [scrub symbol table, 0.0004399 secs]1.018: [scrub string table, 0.0001271 secs][1 CMS-remark: 345707K(349568K)] 365951K(506816K), 0.0014104 secs] [Times: user=0.00 sys=0.00, real=0.00 secs] 
1.018: [CMS-concurrent-sweep-start]
1.019: [CMS-concurrent-sweep: 0.001/0.001 secs] [Times: user=0.00 sys=0.00, real=0.00 secs] 
1.019: [CMS-concurrent-reset-start]
1.019: [CMS-concurrent-reset: 0.000/0.000 secs] [Times: user=0.00 sys=0.00, real=0.00 secs] 
1.041: [GC (Allocation Failure) 1.041: [ParNew: 157244K->157244K(157248K), 0.0000549 secs]1.041: [CMS: 345513K->339246K(349568K), 0.0598182 secs] 502758K->339246K(506816K), [Metaspace: 3130K->3130K(1056768K)], 0.0599967 secs] [Times: user=0.06 sys=0.00, real=0.06 secs] 
1.101: [GC (CMS Initial Mark) [1 CMS-initial-mark: 339246K(349568K)] 342906K(506816K), 0.0002127 secs] [Times: user=0.00 sys=0.00, real=0.00 secs] 
1.101: [CMS-concurrent-mark-start]
1.104: [CMS-concurrent-mark: 0.002/0.002 secs] [Times: user=0.00 sys=0.00, real=0.00 secs] 
1.104: [CMS-concurrent-preclean-start]
1.104: [CMS-concurrent-preclean: 0.001/0.001 secs] [Times: user=0.00 sys=0.00, real=0.00 secs] 
1.104: [CMS-concurrent-abortable-preclean-start]
1.104: [CMS-concurrent-abortable-preclean: 0.000/0.000 secs] [Times: user=0.00 sys=0.00, real=0.00 secs] 
1.105: [GC (CMS Final Remark) [YG occupancy: 20976 K (157248 K)]1.105: [Rescan (parallel) , 0.0003508 secs]1.105: [weak refs processing, 0.0000286 secs]1.105: [class unloading, 0.0003049 secs]1.105: [scrub symbol table, 0.0004994 secs]1.106: [scrub string table, 0.0001275 secs][1 CMS-remark: 339246K(349568K)] 360222K(506816K), 0.0014808 secs] [Times: user=0.00 sys=0.00, real=0.00 secs] 
1.106: [CMS-concurrent-sweep-start]
1.107: [CMS-concurrent-sweep: 0.001/0.001 secs] [Times: user=0.00 sys=0.00, real=0.00 secs] 
1.107: [CMS-concurrent-reset-start]
1.108: [CMS-concurrent-reset: 0.000/0.000 secs] [Times: user=0.00 sys=0.00, real=0.00 secs] 
1.126: [GC (Allocation Failure) 1.126: [ParNew: 139776K->139776K(157248K), 0.0000472 secs]1.126: [CMS: 337345K->345332K(349568K), 0.0606202 secs] 477121K->345332K(506816K), [Metaspace: 3130K->3130K(1056768K)], 0.0608194 secs] [Times: user=0.06 sys=0.00, real=0.06 secs] 
1.187: [GC (CMS Initial Mark) [1 CMS-initial-mark: 345332K(349568K)] 348876K(506816K), 0.0002846 secs] [Times: user=0.00 sys=0.00, real=0.00 secs] 
1.187: [CMS-concurrent-mark-start]
1.189: [CMS-concurrent-mark: 0.002/0.002 secs] [Times: user=0.00 sys=0.00, real=0.00 secs] 
1.189: [CMS-concurrent-preclean-start]
1.189: [CMS-concurrent-preclean: 0.000/0.000 secs] [Times: user=0.00 sys=0.00, real=0.00 secs] 
1.189: [CMS-concurrent-abortable-preclean-start]
1.189: [CMS-concurrent-abortable-preclean: 0.000/0.000 secs] [Times: user=0.00 sys=0.00, real=0.00 secs] 
1.190: [GC (CMS Final Remark) [YG occupancy: 18867 K (157248 K)]1.190: [Rescan (parallel) , 0.0003970 secs]1.190: [weak refs processing, 0.0000276 secs]1.190: [class unloading, 0.0002434 secs]1.190: [scrub symbol table, 0.0004469 secs]1.191: [scrub string table, 0.0001327 secs][1 CMS-remark: 345332K(349568K)] 364199K(506816K), 0.0013736 secs] [Times: user=0.00 sys=0.00, real=0.00 secs] 
1.191: [CMS-concurrent-sweep-start]
1.192: [CMS-concurrent-sweep: 0.001/0.001 secs] [Times: user=0.00 sys=0.00, real=0.00 secs] 
1.192: [CMS-concurrent-reset-start]
1.192: [CMS-concurrent-reset: 0.000/0.000 secs] [Times: user=0.00 sys=0.00, real=0.00 secs] 
1.210: [GC (Allocation Failure) 1.210: [ParNew: 139609K->139609K(157248K), 0.0000505 secs]1.210: [CMS: 345332K->346960K(349568K), 0.0508058 secs] 484941K->346960K(506816K), [Metaspace: 3130K->3130K(1056768K)], 0.0510049 secs] [Times: user=0.05 sys=0.00, real=0.05 secs] 
1.261: [GC (CMS Initial Mark) [1 CMS-initial-mark: 346960K(349568K)] 347703K(506816K), 0.0001442 secs] [Times: user=0.00 sys=0.00, real=0.00 secs] 
1.261: [CMS-concurrent-mark-start]
1.262: [CMS-concurrent-mark: 0.001/0.001 secs] [Times: user=0.00 sys=0.00, real=0.00 secs] 
1.262: [CMS-concurrent-preclean-start]
1.263: [CMS-concurrent-preclean: 0.000/0.000 secs] [Times: user=0.00 sys=0.00, real=0.00 secs] 
1.263: [CMS-concurrent-abortable-preclean-start]
1.263: [CMS-concurrent-abortable-preclean: 0.000/0.000 secs] [Times: user=0.00 sys=0.00, real=0.00 secs] 
1.263: [GC (CMS Final Remark) [YG occupancy: 17852 K (157248 K)]1.263: [Rescan (parallel) , 0.0002684 secs]1.263: [weak refs processing, 0.0000255 secs]1.263: [class unloading, 0.0002275 secs]1.264: [scrub symbol table, 0.0004147 secs]1.264: [scrub string table, 0.0001400 secs][1 CMS-remark: 346960K(349568K)] 364812K(506816K), 0.0011968 secs] [Times: user=0.00 sys=0.00, real=0.00 secs] 
1.264: [CMS-concurrent-sweep-start]
1.265: [CMS-concurrent-sweep: 0.000/0.000 secs] [Times: user=0.00 sys=0.00, real=0.00 secs] 
1.265: [CMS-concurrent-reset-start]
1.265: [CMS-concurrent-reset: 0.000/0.000 secs] [Times: user=0.00 sys=0.00, real=0.00 secs] 
1.284: [GC (Allocation Failure) 1.284: [ParNew: 139776K->139776K(157248K), 0.0000448 secs]1.284: [CMS: 346843K->349523K(349568K), 0.0502724 secs] 486619K->353631K(506816K), [Metaspace: 3130K->3130K(1056768K)], 0.0504286 secs] [Times: user=0.06 sys=0.00, real=0.05 secs] 
1.335: [GC (CMS Initial Mark) [1 CMS-initial-mark: 349523K(349568K)] 357003K(506816K), 0.0001786 secs] [Times: user=0.00 sys=0.00, real=0.00 secs] 
1.335: [CMS-concurrent-mark-start]
1.337: [CMS-concurrent-mark: 0.002/0.002 secs] [Times: user=0.00 sys=0.00, real=0.00 secs] 
1.337: [CMS-concurrent-preclean-start]
1.339: [CMS-concurrent-preclean: 0.001/0.001 secs] [Times: user=0.00 sys=0.00, real=0.00 secs] 
1.339: [CMS-concurrent-abortable-preclean-start]
1.339: [CMS-concurrent-abortable-preclean: 0.000/0.000 secs] [Times: user=0.00 sys=0.00, real=0.00 secs] 
1.339: [GC (CMS Final Remark) [YG occupancy: 34933 K (157248 K)]1.339: [Rescan (parallel) , 0.0004118 secs]1.339: [weak refs processing, 0.0000262 secs]1.339: [class unloading, 0.0002359 secs]1.340: [scrub symbol table, 0.0004048 secs]1.340: [scrub string table, 0.0001149 secs][1 CMS-remark: 349523K(349568K)] 384456K(506816K), 0.0013210 secs] [Times: user=0.00 sys=0.00, real=0.00 secs] 
1.340: [CMS-concurrent-sweep-start]
1.341: [CMS-concurrent-sweep: 0.000/0.000 secs] [Times: user=0.00 sys=0.00, real=0.00 secs] 
1.341: [CMS-concurrent-reset-start]
1.341: [CMS-concurrent-reset: 0.000/0.000 secs] [Times: user=0.00 sys=0.00, real=0.00 secs] 
1.357: [GC (Allocation Failure) 1.357: [ParNew: 156792K->156792K(157248K), 0.0000459 secs]1.357: [CMS: 349173K->349236K(349568K), 0.0496666 secs] 505966K->357385K(506816K), [Metaspace: 3130K->3130K(1056768K)], 0.0498236 secs] [Times: user=0.05 sys=0.00, real=0.05 secs] 
1.407: [GC (CMS Initial Mark) [1 CMS-initial-mark: 349236K(349568K)] 360852K(506816K), 0.0002534 secs] [Times: user=0.00 sys=0.00, real=0.00 secs] 
1.408: [CMS-concurrent-mark-start]
1.409: [CMS-concurrent-mark: 0.001/0.001 secs] [Times: user=0.00 sys=0.00, real=0.00 secs] 
1.409: [CMS-concurrent-preclean-start]
1.410: [CMS-concurrent-preclean: 0.001/0.001 secs] [Times: user=0.00 sys=0.00, real=0.00 secs] 
1.411: [CMS-concurrent-abortable-preclean-start]
1.411: [CMS-concurrent-abortable-preclean: 0.000/0.000 secs] [Times: user=0.00 sys=0.00, real=0.00 secs] 
1.411: [GC (CMS Final Remark) [YG occupancy: 34079 K (157248 K)]1.411: [Rescan (parallel) , 0.0002825 secs]1.411: [weak refs processing, 0.0000255 secs]1.411: [class unloading, 0.0002321 secs]1.411: [scrub symbol table, 0.0004060 secs]1.412: [scrub string table, 0.0001151 secs][1 CMS-remark: 349236K(349568K)] 383315K(506816K), 0.0011888 secs] [Times: user=0.00 sys=0.00, real=0.00 secs] 
1.412: [CMS-concurrent-sweep-start]
1.412: [CMS-concurrent-sweep: 0.000/0.000 secs] [Times: user=0.03 sys=0.00, real=0.00 secs] 
1.413: [CMS-concurrent-reset-start]
1.413: [CMS-concurrent-reset: 0.000/0.000 secs] [Times: user=0.00 sys=0.00, real=0.00 secs] 
1.429: [GC (Allocation Failure) 1.429: [ParNew: 157135K->157135K(157248K), 0.0000521 secs]1.429: [CMS: 348813K->349265K(349568K), 0.0502972 secs] 505948K->363404K(506816K), [Metaspace: 3130K->3130K(1056768K)], 0.0504644 secs] [Times: user=0.05 sys=0.00, real=0.05 secs] 
1.480: [GC (CMS Initial Mark) [1 CMS-initial-mark: 349265K(349568K)] 367261K(506816K), 0.0002780 secs] [Times: user=0.00 sys=0.00, real=0.00 secs] 
1.480: [CMS-concurrent-mark-start]
1.481: [CMS-concurrent-mark: 0.001/0.001 secs] [Times: user=0.00 sys=0.00, real=0.00 secs] 
1.482: [CMS-concurrent-preclean-start]
1.483: [CMS-concurrent-preclean: 0.001/0.001 secs] [Times: user=0.00 sys=0.00, real=0.00 secs] 
1.483: [CMS-concurrent-abortable-preclean-start]
1.483: [CMS-concurrent-abortable-preclean: 0.000/0.000 secs] [Times: user=0.00 sys=0.00, real=0.00 secs] 
1.483: [GC (CMS Final Remark) [YG occupancy: 39599 K (157248 K)]1.483: [Rescan (parallel) , 0.0003020 secs]1.483: [weak refs processing, 0.0000249 secs]1.483: [class unloading, 0.0002173 secs]1.484: [scrub symbol table, 0.0003931 secs]1.484: [scrub string table, 0.0001281 secs][1 CMS-remark: 349265K(349568K)] 388864K(506816K), 0.0011908 secs] [Times: user=0.00 sys=0.00, real=0.00 secs] 
1.484: [CMS-concurrent-sweep-start]
1.485: [CMS-concurrent-sweep: 0.000/0.000 secs] [Times: user=0.00 sys=0.00, real=0.00 secs] 
1.485: [CMS-concurrent-reset-start]
1.485: [CMS-concurrent-reset: 0.000/0.000 secs] [Times: user=0.00 sys=0.00, real=0.00 secs] 
1.502: [GC (Allocation Failure) 1.502: [ParNew: 157141K->157141K(157248K), 0.0000412 secs]1.502: [CMS: 349087K->349460K(349568K), 0.0492006 secs] 506229K->362796K(506816K), [Metaspace: 3130K->3130K(1056768K)], 0.0493576 secs] [Times: user=0.05 sys=0.00, real=0.05 secs] 
1.551: [GC (CMS Initial Mark) [1 CMS-initial-mark: 349460K(349568K)] 363490K(506816K), 0.0007231 secs] [Times: user=0.00 sys=0.00, real=0.00 secs] 
1.552: [CMS-concurrent-mark-start]
1.553: [CMS-concurrent-mark: 0.001/0.001 secs] [Times: user=0.05 sys=0.00, real=0.00 secs] 
1.553: [CMS-concurrent-preclean-start]
1.555: [CMS-concurrent-preclean: 0.001/0.001 secs] [Times: user=0.00 sys=0.00, real=0.00 secs] 
1.555: [CMS-concurrent-abortable-preclean-start]
1.555: [CMS-concurrent-abortable-preclean: 0.000/0.000 secs] [Times: user=0.00 sys=0.00, real=0.00 secs] 
1.555: [GC (CMS Final Remark) [YG occupancy: 36488 K (157248 K)]1.555: [Rescan (parallel) , 0.0003555 secs]1.555: [weak refs processing, 0.0000236 secs]1.555: [class unloading, 0.0002152 secs]1.556: [scrub symbol table, 0.0003919 secs]1.556: [scrub string table, 0.0001276 secs][1 CMS-remark: 349460K(349568K)] 385948K(506816K), 0.0012316 secs] [Times: user=0.00 sys=0.00, real=0.00 secs] 
1.556: [CMS-concurrent-sweep-start]
1.557: [CMS-concurrent-sweep: 0.000/0.000 secs] [Times: user=0.00 sys=0.00, real=0.00 secs] 
1.557: [CMS-concurrent-reset-start]
1.557: [CMS-concurrent-reset: 0.000/0.000 secs] [Times: user=0.00 sys=0.00, real=0.00 secs] 
1.574: [GC (Allocation Failure) 1.574: [ParNew: 156907K->156907K(157248K), 0.0000658 secs]1.574: [CMS: 349357K->349567K(349568K), 0.0492449 secs] 506265K->360177K(506816K), [Metaspace: 3130K->3130K(1056768K)], 0.0494295 secs] [Times: user=0.05 sys=0.00, real=0.05 secs] 
1.623: [GC (CMS Initial Mark) [1 CMS-initial-mark: 349567K(349568K)] 363384K(506816K), 0.0001916 secs] [Times: user=0.00 sys=0.00, real=0.00 secs] 
1.624: [CMS-concurrent-mark-start]
1.625: [CMS-concurrent-mark: 0.001/0.001 secs] [Times: user=0.00 sys=0.00, real=0.00 secs] 
1.625: [CMS-concurrent-preclean-start]
1.626: [CMS-concurrent-preclean: 0.001/0.001 secs] [Times: user=0.00 sys=0.00, real=0.00 secs] 
1.626: [CMS-concurrent-abortable-preclean-start]
1.626: [CMS-concurrent-abortable-preclean: 0.000/0.000 secs] [Times: user=0.00 sys=0.00, real=0.00 secs] 
1.627: [GC (CMS Final Remark) [YG occupancy: 36646 K (157248 K)]1.627: [Rescan (parallel) , 0.0003928 secs]1.627: [weak refs processing, 0.0000269 secs]1.627: [class unloading, 0.0003235 secs]1.627: [scrub symbol table, 0.0004581 secs]1.628: [scrub string table, 0.0001193 secs][1 CMS-remark: 349567K(349568K)] 386213K(506816K), 0.0014517 secs] [Times: user=0.00 sys=0.00, real=0.00 secs] 
1.628: [CMS-concurrent-sweep-start]
1.629: [CMS-concurrent-sweep: 0.000/0.000 secs] [Times: user=0.00 sys=0.00, real=0.00 secs] 
1.629: [CMS-concurrent-reset-start]
1.629: [CMS-concurrent-reset: 0.000/0.000 secs] [Times: user=0.00 sys=0.00, real=0.00 secs] 
1.644: [GC (Allocation Failure) 1.644: [ParNew: 157242K->157242K(157248K), 0.0000414 secs]1.644: [CMS: 348708K->349543K(349568K), 0.0475211 secs] 505950K->354333K(506816K), [Metaspace: 3130K->3130K(1056768K)], 0.0476820 secs] [Times: user=0.05 sys=0.00, real=0.05 secs] 
1.692: [GC (CMS Initial Mark) [1 CMS-initial-mark: 349543K(349568K)] 357198K(506816K), 0.0004555 secs] [Times: user=0.00 sys=0.00, real=0.00 secs] 
1.693: [CMS-concurrent-mark-start]
1.694: [CMS-concurrent-mark: 0.002/0.002 secs] [Times: user=0.05 sys=0.00, real=0.00 secs] 
1.695: [CMS-concurrent-preclean-start]
1.696: [CMS-concurrent-preclean: 0.001/0.001 secs] [Times: user=0.00 sys=0.00, real=0.00 secs] 
1.696: [CMS-concurrent-abortable-preclean-start]
1.696: [CMS-concurrent-abortable-preclean: 0.000/0.000 secs] [Times: user=0.00 sys=0.00, real=0.00 secs] 
1.696: [GC (CMS Final Remark) [YG occupancy: 29774 K (157248 K)]1.696: [Rescan (parallel) , 0.0005560 secs]1.697: [weak refs processing, 0.0000233 secs]1.697: [class unloading, 0.0002089 secs]1.697: [scrub symbol table, 0.0003873 secs]1.697: [scrub string table, 0.0001065 secs][1 CMS-remark: 349543K(349568K)] 379317K(506816K), 0.0013944 secs] [Times: user=0.00 sys=0.00, real=0.00 secs] 
1.697: [CMS-concurrent-sweep-start]
1.698: [CMS-concurrent-sweep: 0.000/0.000 secs] [Times: user=0.00 sys=0.00, real=0.00 secs] 
1.698: [CMS-concurrent-reset-start]
1.698: [CMS-concurrent-reset: 0.000/0.000 secs] [Times: user=0.00 sys=0.00, real=0.00 secs] 
1.714: [GC (Allocation Failure) 1.714: [ParNew: 157036K->157036K(157248K), 0.0000399 secs]1.714: [CMS: 349207K->349542K(349568K), 0.0483145 secs] 506243K->360580K(506816K), [Metaspace: 3130K->3130K(1056768K)], 0.0484547 secs] [Times: user=0.05 sys=0.00, real=0.05 secs] 
1.763: [GC (CMS Initial Mark) [1 CMS-initial-mark: 349542K(349568K)] 363930K(506816K), 0.0001293 secs] [Times: user=0.00 sys=0.00, real=0.00 secs] 
1.763: [CMS-concurrent-mark-start]
1.764: [CMS-concurrent-mark: 0.001/0.001 secs] [Times: user=0.00 sys=0.00, real=0.00 secs] 
1.764: [CMS-concurrent-preclean-start]
1.765: [CMS-concurrent-preclean: 0.001/0.001 secs] [Times: user=0.00 sys=0.00, real=0.00 secs] 
1.765: [CMS-concurrent-abortable-preclean-start]
1.765: [CMS-concurrent-abortable-preclean: 0.000/0.000 secs] [Times: user=0.00 sys=0.00, real=0.00 secs] 
1.766: [GC (CMS Final Remark) [YG occupancy: 32576 K (157248 K)]1.766: [Rescan (parallel) , 0.0002540 secs]1.766: [weak refs processing, 0.0000227 secs]1.766: [class unloading, 0.0002328 secs]1.766: [scrub symbol table, 0.0003642 secs]1.766: [scrub string table, 0.0001038 secs][1 CMS-remark: 349542K(349568K)] 382119K(506816K), 0.0010891 secs] [Times: user=0.00 sys=0.00, real=0.00 secs] 
1.767: [CMS-concurrent-sweep-start]
1.767: [CMS-concurrent-sweep: 0.001/0.001 secs] [Times: user=0.00 sys=0.00, real=0.00 secs] 
1.767: [CMS-concurrent-reset-start]
1.768: [CMS-concurrent-reset: 0.000/0.000 secs] [Times: user=0.00 sys=0.00, real=0.00 secs] 
1.782: [GC (Allocation Failure) 1.782: [ParNew: 157076K->157076K(157248K), 0.0000401 secs]1.782: [CMS: 348704K->349522K(349568K), 0.0541346 secs] 505780K->363344K(506816K), [Metaspace: 3130K->3130K(1056768K)], 0.0542911 secs] [Times: user=0.06 sys=0.00, real=0.05 secs] 
1.837: [GC (CMS Initial Mark) [1 CMS-initial-mark: 349522K(349568K)] 366609K(506816K), 0.0001915 secs] [Times: user=0.00 sys=0.00, real=0.00 secs] 
1.837: [CMS-concurrent-mark-start]
1.838: [CMS-concurrent-mark: 0.001/0.001 secs] [Times: user=0.00 sys=0.00, real=0.00 secs] 
1.838: [CMS-concurrent-preclean-start]
1.840: [CMS-concurrent-preclean: 0.001/0.001 secs] [Times: user=0.00 sys=0.00, real=0.00 secs] 
1.840: [CMS-concurrent-abortable-preclean-start]
1.840: [CMS-concurrent-abortable-preclean: 0.000/0.000 secs] [Times: user=0.00 sys=0.00, real=0.00 secs] 
1.840: [GC (CMS Final Remark) [YG occupancy: 36613 K (157248 K)]1.840: [Rescan (parallel) , 0.0003050 secs]1.840: [weak refs processing, 0.0000249 secs]1.841: [class unloading, 0.0003056 secs]1.841: [scrub symbol table, 0.0004600 secs]1.841: [scrub string table, 0.0001100 secs][1 CMS-remark: 349522K(349568K)] 386135K(506816K), 0.0013345 secs] [Times: user=0.00 sys=0.00, real=0.00 secs] 
1.842: [CMS-concurrent-sweep-start]
1.842: [CMS-concurrent-sweep: 0.001/0.001 secs] [Times: user=0.00 sys=0.00, real=0.00 secs] 
1.843: [CMS-concurrent-reset-start]
1.843: [CMS-concurrent-reset: 0.000/0.000 secs] [Times: user=0.00 sys=0.00, real=0.00 secs] 
1.860: [GC (Allocation Failure) 1.860: [ParNew: 157117K->157117K(157248K), 0.0000551 secs]1.860: [CMS: 349444K->349460K(349568K), 0.0553940 secs] 506561K->358678K(506816K), [Metaspace: 3130K->3130K(1056768K)], 0.0555637 secs] [Times: user=0.06 sys=0.00, real=0.06 secs] 
1.916: [GC (CMS Initial Mark) [1 CMS-initial-mark: 349460K(349568K)] 358822K(506816K), 0.0002286 secs] [Times: user=0.00 sys=0.00, real=0.00 secs] 
1.916: [CMS-concurrent-mark-start]
1.918: [CMS-concurrent-mark: 0.002/0.002 secs] [Times: user=0.00 sys=0.00, real=0.00 secs] 
1.918: [CMS-concurrent-preclean-start]
1.920: [CMS-concurrent-preclean: 0.001/0.001 secs] [Times: user=0.00 sys=0.00, real=0.00 secs] 
1.920: [CMS-concurrent-abortable-preclean-start]
1.920: [CMS-concurrent-abortable-preclean: 0.000/0.000 secs] [Times: user=0.00 sys=0.00, real=0.00 secs] 
1.920: [GC (CMS Final Remark) [YG occupancy: 40223 K (157248 K)]1.920: [Rescan (parallel) , 0.0003030 secs]1.920: [weak refs processing, 0.0000323 secs]1.920: [class unloading, 0.0003439 secs]1.921: [scrub symbol table, 0.0003755 secs]1.921: [scrub string table, 0.0001062 secs][1 CMS-remark: 349460K(349568K)] 389683K(506816K), 0.0012794 secs] [Times: user=0.00 sys=0.00, real=0.00 secs] 
1.921: [CMS-concurrent-sweep-start]
1.922: [CMS-concurrent-sweep: 0.001/0.001 secs] [Times: user=0.00 sys=0.00, real=0.00 secs] 
1.922: [CMS-concurrent-reset-start]
1.922: [CMS-concurrent-reset: 0.000/0.000 secs] [Times: user=0.00 sys=0.00, real=0.00 secs] 
1.942: [GC (Allocation Failure) 1.942: [ParNew: 157039K->157039K(157248K), 0.0000414 secs]1.942: [CMS: 349051K->349071K(349568K), 0.0534446 secs] 506090K->358246K(506816K), [Metaspace: 3130K->3130K(1056768K)], 0.0535837 secs] [Times: user=0.06 sys=0.00, real=0.05 secs] 
1.996: [GC (CMS Initial Mark) [1 CMS-initial-mark: 349071K(349568K)] 358582K(506816K), 0.0001505 secs] [Times: user=0.00 sys=0.00, real=0.00 secs] 
1.996: [CMS-concurrent-mark-start]
1.998: [CMS-concurrent-mark: 0.002/0.002 secs] [Times: user=0.00 sys=0.00, real=0.00 secs] 
1.998: [CMS-concurrent-preclean-start]
2.000: [CMS-concurrent-preclean: 0.002/0.002 secs] [Times: user=0.00 sys=0.00, real=0.00 secs] 
2.000: [CMS-concurrent-abortable-preclean-start]
2.000: [CMS-concurrent-abortable-preclean: 0.000/0.000 secs] [Times: user=0.00 sys=0.00, real=0.00 secs] 
2.000: [GC (CMS Final Remark) [YG occupancy: 48638 K (157248 K)]2.000: [Rescan (parallel) , 0.0004212 secs]2.001: [weak refs processing, 0.0000346 secs]2.001: [class unloading, 0.0002846 secs]2.001: [scrub symbol table, 0.0005075 secs]2.001: [scrub string table, 0.0001576 secs][1 CMS-remark: 349071K(349568K)] 397709K(506816K), 0.0015748 secs] [Times: user=0.00 sys=0.00, real=0.00 secs] 
2.002: [CMS-concurrent-sweep-start]
2.002: [CMS-concurrent-sweep: 0.001/0.001 secs] [Times: user=0.00 sys=0.00, real=0.00 secs] 
2.002: [CMS-concurrent-reset-start]
2.003: [CMS-concurrent-reset: 0.000/0.000 secs] [Times: user=0.00 sys=0.00, real=0.00 secs] 
2.020: [GC (Allocation Failure) 2.020: [ParNew: 157129K->157129K(157248K), 0.0000689 secs]2.020: [CMS: 348322K->349482K(349568K), 0.0523245 secs] 505452K->358353K(506816K), [Metaspace: 3130K->3130K(1056768K)], 0.0525469 secs] [Times: user=0.06 sys=0.00, real=0.05 secs] 
2.072: [GC (CMS Initial Mark) [1 CMS-initial-mark: 349482K(349568K)] 362009K(506816K), 0.0001810 secs] [Times: user=0.00 sys=0.00, real=0.00 secs] 
2.073: [CMS-concurrent-mark-start]
2.075: [CMS-concurrent-mark: 0.002/0.002 secs] [Times: user=0.00 sys=0.00, real=0.00 secs] 
2.075: [CMS-concurrent-preclean-start]
2.076: [CMS-concurrent-preclean: 0.001/0.001 secs] [Times: user=0.00 sys=0.00, real=0.00 secs] 
2.076: [CMS-concurrent-abortable-preclean-start]
2.076: [CMS-concurrent-abortable-preclean: 0.000/0.000 secs] [Times: user=0.00 sys=0.00, real=0.00 secs] 
2.076: [GC (CMS Final Remark) [YG occupancy: 35281 K (157248 K)]2.077: [Rescan (parallel) , 0.0003351 secs]2.077: [weak refs processing, 0.0000254 secs]2.077: [class unloading, 0.0002583 secs]2.077: [scrub symbol table, 0.0004550 secs]2.078: [scrub string table, 0.0001112 secs][1 CMS-remark: 349482K(349568K)] 384763K(506816K), 0.0013570 secs] [Times: user=0.00 sys=0.00, real=0.00 secs] 
2.078: [CMS-concurrent-sweep-start]
2.079: [CMS-concurrent-sweep: 0.001/0.001 secs] [Times: user=0.00 sys=0.00, real=0.00 secs] 
2.079: [CMS-concurrent-reset-start]
2.079: [CMS-concurrent-reset: 0.000/0.000 secs] [Times: user=0.00 sys=0.00, real=0.00 secs] 
2.097: [GC (Allocation Failure) 2.097: [ParNew: 157127K->157127K(157248K), 0.0000425 secs]2.097: [CMS: 349284K->349524K(349568K), 0.0545691 secs] 506411K->360372K(506816K), [Metaspace: 3130K->3130K(1056768K)], 0.0547101 secs] [Times: user=0.06 sys=0.00, real=0.06 secs] 
2.151: [GC (CMS Initial Mark) [1 CMS-initial-mark: 349524K(349568K)] 361043K(506816K), 0.0002006 secs] [Times: user=0.00 sys=0.00, real=0.00 secs] 
2.152: [CMS-concurrent-mark-start]
2.153: [CMS-concurrent-mark: 0.001/0.001 secs] [Times: user=0.00 sys=0.00, real=0.00 secs] 
2.153: [CMS-concurrent-preclean-start]
2.155: [CMS-concurrent-preclean: 0.001/0.001 secs] [Times: user=0.00 sys=0.00, real=0.00 secs] 
2.155: [CMS-concurrent-abortable-preclean-start]
2.155: [CMS-concurrent-abortable-preclean: 0.000/0.000 secs] [Times: user=0.00 sys=0.00, real=0.00 secs] 
2.155: [GC (CMS Final Remark) [YG occupancy: 34468 K (157248 K)]2.155: [Rescan (parallel) , 0.0004245 secs]2.155: [weak refs processing, 0.0000244 secs]2.155: [class unloading, 0.0002179 secs]2.155: [scrub symbol table, 0.0003786 secs]2.156: [scrub string table, 0.0001444 secs][1 CMS-remark: 349524K(349568K)] 383993K(506816K), 0.0013066 secs] [Times: user=0.00 sys=0.00, real=0.00 secs] 
2.156: [CMS-concurrent-sweep-start]
2.157: [CMS-concurrent-sweep: 0.000/0.000 secs] [Times: user=0.00 sys=0.00, real=0.00 secs] 
2.157: [CMS-concurrent-reset-start]
2.157: [CMS-concurrent-reset: 0.000/0.000 secs] [Times: user=0.00 sys=0.00, real=0.00 secs] 
2.172: [GC (Allocation Failure) 2.172: [ParNew: 157246K->157246K(157248K), 0.0000428 secs]2.172: [CMS: 348607K->349529K(349568K), 0.0487615 secs] 505854K->359026K(506816K), [Metaspace: 3130K->3130K(1056768K)], 0.0489077 secs] [Times: user=0.05 sys=0.00, real=0.05 secs] 
2.221: [GC (CMS Initial Mark) [1 CMS-initial-mark: 349529K(349568K)] 361828K(506816K), 0.0001147 secs] [Times: user=0.00 sys=0.00, real=0.00 secs] 
2.221: [CMS-concurrent-mark-start]
2.223: [CMS-concurrent-mark: 0.001/0.001 secs] [Times: user=0.00 sys=0.00, real=0.00 secs] 
2.223: [CMS-concurrent-preclean-start]
2.224: [CMS-concurrent-preclean: 0.001/0.001 secs] [Times: user=0.00 sys=0.00, real=0.00 secs] 
2.224: [CMS-concurrent-abortable-preclean-start]
2.224: [CMS-concurrent-abortable-preclean: 0.000/0.000 secs] [Times: user=0.00 sys=0.00, real=0.00 secs] 
2.224: [GC (CMS Final Remark) [YG occupancy: 33742 K (157248 K)]2.224: [Rescan (parallel) , 0.0003082 secs]2.225: [weak refs processing, 0.0000244 secs]2.225: [class unloading, 0.0003348 secs]2.225: [scrub symbol table, 0.0004995 secs]2.226: [scrub string table, 0.0001166 secs][1 CMS-remark: 349529K(349568K)] 383271K(506816K), 0.0014180 secs] [Times: user=0.00 sys=0.03, real=0.00 secs] 
2.226: [CMS-concurrent-sweep-start]
2.226: [CMS-concurrent-sweep: 0.001/0.001 secs] [Times: user=0.00 sys=0.00, real=0.00 secs] 
2.226: [CMS-concurrent-reset-start]
2.227: [CMS-concurrent-reset: 0.000/0.000 secs] [Times: user=0.00 sys=0.00, real=0.00 secs] 
2.244: [GC (Allocation Failure) 2.244: [ParNew: 157171K->157171K(157248K), 0.0000412 secs]2.244: [CMS: 349529K->349543K(349568K), 0.0479022 secs] 506700K->359859K(506816K), [Metaspace: 3130K->3130K(1056768K)], 0.0480468 secs] [Times: user=0.05 sys=0.00, real=0.05 secs] 
2.292: [GC (CMS Initial Mark) [1 CMS-initial-mark: 349543K(349568K)] 360001K(506816K), 0.0001299 secs] [Times: user=0.00 sys=0.00, real=0.00 secs] 
2.292: [CMS-concurrent-mark-start]
2.294: [CMS-concurrent-mark: 0.001/0.001 secs] [Times: user=0.00 sys=0.00, real=0.00 secs] 
2.294: [CMS-concurrent-preclean-start]
2.295: [CMS-concurrent-preclean: 0.002/0.002 secs] [Times: user=0.00 sys=0.00, real=0.00 secs] 
2.296: [CMS-concurrent-abortable-preclean-start]
2.296: [CMS-concurrent-abortable-preclean: 0.000/0.000 secs] [Times: user=0.00 sys=0.00, real=0.00 secs] 
2.296: [GC (CMS Final Remark) [YG occupancy: 35697 K (157248 K)]2.296: [Rescan (parallel) , 0.0003686 secs]2.296: [weak refs processing, 0.0000245 secs]2.296: [class unloading, 0.0002925 secs]2.296: [scrub symbol table, 0.0004590 secs]2.297: [scrub string table, 0.0002777 secs][1 CMS-remark: 349543K(349568K)] 385240K(506816K), 0.0015573 secs] [Times: user=0.00 sys=0.00, real=0.00 secs] 
2.297: [CMS-concurrent-sweep-start]
2.299: [CMS-concurrent-sweep: 0.001/0.001 secs] [Times: user=0.00 sys=0.00, real=0.00 secs] 
2.299: [CMS-concurrent-reset-start]
2.299: [CMS-concurrent-reset: 0.001/0.001 secs] [Times: user=0.00 sys=0.00, real=0.00 secs] 
2.316: [GC (Allocation Failure) 2.316: [ParNew: 157181K->157181K(157248K), 0.0000408 secs]2.316: [CMS: 347787K->349283K(349568K), 0.0515415 secs] 504969K->361181K(506816K), [Metaspace: 3130K->3130K(1056768K)], 0.0516960 secs] [Times: user=0.06 sys=0.00, real=0.05 secs] 
2.368: [GC (CMS Initial Mark) [1 CMS-initial-mark: 349283K(349568K)] 361253K(506816K), 0.0001575 secs] [Times: user=0.00 sys=0.00, real=0.00 secs] 
2.368: [CMS-concurrent-mark-start]
2.369: [CMS-concurrent-mark: 0.001/0.001 secs] [Times: user=0.00 sys=0.00, real=0.00 secs] 
2.369: [CMS-concurrent-preclean-start]
2.370: [CMS-concurrent-preclean: 0.001/0.001 secs] [Times: user=0.00 sys=0.00, real=0.00 secs] 
2.370: [CMS-concurrent-abortable-preclean-start]
2.370: [CMS-concurrent-abortable-preclean: 0.000/0.000 secs] [Times: user=0.00 sys=0.00, real=0.00 secs] 
2.370: [GC (CMS Final Remark) [YG occupancy: 27716 K (157248 K)]2.370: [Rescan (parallel) , 0.0003628 secs]2.371: [weak refs processing, 0.0000229 secs]2.371: [class unloading, 0.0002316 secs]2.371: [scrub symbol table, 0.0003875 secs]2.371: [scrub string table, 0.0001046 secs][1 CMS-remark: 349283K(349568K)] 376999K(506816K), 0.0012214 secs] [Times: user=0.00 sys=0.00, real=0.00 secs] 
2.372: [CMS-concurrent-sweep-start]
2.372: [CMS-concurrent-sweep: 0.000/0.000 secs] [Times: user=0.00 sys=0.00, real=0.00 secs] 
2.372: [CMS-concurrent-reset-start]
2.372: [CMS-concurrent-reset: 0.000/0.000 secs] [Times: user=0.00 sys=0.00, real=0.00 secs] 
2.389: [GC (Allocation Failure) 2.389: [ParNew: 157224K->157224K(157248K), 0.0000393 secs]2.389: [CMS: 349283K->349123K(349568K), 0.0484455 secs] 506508K->359942K(506816K), [Metaspace: 3130K->3130K(1056768K)], 0.0485870 secs] [Times: user=0.05 sys=0.00, real=0.05 secs] 
2.438: [GC (CMS Initial Mark) [1 CMS-initial-mark: 349123K(349568K)] 362962K(506816K), 0.0003463 secs] [Times: user=0.00 sys=0.00, real=0.00 secs] 
2.439: [CMS-concurrent-mark-start]
2.440: [CMS-concurrent-mark: 0.001/0.001 secs] [Times: user=0.00 sys=0.00, real=0.00 secs] 
2.440: [CMS-concurrent-preclean-start]
2.441: [CMS-concurrent-preclean: 0.001/0.001 secs] [Times: user=0.00 sys=0.00, real=0.00 secs] 
2.442: [CMS-concurrent-abortable-preclean-start]
2.442: [CMS-concurrent-abortable-preclean: 0.000/0.000 secs] [Times: user=0.00 sys=0.00, real=0.00 secs] 
2.442: [GC (CMS Final Remark) [YG occupancy: 36776 K (157248 K)]2.442: [Rescan (parallel) , 0.0003434 secs]2.442: [weak refs processing, 0.0000249 secs]2.442: [class unloading, 0.0002063 secs]2.442: [scrub symbol table, 0.0003588 secs]2.443: [scrub string table, 0.0001027 secs][1 CMS-remark: 349123K(349568K)] 385900K(506816K), 0.0011438 secs] [Times: user=0.00 sys=0.00, real=0.00 secs] 
2.443: [CMS-concurrent-sweep-start]
2.444: [CMS-concurrent-sweep: 0.001/0.001 secs] [Times: user=0.03 sys=0.00, real=0.00 secs] 
2.444: [CMS-concurrent-reset-start]
2.444: [CMS-concurrent-reset: 0.000/0.000 secs] [Times: user=0.00 sys=0.00, real=0.00 secs] 
2.459: [GC (Allocation Failure) 2.459: [ParNew: 157173K->157173K(157248K), 0.0000394 secs]2.459: [CMS: 348968K->349426K(349568K), 0.0482172 secs] 506142K->358418K(506816K), [Metaspace: 3130K->3130K(1056768K)], 0.0483619 secs] [Times: user=0.06 sys=0.00, real=0.05 secs] 
2.507: [GC (CMS Initial Mark) [1 CMS-initial-mark: 349426K(349568K)] 358657K(506816K), 0.0001840 secs] [Times: user=0.00 sys=0.00, real=0.00 secs] 
2.507: [CMS-concurrent-mark-start]
2.509: [CMS-concurrent-mark: 0.002/0.002 secs] [Times: user=0.00 sys=0.00, real=0.00 secs] 
2.509: [CMS-concurrent-preclean-start]
2.510: [CMS-concurrent-preclean: 0.001/0.001 secs] [Times: user=0.00 sys=0.00, real=0.00 secs] 
2.510: [CMS-concurrent-abortable-preclean-start]
2.510: [CMS-concurrent-abortable-preclean: 0.000/0.000 secs] [Times: user=0.00 sys=0.00, real=0.00 secs] 
2.510: [GC (CMS Final Remark) [YG occupancy: 30296 K (157248 K)]2.511: [Rescan (parallel) , 0.0004297 secs]2.511: [weak refs processing, 0.0000229 secs]2.511: [class unloading, 0.0002117 secs]2.511: [scrub symbol table, 0.0003758 secs]2.512: [scrub string table, 0.0001045 secs][1 CMS-remark: 349426K(349568K)] 379723K(506816K), 0.0012517 secs] [Times: user=0.00 sys=0.00, real=0.00 secs] 
2.512: [CMS-concurrent-sweep-start]
2.512: [CMS-concurrent-sweep: 0.000/0.000 secs] [Times: user=0.00 sys=0.00, real=0.00 secs] 
2.512: [CMS-concurrent-reset-start]
2.513: [CMS-concurrent-reset: 0.000/0.000 secs] [Times: user=0.00 sys=0.00, real=0.00 secs] 
2.528: [GC (Allocation Failure) 2.528: [ParNew: 157176K->157176K(157248K), 0.0000400 secs]2.528: [CMS: 349190K->349334K(349568K), 0.0489013 secs] 506366K->365294K(506816K), [Metaspace: 3130K->3130K(1056768K)], 0.0490585 secs] [Times: user=0.05 sys=0.00, real=0.05 secs] 
2.577: [GC (CMS Initial Mark) [1 CMS-initial-mark: 349334K(349568K)] 365441K(506816K), 0.0001258 secs] [Times: user=0.00 sys=0.00, real=0.00 secs] 
2.577: [CMS-concurrent-mark-start]
2.579: [CMS-concurrent-mark: 0.001/0.001 secs] [Times: user=0.00 sys=0.00, real=0.00 secs] 
2.579: [CMS-concurrent-preclean-start]
2.580: [CMS-concurrent-preclean: 0.001/0.001 secs] [Times: user=0.00 sys=0.00, real=0.00 secs] 
2.580: [CMS-concurrent-abortable-preclean-start]
2.580: [CMS-concurrent-abortable-preclean: 0.000/0.000 secs] [Times: user=0.00 sys=0.00, real=0.00 secs] 
2.580: [GC (CMS Final Remark) [YG occupancy: 35596 K (157248 K)]2.580: [Rescan (parallel) , 0.0002307 secs]2.580: [weak refs processing, 0.0000215 secs]2.580: [class unloading, 0.0002081 secs]2.580: [scrub symbol table, 0.0003595 secs]2.581: [scrub string table, 0.0001003 secs][1 CMS-remark: 349334K(349568K)] 384930K(506816K), 0.0010131 secs] [Times: user=0.00 sys=0.00, real=0.00 secs] 
2.581: [CMS-concurrent-sweep-start]
2.581: [CMS-concurrent-sweep: 0.000/0.000 secs] [Times: user=0.00 sys=0.00, real=0.00 secs] 
2.581: [CMS-concurrent-reset-start]
2.582: [CMS-concurrent-reset: 0.000/0.000 secs] [Times: user=0.00 sys=0.00, real=0.00 secs] 
2.597: [GC (Allocation Failure) 2.597: [ParNew: 157016K->157016K(157248K), 0.0000374 secs]2.597: [CMS: 349106K->348998K(349568K), 0.0490488 secs] 506123K->368894K(506816K), [Metaspace: 3130K->3130K(1056768K)], 0.0491833 secs] [Times: user=0.05 sys=0.00, real=0.05 secs] 
2.646: [GC (CMS Initial Mark) [1 CMS-initial-mark: 348998K(349568K)] 369254K(506816K), 0.0002345 secs] [Times: user=0.00 sys=0.00, real=0.00 secs] 
2.646: [CMS-concurrent-mark-start]
2.647: [CMS-concurrent-mark: 0.001/0.001 secs] [Times: user=0.05 sys=0.00, real=0.00 secs] 
2.647: [CMS-concurrent-preclean-start]
2.649: [CMS-concurrent-preclean: 0.002/0.002 secs] [Times: user=0.00 sys=0.00, real=0.00 secs] 
2.649: [CMS-concurrent-abortable-preclean-start]
2.649: [CMS-concurrent-abortable-preclean: 0.000/0.000 secs] [Times: user=0.00 sys=0.00, real=0.00 secs] 
2.649: [GC (CMS Final Remark) [YG occupancy: 40075 K (157248 K)]2.649: [Rescan (parallel) , 0.0002616 secs]2.650: [weak refs processing, 0.0000241 secs]2.650: [class unloading, 0.0002400 secs]2.650: [scrub symbol table, 0.0003661 secs]2.650: [scrub string table, 0.0001021 secs][1 CMS-remark: 348998K(349568K)] 389073K(506816K), 0.0011128 secs] [Times: user=0.00 sys=0.00, real=0.00 secs] 
2.650: [CMS-concurrent-sweep-start]
2.651: [CMS-concurrent-sweep: 0.000/0.000 secs] [Times: user=0.00 sys=0.00, real=0.00 secs] 
2.651: [CMS-concurrent-reset-start]
2.651: [CMS-concurrent-reset: 0.000/0.000 secs] [Times: user=0.00 sys=0.00, real=0.00 secs] 
2.666: [GC (Allocation Failure) 2.666: [ParNew: 157247K->157247K(157248K), 0.0000412 secs]2.666: [CMS: 348984K->348918K(349568K), 0.0477560 secs] 506231K->366054K(506816K), [Metaspace: 3130K->3130K(1056768K)], 0.0478956 secs] [Times: user=0.05 sys=0.00, real=0.05 secs] 
2.714: [GC (CMS Initial Mark) [1 CMS-initial-mark: 348918K(349568K)] 368856K(506816K), 0.0001756 secs] [Times: user=0.00 sys=0.00, real=0.00 secs] 
2.714: [CMS-concurrent-mark-start]
2.715: [CMS-concurrent-mark: 0.001/0.001 secs] [Times: user=0.00 sys=0.00, real=0.00 secs] 
2.715: [CMS-concurrent-preclean-start]
2.716: [CMS-concurrent-preclean: 0.001/0.001 secs] [Times: user=0.00 sys=0.00, real=0.00 secs] 
2.717: [CMS-concurrent-abortable-preclean-start]
2.717: [CMS-concurrent-abortable-preclean: 0.000/0.000 secs] [Times: user=0.00 sys=0.00, real=0.00 secs] 
2.717: [GC (CMS Final Remark) [YG occupancy: 40864 K (157248 K)]2.717: [Rescan (parallel) , 0.0003324 secs]2.717: [weak refs processing, 0.0000215 secs]2.717: [class unloading, 0.0002077 secs]2.717: [scrub symbol table, 0.0004021 secs]2.718: [scrub string table, 0.0001033 secs][1 CMS-remark: 348918K(349568K)] 389783K(506816K), 0.0011612 secs] [Times: user=0.00 sys=0.00, real=0.00 secs] 
2.718: [CMS-concurrent-sweep-start]
2.718: [CMS-concurrent-sweep: 0.000/0.000 secs] [Times: user=0.00 sys=0.00, real=0.00 secs] 
2.718: [CMS-concurrent-reset-start]
2.719: [CMS-concurrent-reset: 0.000/0.000 secs] [Times: user=0.00 sys=0.00, real=0.00 secs] 
2.733: [GC (Allocation Failure) 2.733: [ParNew: 157177K->157177K(157248K), 0.0000387 secs]2.733: [CMS: 348690K->349489K(349568K), 0.0484120 secs] 505868K->369355K(506816K), [Metaspace: 3130K->3130K(1056768K)], 0.0485479 secs] [Times: user=0.05 sys=0.00, real=0.05 secs] 
2.782: [GC (CMS Initial Mark) [1 CMS-initial-mark: 349489K(349568K)] 372365K(506816K), 0.0004001 secs] [Times: user=0.00 sys=0.00, real=0.00 secs] 
2.782: [CMS-concurrent-mark-start]
2.783: [CMS-concurrent-mark: 0.001/0.001 secs] [Times: user=0.00 sys=0.00, real=0.00 secs] 
2.783: [CMS-concurrent-preclean-start]
2.784: [CMS-concurrent-preclean: 0.001/0.001 secs] [Times: user=0.00 sys=0.00, real=0.00 secs] 
2.784: [CMS-concurrent-abortable-preclean-start]
2.785: [CMS-concurrent-abortable-preclean: 0.000/0.000 secs] [Times: user=0.00 sys=0.00, real=0.00 secs] 
2.785: [GC (CMS Final Remark) [YG occupancy: 44223 K (157248 K)]2.785: [Rescan (parallel) , 0.0003845 secs]2.785: [weak refs processing, 0.0000228 secs]2.785: [class unloading, 0.0002127 secs]2.785: [scrub symbol table, 0.0003557 secs]2.786: [scrub string table, 0.0001085 secs][1 CMS-remark: 349489K(349568K)] 393712K(506816K), 0.0012010 secs] [Times: user=0.00 sys=0.00, real=0.00 secs] 
2.786: [CMS-concurrent-sweep-start]
2.786: [CMS-concurrent-sweep: 0.000/0.000 secs] [Times: user=0.00 sys=0.00, real=0.00 secs] 
2.786: [CMS-concurrent-reset-start]
2.787: [CMS-concurrent-reset: 0.000/0.000 secs] [Times: user=0.02 sys=0.02, real=0.00 secs] 
2.800: [GC (Allocation Failure) 2.800: [ParNew: 157138K->157138K(157248K), 0.0000386 secs]2.800: [CMS: 347952K->349566K(349568K), 0.0490271 secs] 505090K->376114K(506816K), [Metaspace: 3130K->3130K(1056768K)], 0.0491621 secs] [Times: user=0.05 sys=0.00, real=0.05 secs] 
2.849: [GC (CMS Initial Mark) [1 CMS-initial-mark: 349566K(349568K)] 376258K(506816K), 0.0001486 secs] [Times: user=0.00 sys=0.00, real=0.00 secs] 
2.850: [CMS-concurrent-mark-start]
2.851: [CMS-concurrent-mark: 0.001/0.001 secs] [Times: user=0.00 sys=0.00, real=0.00 secs] 
2.851: [CMS-concurrent-preclean-start]
2.852: [CMS-concurrent-preclean: 0.001/0.001 secs] [Times: user=0.00 sys=0.00, real=0.00 secs] 
2.852: [CMS-concurrent-abortable-preclean-start]
2.852: [CMS-concurrent-abortable-preclean: 0.000/0.000 secs] [Times: user=0.00 sys=0.00, real=0.00 secs] 
2.852: [GC (CMS Final Remark) [YG occupancy: 45306 K (157248 K)]2.852: [Rescan (parallel) , 0.0003733 secs]2.852: [weak refs processing, 0.0000205 secs]2.852: [class unloading, 0.0002663 secs]2.853: [scrub symbol table, 0.0003879 secs]2.853: [scrub string table, 0.0001001 secs][1 CMS-remark: 349566K(349568K)] 394872K(506816K), 0.0012415 secs] [Times: user=0.00 sys=0.00, real=0.00 secs] 
2.853: [CMS-concurrent-sweep-start]
2.854: [CMS-concurrent-sweep: 0.000/0.000 secs] [Times: user=0.00 sys=0.00, real=0.00 secs] 
2.854: [CMS-concurrent-reset-start]
2.854: [CMS-concurrent-reset: 0.000/0.000 secs] [Times: user=0.00 sys=0.00, real=0.00 secs] 
2.868: [GC (Allocation Failure) 2.869: [ParNew: 157188K->157188K(157248K), 0.0000493 secs]2.869: [CMS: 349207K->349422K(349568K), 0.0490569 secs] 506396K->373299K(506816K), [Metaspace: 3130K->3130K(1056768K)], 0.0492064 secs] [Times: user=0.05 sys=0.00, real=0.05 secs] 
2.918: [GC (CMS Initial Mark) [1 CMS-initial-mark: 349422K(349568K)] 376221K(506816K), 0.0002118 secs] [Times: user=0.00 sys=0.00, real=0.00 secs] 
2.918: [CMS-concurrent-mark-start]
2.919: [CMS-concurrent-mark: 0.001/0.001 secs] [Times: user=0.00 sys=0.00, real=0.00 secs] 
2.919: [CMS-concurrent-preclean-start]
2.920: [CMS-concurrent-preclean: 0.001/0.001 secs] [Times: user=0.00 sys=0.00, real=0.00 secs] 
2.920: [CMS-concurrent-abortable-preclean-start]
2.920: [CMS-concurrent-abortable-preclean: 0.000/0.000 secs] [Times: user=0.00 sys=0.00, real=0.00 secs] 
2.921: [GC (CMS Final Remark) [YG occupancy: 45457 K (157248 K)]2.921: [Rescan (parallel) , 0.0004343 secs]2.921: [weak refs processing, 0.0000236 secs]2.921: [class unloading, 0.0002765 secs]2.921: [scrub symbol table, 0.0003932 secs]2.922: [scrub string table, 0.0001087 secs][1 CMS-remark: 349422K(349568K)] 394879K(506816K), 0.0013565 secs] [Times: user=0.00 sys=0.00, real=0.00 secs] 
2.922: [CMS-concurrent-sweep-start]
2.923: [CMS-concurrent-sweep: 0.000/0.000 secs] [Times: user=0.00 sys=0.00, real=0.00 secs] 
2.923: [CMS-concurrent-reset-start]
2.923: [CMS-concurrent-reset: 0.000/0.000 secs] [Times: user=0.00 sys=0.00, real=0.00 secs] 
2.936: [GC (Allocation Failure) 2.936: [ParNew: 157215K->157215K(157248K), 0.0000381 secs]2.936: [CMS: 349265K->349266K(349568K), 0.0478474 secs] 506481K->374438K(506816K), [Metaspace: 3130K->3130K(1056768K)], 0.0479904 secs] [Times: user=0.05 sys=0.00, real=0.05 secs] 
2.984: [GC (CMS Initial Mark) [1 CMS-initial-mark: 349266K(349568K)] 374582K(506816K), 0.0001357 secs] [Times: user=0.00 sys=0.00, real=0.00 secs] 
2.984: [CMS-concurrent-mark-start]
2.985: [CMS-concurrent-mark: 0.001/0.001 secs] [Times: user=0.00 sys=0.00, real=0.00 secs] 
2.985: [CMS-concurrent-preclean-start]
2.987: [CMS-concurrent-preclean: 0.001/0.001 secs] [Times: user=0.00 sys=0.00, real=0.00 secs] 
2.987: [CMS-concurrent-abortable-preclean-start]
2.987: [CMS-concurrent-abortable-preclean: 0.000/0.000 secs] [Times: user=0.00 sys=0.00, real=0.00 secs] 
2.987: [GC (CMS Final Remark) [YG occupancy: 46690 K (157248 K)]2.987: [Rescan (parallel) , 0.0002438 secs]2.987: [weak refs processing, 0.0000220 secs]2.987: [class unloading, 0.0003438 secs]2.987: [scrub symbol table, 0.0005082 secs]2.988: [scrub string table, 0.0001301 secs][1 CMS-remark: 349266K(349568K)] 395956K(506816K), 0.0013610 secs] [Times: user=0.00 sys=0.00, real=0.00 secs] 
2.988: [CMS-concurrent-sweep-start]
2.989: [CMS-concurrent-sweep: 0.001/0.001 secs] [Times: user=0.00 sys=0.00, real=0.00 secs] 
2.989: [CMS-concurrent-reset-start]
2.989: [CMS-concurrent-reset: 0.000/0.000 secs] [Times: user=0.00 sys=0.00, real=0.00 secs] 
3.002: [GC (Allocation Failure) 3.002: [ParNew: 156751K->156751K(157248K), 0.0000374 secs]3.002: [CMS: 348757K->349422K(349568K), 0.0482646 secs] 505509K->376099K(506816K), [Metaspace: 3130K->3130K(1056768K)], 0.0483988 secs] [Times: user=0.05 sys=0.00, real=0.05 secs] 
3.050: [GC (CMS Initial Mark) [1 CMS-initial-mark: 349422K(349568K)] 379683K(506816K), 0.0002155 secs] [Times: user=0.00 sys=0.00, real=0.00 secs] 
3.050: [CMS-concurrent-mark-start]
3.052: [CMS-concurrent-mark: 0.001/0.001 secs] [Times: user=0.00 sys=0.00, real=0.00 secs] 
3.052: [CMS-concurrent-preclean-start]
3.053: [CMS-concurrent-preclean: 0.002/0.002 secs] [Times: user=0.03 sys=0.00, real=0.00 secs] 
3.053: [CMS-concurrent-abortable-preclean-start]
3.053: [CMS-concurrent-abortable-preclean: 0.000/0.000 secs] [Times: user=0.00 sys=0.00, real=0.00 secs] 
3.053: [GC (CMS Final Remark) [YG occupancy: 51616 K (157248 K)]3.053: [Rescan (parallel) , 0.0003172 secs]3.054: [weak refs processing, 0.0000221 secs]3.054: [class unloading, 0.0003219 secs]3.054: [scrub symbol table, 0.0003887 secs]3.055: [scrub string table, 0.0000987 secs][1 CMS-remark: 349422K(349568K)] 401038K(506816K), 0.0012586 secs] [Times: user=0.00 sys=0.00, real=0.00 secs] 
3.055: [CMS-concurrent-sweep-start]
3.055: [CMS-concurrent-sweep: 0.001/0.001 secs] [Times: user=0.00 sys=0.00, real=0.00 secs] 
3.055: [CMS-concurrent-reset-start]
3.056: [CMS-concurrent-reset: 0.000/0.000 secs] [Times: user=0.00 sys=0.00, real=0.00 secs] 
3.069: [GC (Allocation Failure) 3.069: [ParNew: 156898K->156898K(157248K), 0.0000372 secs]3.069: [CMS: 349422K->349116K(349568K), 0.0603420 secs] 506321K->373235K(506816K), [Metaspace: 3130K->3130K(1056768K)], 0.0605101 secs] [Times: user=0.05 sys=0.00, real=0.06 secs] 
3.130: [GC (CMS Initial Mark) [1 CMS-initial-mark: 349116K(349568K)] 373602K(506816K), 0.0002037 secs] [Times: user=0.00 sys=0.00, real=0.00 secs] 
3.130: [CMS-concurrent-mark-start]
3.132: [CMS-concurrent-mark: 0.002/0.002 secs] [Times: user=0.05 sys=0.00, real=0.00 secs] 
3.132: [CMS-concurrent-preclean-start]
3.134: [CMS-concurrent-preclean: 0.002/0.002 secs] [Times: user=0.00 sys=0.00, real=0.00 secs] 
3.134: [CMS-concurrent-abortable-preclean-start]
3.134: [CMS-concurrent-abortable-preclean: 0.000/0.000 secs] [Times: user=0.00 sys=0.00, real=0.00 secs] 
3.134: [GC (CMS Final Remark) [YG occupancy: 44480 K (157248 K)]3.134: [Rescan (parallel) , 0.0003035 secs]3.134: [weak refs processing, 0.0000300 secs]3.134: [class unloading, 0.0003707 secs]3.135: [scrub symbol table, 0.0006191 secs]3.135: [scrub string table, 0.0001131 secs][1 CMS-remark: 349116K(349568K)] 393596K(506816K), 0.0015918 secs] [Times: user=0.00 sys=0.00, real=0.00 secs] 
3.135: [CMS-concurrent-sweep-start]
3.136: [CMS-concurrent-sweep: 0.001/0.001 secs] [Times: user=0.00 sys=0.00, real=0.00 secs] 
3.136: [CMS-concurrent-reset-start]
3.137: [CMS-concurrent-reset: 0.000/0.000 secs] [Times: user=0.00 sys=0.00, real=0.00 secs] 
执行结束!共生成对象次数:23640
Heap
 par new generation   total 157248K, used 65142K [0x00000000e0000000, 0x00000000eaaa0000, 0x00000000eaaa0000)
  eden space 139776K,  46% used [0x00000000e0000000, 0x00000000e3f9da78, 0x00000000e8880000)
  from space 17472K,   0% used [0x00000000e9990000, 0x00000000e9990000, 0x00000000eaaa0000)
  to   space 17472K,   0% used [0x00000000e8880000, 0x00000000e8880000, 0x00000000e9990000)
 concurrent mark-sweep generation total 349568K, used 349023K [0x00000000eaaa0000, 0x0000000100000000, 0x0000000100000000)
 Metaspace       used 3137K, capacity 4486K, committed 4864K, reserved 1056768K
  class space    used 298K, capacity 386K, committed 512K, reserved 1048576K

java -Xmx1g -Xms1g -XX:+UseConcMarkSweepGC -XX:+PrintGCDetails -XX:+PrintGCTimeStamps GCLogAnalysis
正在执行...
0.226: [GC (Allocation Failure) 0.226: [ParNew: 279616K->34942K(314560K), 0.0141576 secs] 279616K->88642K(1013632K), 0.0142649 secs] [Times: user=0.09 sys=0.03, real=0.02 secs] 
0.286: [GC (Allocation Failure) 0.286: [ParNew: 314558K->34944K(314560K), 0.0167625 secs] 368258K->158254K(1013632K), 0.0168592 secs] [Times: user=0.03 sys=0.09, real=0.02 secs] 
0.343: [GC (Allocation Failure) 0.343: [ParNew: 314560K->34944K(314560K), 0.0338061 secs] 437870K->230024K(1013632K), 0.0338816 secs] [Times: user=0.22 sys=0.03, real=0.03 secs] 
0.414: [GC (Allocation Failure) 0.414: [ParNew: 314560K->34944K(314560K), 0.0379597 secs] 509640K->311330K(1013632K), 0.0380414 secs] [Times: user=0.22 sys=0.05, real=0.04 secs] 
0.492: [GC (Allocation Failure) 0.492: [ParNew: 314560K->34944K(314560K), 0.0463290 secs] 590946K->397641K(1013632K), 0.0464142 secs] [Times: user=0.16 sys=0.05, real=0.05 secs] 
0.539: [GC (CMS Initial Mark) [1 CMS-initial-mark: 362697K(699072K)] 397876K(1013632K), 0.0001617 secs] [Times: user=0.00 sys=0.00, real=0.00 secs] 
0.539: [CMS-concurrent-mark-start]
0.541: [CMS-concurrent-mark: 0.003/0.003 secs] [Times: user=0.03 sys=0.02, real=0.00 secs] 
0.541: [CMS-concurrent-preclean-start]
0.542: [CMS-concurrent-preclean: 0.001/0.001 secs] [Times: user=0.00 sys=0.00, real=0.00 secs] 
0.542: [CMS-concurrent-abortable-preclean-start]
0.578: [GC (Allocation Failure) 0.578: [ParNew: 314073K->34943K(314560K), 0.0363682 secs] 676771K->469032K(1013632K), 0.0364740 secs] [Times: user=0.19 sys=0.02, real=0.04 secs] 
0.660: [GC (Allocation Failure) 0.660: [ParNew: 314559K->34943K(314560K), 0.0430086 secs] 748648K->554281K(1013632K), 0.0430883 secs] [Times: user=0.28 sys=0.05, real=0.04 secs] 
0.742: [GC (Allocation Failure) 0.742: [ParNew: 314559K->34943K(314560K), 0.0421485 secs] 833897K->638564K(1013632K), 0.0422421 secs] [Times: user=0.31 sys=0.03, real=0.04 secs] 
0.823: [GC (Allocation Failure) 0.823: [ParNew: 314559K->34943K(314560K), 0.0430881 secs] 918180K->724087K(1013632K), 0.0431916 secs] [Times: user=0.17 sys=0.03, real=0.04 secs] 
0.866: [CMS-concurrent-abortable-preclean: 0.010/0.324 secs] [Times: user=1.13 sys=0.13, real=0.32 secs] 
0.866: [GC (CMS Final Remark) [YG occupancy: 40595 K (314560 K)]0.866: [Rescan (parallel) , 0.0004052 secs]0.867: [weak refs processing, 0.0000253 secs]0.867: [class unloading, 0.0002345 secs]0.867: [scrub symbol table, 0.0003982 secs]0.867: [scrub string table, 0.0001147 secs][1 CMS-remark: 689144K(699072K)] 729739K(1013632K), 0.0012883 secs] [Times: user=0.13 sys=0.00, real=0.00 secs] 
0.868: [CMS-concurrent-sweep-start]
0.869: [CMS-concurrent-sweep: 0.001/0.001 secs] [Times: user=0.00 sys=0.00, real=0.00 secs] 
0.869: [CMS-concurrent-reset-start]
0.871: [CMS-concurrent-reset: 0.002/0.002 secs] [Times: user=0.00 sys=0.00, real=0.00 secs] 
0.915: [GC (Allocation Failure) 0.915: [ParNew: 314559K->34943K(314560K), 0.0190024 secs] 881619K->680096K(1013632K), 0.0190876 secs] [Times: user=0.09 sys=0.02, real=0.02 secs] 
0.934: [GC (CMS Initial Mark) [1 CMS-initial-mark: 645152K(699072K)] 680459K(1013632K), 0.0001970 secs] [Times: user=0.00 sys=0.00, real=0.00 secs] 
0.934: [CMS-concurrent-mark-start]
0.937: [CMS-concurrent-mark: 0.003/0.003 secs] [Times: user=0.00 sys=0.00, real=0.00 secs] 
0.937: [CMS-concurrent-preclean-start]
0.938: [CMS-concurrent-preclean: 0.001/0.001 secs] [Times: user=0.00 sys=0.00, real=0.00 secs] 
0.939: [CMS-concurrent-abortable-preclean-start]
0.939: [CMS-concurrent-abortable-preclean: 0.000/0.000 secs] [Times: user=0.00 sys=0.00, real=0.00 secs] 
0.939: [GC (CMS Final Remark) [YG occupancy: 65020 K (314560 K)]0.939: [Rescan (parallel) , 0.0005413 secs]0.939: [weak refs processing, 0.0000359 secs]0.939: [class unloading, 0.0003195 secs]0.940: [scrub symbol table, 0.0004415 secs]0.940: [scrub string table, 0.0001323 secs][1 CMS-remark: 645152K(699072K)] 710173K(1013632K), 0.0016126 secs] [Times: user=0.00 sys=0.00, real=0.00 secs] 
0.940: [CMS-concurrent-sweep-start]
0.943: [CMS-concurrent-sweep: 0.002/0.002 secs] [Times: user=0.00 sys=0.00, real=0.00 secs] 
0.943: [CMS-concurrent-reset-start]
0.944: [CMS-concurrent-reset: 0.001/0.001 secs] [Times: user=0.00 sys=0.00, real=0.00 secs] 
0.976: [GC (Allocation Failure) 0.976: [ParNew: 314559K->34943K(314560K), 0.0209886 secs] 642012K->448157K(1013632K), 0.0210896 secs] [Times: user=0.22 sys=0.00, real=0.02 secs] 
0.997: [GC (CMS Initial Mark) [1 CMS-initial-mark: 413214K(699072K)] 448331K(1013632K), 0.0002150 secs] [Times: user=0.00 sys=0.00, real=0.00 secs] 
0.997: [CMS-concurrent-mark-start]
1.000: [CMS-concurrent-mark: 0.002/0.002 secs] [Times: user=0.00 sys=0.00, real=0.00 secs] 
1.000: [CMS-concurrent-preclean-start]
1.001: [CMS-concurrent-preclean: 0.001/0.001 secs] [Times: user=0.00 sys=0.00, real=0.00 secs] 
1.001: [CMS-concurrent-abortable-preclean-start]
1.046: [GC (Allocation Failure) 1.046: [ParNew: 314559K->34942K(314560K), 0.0190724 secs] 727773K->522473K(1013632K), 0.0191613 secs] [Times: user=0.11 sys=0.00, real=0.02 secs] 
1.132: [GC (Allocation Failure) 1.132: [ParNew: 314558K->34943K(314560K), 0.0192816 secs] 802089K->597378K(1013632K), 0.0193956 secs] [Times: user=0.17 sys=0.00, real=0.02 secs] 
1.205: [GC (Allocation Failure) 1.205: [ParNew: 314559K->34941K(314560K), 0.0200231 secs] 876994K->669928K(1013632K), 0.0201505 secs] [Times: user=0.11 sys=0.00, real=0.02 secs] 
1.274: [GC (Allocation Failure) 1.274: [ParNew: 314557K->314557K(314560K), 0.0000690 secs]1.274: [CMS1.274: [CMS-concurrent-abortable-preclean: 0.010/0.273 secs] [Times: user=0.63 sys=0.00, real=0.27 secs] 
 (concurrent mode failure): 634986K->362648K(699072K), 0.0637074 secs] 949544K->362648K(1013632K), [Metaspace: 3130K->3130K(1056768K)], 0.0639193 secs] [Times: user=0.06 sys=0.00, real=0.06 secs] 
1.382: [GC (Allocation Failure) 1.382: [ParNew: 279616K->34943K(314560K), 0.0151040 secs] 642264K->453364K(1013632K), 0.0152110 secs] [Times: user=0.00 sys=0.00, real=0.02 secs] 
1.445: [GC (Allocation Failure) 1.445: [ParNew: 314559K->34943K(314560K), 0.0189919 secs] 732980K->526444K(1013632K), 0.0191221 secs] [Times: user=0.11 sys=0.00, real=0.02 secs] 
1.465: [GC (CMS Initial Mark) [1 CMS-initial-mark: 491500K(699072K)] 526462K(1013632K), 0.0001848 secs] [Times: user=0.00 sys=0.00, real=0.00 secs] 
1.465: [CMS-concurrent-mark-start]
1.467: [CMS-concurrent-mark: 0.002/0.002 secs] [Times: user=0.00 sys=0.00, real=0.00 secs] 
1.467: [CMS-concurrent-preclean-start]
1.468: [CMS-concurrent-preclean: 0.001/0.001 secs] [Times: user=0.00 sys=0.00, real=0.00 secs] 
1.468: [CMS-concurrent-abortable-preclean-start]
1.509: [GC (Allocation Failure) 1.509: [ParNew: 314559K->34943K(314560K), 0.0184021 secs] 806060K->597780K(1013632K), 0.0185194 secs] [Times: user=0.11 sys=0.00, real=0.02 secs] 
1.578: [GC (Allocation Failure) 1.578: [ParNew: 314559K->34943K(314560K), 0.0222313 secs] 877396K->680520K(1013632K), 0.0223489 secs] [Times: user=0.08 sys=0.00, real=0.02 secs] 
1.643: [GC (Allocation Failure) 1.643: [ParNew: 314559K->314559K(314560K), 0.0000712 secs]1.644: [CMS1.644: [CMS-concurrent-abortable-preclean: 0.007/0.176 secs] [Times: user=0.34 sys=0.00, real=0.18 secs] 
 (concurrent mode failure): 645576K->351505K(699072K), 0.0563341 secs] 960136K->351505K(1013632K), [Metaspace: 3130K->3130K(1056768K)], 0.0565384 secs] [Times: user=0.06 sys=0.00, real=0.06 secs] 
1.741: [GC (Allocation Failure) 1.741: [ParNew: 279616K->34943K(314560K), 0.0145622 secs] 631121K->437096K(1013632K), 0.0146456 secs] [Times: user=0.09 sys=0.00, real=0.02 secs] 
1.797: [GC (Allocation Failure) 1.797: [ParNew: 314559K->34942K(314560K), 0.0191590 secs] 716712K->519254K(1013632K), 0.0192402 secs] [Times: user=0.11 sys=0.00, real=0.02 secs] 
1.816: [GC (CMS Initial Mark) [1 CMS-initial-mark: 484312K(699072K)] 525068K(1013632K), 0.0003873 secs] [Times: user=0.00 sys=0.00, real=0.00 secs] 
1.817: [CMS-concurrent-mark-start]
1.819: [CMS-concurrent-mark: 0.002/0.002 secs] [Times: user=0.00 sys=0.00, real=0.00 secs] 
1.819: [CMS-concurrent-preclean-start]
1.821: [CMS-concurrent-preclean: 0.001/0.001 secs] [Times: user=0.03 sys=0.00, real=0.00 secs] 
1.821: [CMS-concurrent-abortable-preclean-start]
1.862: [GC (Allocation Failure) 1.862: [ParNew: 314558K->34943K(314560K), 0.0209714 secs] 798870K->601880K(1013632K), 0.0210599 secs] [Times: user=0.11 sys=0.00, real=0.02 secs] 
1.928: [GC (Allocation Failure) 1.928: [ParNew: 314559K->34942K(314560K), 0.0192604 secs] 881496K->682837K(1013632K), 0.0193446 secs] [Times: user=0.22 sys=0.00, real=0.02 secs] 
1.992: [GC (Allocation Failure) 1.992: [ParNew: 314558K->314558K(314560K), 0.0000551 secs]1.992: [CMS1.992: [CMS-concurrent-abortable-preclean: 0.007/0.171 secs] [Times: user=0.47 sys=0.00, real=0.17 secs] 
 (concurrent mode failure): 647894K->383459K(699072K), 0.0595746 secs] 962453K->383459K(1013632K), [Metaspace: 3130K->3130K(1056768K)], 0.0597595 secs] [Times: user=0.05 sys=0.00, real=0.06 secs] 
2.094: [GC (Allocation Failure) 2.094: [ParNew: 279616K->34943K(314560K), 0.0156254 secs] 663075K->467906K(1013632K), 0.0157125 secs] [Times: user=0.09 sys=0.00, real=0.02 secs] 
2.149: [GC (Allocation Failure) 2.149: [ParNew: 314559K->34941K(314560K), 0.0207287 secs] 747522K->547646K(1013632K), 0.0208180 secs] [Times: user=0.11 sys=0.02, real=0.02 secs] 
2.170: [GC (CMS Initial Mark) [1 CMS-initial-mark: 512704K(699072K)] 547790K(1013632K), 0.0001741 secs] [Times: user=0.00 sys=0.00, real=0.00 secs] 
2.170: [CMS-concurrent-mark-start]
2.172: [CMS-concurrent-mark: 0.002/0.002 secs] [Times: user=0.00 sys=0.00, real=0.00 secs] 
2.172: [CMS-concurrent-preclean-start]
2.172: [CMS-concurrent-preclean: 0.001/0.001 secs] [Times: user=0.00 sys=0.00, real=0.00 secs] 
2.172: [CMS-concurrent-abortable-preclean-start]
2.210: [GC (Allocation Failure) 2.210: [ParNew: 314557K->34943K(314560K), 0.0187934 secs] 827262K->627655K(1013632K), 0.0188747 secs] [Times: user=0.23 sys=0.00, real=0.02 secs] 
2.267: [GC (Allocation Failure) 2.267: [ParNew: 314559K->34942K(314560K), 0.0178313 secs] 907271K->703797K(1013632K), 0.0179118 secs] [Times: user=0.13 sys=0.00, real=0.02 secs] 
2.285: [CMS-concurrent-abortable-preclean: 0.003/0.112 secs] [Times: user=0.42 sys=0.00, real=0.11 secs] 
2.285: [GC (CMS Final Remark) [YG occupancy: 40573 K (314560 K)]2.285: [Rescan (parallel) , 0.0005670 secs]2.285: [weak refs processing, 0.0000249 secs]2.285: [class unloading, 0.0002890 secs]2.286: [scrub symbol table, 0.0004192 secs]2.286: [scrub string table, 0.0001322 secs][1 CMS-remark: 668854K(699072K)] 709427K(1013632K), 0.0015639 secs] [Times: user=0.00 sys=0.00, real=0.00 secs] 
2.286: [CMS-concurrent-sweep-start]
2.288: [CMS-concurrent-sweep: 0.001/0.001 secs] [Times: user=0.00 sys=0.00, real=0.00 secs] 
2.288: [CMS-concurrent-reset-start]
2.288: [CMS-concurrent-reset: 0.001/0.001 secs] [Times: user=0.00 sys=0.00, real=0.00 secs] 
2.327: [GC (Allocation Failure) 2.327: [ParNew: 314558K->34942K(314560K), 0.0191059 secs] 817391K->615166K(1013632K), 0.0192136 secs] [Times: user=0.13 sys=0.00, real=0.02 secs] 
2.347: [GC (CMS Initial Mark) [1 CMS-initial-mark: 580223K(699072K)] 615952K(1013632K), 0.0001657 secs] [Times: user=0.00 sys=0.00, real=0.00 secs] 
2.347: [CMS-concurrent-mark-start]
2.349: [CMS-concurrent-mark: 0.002/0.002 secs] [Times: user=0.00 sys=0.00, real=0.00 secs] 
2.349: [CMS-concurrent-preclean-start]
2.350: [CMS-concurrent-preclean: 0.001/0.001 secs] [Times: user=0.00 sys=0.00, real=0.00 secs] 
2.350: [CMS-concurrent-abortable-preclean-start]
2.386: [GC (Allocation Failure) 2.386: [ParNew: 314558K->34942K(314560K), 0.0187074 secs] 894782K->693258K(1013632K), 0.0187891 secs] [Times: user=0.13 sys=0.00, real=0.02 secs] 
2.407: [CMS-concurrent-abortable-preclean: 0.003/0.057 secs] [Times: user=0.17 sys=0.00, real=0.06 secs] 
2.407: [GC (CMS Final Remark) [YG occupancy: 53033 K (314560 K)]2.407: [Rescan (parallel) , 0.0007448 secs]2.408: [weak refs processing, 0.0000272 secs]2.408: [class unloading, 0.0002245 secs]2.408: [scrub symbol table, 0.0003859 secs]2.409: [scrub string table, 0.0001125 secs][1 CMS-remark: 658315K(699072K)] 711348K(1013632K), 0.0016288 secs] [Times: user=0.00 sys=0.00, real=0.00 secs] 
2.409: [CMS-concurrent-sweep-start]
2.410: [CMS-concurrent-sweep: 0.001/0.001 secs] [Times: user=0.00 sys=0.00, real=0.00 secs] 
2.410: [CMS-concurrent-reset-start]
2.411: [CMS-concurrent-reset: 0.001/0.001 secs] [Times: user=0.00 sys=0.00, real=0.00 secs] 
2.455: [GC (Allocation Failure) 2.455: [ParNew: 314558K->34943K(314560K), 0.0241438 secs] 738483K->548677K(1013632K), 0.0242230 secs] [Times: user=0.17 sys=0.00, real=0.02 secs] 
2.479: [GC (CMS Initial Mark) [1 CMS-initial-mark: 513734K(699072K)] 554442K(1013632K), 0.0002686 secs] [Times: user=0.00 sys=0.00, real=0.00 secs] 
2.480: [CMS-concurrent-mark-start]
2.483: [CMS-concurrent-mark: 0.003/0.003 secs] [Times: user=0.00 sys=0.00, real=0.00 secs] 
2.483: [CMS-concurrent-preclean-start]
2.484: [CMS-concurrent-preclean: 0.001/0.001 secs] [Times: user=0.00 sys=0.00, real=0.00 secs] 
2.484: [CMS-concurrent-abortable-preclean-start]
2.532: [GC (Allocation Failure) 2.532: [ParNew: 314559K->34943K(314560K), 0.0201842 secs] 828293K->625980K(1013632K), 0.0202753 secs] [Times: user=0.09 sys=0.00, real=0.02 secs] 
2.598: [GC (Allocation Failure) 2.598: [ParNew: 314559K->34942K(314560K), 0.0207848 secs] 905596K->706753K(1013632K), 0.0208784 secs] [Times: user=0.19 sys=0.00, real=0.02 secs] 
2.619: [CMS-concurrent-abortable-preclean: 0.005/0.135 secs] [Times: user=0.39 sys=0.00, real=0.13 secs] 
2.619: [GC (CMS Final Remark) [YG occupancy: 41535 K (314560 K)]2.619: [Rescan (parallel) , 0.0005861 secs]2.620: [weak refs processing, 0.0001015 secs]2.620: [class unloading, 0.0003965 secs]2.620: [scrub symbol table, 0.0004941 secs]2.621: [scrub string table, 0.0001560 secs][1 CMS-remark: 671811K(699072K)] 713346K(1013632K), 0.0019642 secs] [Times: user=0.00 sys=0.00, real=0.00 secs] 
2.621: [CMS-concurrent-sweep-start]
2.623: [CMS-concurrent-sweep: 0.002/0.002 secs] [Times: user=0.00 sys=0.00, real=0.00 secs] 
2.623: [CMS-concurrent-reset-start]
2.624: [CMS-concurrent-reset: 0.001/0.001 secs] [Times: user=0.00 sys=0.00, real=0.00 secs] 
2.669: [GC (Allocation Failure) 2.669: [ParNew: 314558K->34943K(314560K), 0.0199811 secs] 824605K->619702K(1013632K), 0.0200680 secs] [Times: user=0.08 sys=0.00, real=0.02 secs] 
2.690: [GC (CMS Initial Mark) [1 CMS-initial-mark: 584758K(699072K)] 620407K(1013632K), 0.0002300 secs] [Times: user=0.00 sys=0.00, real=0.00 secs] 
2.690: [CMS-concurrent-mark-start]
2.693: [CMS-concurrent-mark: 0.003/0.003 secs] [Times: user=0.00 sys=0.00, real=0.00 secs] 
2.693: [CMS-concurrent-preclean-start]
2.695: [CMS-concurrent-preclean: 0.002/0.002 secs] [Times: user=0.00 sys=0.00, real=0.00 secs] 
2.695: [CMS-concurrent-abortable-preclean-start]
2.738: [GC (Allocation Failure) 2.739: [ParNew: 314559K->34943K(314560K), 0.0210193 secs] 899318K->698757K(1013632K), 0.0211312 secs] [Times: user=0.19 sys=0.00, real=0.02 secs] 
2.762: [CMS-concurrent-abortable-preclean: 0.003/0.067 secs] [Times: user=0.25 sys=0.00, real=0.07 secs] 
2.762: [GC (CMS Final Remark) [YG occupancy: 52284 K (314560 K)]2.762: [Rescan (parallel) , 0.0004935 secs]2.763: [weak refs processing, 0.0000384 secs]2.763: [class unloading, 0.0002992 secs]2.763: [scrub symbol table, 0.0004536 secs]2.763: [scrub string table, 0.0001519 secs][1 CMS-remark: 663814K(699072K)] 716098K(1013632K), 0.0015797 secs] [Times: user=0.00 sys=0.00, real=0.00 secs] 
2.764: [CMS-concurrent-sweep-start]
2.766: [CMS-concurrent-sweep: 0.002/0.002 secs] [Times: user=0.00 sys=0.00, real=0.00 secs] 
2.766: [CMS-concurrent-reset-start]
2.767: [CMS-concurrent-reset: 0.001/0.001 secs] [Times: user=0.00 sys=0.00, real=0.00 secs] 
2.812: [GC (Allocation Failure) 2.813: [ParNew: 314433K->34943K(314560K), 0.0211670 secs] 745804K->546925K(1013632K), 0.0212852 secs] [Times: user=0.08 sys=0.00, real=0.02 secs] 
2.834: [GC (CMS Initial Mark) [1 CMS-initial-mark: 511981K(699072K)] 547072K(1013632K), 0.0002648 secs] [Times: user=0.00 sys=0.00, real=0.00 secs] 
2.834: [CMS-concurrent-mark-start]
2.837: [CMS-concurrent-mark: 0.003/0.003 secs] [Times: user=0.05 sys=0.00, real=0.00 secs] 
2.837: [CMS-concurrent-preclean-start]
2.839: [CMS-concurrent-preclean: 0.001/0.001 secs] [Times: user=0.00 sys=0.00, real=0.00 secs] 
2.839: [CMS-concurrent-abortable-preclean-start]
2.878: [GC (Allocation Failure) 2.878: [ParNew: 314559K->34943K(314560K), 0.0208881 secs] 826541K->629234K(1013632K), 0.0209899 secs] [Times: user=0.20 sys=0.00, real=0.02 secs] 
2.942: [GC (Allocation Failure) 2.942: [ParNew: 314559K->34943K(314560K), 0.0200624 secs] 908850K->710736K(1013632K), 0.0201488 secs] [Times: user=0.25 sys=0.00, real=0.02 secs] 
2.962: [CMS-concurrent-abortable-preclean: 0.004/0.123 secs] [Times: user=0.51 sys=0.00, real=0.12 secs] 
2.962: [GC (CMS Final Remark) [YG occupancy: 40575 K (314560 K)]2.962: [Rescan (parallel) , 0.0004233 secs]2.962: [weak refs processing, 0.0000255 secs]2.962: [class unloading, 0.0002424 secs]2.963: [scrub symbol table, 0.0005304 secs]2.963: [scrub string table, 0.0001277 secs][1 CMS-remark: 675793K(699072K)] 716368K(1013632K), 0.0014799 secs] [Times: user=0.00 sys=0.00, real=0.00 secs] 
2.964: [CMS-concurrent-sweep-start]
2.965: [CMS-concurrent-sweep: 0.002/0.002 secs] [Times: user=0.00 sys=0.00, real=0.00 secs] 
2.966: [CMS-concurrent-reset-start]
2.966: [CMS-concurrent-reset: 0.001/0.001 secs] [Times: user=0.00 sys=0.00, real=0.00 secs] 
3.005: [GC (Allocation Failure) 3.006: [ParNew: 314559K->34942K(314560K), 0.0222022 secs] 824141K->628010K(1013632K), 0.0223130 secs] [Times: user=0.25 sys=0.00, real=0.02 secs] 
3.028: [GC (CMS Initial Mark) [1 CMS-initial-mark: 593067K(699072K)] 628154K(1013632K), 0.0001315 secs] [Times: user=0.00 sys=0.00, real=0.00 secs] 
3.028: [CMS-concurrent-mark-start]
3.030: [CMS-concurrent-mark: 0.002/0.002 secs] [Times: user=0.00 sys=0.00, real=0.00 secs] 
3.030: [CMS-concurrent-preclean-start]
3.031: [CMS-concurrent-preclean: 0.001/0.001 secs] [Times: user=0.00 sys=0.00, real=0.00 secs] 
3.031: [CMS-concurrent-abortable-preclean-start]
3.069: [GC (Allocation Failure) 3.069: [ParNew: 314558K->34942K(314560K), 0.0203691 secs] 907626K->708157K(1013632K), 0.0204635 secs] [Times: user=0.23 sys=0.00, real=0.02 secs] 
3.089: [CMS-concurrent-abortable-preclean: 0.001/0.058 secs] [Times: user=0.27 sys=0.00, real=0.06 secs] 
3.089: [GC (CMS Final Remark) [YG occupancy: 40784 K (314560 K)]3.090: [Rescan (parallel) , 0.0005126 secs]3.090: [weak refs processing, 0.0000264 secs]3.090: [class unloading, 0.0003336 secs]3.090: [scrub symbol table, 0.0004275 secs]3.091: [scrub string table, 0.0001184 secs][1 CMS-remark: 673214K(699072K)] 713999K(1013632K), 0.0015612 secs] [Times: user=0.00 sys=0.00, real=0.00 secs] 
3.091: [CMS-concurrent-sweep-start]
3.094: [CMS-concurrent-sweep: 0.002/0.002 secs] [Times: user=0.00 sys=0.00, real=0.00 secs] 
3.094: [CMS-concurrent-reset-start]
3.094: [CMS-concurrent-reset: 0.001/0.001 secs] [Times: user=0.00 sys=0.00, real=0.00 secs] 
执行结束!共生成对象次数:43417
Heap
 par new generation   total 314560K, used 104289K [0x00000000c0000000, 0x00000000d5550000, 0x00000000d5550000)
  eden space 279616K,  24% used [0x00000000c0000000, 0x00000000c43b8b60, 0x00000000d1110000)
  from space 34944K,  99% used [0x00000000d1110000, 0x00000000d332fa78, 0x00000000d3330000)
  to   space 34944K,   0% used [0x00000000d3330000, 0x00000000d3330000, 0x00000000d5550000)
 concurrent mark-sweep generation total 699072K, used 425945K [0x00000000d5550000, 0x0000000100000000, 0x0000000100000000)
 Metaspace       used 3137K, capacity 4486K, committed 4864K, reserved 1056768K
  class space    used 298K, capacity 386K, committed 512K, reserved 1048576K

java -Xmx2g -Xms2g -XX:+UseConcMarkSweepGC -XX:+PrintGCDetails -XX:+PrintGCTimeStamps GCLogAnalysis
正在执行...
0.348: [GC (Allocation Failure) 0.348: [ParNew: 545344K->68095K(613440K), 0.0239083 secs] 545344K->152967K(2029056K), 0.0240009 secs] [Times: user=0.09 sys=0.13, real=0.02 secs] 
0.444: [GC (Allocation Failure) 0.444: [ParNew: 613439K->68094K(613440K), 0.0281828 secs] 698311K->275751K(2029056K), 0.0282580 secs] [Times: user=0.09 sys=0.16, real=0.03 secs] 
0.538: [GC (Allocation Failure) 0.538: [ParNew: 613438K->68096K(613440K), 0.0611177 secs] 821095K->401350K(2029056K), 0.0612077 secs] [Times: user=0.36 sys=0.03, real=0.06 secs] 
0.679: [GC (Allocation Failure) 0.679: [ParNew: 613440K->68095K(613440K), 0.0622800 secs] 946694K->525550K(2029056K), 0.0623518 secs] [Times: user=0.33 sys=0.03, real=0.06 secs] 
0.821: [GC (Allocation Failure) 0.821: [ParNew: 613114K->68096K(613440K), 0.0659530 secs] 1070569K->651941K(2029056K), 0.0660564 secs] [Times: user=0.33 sys=0.06, real=0.07 secs] 
0.969: [GC (Allocation Failure) 0.969: [ParNew: 613440K->68096K(613440K), 0.0644355 secs] 1197285K->776446K(2029056K), 0.0645208 secs] [Times: user=0.36 sys=0.00, real=0.07 secs] 
1.033: [GC (CMS Initial Mark) [1 CMS-initial-mark: 708350K(1415616K)] 776585K(2029056K), 0.0002325 secs] [Times: user=0.00 sys=0.00, real=0.00 secs] 
1.034: [CMS-concurrent-mark-start]
1.038: [CMS-concurrent-mark: 0.005/0.005 secs] [Times: user=0.00 sys=0.00, real=0.01 secs] 
1.039: [CMS-concurrent-preclean-start]
1.040: [CMS-concurrent-preclean: 0.002/0.002 secs] [Times: user=0.00 sys=0.00, real=0.00 secs] 
1.040: [CMS-concurrent-abortable-preclean-start]
1.114: [GC (Allocation Failure) 1.115: [ParNew1.143: [CMS-concurrent-abortable-preclean: 0.002/0.102 secs] [Times: user=0.31 sys=0.00, real=0.10 secs] 
: 613440K->68094K(613440K), 0.0684186 secs] 1321790K->901603K(2029056K), 0.0685527 secs] [Times: user=0.39 sys=0.02, real=0.07 secs] 
1.183: [GC (CMS Final Remark) [YG occupancy: 68347 K (613440 K)]1.183: [Rescan (parallel) , 0.0007399 secs]1.184: [weak refs processing, 0.0000271 secs]1.184: [class unloading, 0.0002804 secs]1.184: [scrub symbol table, 0.0004456 secs]1.185: [scrub string table, 0.0001192 secs][1 CMS-remark: 833508K(1415616K)] 901856K(2029056K), 0.0018897 secs] [Times: user=0.13 sys=0.00, real=0.00 secs] 
1.185: [CMS-concurrent-sweep-start]
1.187: [CMS-concurrent-sweep: 0.002/0.002 secs] [Times: user=0.00 sys=0.00, real=0.00 secs] 
1.187: [CMS-concurrent-reset-start]
1.191: [CMS-concurrent-reset: 0.005/0.005 secs] [Times: user=0.00 sys=0.00, real=0.00 secs] 
1.263: [GC (Allocation Failure) 1.264: [ParNew: 613438K->68094K(613440K), 0.0314180 secs] 1022979K->599795K(2029056K), 0.0315136 secs] [Times: user=0.19 sys=0.02, real=0.03 secs] 
1.369: [GC (Allocation Failure) 1.369: [ParNew: 613438K->68095K(613440K), 0.0311886 secs] 1145139K->723798K(2029056K), 0.0312694 secs] [Times: user=0.25 sys=0.00, real=0.03 secs] 
1.473: [GC (Allocation Failure) 1.473: [ParNew: 613439K->68095K(613440K), 0.0314136 secs] 1269142K->853130K(2029056K), 0.0315043 secs] [Times: user=0.25 sys=0.00, real=0.03 secs] 
1.576: [GC (Allocation Failure) 1.576: [ParNew: 613439K->68095K(613440K), 0.0524207 secs] 1398474K->975596K(2029056K), 0.0525398 secs] [Times: user=0.31 sys=0.03, real=0.05 secs] 
1.706: [GC (Allocation Failure) 1.706: [ParNew: 613439K->68095K(613440K), 0.0606123 secs] 1520940K->1093927K(2029056K), 0.0606963 secs] [Times: user=0.42 sys=0.06, real=0.06 secs] 
1.767: [GC (CMS Initial Mark) [1 CMS-initial-mark: 1025831K(1415616K)] 1094288K(2029056K), 0.0003478 secs] [Times: user=0.00 sys=0.00, real=0.00 secs] 
1.767: [CMS-concurrent-mark-start]
1.770: [CMS-concurrent-mark: 0.003/0.003 secs] [Times: user=0.00 sys=0.00, real=0.00 secs] 
1.770: [CMS-concurrent-preclean-start]
1.772: [CMS-concurrent-preclean: 0.002/0.002 secs] [Times: user=0.00 sys=0.00, real=0.00 secs] 
1.772: [CMS-concurrent-abortable-preclean-start]
1.840: [GC (Allocation Failure) 1.840: [ParNew1.874: [CMS-concurrent-abortable-preclean: 0.002/0.102 secs] [Times: user=0.28 sys=0.02, real=0.10 secs] 
: 613377K->68095K(613440K), 0.0636222 secs] 1639208K->1213577K(2029056K), 0.0637065 secs] [Times: user=0.38 sys=0.03, real=0.06 secs] 
1.904: [GC (CMS Final Remark) [YG occupancy: 68239 K (613440 K)]1.904: [Rescan (parallel) , 0.0007085 secs]1.905: [weak refs processing, 0.0000323 secs]1.905: [class unloading, 0.0002535 secs]1.905: [scrub symbol table, 0.0004290 secs]1.906: [scrub string table, 0.0001193 secs][1 CMS-remark: 1145481K(1415616K)] 1213721K(2029056K), 0.0016878 secs] [Times: user=0.00 sys=0.00, real=0.00 secs] 
1.906: [CMS-concurrent-sweep-start]
1.909: [CMS-concurrent-sweep: 0.003/0.003 secs] [Times: user=0.00 sys=0.00, real=0.00 secs] 
1.909: [CMS-concurrent-reset-start]
1.910: [CMS-concurrent-reset: 0.002/0.002 secs] [Times: user=0.00 sys=0.00, real=0.00 secs] 
1.993: [GC (Allocation Failure) 1.993: [ParNew: 613439K->68094K(613440K), 0.0318372 secs] 1034095K->604342K(2029056K), 0.0319377 secs] [Times: user=0.19 sys=0.00, real=0.03 secs] 
2.113: [GC (Allocation Failure) 2.113: [ParNew: 613438K->68095K(613440K), 0.0319988 secs] 1149686K->724694K(2029056K), 0.0320886 secs] [Times: user=0.19 sys=0.01, real=0.03 secs] 
2.228: [GC (Allocation Failure) 2.228: [ParNew: 613439K->68095K(613440K), 0.0315243 secs] 1270038K->848675K(2029056K), 0.0316098 secs] [Times: user=0.20 sys=0.02, real=0.03 secs] 
2.370: [GC (Allocation Failure) 2.370: [ParNew: 613439K->68096K(613440K), 0.0486586 secs] 1394019K->966730K(2029056K), 0.0487507 secs] [Times: user=0.38 sys=0.00, real=0.05 secs] 
2.546: [GC (Allocation Failure) 2.546: [ParNew: 613440K->68095K(613440K), 0.0387787 secs] 1512074K->1081925K(2029056K), 0.0389206 secs] [Times: user=0.22 sys=0.00, real=0.04 secs] 
2.663: [GC (Allocation Failure) 2.663: [ParNew: 613439K->68095K(613440K), 0.0298354 secs] 1627269K->1193113K(2029056K), 0.0299282 secs] [Times: user=0.23 sys=0.00, real=0.03 secs] 
2.693: [GC (CMS Initial Mark) [1 CMS-initial-mark: 1125018K(1415616K)] 1193401K(2029056K), 0.0001645 secs] [Times: user=0.00 sys=0.00, real=0.00 secs] 
2.694: [CMS-concurrent-mark-start]
2.697: [CMS-concurrent-mark: 0.003/0.003 secs] [Times: user=0.00 sys=0.00, real=0.00 secs] 
2.697: [CMS-concurrent-preclean-start]
2.699: [CMS-concurrent-preclean: 0.002/0.002 secs] [Times: user=0.00 sys=0.00, real=0.00 secs] 
2.699: [CMS-concurrent-abortable-preclean-start]
2.767: [GC (Allocation Failure) 2.767: [ParNew2.801: [CMS-concurrent-abortable-preclean: 0.002/0.102 secs] [Times: user=0.34 sys=0.00, real=0.10 secs] 
: 613439K->68095K(613440K), 0.0569558 secs] 1738457K->1310325K(2029056K), 0.0570382 secs] [Times: user=0.47 sys=0.03, real=0.06 secs] 
2.824: [GC (CMS Final Remark) [YG occupancy: 79318 K (613440 K)]2.824: [Rescan (parallel) , 0.0007783 secs]2.825: [weak refs processing, 0.0000253 secs]2.825: [class unloading, 0.0002316 secs]2.825: [scrub symbol table, 0.0004175 secs]2.826: [scrub string table, 0.0001353 secs][1 CMS-remark: 1242229K(1415616K)] 1321548K(2029056K), 0.0017068 secs] [Times: user=0.00 sys=0.00, real=0.00 secs] 
2.826: [CMS-concurrent-sweep-start]
2.829: [CMS-concurrent-sweep: 0.003/0.003 secs] [Times: user=0.00 sys=0.00, real=0.00 secs] 
2.829: [CMS-concurrent-reset-start]
2.831: [CMS-concurrent-reset: 0.001/0.001 secs] [Times: user=0.00 sys=0.00, real=0.00 secs] 
2.899: [GC (Allocation Failure) 2.899: [ParNew: 613439K->68095K(613440K), 0.0307923 secs] 1014027K->593692K(2029056K), 0.0308758 secs] [Times: user=0.25 sys=0.00, real=0.03 secs] 
2.998: [GC (Allocation Failure) 2.999: [ParNew: 613439K->68095K(613440K), 0.0313290 secs] 1139036K->723822K(2029056K), 0.0314387 secs] [Times: user=0.22 sys=0.00, real=0.03 secs] 
执行结束!共生成对象次数:47519
Heap
 par new generation   total 613440K, used 526683K [0x0000000080000000, 0x00000000a9990000, 0x00000000a9990000)
  eden space 545344K,  84% used [0x0000000080000000, 0x000000009bfd7158, 0x00000000a1490000)
  from space 68096K,  99% used [0x00000000a1490000, 0x00000000a570fd28, 0x00000000a5710000)
  to   space 68096K,   0% used [0x00000000a5710000, 0x00000000a5710000, 0x00000000a9990000)
 concurrent mark-sweep generation total 1415616K, used 655727K [0x00000000a9990000, 0x0000000100000000, 0x0000000100000000)
 Metaspace       used 3137K, capacity 4486K, committed 4864K, reserved 1056768K
  class space    used 298K, capacity 386K, committed 512K, reserved 1048576K

java -Xmx4g -Xms4g -XX:+UseConcMarkSweepGC -XX:+PrintGCDetails -XX:+PrintGCTimeStamps GCLogAnalysis
正在执行...
0.369: [GC (Allocation Failure) 0.369: [ParNew: 545344K->68096K(613440K), 0.0278577 secs] 545344K->149040K(4126208K), 0.0279556 secs] [Times: user=0.03 sys=0.09, real=0.03 secs] 
0.474: [GC (Allocation Failure) 0.474: [ParNew: 613440K->68096K(613440K), 0.0308472 secs] 694384K->268662K(4126208K), 0.0309220 secs] [Times: user=0.16 sys=0.09, real=0.03 secs] 
0.574: [GC (Allocation Failure) 0.574: [ParNew: 613440K->68096K(613440K), 0.0594870 secs] 814006K->385248K(4126208K), 0.0595748 secs] [Times: user=0.47 sys=0.01, real=0.06 secs] 
0.731: [GC (Allocation Failure) 0.731: [ParNew: 613440K->68096K(613440K), 0.0867983 secs] 930592K->499228K(4126208K), 0.0869778 secs] [Times: user=0.41 sys=0.08, real=0.09 secs] 
0.913: [GC (Allocation Failure) 0.913: [ParNew: 613440K->68096K(613440K), 0.0687652 secs] 1044572K->630289K(4126208K), 0.0688481 secs] [Times: user=0.59 sys=0.03, real=0.07 secs] 
1.056: [GC (Allocation Failure) 1.056: [ParNew: 613440K->68096K(613440K), 0.0658480 secs] 1175633K->756754K(4126208K), 0.0659401 secs] [Times: user=0.39 sys=0.03, real=0.07 secs] 
1.204: [GC (Allocation Failure) 1.204: [ParNew: 613440K->68096K(613440K), 0.0666925 secs] 1302098K->879257K(4126208K), 0.0668686 secs] [Times: user=0.33 sys=0.03, real=0.07 secs] 
1.396: [GC (Allocation Failure) 1.396: [ParNew: 613440K->68096K(613440K), 0.0831203 secs] 1424601K->1004455K(4126208K), 0.0832186 secs] [Times: user=0.50 sys=0.06, real=0.08 secs] 
1.557: [GC (Allocation Failure) 1.557: [ParNew: 613440K->68095K(613440K), 0.0724811 secs] 1549799K->1136318K(4126208K), 0.0725623 secs] [Times: user=0.39 sys=0.05, real=0.07 secs] 
1.709: [GC (Allocation Failure) 1.709: [ParNew: 613439K->68095K(613440K), 0.0650706 secs] 1681662K->1256588K(4126208K), 0.0651632 secs] [Times: user=0.58 sys=0.02, real=0.07 secs] 
1.848: [GC (Allocation Failure) 1.848: [ParNew: 613439K->68095K(613440K), 0.0659096 secs] 1801932K->1382091K(4126208K), 0.0659952 secs] [Times: user=0.41 sys=0.06, real=0.07 secs] 
1.987: [GC (Allocation Failure) 1.987: [ParNew: 613439K->68095K(613440K), 0.0659585 secs] 1927435K->1511051K(4126208K), 0.0660383 secs] [Times: user=0.45 sys=0.05, real=0.07 secs] 
2.123: [GC (Allocation Failure) 2.123: [ParNew: 613375K->68095K(613440K), 0.0664714 secs] 2056331K->1638795K(4126208K), 0.0665696 secs] [Times: user=0.48 sys=0.02, real=0.07 secs] 
2.260: [GC (Allocation Failure) 2.260: [ParNew: 613439K->68094K(613440K), 0.0732465 secs] 2184139K->1765476K(4126208K), 0.0733435 secs] [Times: user=0.36 sys=0.06, real=0.07 secs] 
2.446: [GC (Allocation Failure) 2.446: [ParNew: 613438K->68095K(613440K), 0.0735923 secs] 2310820K->1889536K(4126208K), 0.0736918 secs] [Times: user=0.33 sys=0.06, real=0.07 secs] 
2.520: [GC (CMS Initial Mark) [1 CMS-initial-mark: 1821440K(3512768K)] 1890098K(4126208K), 0.0001876 secs] [Times: user=0.00 sys=0.00, real=0.00 secs] 
2.520: [CMS-concurrent-mark-start]
2.531: [CMS-concurrent-mark: 0.011/0.011 secs] [Times: user=0.05 sys=0.00, real=0.01 secs] 
2.532: [CMS-concurrent-preclean-start]
2.537: [CMS-concurrent-preclean: 0.005/0.005 secs] [Times: user=0.00 sys=0.00, real=0.01 secs] 
2.537: [CMS-concurrent-abortable-preclean-start]
2.606: [GC (Allocation Failure) 2.606: [ParNew2.642: [CMS-concurrent-abortable-preclean: 0.004/0.105 secs] [Times: user=0.22 sys=0.06, real=0.11 secs] 
: 613375K->68095K(613440K), 0.0692044 secs] 2434816K->2009817K(4126208K), 0.0692968 secs] [Times: user=0.31 sys=0.06, real=0.07 secs] 
2.676: [GC (CMS Final Remark) [YG occupancy: 68242 K (613440 K)]2.676: [Rescan (parallel) , 0.0018393 secs]2.677: [weak refs processing, 0.0000356 secs]2.678: [class unloading, 0.0003294 secs]2.678: [scrub symbol table, 0.0004315 secs]2.678: [scrub string table, 0.0001452 secs][1 CMS-remark: 1941721K(3512768K)] 2009964K(4126208K), 0.0029588 secs] [Times: user=0.00 sys=0.00, real=0.00 secs] 
2.679: [CMS-concurrent-sweep-start]
2.683: [CMS-concurrent-sweep: 0.004/0.004 secs] [Times: user=0.03 sys=0.00, real=0.00 secs] 
2.683: [CMS-concurrent-reset-start]
2.696: [CMS-concurrent-reset: 0.013/0.013 secs] [Times: user=0.03 sys=0.00, real=0.01 secs] 
2.764: [GC (Allocation Failure) 2.764: [ParNew: 613327K->68095K(613440K), 0.0324688 secs] 1050216K->622520K(4126208K), 0.0325642 secs] [Times: user=0.23 sys=0.00, real=0.03 secs] 
2.879: [GC (Allocation Failure) 2.879: [ParNew: 613439K->68095K(613440K), 0.0354964 secs] 1167864K->739362K(4126208K), 0.0356036 secs] [Times: user=0.31 sys=0.00, real=0.04 secs] 
2.988: [GC (Allocation Failure) 2.988: [ParNew: 613439K->68095K(613440K), 0.0341838 secs] 1284706K->869550K(4126208K), 0.0342870 secs] [Times: user=0.23 sys=0.01, real=0.03 secs] 
3.100: [GC (Allocation Failure) 3.100: [ParNew: 613439K->68095K(613440K), 0.0347308 secs] 1414894K->993125K(4126208K), 0.0348094 secs] [Times: user=0.33 sys=0.00, real=0.04 secs] 
执行结束!共生成对象次数:41128
Heap
 par new generation   total 613440K, used 90432K [0x00000006c0000000, 0x00000006e9990000, 0x00000006e9990000)
  eden space 545344K,   4% used [0x00000006c0000000, 0x00000006c15d01e0, 0x00000006e1490000)
  from space 68096K,  99% used [0x00000006e1490000, 0x00000006e570ffb8, 0x00000006e5710000)
  to   space 68096K,   0% used [0x00000006e5710000, 0x00000006e5710000, 0x00000006e9990000)
 concurrent mark-sweep generation total 3512768K, used 925029K [0x00000006e9990000, 0x00000007c0000000, 0x00000007c0000000)
 Metaspace       used 3137K, capacity 4486K, committed 4864K, reserved 1056768K
  class space    used 298K, capacity 386K, committed 512K, reserved 1048576K

java -Xmx8g -Xms8g -XX:+UseConcMarkSweepGC -XX:+PrintGCDetails -XX:+PrintGCTimeStamps GCLogAnalysis
正在执行...
0.399: [GC (Allocation Failure) 0.399: [ParNew: 545344K->68096K(613440K), 0.0378226 secs] 545344K->148237K(8320512K), 0.0379386 secs] [Times: user=0.19 sys=0.06, real=0.04 secs] 
0.557: [GC (Allocation Failure) 0.557: [ParNew: 613440K->68096K(613440K), 0.0444243 secs] 693581K->275395K(8320512K), 0.0445342 secs] [Times: user=0.20 sys=0.17, real=0.04 secs] 
0.726: [GC (Allocation Failure) 0.726: [ParNew: 613440K->68096K(613440K), 0.0885435 secs] 820739K->405623K(8320512K), 0.0886475 secs] [Times: user=0.53 sys=0.05, real=0.09 secs] 
0.910: [GC (Allocation Failure) 0.911: [ParNew: 613440K->68096K(613440K), 0.0900992 secs] 950967K->541710K(8320512K), 0.0902034 secs] [Times: user=0.45 sys=0.05, real=0.09 secs] 
1.095: [GC (Allocation Failure) 1.095: [ParNew: 613440K->68094K(613440K), 0.0876790 secs] 1087054K->667343K(8320512K), 0.0877916 secs] [Times: user=0.48 sys=0.06, real=0.09 secs] 
1.279: [GC (Allocation Failure) 1.279: [ParNew: 613438K->68095K(613440K), 0.0844792 secs] 1212687K->795282K(8320512K), 0.0845971 secs] [Times: user=0.44 sys=0.06, real=0.09 secs] 
1.481: [GC (Allocation Failure) 1.481: [ParNew: 613439K->68095K(613440K), 0.0872551 secs] 1340626K->930070K(8320512K), 0.0873739 secs] [Times: user=0.63 sys=0.05, real=0.09 secs] 
1.656: [GC (Allocation Failure) 1.656: [ParNew: 613439K->68095K(613440K), 0.0857894 secs] 1475414K->1061171K(8320512K), 0.0859107 secs] [Times: user=0.56 sys=0.08, real=0.09 secs] 
1.839: [GC (Allocation Failure) 1.839: [ParNew: 613439K->68094K(613440K), 0.0855001 secs] 1606515K->1187806K(8320512K), 0.0855926 secs] [Times: user=0.55 sys=0.06, real=0.09 secs] 
2.022: [GC (Allocation Failure) 2.022: [ParNew: 613438K->68095K(613440K), 0.0775066 secs] 1733150K->1302701K(8320512K), 0.0776056 secs] [Times: user=0.36 sys=0.09, real=0.08 secs] 
2.196: [GC (Allocation Failure) 2.197: [ParNew: 613439K->68095K(613440K), 0.0787199 secs] 1848045K->1424764K(8320512K), 0.0787996 secs] [Times: user=0.47 sys=0.05, real=0.08 secs] 
2.356: [GC (Allocation Failure) 2.356: [ParNew: 613439K->68095K(613440K), 0.0806426 secs] 1970108K->1554439K(8320512K), 0.0807334 secs] [Times: user=0.50 sys=0.05, real=0.08 secs] 
2.518: [GC (Allocation Failure) 2.518: [ParNew: 613439K->68094K(613440K), 0.0758761 secs] 2099783K->1671237K(8320512K), 0.0759614 secs] [Times: user=0.34 sys=0.03, real=0.08 secs] 
2.699: [GC (Allocation Failure) 2.699: [ParNew: 613438K->68095K(613440K), 0.0785231 secs] 2216581K->1798718K(8320512K), 0.0786130 secs] [Times: user=0.45 sys=0.06, real=0.08 secs] 
2.865: [GC (Allocation Failure) 2.865: [ParNew: 613439K->68095K(613440K), 0.0763150 secs] 2344062K->1912770K(8320512K), 0.0764069 secs] [Times: user=0.45 sys=0.06, real=0.08 secs] 
3.029: [GC (Allocation Failure) 3.029: [ParNew: 613439K->68095K(613440K), 0.0771880 secs] 2458114K->2032962K(8320512K), 0.0772720 secs] [Times: user=0.45 sys=0.06, real=0.08 secs] 
执行结束!共生成对象次数:33470
Heap
 par new generation   total 613440K, used 203854K [0x00000005c0000000, 0x00000005e9990000, 0x00000005e9990000)
  eden space 545344K,  24% used [0x00000005c0000000, 0x00000005c84939b0, 0x00000005e1490000)
  from space 68096K,  99% used [0x00000005e1490000, 0x00000005e570ffa8, 0x00000005e5710000)
  to   space 68096K,   0% used [0x00000005e5710000, 0x00000005e5710000, 0x00000005e9990000)
 concurrent mark-sweep generation total 7707072K, used 1964866K [0x00000005e9990000, 0x00000007c0000000, 0x00000007c0000000)
 Metaspace       used 3137K, capacity 4486K, committed 4864K, reserved 1056768K
  class space    used 298K, capacity 386K, committed 512K, reserved 1048576K

java -Xmx12g -Xms12g -XX:+UseConcMarkSweepGC -XX:+PrintGCDetails -XX:+PrintGCTimeStamps GCLogAnalysis
正在执行...
0.562: [GC (Allocation Failure) 0.562: [ParNew: 545344K->68095K(613440K), 0.0450541 secs] 545344K->143151K(12514816K), 0.0452155 secs] [Times: user=0.30 sys=0.06, real=0.04 secs] 
0.684: [GC (Allocation Failure) 0.684: [ParNew: 613439K->68096K(613440K), 0.0521054 secs] 688495K->269451K(12514816K), 0.0521851 secs] [Times: user=0.23 sys=0.14, real=0.05 secs] 
0.846: [GC (Allocation Failure) 0.846: [ParNew: 613440K->68096K(613440K), 0.0946592 secs] 814795K->391320K(12514816K), 0.0947543 secs] [Times: user=0.53 sys=0.06, real=0.10 secs] 
1.025: [GC (Allocation Failure) 1.025: [ParNew: 613440K->68096K(613440K), 0.0929987 secs] 936664K->517717K(12514816K), 0.0930722 secs] [Times: user=0.56 sys=0.02, real=0.09 secs] 
1.196: [GC (Allocation Failure) 1.196: [ParNew: 613440K->68096K(613440K), 0.0909321 secs] 1063061K->644150K(12514816K), 0.0910291 secs] [Times: user=0.58 sys=0.05, real=0.09 secs] 
1.364: [GC (Allocation Failure) 1.364: [ParNew: 613440K->68095K(613440K), 0.0866504 secs] 1189494K->768143K(12514816K), 0.0867504 secs] [Times: user=0.58 sys=0.05, real=0.09 secs] 
1.526: [GC (Allocation Failure) 1.526: [ParNew: 613439K->68094K(613440K), 0.0899759 secs] 1313487K->898749K(12514816K), 0.0900672 secs] [Times: user=0.64 sys=0.02, real=0.09 secs] 
1.712: [GC (Allocation Failure) 1.712: [ParNew: 613438K->68095K(613440K), 0.0964611 secs] 1444093K->1020187K(12514816K), 0.0965647 secs] [Times: user=0.56 sys=0.06, real=0.10 secs] 
1.888: [GC (Allocation Failure) 1.888: [ParNew: 613439K->68095K(613440K), 0.0895527 secs] 1565531K->1153868K(12514816K), 0.0896517 secs] [Times: user=0.67 sys=0.06, real=0.09 secs] 
2.052: [GC (Allocation Failure) 2.052: [ParNew: 613439K->68095K(613440K), 0.0893553 secs] 1699212K->1286097K(12514816K), 0.0894650 secs] [Times: user=0.59 sys=0.03, real=0.09 secs] 
2.213: [GC (Allocation Failure) 2.213: [ParNew: 613439K->68095K(613440K), 0.0890949 secs] 1831441K->1412253K(12514816K), 0.0891691 secs] [Times: user=0.59 sys=0.03, real=0.09 secs] 
2.387: [GC (Allocation Failure) 2.387: [ParNew: 613439K->68095K(613440K), 0.0945976 secs] 1957597K->1544865K(12514816K), 0.0946846 secs] [Times: user=0.58 sys=0.05, real=0.10 secs] 
2.559: [GC (Allocation Failure) 2.559: [ParNew: 613439K->68095K(613440K), 0.0918896 secs] 2090209K->1674838K(12514816K), 0.0920236 secs] [Times: user=0.58 sys=0.06, real=0.09 secs] 
2.722: [GC (Allocation Failure) 2.722: [ParNew: 613439K->68095K(613440K), 0.0860874 secs] 2220182K->1796515K(12514816K), 0.0861746 secs] [Times: user=0.72 sys=0.00, real=0.09 secs] 
2.906: [GC (Allocation Failure) 2.906: [ParNew: 613433K->68094K(613440K), 0.0905284 secs] 2341854K->1924421K(12514816K), 0.0906136 secs] [Times: user=0.61 sys=0.08, real=0.09 secs] 
3.071: [GC (Allocation Failure) 3.071: [ParNew: 613438K->68095K(613440K), 0.0873106 secs] 2469765K->2050480K(12514816K), 0.0873934 secs] [Times: user=0.51 sys=0.05, real=0.09 secs] 
3.229: [GC (Allocation Failure) 3.229: [ParNew: 613439K->68095K(613440K), 0.0870160 secs] 2595824K->2176099K(12514816K), 0.0871018 secs] [Times: user=0.58 sys=0.02, real=0.09 secs] 
执行结束!共生成对象次数:35166
Heap
 par new generation   total 613440K, used 89850K [0x00000004c0000000, 0x00000004e9990000, 0x00000004e9990000)
  eden space 545344K,   3% used [0x00000004c0000000, 0x00000004c153eaf8, 0x00000004e1490000)
  from space 68096K,  99% used [0x00000004e5710000, 0x00000004e998ffc8, 0x00000004e9990000)
  to   space 68096K,   0% used [0x00000004e1490000, 0x00000004e1490000, 0x00000004e5710000)
 concurrent mark-sweep generation total 11901376K, used 2108003K [0x00000004e9990000, 0x00000007c0000000, 0x00000007c0000000)
 Metaspace       used 3137K, capacity 4486K, committed 4864K, reserved 1056768K
  class space    used 298K, capacity 386K, committed 512K, reserved 1048576K

java -Xmx512m -Xms512m  -XX:+UseG1GC  -XX:+PrintGCDetails -XX:+PrintGCTimeStamps GCLogAnalysis
正在执行...
0.142: [GC pause (G1 Evacuation Pause) (young), 0.0020398 secs]
   [Parallel Time: 1.6 ms, GC Workers: 8]
      [GC Worker Start (ms): Min: 141.7, Avg: 141.7, Max: 141.7, Diff: 0.1]
      [Ext Root Scanning (ms): Min: 0.1, Avg: 0.2, Max: 0.2, Diff: 0.1, Sum: 1.3]
      [Update RS (ms): Min: 0.0, Avg: 0.0, Max: 0.0, Diff: 0.0, Sum: 0.0]
         [Processed Buffers: Min: 0, Avg: 0.0, Max: 0, Diff: 0, Sum: 0]
      [Scan RS (ms): Min: 0.0, Avg: 0.0, Max: 0.0, Diff: 0.0, Sum: 0.0]
      [Code Root Scanning (ms): Min: 0.0, Avg: 0.0, Max: 0.0, Diff: 0.0, Sum: 0.0]
      [Object Copy (ms): Min: 1.1, Avg: 1.2, Max: 1.3, Diff: 0.2, Sum: 9.4]
      [Termination (ms): Min: 0.0, Avg: 0.1, Max: 0.1, Diff: 0.1, Sum: 0.6]
         [Termination Attempts: Min: 1, Avg: 1.0, Max: 1, Diff: 0, Sum: 8]
      [GC Worker Other (ms): Min: 0.0, Avg: 0.0, Max: 0.1, Diff: 0.0, Sum: 0.3]
      [GC Worker Total (ms): Min: 1.4, Avg: 1.5, Max: 1.5, Diff: 0.1, Sum: 11.6]
      [GC Worker End (ms): Min: 143.2, Avg: 143.2, Max: 143.2, Diff: 0.0]
   [Code Root Fixup: 0.0 ms]
   [Code Root Purge: 0.0 ms]
   [Clear CT: 0.1 ms]
   [Other: 0.4 ms]
      [Choose CSet: 0.0 ms]
      [Ref Proc: 0.1 ms]
      [Ref Enq: 0.0 ms]
      [Redirty Cards: 0.1 ms]
      [Humongous Register: 0.0 ms]
      [Humongous Reclaim: 0.0 ms]
      [Free CSet: 0.0 ms]
   [Eden: 25600.0K(25600.0K)->0.0B(24576.0K) Survivors: 0.0B->4096.0K Heap: 35337.3K(512.0M)->17141.6K(512.0M)]
 [Times: user=0.00 sys=0.00, real=0.00 secs] 
0.154: [GC pause (G1 Evacuation Pause) (young), 0.0026430 secs]
   [Parallel Time: 2.2 ms, GC Workers: 8]
      [GC Worker Start (ms): Min: 154.4, Avg: 154.5, Max: 154.8, Diff: 0.4]
      [Ext Root Scanning (ms): Min: 0.0, Avg: 0.1, Max: 0.2, Diff: 0.2, Sum: 0.9]
      [Update RS (ms): Min: 0.0, Avg: 0.0, Max: 0.1, Diff: 0.1, Sum: 0.2]
         [Processed Buffers: Min: 0, Avg: 0.3, Max: 2, Diff: 2, Sum: 2]
      [Scan RS (ms): Min: 0.0, Avg: 0.0, Max: 0.0, Diff: 0.0, Sum: 0.0]
      [Code Root Scanning (ms): Min: 0.0, Avg: 0.0, Max: 0.0, Diff: 0.0, Sum: 0.0]
      [Object Copy (ms): Min: 1.7, Avg: 1.8, Max: 2.0, Diff: 0.3, Sum: 14.4]
      [Termination (ms): Min: 0.0, Avg: 0.1, Max: 0.3, Diff: 0.3, Sum: 0.8]
         [Termination Attempts: Min: 1, Avg: 1.0, Max: 1, Diff: 0, Sum: 8]
      [GC Worker Other (ms): Min: 0.0, Avg: 0.0, Max: 0.0, Diff: 0.0, Sum: 0.1]
      [GC Worker Total (ms): Min: 1.8, Avg: 2.0, Max: 2.2, Diff: 0.4, Sum: 16.4]
      [GC Worker End (ms): Min: 156.6, Avg: 156.6, Max: 156.6, Diff: 0.0]
   [Code Root Fixup: 0.0 ms]
   [Code Root Purge: 0.0 ms]
   [Clear CT: 0.1 ms]
   [Other: 0.4 ms]
      [Choose CSet: 0.0 ms]
      [Ref Proc: 0.1 ms]
      [Ref Enq: 0.0 ms]
      [Redirty Cards: 0.1 ms]
      [Humongous Register: 0.0 ms]
      [Humongous Reclaim: 0.0 ms]
      [Free CSet: 0.0 ms]
   [Eden: 24576.0K(24576.0K)->0.0B(39936.0K) Survivors: 4096.0K->4096.0K Heap: 48249.3K(512.0M)->28382.7K(512.0M)]
 [Times: user=0.00 sys=0.00, real=0.00 secs] 
0.174: [GC pause (G1 Evacuation Pause) (young), 0.0035249 secs]
   [Parallel Time: 3.0 ms, GC Workers: 8]
      [GC Worker Start (ms): Min: 174.2, Avg: 174.6, Max: 175.3, Diff: 1.1]
      [Ext Root Scanning (ms): Min: 0.0, Avg: 0.1, Max: 0.3, Diff: 0.3, Sum: 1.0]
      [Update RS (ms): Min: 0.0, Avg: 0.2, Max: 0.3, Diff: 0.3, Sum: 1.3]
         [Processed Buffers: Min: 0, Avg: 2.4, Max: 6, Diff: 6, Sum: 19]
      [Scan RS (ms): Min: 0.0, Avg: 0.0, Max: 0.0, Diff: 0.0, Sum: 0.0]
      [Code Root Scanning (ms): Min: 0.0, Avg: 0.0, Max: 0.0, Diff: 0.0, Sum: 0.0]
      [Object Copy (ms): Min: 1.6, Avg: 2.1, Max: 2.4, Diff: 0.8, Sum: 17.0]
      [Termination (ms): Min: 0.0, Avg: 0.2, Max: 0.2, Diff: 0.2, Sum: 1.2]
         [Termination Attempts: Min: 1, Avg: 1.0, Max: 1, Diff: 0, Sum: 8]
      [GC Worker Other (ms): Min: 0.0, Avg: 0.0, Max: 0.0, Diff: 0.0, Sum: 0.1]
      [GC Worker Total (ms): Min: 1.8, Avg: 2.6, Max: 2.9, Diff: 1.1, Sum: 20.6]
      [GC Worker End (ms): Min: 177.2, Avg: 177.2, Max: 177.2, Diff: 0.0]
   [Code Root Fixup: 0.0 ms]
   [Code Root Purge: 0.0 ms]
   [Clear CT: 0.1 ms]
   [Other: 0.5 ms]
      [Choose CSet: 0.0 ms]
      [Ref Proc: 0.1 ms]
      [Ref Enq: 0.0 ms]
      [Redirty Cards: 0.1 ms]
      [Humongous Register: 0.0 ms]
      [Humongous Reclaim: 0.0 ms]
      [Free CSet: 0.0 ms]
   [Eden: 39936.0K(39936.0K)->0.0B(61440.0K) Survivors: 4096.0K->6144.0K Heap: 79806.7K(512.0M)->47395.9K(512.0M)]
 [Times: user=0.06 sys=0.02, real=0.00 secs] 
0.205: [GC pause (G1 Evacuation Pause) (young), 0.0049075 secs]
   [Parallel Time: 4.4 ms, GC Workers: 8]
      [GC Worker Start (ms): Min: 205.6, Avg: 205.7, Max: 205.8, Diff: 0.2]
      [Ext Root Scanning (ms): Min: 0.0, Avg: 0.1, Max: 0.2, Diff: 0.2, Sum: 0.9]
      [Update RS (ms): Min: 0.6, Avg: 0.6, Max: 0.8, Diff: 0.2, Sum: 5.0]
         [Processed Buffers: Min: 1, Avg: 7.5, Max: 9, Diff: 8, Sum: 60]
      [Scan RS (ms): Min: 0.0, Avg: 0.0, Max: 0.0, Diff: 0.0, Sum: 0.0]
      [Code Root Scanning (ms): Min: 0.0, Avg: 0.0, Max: 0.0, Diff: 0.0, Sum: 0.0]
      [Object Copy (ms): Min: 3.2, Avg: 3.4, Max: 3.6, Diff: 0.4, Sum: 27.3]
      [Termination (ms): Min: 0.0, Avg: 0.1, Max: 0.3, Diff: 0.3, Sum: 1.2]
         [Termination Attempts: Min: 1, Avg: 1.0, Max: 1, Diff: 0, Sum: 8]
      [GC Worker Other (ms): Min: 0.0, Avg: 0.0, Max: 0.0, Diff: 0.0, Sum: 0.1]
      [GC Worker Total (ms): Min: 4.2, Avg: 4.3, Max: 4.4, Diff: 0.2, Sum: 34.5]
      [GC Worker End (ms): Min: 210.0, Avg: 210.0, Max: 210.0, Diff: 0.0]
   [Code Root Fixup: 0.0 ms]
   [Code Root Purge: 0.0 ms]
   [Clear CT: 0.1 ms]
   [Other: 0.4 ms]
      [Choose CSet: 0.0 ms]
      [Ref Proc: 0.1 ms]
      [Ref Enq: 0.0 ms]
      [Redirty Cards: 0.1 ms]
      [Humongous Register: 0.0 ms]
      [Humongous Reclaim: 0.0 ms]
      [Free CSet: 0.0 ms]
   [Eden: 61440.0K(61440.0K)->0.0B(115.0M) Survivors: 6144.0K->9216.0K Heap: 125.9M(512.0M)->75792.4K(512.0M)]
 [Times: user=0.00 sys=0.00, real=0.01 secs] 
0.259: [GC pause (G1 Evacuation Pause) (young), 0.0077223 secs]
   [Parallel Time: 7.2 ms, GC Workers: 8]
      [GC Worker Start (ms): Min: 259.3, Avg: 259.3, Max: 259.3, Diff: 0.0]
      [Ext Root Scanning (ms): Min: 0.1, Avg: 0.1, Max: 0.2, Diff: 0.0, Sum: 1.0]
      [Update RS (ms): Min: 0.1, Avg: 0.1, Max: 0.2, Diff: 0.1, Sum: 0.9]
         [Processed Buffers: Min: 0, Avg: 1.5, Max: 2, Diff: 2, Sum: 12]
      [Scan RS (ms): Min: 0.0, Avg: 0.0, Max: 0.0, Diff: 0.0, Sum: 0.1]
      [Code Root Scanning (ms): Min: 0.0, Avg: 0.0, Max: 0.0, Diff: 0.0, Sum: 0.0]
      [Object Copy (ms): Min: 6.6, Avg: 6.7, Max: 6.8, Diff: 0.2, Sum: 53.3]
      [Termination (ms): Min: 0.0, Avg: 0.2, Max: 0.2, Diff: 0.2, Sum: 1.2]
         [Termination Attempts: Min: 1, Avg: 1.0, Max: 1, Diff: 0, Sum: 8]
      [GC Worker Other (ms): Min: 0.0, Avg: 0.0, Max: 0.0, Diff: 0.0, Sum: 0.1]
      [GC Worker Total (ms): Min: 7.1, Avg: 7.1, Max: 7.1, Diff: 0.1, Sum: 56.7]
      [GC Worker End (ms): Min: 266.4, Avg: 266.4, Max: 266.4, Diff: 0.0]
   [Code Root Fixup: 0.0 ms]
   [Code Root Purge: 0.0 ms]
   [Clear CT: 0.1 ms]
   [Other: 0.5 ms]
      [Choose CSet: 0.0 ms]
      [Ref Proc: 0.1 ms]
      [Ref Enq: 0.0 ms]
      [Redirty Cards: 0.1 ms]
      [Humongous Register: 0.0 ms]
      [Humongous Reclaim: 0.0 ms]
      [Free CSet: 0.1 ms]
   [Eden: 115.0M(115.0M)->0.0B(97280.0K) Survivors: 9216.0K->16384.0K Heap: 222.7M(512.0M)->127.5M(512.0M)]
 [Times: user=0.00 sys=0.00, real=0.01 secs] 
0.291: [GC pause (G1 Evacuation Pause) (young), 0.0069247 secs]
   [Parallel Time: 6.4 ms, GC Workers: 8]
      [GC Worker Start (ms): Min: 291.3, Avg: 291.3, Max: 291.4, Diff: 0.1]
      [Ext Root Scanning (ms): Min: 0.1, Avg: 0.1, Max: 0.2, Diff: 0.1, Sum: 1.1]
      [Update RS (ms): Min: 0.1, Avg: 0.1, Max: 0.2, Diff: 0.1, Sum: 1.1]
         [Processed Buffers: Min: 0, Avg: 1.6, Max: 2, Diff: 2, Sum: 13]
      [Scan RS (ms): Min: 0.0, Avg: 0.0, Max: 0.0, Diff: 0.0, Sum: 0.1]
      [Code Root Scanning (ms): Min: 0.0, Avg: 0.0, Max: 0.0, Diff: 0.0, Sum: 0.0]
      [Object Copy (ms): Min: 5.8, Avg: 5.9, Max: 6.0, Diff: 0.2, Sum: 47.0]
      [Termination (ms): Min: 0.0, Avg: 0.1, Max: 0.2, Diff: 0.2, Sum: 1.0]
         [Termination Attempts: Min: 1, Avg: 1.4, Max: 3, Diff: 2, Sum: 11]
      [GC Worker Other (ms): Min: 0.0, Avg: 0.0, Max: 0.0, Diff: 0.0, Sum: 0.1]
      [GC Worker Total (ms): Min: 6.3, Avg: 6.3, Max: 6.3, Diff: 0.1, Sum: 50.3]
      [GC Worker End (ms): Min: 297.6, Avg: 297.6, Max: 297.6, Diff: 0.0]
   [Code Root Fixup: 0.0 ms]
   [Code Root Purge: 0.0 ms]
   [Clear CT: 0.1 ms]
   [Other: 0.5 ms]
      [Choose CSet: 0.0 ms]
      [Ref Proc: 0.1 ms]
      [Ref Enq: 0.0 ms]
      [Redirty Cards: 0.1 ms]
      [Humongous Register: 0.1 ms]
      [Humongous Reclaim: 0.0 ms]
      [Free CSet: 0.1 ms]
   [Eden: 97280.0K(97280.0K)->0.0B(143.0M) Survivors: 16384.0K->14336.0K Heap: 250.0M(512.0M)->167.4M(512.0M)]
 [Times: user=0.00 sys=0.00, real=0.01 secs] 
0.331: [GC pause (G1 Humongous Allocation) (young) (initial-mark), 0.0077588 secs]
   [Parallel Time: 7.3 ms, GC Workers: 8]
      [GC Worker Start (ms): Min: 331.0, Avg: 331.0, Max: 331.0, Diff: 0.1]
      [Ext Root Scanning (ms): Min: 0.2, Avg: 0.3, Max: 0.4, Diff: 0.2, Sum: 2.0]
      [Update RS (ms): Min: 0.1, Avg: 0.2, Max: 0.3, Diff: 0.2, Sum: 1.6]
         [Processed Buffers: Min: 1, Avg: 2.4, Max: 3, Diff: 2, Sum: 19]
      [Scan RS (ms): Min: 0.0, Avg: 0.0, Max: 0.0, Diff: 0.0, Sum: 0.1]
      [Code Root Scanning (ms): Min: 0.0, Avg: 0.0, Max: 0.0, Diff: 0.0, Sum: 0.0]
      [Object Copy (ms): Min: 6.6, Avg: 6.6, Max: 6.7, Diff: 0.1, Sum: 53.1]
      [Termination (ms): Min: 0.0, Avg: 0.1, Max: 0.1, Diff: 0.1, Sum: 0.6]
         [Termination Attempts: Min: 1, Avg: 1.3, Max: 3, Diff: 2, Sum: 10]
      [GC Worker Other (ms): Min: 0.0, Avg: 0.0, Max: 0.0, Diff: 0.0, Sum: 0.1]
      [GC Worker Total (ms): Min: 7.2, Avg: 7.2, Max: 7.2, Diff: 0.1, Sum: 57.5]
      [GC Worker End (ms): Min: 338.2, Avg: 338.2, Max: 338.2, Diff: 0.0]
   [Code Root Fixup: 0.0 ms]
   [Code Root Purge: 0.0 ms]
   [Clear CT: 0.0 ms]
   [Other: 0.5 ms]
      [Choose CSet: 0.0 ms]
      [Ref Proc: 0.1 ms]
      [Ref Enq: 0.0 ms]
      [Redirty Cards: 0.1 ms]
      [Humongous Register: 0.0 ms]
      [Humongous Reclaim: 0.1 ms]
      [Free CSet: 0.1 ms]
   [Eden: 115.0M(143.0M)->0.0B(159.0M) Survivors: 14336.0K->20480.0K Heap: 312.2M(512.0M)->206.5M(512.0M)]
 [Times: user=0.00 sys=0.00, real=0.01 secs] 
0.339: [GC concurrent-root-region-scan-start]
0.339: [GC concurrent-root-region-scan-end, 0.0001474 secs]
0.339: [GC concurrent-mark-start]
0.340: [GC concurrent-mark-end, 0.0010704 secs]
0.340: [GC remark 0.340: [Finalize Marking, 0.0001850 secs] 0.341: [GC ref-proc, 0.0000958 secs] 0.341: [Unloading, 0.0004473 secs], 0.0013216 secs]
 [Times: user=0.00 sys=0.00, real=0.00 secs] 
0.342: [GC cleanup 212M->211M(512M), 0.0005544 secs]
 [Times: user=0.00 sys=0.00, real=0.00 secs] 
0.342: [GC concurrent-cleanup-start]
0.342: [GC concurrent-cleanup-end, 0.0000349 secs]
0.390: [GC pause (G1 Evacuation Pause) (young) (to-space exhausted), 0.0052407 secs]
   [Parallel Time: 4.3 ms, GC Workers: 8]
      [GC Worker Start (ms): Min: 390.3, Avg: 390.3, Max: 390.3, Diff: 0.0]
      [Ext Root Scanning (ms): Min: 0.1, Avg: 0.1, Max: 0.1, Diff: 0.0, Sum: 1.0]
      [Update RS (ms): Min: 0.1, Avg: 0.2, Max: 0.3, Diff: 0.1, Sum: 1.4]
         [Processed Buffers: Min: 0, Avg: 1.9, Max: 3, Diff: 3, Sum: 15]
      [Scan RS (ms): Min: 0.0, Avg: 0.0, Max: 0.0, Diff: 0.0, Sum: 0.1]
      [Code Root Scanning (ms): Min: 0.0, Avg: 0.0, Max: 0.0, Diff: 0.0, Sum: 0.0]
      [Object Copy (ms): Min: 3.8, Avg: 3.9, Max: 3.9, Diff: 0.1, Sum: 31.0]
      [Termination (ms): Min: 0.0, Avg: 0.0, Max: 0.0, Diff: 0.0, Sum: 0.2]
         [Termination Attempts: Min: 1, Avg: 1.0, Max: 1, Diff: 0, Sum: 8]
      [GC Worker Other (ms): Min: 0.0, Avg: 0.0, Max: 0.0, Diff: 0.0, Sum: 0.1]
      [GC Worker Total (ms): Min: 4.2, Avg: 4.2, Max: 4.2, Diff: 0.0, Sum: 33.7]
      [GC Worker End (ms): Min: 394.5, Avg: 394.5, Max: 394.5, Diff: 0.0]
   [Code Root Fixup: 0.0 ms]
   [Code Root Purge: 0.0 ms]
   [Clear CT: 0.2 ms]
   [Other: 0.7 ms]
      [Evacuation Failure: 0.2 ms]
      [Choose CSet: 0.0 ms]
      [Ref Proc: 0.2 ms]
      [Ref Enq: 0.0 ms]
      [Redirty Cards: 0.1 ms]
      [Humongous Register: 0.1 ms]
      [Humongous Reclaim: 0.1 ms]
      [Free CSet: 0.0 ms]
   [Eden: 159.0M(159.0M)->0.0B(6144.0K) Survivors: 20480.0K->19456.0K Heap: 417.4M(512.0M)->346.4M(512.0M)]
 [Times: user=0.01 sys=0.11, real=0.01 secs] 
0.397: [GC pause (G1 Evacuation Pause) (mixed), 0.0035242 secs]
   [Parallel Time: 3.1 ms, GC Workers: 8]
      [GC Worker Start (ms): Min: 397.0, Avg: 397.0, Max: 397.0, Diff: 0.0]
      [Ext Root Scanning (ms): Min: 0.1, Avg: 0.1, Max: 0.1, Diff: 0.0, Sum: 1.0]
      [Update RS (ms): Min: 0.2, Avg: 0.2, Max: 0.2, Diff: 0.1, Sum: 1.8]
         [Processed Buffers: Min: 1, Avg: 2.8, Max: 3, Diff: 2, Sum: 22]
      [Scan RS (ms): Min: 0.0, Avg: 0.0, Max: 0.1, Diff: 0.1, Sum: 0.1]
      [Code Root Scanning (ms): Min: 0.0, Avg: 0.0, Max: 0.0, Diff: 0.0, Sum: 0.0]
      [Object Copy (ms): Min: 2.5, Avg: 2.6, Max: 2.6, Diff: 0.1, Sum: 20.6]
      [Termination (ms): Min: 0.0, Avg: 0.1, Max: 0.2, Diff: 0.2, Sum: 0.7]
         [Termination Attempts: Min: 1, Avg: 1.0, Max: 1, Diff: 0, Sum: 8]
      [GC Worker Other (ms): Min: 0.0, Avg: 0.0, Max: 0.0, Diff: 0.0, Sum: 0.0]
      [GC Worker Total (ms): Min: 3.0, Avg: 3.0, Max: 3.1, Diff: 0.0, Sum: 24.2]
      [GC Worker End (ms): Min: 400.0, Avg: 400.0, Max: 400.0, Diff: 0.0]
   [Code Root Fixup: 0.0 ms]
   [Code Root Purge: 0.0 ms]
   [Clear CT: 0.1 ms]
   [Other: 0.4 ms]
      [Choose CSet: 0.0 ms]
      [Ref Proc: 0.1 ms]
      [Ref Enq: 0.0 ms]
      [Redirty Cards: 0.1 ms]
      [Humongous Register: 0.1 ms]
      [Humongous Reclaim: 0.0 ms]
      [Free CSet: 0.0 ms]
   [Eden: 6144.0K(6144.0K)->0.0B(58368.0K) Survivors: 19456.0K->2048.0K Heap: 355.0M(512.0M)->343.2M(512.0M)]
 [Times: user=0.00 sys=0.00, real=0.00 secs] 
0.403: [GC pause (G1 Humongous Allocation) (young) (initial-mark), 0.0017867 secs]
   [Parallel Time: 1.1 ms, GC Workers: 8]
      [GC Worker Start (ms): Min: 403.2, Avg: 403.2, Max: 403.3, Diff: 0.0]
      [Ext Root Scanning (ms): Min: 0.1, Avg: 0.1, Max: 0.2, Diff: 0.1, Sum: 1.0]
      [Update RS (ms): Min: 0.0, Avg: 0.1, Max: 0.2, Diff: 0.2, Sum: 0.8]
         [Processed Buffers: Min: 1, Avg: 1.1, Max: 2, Diff: 1, Sum: 9]
      [Scan RS (ms): Min: 0.0, Avg: 0.0, Max: 0.0, Diff: 0.0, Sum: 0.0]
      [Code Root Scanning (ms): Min: 0.0, Avg: 0.0, Max: 0.0, Diff: 0.0, Sum: 0.0]
      [Object Copy (ms): Min: 0.6, Avg: 0.8, Max: 0.9, Diff: 0.3, Sum: 6.2]
      [Termination (ms): Min: 0.0, Avg: 0.0, Max: 0.1, Diff: 0.1, Sum: 0.4]
         [Termination Attempts: Min: 1, Avg: 1.0, Max: 1, Diff: 0, Sum: 8]
      [GC Worker Other (ms): Min: 0.0, Avg: 0.0, Max: 0.0, Diff: 0.0, Sum: 0.1]
      [GC Worker Total (ms): Min: 1.0, Avg: 1.1, Max: 1.1, Diff: 0.0, Sum: 8.5]
      [GC Worker End (ms): Min: 404.3, Avg: 404.3, Max: 404.3, Diff: 0.0]
   [Code Root Fixup: 0.0 ms]
   [Code Root Purge: 0.0 ms]
   [Clear CT: 0.1 ms]
   [Other: 0.5 ms]
      [Choose CSet: 0.0 ms]
      [Ref Proc: 0.2 ms]
      [Ref Enq: 0.0 ms]
      [Redirty Cards: 0.1 ms]
      [Humongous Register: 0.1 ms]
      [Humongous Reclaim: 0.0 ms]
      [Free CSet: 0.0 ms]
   [Eden: 15360.0K(58368.0K)->0.0B(55296.0K) Survivors: 2048.0K->8192.0K Heap: 357.6M(512.0M)->347.9M(512.0M)]
 [Times: user=0.00 sys=0.00, real=0.00 secs] 
0.405: [GC concurrent-root-region-scan-start]
0.405: [GC concurrent-root-region-scan-end, 0.0001117 secs]
0.405: [GC concurrent-mark-start]
0.406: [GC concurrent-mark-end, 0.0011581 secs]
0.407: [GC remark 0.407: [Finalize Marking, 0.0001153 secs] 0.407: [GC ref-proc, 0.0000956 secs] 0.407: [Unloading, 0.0004316 secs], 0.0012435 secs]
 [Times: user=0.00 sys=0.00, real=0.00 secs] 
0.408: [GC cleanup 356M->356M(512M), 0.0004195 secs]
 [Times: user=0.00 sys=0.00, real=0.00 secs] 
0.419: [GC pause (G1 Evacuation Pause) (young), 0.0038905 secs]
   [Parallel Time: 3.4 ms, GC Workers: 8]
      [GC Worker Start (ms): Min: 418.7, Avg: 418.7, Max: 418.7, Diff: 0.1]
      [Ext Root Scanning (ms): Min: 0.1, Avg: 0.1, Max: 0.2, Diff: 0.1, Sum: 1.1]
      [Update RS (ms): Min: 0.2, Avg: 0.3, Max: 0.6, Diff: 0.4, Sum: 2.4]
         [Processed Buffers: Min: 0, Avg: 2.1, Max: 3, Diff: 3, Sum: 17]
      [Scan RS (ms): Min: 0.0, Avg: 0.0, Max: 0.0, Diff: 0.0, Sum: 0.1]
      [Code Root Scanning (ms): Min: 0.0, Avg: 0.0, Max: 0.0, Diff: 0.0, Sum: 0.0]
      [Object Copy (ms): Min: 2.5, Avg: 2.8, Max: 2.9, Diff: 0.4, Sum: 22.2]
      [Termination (ms): Min: 0.0, Avg: 0.1, Max: 0.1, Diff: 0.1, Sum: 0.7]
         [Termination Attempts: Min: 1, Avg: 1.0, Max: 1, Diff: 0, Sum: 8]
      [GC Worker Other (ms): Min: 0.0, Avg: 0.0, Max: 0.0, Diff: 0.0, Sum: 0.1]
      [GC Worker Total (ms): Min: 3.3, Avg: 3.3, Max: 3.3, Diff: 0.0, Sum: 26.5]
      [GC Worker End (ms): Min: 422.0, Avg: 422.0, Max: 422.0, Diff: 0.0]
   [Code Root Fixup: 0.0 ms]
   [Code Root Purge: 0.0 ms]
   [Clear CT: 0.1 ms]
   [Other: 0.4 ms]
      [Choose CSet: 0.0 ms]
      [Ref Proc: 0.1 ms]
      [Ref Enq: 0.0 ms]
      [Redirty Cards: 0.1 ms]
      [Humongous Register: 0.1 ms]
      [Humongous Reclaim: 0.0 ms]
      [Free CSet: 0.0 ms]
   [Eden: 55296.0K(55296.0K)->0.0B(17408.0K) Survivors: 8192.0K->8192.0K Heap: 419.3M(512.0M)->372.7M(512.0M)]
 [Times: user=0.00 sys=0.00, real=0.00 secs] 
0.426: [GC pause (G1 Evacuation Pause) (mixed), 0.0032725 secs]
   [Parallel Time: 2.8 ms, GC Workers: 8]
      [GC Worker Start (ms): Min: 426.2, Avg: 426.2, Max: 426.2, Diff: 0.0]
      [Ext Root Scanning (ms): Min: 0.1, Avg: 0.1, Max: 0.2, Diff: 0.1, Sum: 1.0]
      [Update RS (ms): Min: 0.3, Avg: 0.3, Max: 0.5, Diff: 0.2, Sum: 2.7]
         [Processed Buffers: Min: 1, Avg: 3.1, Max: 6, Diff: 5, Sum: 25]
      [Scan RS (ms): Min: 0.0, Avg: 0.0, Max: 0.0, Diff: 0.0, Sum: 0.1]
      [Code Root Scanning (ms): Min: 0.0, Avg: 0.0, Max: 0.0, Diff: 0.0, Sum: 0.0]
      [Object Copy (ms): Min: 2.0, Avg: 2.2, Max: 2.2, Diff: 0.2, Sum: 17.2]
      [Termination (ms): Min: 0.0, Avg: 0.1, Max: 0.1, Diff: 0.1, Sum: 0.5]
         [Termination Attempts: Min: 1, Avg: 1.1, Max: 2, Diff: 1, Sum: 9]
      [GC Worker Other (ms): Min: 0.0, Avg: 0.0, Max: 0.0, Diff: 0.0, Sum: 0.1]
      [GC Worker Total (ms): Min: 2.7, Avg: 2.7, Max: 2.7, Diff: 0.1, Sum: 21.6]
      [GC Worker End (ms): Min: 428.9, Avg: 428.9, Max: 428.9, Diff: 0.0]
   [Code Root Fixup: 0.0 ms]
   [Code Root Purge: 0.0 ms]
   [Clear CT: 0.1 ms]
   [Other: 0.4 ms]
      [Choose CSet: 0.0 ms]
      [Ref Proc: 0.1 ms]
      [Ref Enq: 0.0 ms]
      [Redirty Cards: 0.1 ms]
      [Humongous Register: 0.1 ms]
      [Humongous Reclaim: 0.0 ms]
      [Free CSet: 0.0 ms]
   [Eden: 17408.0K(17408.0K)->0.0B(21504.0K) Survivors: 8192.0K->4096.0K Heap: 396.3M(512.0M)->334.1M(512.0M)]
 [Times: user=0.00 sys=0.00, real=0.00 secs] 
0.434: [GC pause (G1 Evacuation Pause) (mixed), 0.0040183 secs]
   [Parallel Time: 3.5 ms, GC Workers: 8]
      [GC Worker Start (ms): Min: 434.6, Avg: 434.6, Max: 434.6, Diff: 0.1]
      [Ext Root Scanning (ms): Min: 0.1, Avg: 0.1, Max: 0.2, Diff: 0.1, Sum: 1.0]
      [Update RS (ms): Min: 0.2, Avg: 0.6, Max: 3.2, Diff: 3.0, Sum: 5.0]
         [Processed Buffers: Min: 0, Avg: 2.4, Max: 4, Diff: 4, Sum: 19]
      [Scan RS (ms): Min: 0.0, Avg: 0.0, Max: 0.0, Diff: 0.0, Sum: 0.1]
      [Code Root Scanning (ms): Min: 0.0, Avg: 0.0, Max: 0.0, Diff: 0.0, Sum: 0.0]
      [Object Copy (ms): Min: 0.0, Avg: 2.5, Max: 2.9, Diff: 2.9, Sum: 20.2]
      [Termination (ms): Min: 0.0, Avg: 0.0, Max: 0.1, Diff: 0.1, Sum: 0.2]
         [Termination Attempts: Min: 1, Avg: 1.0, Max: 1, Diff: 0, Sum: 8]
      [GC Worker Other (ms): Min: 0.0, Avg: 0.0, Max: 0.0, Diff: 0.0, Sum: 0.1]
      [GC Worker Total (ms): Min: 3.3, Avg: 3.3, Max: 3.4, Diff: 0.1, Sum: 26.7]
      [GC Worker End (ms): Min: 437.9, Avg: 437.9, Max: 437.9, Diff: 0.0]
   [Code Root Fixup: 0.0 ms]
   [Code Root Purge: 0.0 ms]
   [Clear CT: 0.1 ms]
   [Other: 0.4 ms]
      [Choose CSet: 0.0 ms]
      [Ref Proc: 0.1 ms]
      [Ref Enq: 0.0 ms]
      [Redirty Cards: 0.1 ms]
      [Humongous Register: 0.1 ms]
      [Humongous Reclaim: 0.0 ms]
      [Free CSet: 0.0 ms]
   [Eden: 21504.0K(21504.0K)->0.0B(21504.0K) Survivors: 4096.0K->4096.0K Heap: 361.9M(512.0M)->302.1M(512.0M)]
 [Times: user=0.00 sys=0.00, real=0.00 secs] 
0.443: [GC pause (G1 Evacuation Pause) (mixed), 0.0041875 secs]
   [Parallel Time: 3.7 ms, GC Workers: 8]
      [GC Worker Start (ms): Min: 442.7, Avg: 442.7, Max: 442.7, Diff: 0.0]
      [Ext Root Scanning (ms): Min: 0.1, Avg: 0.1, Max: 0.2, Diff: 0.0, Sum: 1.1]
      [Update RS (ms): Min: 0.2, Avg: 0.2, Max: 0.3, Diff: 0.1, Sum: 2.0]
         [Processed Buffers: Min: 0, Avg: 3.1, Max: 6, Diff: 6, Sum: 25]
      [Scan RS (ms): Min: 0.0, Avg: 0.0, Max: 0.1, Diff: 0.1, Sum: 0.2]
      [Code Root Scanning (ms): Min: 0.0, Avg: 0.0, Max: 0.0, Diff: 0.0, Sum: 0.0]
      [Object Copy (ms): Min: 3.1, Avg: 3.1, Max: 3.2, Diff: 0.1, Sum: 25.2]
      [Termination (ms): Min: 0.0, Avg: 0.0, Max: 0.1, Diff: 0.1, Sum: 0.3]
         [Termination Attempts: Min: 1, Avg: 1.0, Max: 1, Diff: 0, Sum: 8]
      [GC Worker Other (ms): Min: 0.0, Avg: 0.0, Max: 0.0, Diff: 0.0, Sum: 0.1]
      [GC Worker Total (ms): Min: 3.6, Avg: 3.6, Max: 3.6, Diff: 0.1, Sum: 28.8]
      [GC Worker End (ms): Min: 446.3, Avg: 446.3, Max: 446.3, Diff: 0.0]
   [Code Root Fixup: 0.0 ms]
   [Code Root Purge: 0.0 ms]
   [Clear CT: 0.1 ms]
   [Other: 0.4 ms]
      [Choose CSet: 0.0 ms]
      [Ref Proc: 0.1 ms]
      [Ref Enq: 0.0 ms]
      [Redirty Cards: 0.1 ms]
      [Humongous Register: 0.1 ms]
      [Humongous Reclaim: 0.0 ms]
      [Free CSet: 0.0 ms]
   [Eden: 21504.0K(21504.0K)->0.0B(93184.0K) Survivors: 4096.0K->4096.0K Heap: 330.1M(512.0M)->293.0M(512.0M)]
 [Times: user=0.00 sys=0.00, real=0.01 secs] 
0.448: [GC pause (G1 Humongous Allocation) (young) (initial-mark), 0.0011677 secs]
   [Parallel Time: 0.8 ms, GC Workers: 8]
      [GC Worker Start (ms): Min: 447.8, Avg: 447.8, Max: 447.8, Diff: 0.0]
      [Ext Root Scanning (ms): Min: 0.1, Avg: 0.1, Max: 0.1, Diff: 0.0, Sum: 1.0]
      [Update RS (ms): Min: 0.0, Avg: 0.1, Max: 0.3, Diff: 0.3, Sum: 0.7]
         [Processed Buffers: Min: 1, Avg: 1.1, Max: 2, Diff: 1, Sum: 9]
      [Scan RS (ms): Min: 0.0, Avg: 0.0, Max: 0.0, Diff: 0.0, Sum: 0.0]
      [Code Root Scanning (ms): Min: 0.0, Avg: 0.0, Max: 0.0, Diff: 0.0, Sum: 0.0]
      [Object Copy (ms): Min: 0.3, Avg: 0.5, Max: 0.6, Diff: 0.3, Sum: 3.7]
      [Termination (ms): Min: 0.0, Avg: 0.0, Max: 0.1, Diff: 0.1, Sum: 0.2]
         [Termination Attempts: Min: 1, Avg: 1.0, Max: 1, Diff: 0, Sum: 8]
      [GC Worker Other (ms): Min: 0.0, Avg: 0.0, Max: 0.0, Diff: 0.0, Sum: 0.1]
      [GC Worker Total (ms): Min: 0.7, Avg: 0.7, Max: 0.7, Diff: 0.0, Sum: 5.8]
      [GC Worker End (ms): Min: 448.5, Avg: 448.6, Max: 448.6, Diff: 0.0]
   [Code Root Fixup: 0.0 ms]
   [Code Root Purge: 0.0 ms]
   [Clear CT: 0.1 ms]
   [Other: 0.3 ms]
      [Choose CSet: 0.0 ms]
      [Ref Proc: 0.1 ms]
      [Ref Enq: 0.0 ms]
      [Redirty Cards: 0.1 ms]
      [Humongous Register: 0.1 ms]
      [Humongous Reclaim: 0.0 ms]
      [Free CSet: 0.0 ms]
   [Eden: 4096.0K(93184.0K)->0.0B(87040.0K) Survivors: 4096.0K->6144.0K Heap: 296.9M(512.0M)->294.7M(512.0M)]
 [Times: user=0.00 sys=0.00, real=0.00 secs] 
0.449: [GC concurrent-root-region-scan-start]
0.449: [GC concurrent-root-region-scan-end, 0.0001089 secs]
0.449: [GC concurrent-mark-start]
0.450: [GC concurrent-mark-end, 0.0010707 secs]
0.450: [GC remark 0.450: [Finalize Marking, 0.0000734 secs] 0.451: [GC ref-proc, 0.0000945 secs] 0.451: [Unloading, 0.0004011 secs], 0.0012353 secs]
 [Times: user=0.00 sys=0.00, real=0.00 secs] 
0.452: [GC cleanup 304M->303M(512M), 0.0004071 secs]
 [Times: user=0.00 sys=0.00, real=0.00 secs] 
0.452: [GC concurrent-cleanup-start]
0.452: [GC concurrent-cleanup-end, 0.0000318 secs]
0.467: [GC pause (G1 Evacuation Pause) (young), 0.0052488 secs]
   [Parallel Time: 4.7 ms, GC Workers: 8]
      [GC Worker Start (ms): Min: 466.8, Avg: 466.8, Max: 466.8, Diff: 0.1]
      [Ext Root Scanning (ms): Min: 0.1, Avg: 0.1, Max: 0.2, Diff: 0.1, Sum: 1.1]
      [Update RS (ms): Min: 0.2, Avg: 0.3, Max: 0.3, Diff: 0.1, Sum: 2.0]
         [Processed Buffers: Min: 0, Avg: 2.9, Max: 4, Diff: 4, Sum: 23]
      [Scan RS (ms): Min: 0.0, Avg: 0.0, Max: 0.0, Diff: 0.0, Sum: 0.1]
      [Code Root Scanning (ms): Min: 0.0, Avg: 0.0, Max: 0.0, Diff: 0.0, Sum: 0.0]
      [Object Copy (ms): Min: 4.1, Avg: 4.1, Max: 4.2, Diff: 0.1, Sum: 32.9]
      [Termination (ms): Min: 0.0, Avg: 0.1, Max: 0.1, Diff: 0.1, Sum: 0.4]
         [Termination Attempts: Min: 1, Avg: 1.3, Max: 3, Diff: 2, Sum: 10]
      [GC Worker Other (ms): Min: 0.0, Avg: 0.0, Max: 0.0, Diff: 0.0, Sum: 0.1]
      [GC Worker Total (ms): Min: 4.6, Avg: 4.6, Max: 4.6, Diff: 0.1, Sum: 36.7]
      [GC Worker End (ms): Min: 471.4, Avg: 471.4, Max: 471.4, Diff: 0.0]
   [Code Root Fixup: 0.0 ms]
   [Code Root Purge: 0.0 ms]
   [Clear CT: 0.1 ms]
   [Other: 0.5 ms]
      [Choose CSet: 0.0 ms]
      [Ref Proc: 0.1 ms]
      [Ref Enq: 0.0 ms]
      [Redirty Cards: 0.1 ms]
      [Humongous Register: 0.1 ms]
      [Humongous Reclaim: 0.1 ms]
      [Free CSet: 0.1 ms]
   [Eden: 87040.0K(87040.0K)->0.0B(13312.0K) Survivors: 6144.0K->12288.0K Heap: 401.5M(512.0M)->325.3M(512.0M)]
 [Times: user=0.08 sys=0.01, real=0.01 secs] 
0.475: [GC pause (G1 Evacuation Pause) (mixed), 0.0051001 secs]
   [Parallel Time: 4.5 ms, GC Workers: 8]
      [GC Worker Start (ms): Min: 475.3, Avg: 475.7, Max: 477.9, Diff: 2.6]
      [Ext Root Scanning (ms): Min: 0.0, Avg: 0.1, Max: 0.2, Diff: 0.2, Sum: 1.0]
      [Update RS (ms): Min: 0.0, Avg: 0.2, Max: 0.3, Diff: 0.3, Sum: 1.9]
         [Processed Buffers: Min: 0, Avg: 2.9, Max: 4, Diff: 4, Sum: 23]
      [Scan RS (ms): Min: 0.0, Avg: 0.0, Max: 0.1, Diff: 0.1, Sum: 0.3]
      [Code Root Scanning (ms): Min: 0.0, Avg: 0.0, Max: 0.0, Diff: 0.0, Sum: 0.0]
      [Object Copy (ms): Min: 1.7, Avg: 3.6, Max: 3.9, Diff: 2.2, Sum: 29.1]
      [Termination (ms): Min: 0.0, Avg: 0.0, Max: 0.1, Diff: 0.1, Sum: 0.1]
         [Termination Attempts: Min: 1, Avg: 1.0, Max: 1, Diff: 0, Sum: 8]
      [GC Worker Other (ms): Min: 0.0, Avg: 0.0, Max: 0.0, Diff: 0.0, Sum: 0.1]
      [GC Worker Total (ms): Min: 1.8, Avg: 4.1, Max: 4.4, Diff: 2.6, Sum: 32.5]
      [GC Worker End (ms): Min: 479.7, Avg: 479.7, Max: 479.7, Diff: 0.0]
   [Code Root Fixup: 0.0 ms]
   [Code Root Purge: 0.0 ms]
   [Clear CT: 0.1 ms]
   [Other: 0.5 ms]
      [Choose CSet: 0.0 ms]
      [Ref Proc: 0.1 ms]
      [Ref Enq: 0.0 ms]
      [Redirty Cards: 0.2 ms]
      [Humongous Register: 0.1 ms]
      [Humongous Reclaim: 0.0 ms]
      [Free CSet: 0.0 ms]
   [Eden: 13312.0K(13312.0K)->0.0B(73728.0K) Survivors: 12288.0K->4096.0K Heap: 343.7M(512.0M)->306.1M(512.0M)]
 [Times: user=0.00 sys=0.00, real=0.01 secs] 
0.481: [GC pause (G1 Humongous Allocation) (young) (initial-mark), 0.0015399 secs]
   [Parallel Time: 0.8 ms, GC Workers: 8]
      [GC Worker Start (ms): Min: 481.4, Avg: 481.5, Max: 481.5, Diff: 0.1]
      [Ext Root Scanning (ms): Min: 0.1, Avg: 0.1, Max: 0.2, Diff: 0.1, Sum: 1.0]
      [Update RS (ms): Min: 0.0, Avg: 0.1, Max: 0.4, Diff: 0.3, Sum: 1.0]
         [Processed Buffers: Min: 1, Avg: 1.1, Max: 2, Diff: 1, Sum: 9]
      [Scan RS (ms): Min: 0.0, Avg: 0.0, Max: 0.0, Diff: 0.0, Sum: 0.0]
      [Code Root Scanning (ms): Min: 0.0, Avg: 0.0, Max: 0.0, Diff: 0.0, Sum: 0.0]
      [Object Copy (ms): Min: 0.2, Avg: 0.5, Max: 0.6, Diff: 0.3, Sum: 3.7]
      [Termination (ms): Min: 0.0, Avg: 0.0, Max: 0.0, Diff: 0.0, Sum: 0.2]
         [Termination Attempts: Min: 1, Avg: 1.0, Max: 1, Diff: 0, Sum: 8]
      [GC Worker Other (ms): Min: 0.0, Avg: 0.0, Max: 0.0, Diff: 0.0, Sum: 0.1]
      [GC Worker Total (ms): Min: 0.7, Avg: 0.7, Max: 0.8, Diff: 0.1, Sum: 6.0]
      [GC Worker End (ms): Min: 482.2, Avg: 482.2, Max: 482.2, Diff: 0.0]
   [Code Root Fixup: 0.0 ms]
   [Code Root Purge: 0.0 ms]
   [Clear CT: 0.2 ms]
   [Other: 0.5 ms]
      [Choose CSet: 0.0 ms]
      [Ref Proc: 0.1 ms]
      [Ref Enq: 0.0 ms]
      [Redirty Cards: 0.1 ms]
      [Humongous Register: 0.1 ms]
      [Humongous Reclaim: 0.0 ms]
      [Free CSet: 0.0 ms]
   [Eden: 4096.0K(73728.0K)->0.0B(75776.0K) Survivors: 4096.0K->5120.0K Heap: 309.8M(512.0M)->307.2M(512.0M)]
 [Times: user=0.00 sys=0.00, real=0.00 secs] 
0.483: [GC concurrent-root-region-scan-start]
0.483: [GC concurrent-root-region-scan-end, 0.0001321 secs]
0.483: [GC concurrent-mark-start]
0.485: [GC concurrent-mark-end, 0.0014968 secs]
0.485: [GC remark 0.485: [Finalize Marking, 0.0001327 secs] 0.485: [GC ref-proc, 0.0000974 secs] 0.485: [Unloading, 0.0004493 secs], 0.0014749 secs]
 [Times: user=0.00 sys=0.00, real=0.00 secs] 
0.487: [GC cleanup 319M->318M(512M), 0.0004661 secs]
 [Times: user=0.00 sys=0.00, real=0.00 secs] 
0.487: [GC concurrent-cleanup-start]
0.487: [GC concurrent-cleanup-end, 0.0000439 secs]
0.501: [GC pause (G1 Evacuation Pause) (young), 0.0048996 secs]
   [Parallel Time: 4.3 ms, GC Workers: 8]
      [GC Worker Start (ms): Min: 501.6, Avg: 501.7, Max: 501.7, Diff: 0.1]
      [Ext Root Scanning (ms): Min: 0.1, Avg: 0.1, Max: 0.2, Diff: 0.1, Sum: 1.0]
      [Update RS (ms): Min: 0.3, Avg: 0.4, Max: 0.4, Diff: 0.1, Sum: 2.9]
         [Processed Buffers: Min: 1, Avg: 4.3, Max: 5, Diff: 4, Sum: 34]
      [Scan RS (ms): Min: 0.0, Avg: 0.0, Max: 0.0, Diff: 0.0, Sum: 0.1]
      [Code Root Scanning (ms): Min: 0.0, Avg: 0.0, Max: 0.0, Diff: 0.0, Sum: 0.0]
      [Object Copy (ms): Min: 3.6, Avg: 3.7, Max: 3.7, Diff: 0.2, Sum: 29.2]
      [Termination (ms): Min: 0.0, Avg: 0.1, Max: 0.1, Diff: 0.1, Sum: 0.6]
         [Termination Attempts: Min: 1, Avg: 1.8, Max: 3, Diff: 2, Sum: 14]
      [GC Worker Other (ms): Min: 0.0, Avg: 0.0, Max: 0.0, Diff: 0.0, Sum: 0.1]
      [GC Worker Total (ms): Min: 4.2, Avg: 4.2, Max: 4.2, Diff: 0.1, Sum: 33.8]
      [GC Worker End (ms): Min: 505.9, Avg: 505.9, Max: 505.9, Diff: 0.1]
   [Code Root Fixup: 0.0 ms]
   [Code Root Purge: 0.0 ms]
   [Clear CT: 0.1 ms]
   [Other: 0.5 ms]
      [Choose CSet: 0.0 ms]
      [Ref Proc: 0.1 ms]
      [Ref Enq: 0.0 ms]
      [Redirty Cards: 0.1 ms]
      [Humongous Register: 0.1 ms]
      [Humongous Reclaim: 0.1 ms]
      [Free CSet: 0.0 ms]
   [Eden: 75776.0K(75776.0K)->0.0B(15360.0K) Survivors: 5120.0K->10240.0K Heap: 400.7M(512.0M)->335.8M(512.0M)]
 [Times: user=0.13 sys=0.00, real=0.01 secs] 
0.510: [GC pause (G1 Evacuation Pause) (mixed), 0.0046853 secs]
   [Parallel Time: 4.2 ms, GC Workers: 8]
      [GC Worker Start (ms): Min: 510.3, Avg: 510.4, Max: 510.5, Diff: 0.2]
      [Ext Root Scanning (ms): Min: 0.0, Avg: 0.1, Max: 0.3, Diff: 0.3, Sum: 1.1]
      [Update RS (ms): Min: 0.2, Avg: 0.3, Max: 0.4, Diff: 0.2, Sum: 2.5]
         [Processed Buffers: Min: 3, Avg: 3.9, Max: 5, Diff: 2, Sum: 31]
      [Scan RS (ms): Min: 0.0, Avg: 0.0, Max: 0.0, Diff: 0.0, Sum: 0.2]
      [Code Root Scanning (ms): Min: 0.0, Avg: 0.0, Max: 0.0, Diff: 0.0, Sum: 0.0]
      [Object Copy (ms): Min: 3.5, Avg: 3.6, Max: 3.6, Diff: 0.1, Sum: 28.6]
      [Termination (ms): Min: 0.0, Avg: 0.0, Max: 0.1, Diff: 0.1, Sum: 0.3]
         [Termination Attempts: Min: 1, Avg: 1.0, Max: 1, Diff: 0, Sum: 8]
      [GC Worker Other (ms): Min: 0.0, Avg: 0.0, Max: 0.0, Diff: 0.0, Sum: 0.1]
      [GC Worker Total (ms): Min: 4.0, Avg: 4.1, Max: 4.1, Diff: 0.2, Sum: 32.7]
      [GC Worker End (ms): Min: 514.5, Avg: 514.5, Max: 514.5, Diff: 0.0]
   [Code Root Fixup: 0.0 ms]
   [Code Root Purge: 0.0 ms]
   [Clear CT: 0.1 ms]
   [Other: 0.4 ms]
      [Choose CSet: 0.0 ms]
      [Ref Proc: 0.1 ms]
      [Ref Enq: 0.0 ms]
      [Redirty Cards: 0.1 ms]
      [Humongous Register: 0.1 ms]
      [Humongous Reclaim: 0.0 ms]
      [Free CSet: 0.0 ms]
   [Eden: 15360.0K(15360.0K)->0.0B(62464.0K) Survivors: 10240.0K->4096.0K Heap: 353.5M(512.0M)->323.0M(512.0M)]
 [Times: user=0.00 sys=0.00, real=0.00 secs] 
0.516: [GC pause (G1 Humongous Allocation) (young) (initial-mark), 0.0011535 secs]
   [Parallel Time: 0.8 ms, GC Workers: 8]
      [GC Worker Start (ms): Min: 515.7, Avg: 515.7, Max: 515.8, Diff: 0.0]
      [Ext Root Scanning (ms): Min: 0.1, Avg: 0.1, Max: 0.1, Diff: 0.0, Sum: 1.0]
      [Update RS (ms): Min: 0.0, Avg: 0.1, Max: 0.1, Diff: 0.1, Sum: 0.5]
         [Processed Buffers: Min: 1, Avg: 1.1, Max: 2, Diff: 1, Sum: 9]
      [Scan RS (ms): Min: 0.0, Avg: 0.0, Max: 0.0, Diff: 0.0, Sum: 0.0]
      [Code Root Scanning (ms): Min: 0.0, Avg: 0.0, Max: 0.0, Diff: 0.0, Sum: 0.0]
      [Object Copy (ms): Min: 0.4, Avg: 0.5, Max: 0.5, Diff: 0.1, Sum: 3.7]
      [Termination (ms): Min: 0.0, Avg: 0.0, Max: 0.1, Diff: 0.1, Sum: 0.4]
         [Termination Attempts: Min: 1, Avg: 1.0, Max: 1, Diff: 0, Sum: 8]
      [GC Worker Other (ms): Min: 0.0, Avg: 0.0, Max: 0.0, Diff: 0.0, Sum: 0.1]
      [GC Worker Total (ms): Min: 0.7, Avg: 0.7, Max: 0.7, Diff: 0.0, Sum: 5.6]
      [GC Worker End (ms): Min: 516.4, Avg: 516.5, Max: 516.5, Diff: 0.0]
   [Code Root Fixup: 0.0 ms]
   [Code Root Purge: 0.0 ms]
   [Clear CT: 0.1 ms]
   [Other: 0.3 ms]
      [Choose CSet: 0.0 ms]
      [Ref Proc: 0.1 ms]
      [Ref Enq: 0.0 ms]
      [Redirty Cards: 0.1 ms]
      [Humongous Register: 0.1 ms]
      [Humongous Reclaim: 0.0 ms]
      [Free CSet: 0.0 ms]
   [Eden: 3072.0K(62464.0K)->0.0B(64512.0K) Survivors: 4096.0K->5120.0K Heap: 325.8M(512.0M)->323.1M(512.0M)]
 [Times: user=0.00 sys=0.00, real=0.00 secs] 
0.517: [GC concurrent-root-region-scan-start]
0.517: [GC concurrent-root-region-scan-end, 0.0000936 secs]
0.517: [GC concurrent-mark-start]
0.518: [GC concurrent-mark-end, 0.0011282 secs]
0.518: [GC remark 0.518: [Finalize Marking, 0.0000998 secs] 0.519: [GC ref-proc, 0.0000957 secs] 0.519: [Unloading, 0.0004142 secs], 0.0013530 secs]
 [Times: user=0.00 sys=0.00, real=0.00 secs] 
0.520: [GC cleanup 333M->333M(512M), 0.0004886 secs]
 [Times: user=0.00 sys=0.00, real=0.00 secs] 
0.532: [GC pause (G1 Evacuation Pause) (young), 0.0041841 secs]
   [Parallel Time: 3.7 ms, GC Workers: 8]
      [GC Worker Start (ms): Min: 531.8, Avg: 531.8, Max: 531.8, Diff: 0.0]
      [Ext Root Scanning (ms): Min: 0.1, Avg: 0.1, Max: 0.1, Diff: 0.0, Sum: 1.0]
      [Update RS (ms): Min: 0.4, Avg: 0.4, Max: 0.4, Diff: 0.0, Sum: 3.0]
         [Processed Buffers: Min: 1, Avg: 4.6, Max: 6, Diff: 5, Sum: 37]
      [Scan RS (ms): Min: 0.0, Avg: 0.0, Max: 0.0, Diff: 0.0, Sum: 0.0]
      [Code Root Scanning (ms): Min: 0.0, Avg: 0.0, Max: 0.0, Diff: 0.0, Sum: 0.0]
      [Object Copy (ms): Min: 2.9, Avg: 3.0, Max: 3.1, Diff: 0.2, Sum: 23.8]
      [Termination (ms): Min: 0.0, Avg: 0.1, Max: 0.2, Diff: 0.2, Sum: 0.8]
         [Termination Attempts: Min: 1, Avg: 1.0, Max: 1, Diff: 0, Sum: 8]
      [GC Worker Other (ms): Min: 0.0, Avg: 0.0, Max: 0.0, Diff: 0.0, Sum: 0.1]
      [GC Worker Total (ms): Min: 3.6, Avg: 3.6, Max: 3.6, Diff: 0.0, Sum: 28.8]
      [GC Worker End (ms): Min: 535.4, Avg: 535.4, Max: 535.4, Diff: 0.0]
   [Code Root Fixup: 0.0 ms]
   [Code Root Purge: 0.0 ms]
   [Clear CT: 0.1 ms]
   [Other: 0.5 ms]
      [Choose CSet: 0.0 ms]
      [Ref Proc: 0.1 ms]
      [Ref Enq: 0.0 ms]
      [Redirty Cards: 0.1 ms]
      [Humongous Register: 0.1 ms]
      [Humongous Reclaim: 0.1 ms]
      [Free CSet: 0.0 ms]
   [Eden: 64512.0K(64512.0K)->0.0B(16384.0K) Survivors: 5120.0K->9216.0K Heap: 407.0M(512.0M)->347.0M(512.0M)]
 [Times: user=0.13 sys=0.00, real=0.00 secs] 
0.538: [GC pause (G1 Evacuation Pause) (mixed), 0.0060031 secs]
   [Parallel Time: 5.4 ms, GC Workers: 8]
      [GC Worker Start (ms): Min: 538.5, Avg: 538.6, Max: 538.6, Diff: 0.1]
      [Ext Root Scanning (ms): Min: 0.1, Avg: 0.1, Max: 0.2, Diff: 0.1, Sum: 1.0]
      [Update RS (ms): Min: 0.3, Avg: 0.4, Max: 0.4, Diff: 0.0, Sum: 2.9]
         [Processed Buffers: Min: 5, Avg: 5.1, Max: 6, Diff: 1, Sum: 41]
      [Scan RS (ms): Min: 0.0, Avg: 0.0, Max: 0.1, Diff: 0.0, Sum: 0.2]
      [Code Root Scanning (ms): Min: 0.0, Avg: 0.0, Max: 0.0, Diff: 0.0, Sum: 0.0]
      [Object Copy (ms): Min: 4.6, Avg: 4.6, Max: 4.7, Diff: 0.1, Sum: 37.0]
      [Termination (ms): Min: 0.0, Avg: 0.1, Max: 0.1, Diff: 0.1, Sum: 0.4]
         [Termination Attempts: Min: 1, Avg: 1.3, Max: 2, Diff: 1, Sum: 10]
      [GC Worker Other (ms): Min: 0.0, Avg: 0.0, Max: 0.0, Diff: 0.0, Sum: 0.1]
      [GC Worker Total (ms): Min: 5.2, Avg: 5.2, Max: 5.3, Diff: 0.1, Sum: 41.6]
      [GC Worker End (ms): Min: 543.8, Avg: 543.8, Max: 543.8, Diff: 0.0]
   [Code Root Fixup: 0.0 ms]
   [Code Root Purge: 0.0 ms]
   [Clear CT: 0.1 ms]
   [Other: 0.5 ms]
      [Choose CSet: 0.0 ms]
      [Ref Proc: 0.1 ms]
      [Ref Enq: 0.0 ms]
      [Redirty Cards: 0.1 ms]
      [Humongous Register: 0.1 ms]
      [Humongous Reclaim: 0.0 ms]
      [Free CSet: 0.0 ms]
   [Eden: 16384.0K(16384.0K)->0.0B(55296.0K) Survivors: 9216.0K->4096.0K Heap: 366.9M(512.0M)->330.1M(512.0M)]
 [Times: user=0.00 sys=0.00, real=0.01 secs] 
0.545: [GC pause (G1 Humongous Allocation) (young) (initial-mark), 0.0012099 secs]
   [Parallel Time: 0.8 ms, GC Workers: 8]
      [GC Worker Start (ms): Min: 545.3, Avg: 545.3, Max: 545.5, Diff: 0.2]
      [Ext Root Scanning (ms): Min: 0.0, Avg: 0.1, Max: 0.2, Diff: 0.2, Sum: 1.1]
      [Update RS (ms): Min: 0.0, Avg: 0.1, Max: 0.1, Diff: 0.1, Sum: 0.6]
         [Processed Buffers: Min: 1, Avg: 1.1, Max: 2, Diff: 1, Sum: 9]
      [Scan RS (ms): Min: 0.0, Avg: 0.0, Max: 0.0, Diff: 0.0, Sum: 0.0]
      [Code Root Scanning (ms): Min: 0.0, Avg: 0.0, Max: 0.0, Diff: 0.0, Sum: 0.0]
      [Object Copy (ms): Min: 0.4, Avg: 0.5, Max: 0.5, Diff: 0.1, Sum: 3.9]
      [Termination (ms): Min: 0.0, Avg: 0.1, Max: 0.1, Diff: 0.1, Sum: 0.6]
         [Termination Attempts: Min: 1, Avg: 1.0, Max: 1, Diff: 0, Sum: 8]
      [GC Worker Other (ms): Min: 0.0, Avg: 0.0, Max: 0.0, Diff: 0.0, Sum: 0.0]
      [GC Worker Total (ms): Min: 0.7, Avg: 0.8, Max: 0.8, Diff: 0.2, Sum: 6.2]
      [GC Worker End (ms): Min: 546.1, Avg: 546.1, Max: 546.1, Diff: 0.0]
   [Code Root Fixup: 0.0 ms]
   [Code Root Purge: 0.0 ms]
   [Clear CT: 0.1 ms]
   [Other: 0.3 ms]
      [Choose CSet: 0.0 ms]
      [Ref Proc: 0.1 ms]
      [Ref Enq: 0.0 ms]
      [Redirty Cards: 0.1 ms]
      [Humongous Register: 0.1 ms]
      [Humongous Reclaim: 0.0 ms]
      [Free CSet: 0.0 ms]
   [Eden: 3072.0K(55296.0K)->0.0B(53248.0K) Survivors: 4096.0K->6144.0K Heap: 332.8M(512.0M)->331.6M(512.0M)]
 [Times: user=0.00 sys=0.00, real=0.00 secs] 
0.547: [GC concurrent-root-region-scan-start]
0.547: [GC concurrent-root-region-scan-end, 0.0001121 secs]
0.547: [GC concurrent-mark-start]
0.548: [GC concurrent-mark-end, 0.0011967 secs]
0.548: [GC remark 0.548: [Finalize Marking, 0.0001020 secs] 0.548: [GC ref-proc, 0.0000957 secs] 0.548: [Unloading, 0.0004694 secs], 0.0015033 secs]
 [Times: user=0.13 sys=0.00, real=0.00 secs] 
0.550: [GC cleanup 339M->339M(512M), 0.0004503 secs]
 [Times: user=0.00 sys=0.00, real=0.00 secs] 
0.561: [GC pause (G1 Evacuation Pause) (young), 0.0039000 secs]
   [Parallel Time: 3.3 ms, GC Workers: 8]
      [GC Worker Start (ms): Min: 561.1, Avg: 561.2, Max: 561.7, Diff: 0.7]
      [Ext Root Scanning (ms): Min: 0.0, Avg: 0.1, Max: 0.2, Diff: 0.2, Sum: 1.0]
      [Update RS (ms): Min: 0.1, Avg: 0.5, Max: 0.6, Diff: 0.5, Sum: 4.2]
         [Processed Buffers: Min: 1, Avg: 5.9, Max: 9, Diff: 8, Sum: 47]
      [Scan RS (ms): Min: 0.0, Avg: 0.0, Max: 0.0, Diff: 0.0, Sum: 0.0]
      [Code Root Scanning (ms): Min: 0.0, Avg: 0.0, Max: 0.0, Diff: 0.0, Sum: 0.0]
      [Object Copy (ms): Min: 2.3, Avg: 2.5, Max: 2.5, Diff: 0.2, Sum: 19.7]
      [Termination (ms): Min: 0.0, Avg: 0.1, Max: 0.2, Diff: 0.2, Sum: 0.6]
         [Termination Attempts: Min: 1, Avg: 1.0, Max: 1, Diff: 0, Sum: 8]
      [GC Worker Other (ms): Min: 0.0, Avg: 0.0, Max: 0.0, Diff: 0.0, Sum: 0.1]
      [GC Worker Total (ms): Min: 2.6, Avg: 3.2, Max: 3.3, Diff: 0.7, Sum: 25.6]
      [GC Worker End (ms): Min: 564.4, Avg: 564.4, Max: 564.4, Diff: 0.0]
   [Code Root Fixup: 0.0 ms]
   [Code Root Purge: 0.0 ms]
   [Clear CT: 0.1 ms]
   [Other: 0.5 ms]
      [Choose CSet: 0.0 ms]
      [Ref Proc: 0.1 ms]
      [Ref Enq: 0.0 ms]
      [Redirty Cards: 0.1 ms]
      [Humongous Register: 0.1 ms]
      [Humongous Reclaim: 0.1 ms]
      [Free CSet: 0.0 ms]
   [Eden: 53248.0K(53248.0K)->0.0B(17408.0K) Survivors: 6144.0K->8192.0K Heap: 398.5M(512.0M)->347.5M(512.0M)]
 [Times: user=0.00 sys=0.01, real=0.00 secs] 
0.568: [GC pause (G1 Evacuation Pause) (mixed), 0.0050133 secs]
   [Parallel Time: 4.5 ms, GC Workers: 8]
      [GC Worker Start (ms): Min: 568.6, Avg: 568.6, Max: 568.8, Diff: 0.2]
      [Ext Root Scanning (ms): Min: 0.0, Avg: 0.1, Max: 0.2, Diff: 0.2, Sum: 1.0]
      [Update RS (ms): Min: 0.3, Avg: 0.4, Max: 0.4, Diff: 0.1, Sum: 3.1]
         [Processed Buffers: Min: 4, Avg: 5.3, Max: 6, Diff: 2, Sum: 42]
      [Scan RS (ms): Min: 0.0, Avg: 0.0, Max: 0.0, Diff: 0.0, Sum: 0.2]
      [Code Root Scanning (ms): Min: 0.0, Avg: 0.0, Max: 0.0, Diff: 0.0, Sum: 0.0]
      [Object Copy (ms): Min: 3.8, Avg: 3.9, Max: 3.9, Diff: 0.1, Sum: 30.8]
      [Termination (ms): Min: 0.0, Avg: 0.1, Max: 0.1, Diff: 0.1, Sum: 0.5]
         [Termination Attempts: Min: 1, Avg: 1.0, Max: 1, Diff: 0, Sum: 8]
      [GC Worker Other (ms): Min: 0.0, Avg: 0.0, Max: 0.0, Diff: 0.0, Sum: 0.1]
      [GC Worker Total (ms): Min: 4.3, Avg: 4.5, Max: 4.5, Diff: 0.2, Sum: 35.7]
      [GC Worker End (ms): Min: 573.1, Avg: 573.1, Max: 573.1, Diff: 0.0]
   [Code Root Fixup: 0.0 ms]
   [Code Root Purge: 0.0 ms]
   [Clear CT: 0.1 ms]
   [Other: 0.4 ms]
      [Choose CSet: 0.0 ms]
      [Ref Proc: 0.1 ms]
      [Ref Enq: 0.0 ms]
      [Redirty Cards: 0.1 ms]
      [Humongous Register: 0.1 ms]
      [Humongous Reclaim: 0.0 ms]
      [Free CSet: 0.0 ms]
   [Eden: 17408.0K(17408.0K)->0.0B(52224.0K) Survivors: 8192.0K->4096.0K Heap: 368.6M(512.0M)->331.4M(512.0M)]
 [Times: user=0.00 sys=0.00, real=0.00 secs] 
0.574: [GC pause (G1 Humongous Allocation) (young) (initial-mark), 0.0013809 secs]
   [Parallel Time: 1.0 ms, GC Workers: 8]
      [GC Worker Start (ms): Min: 574.1, Avg: 574.1, Max: 574.1, Diff: 0.0]
      [Ext Root Scanning (ms): Min: 0.1, Avg: 0.1, Max: 0.2, Diff: 0.1, Sum: 1.1]
      [Update RS (ms): Min: 0.0, Avg: 0.1, Max: 0.8, Diff: 0.8, Sum: 1.1]
         [Processed Buffers: Min: 0, Avg: 1.1, Max: 2, Diff: 2, Sum: 9]
      [Scan RS (ms): Min: 0.0, Avg: 0.0, Max: 0.0, Diff: 0.0, Sum: 0.0]
      [Code Root Scanning (ms): Min: 0.0, Avg: 0.0, Max: 0.0, Diff: 0.0, Sum: 0.0]
      [Object Copy (ms): Min: 0.0, Avg: 0.6, Max: 0.7, Diff: 0.7, Sum: 4.5]
      [Termination (ms): Min: 0.0, Avg: 0.1, Max: 0.1, Diff: 0.1, Sum: 0.6]
         [Termination Attempts: Min: 1, Avg: 1.3, Max: 2, Diff: 1, Sum: 10]
      [GC Worker Other (ms): Min: 0.0, Avg: 0.0, Max: 0.0, Diff: 0.0, Sum: 0.1]
      [GC Worker Total (ms): Min: 0.9, Avg: 0.9, Max: 1.0, Diff: 0.0, Sum: 7.5]
      [GC Worker End (ms): Min: 575.1, Avg: 575.1, Max: 575.1, Diff: 0.0]
   [Code Root Fixup: 0.0 ms]
   [Code Root Purge: 0.0 ms]
   [Clear CT: 0.1 ms]
   [Other: 0.3 ms]
      [Choose CSet: 0.0 ms]
      [Ref Proc: 0.1 ms]
      [Ref Enq: 0.0 ms]
      [Redirty Cards: 0.1 ms]
      [Humongous Register: 0.1 ms]
      [Humongous Reclaim: 0.0 ms]
      [Free CSet: 0.0 ms]
   [Eden: 3072.0K(52224.0K)->0.0B(50176.0K) Survivors: 4096.0K->2048.0K Heap: 334.3M(512.0M)->332.3M(512.0M)]
 [Times: user=0.00 sys=0.00, real=0.00 secs] 
0.576: [GC concurrent-root-region-scan-start]
0.576: [GC concurrent-root-region-scan-end, 0.0001034 secs]
0.576: [GC concurrent-mark-start]
0.577: [GC concurrent-mark-end, 0.0013909 secs]
0.577: [GC remark 0.577: [Finalize Marking, 0.0001133 secs] 0.578: [GC ref-proc, 0.0000954 secs] 0.578: [Unloading, 0.0005579 secs], 0.0015694 secs]
 [Times: user=0.00 sys=0.00, real=0.00 secs] 
0.579: [GC cleanup 340M->340M(512M), 0.0003610 secs]
 [Times: user=0.00 sys=0.00, real=0.00 secs] 
0.588: [GC pause (G1 Evacuation Pause) (young), 0.0031724 secs]
   [Parallel Time: 2.7 ms, GC Workers: 8]
      [GC Worker Start (ms): Min: 587.8, Avg: 587.8, Max: 587.8, Diff: 0.1]
      [Ext Root Scanning (ms): Min: 0.1, Avg: 0.1, Max: 0.2, Diff: 0.1, Sum: 1.0]
      [Update RS (ms): Min: 0.5, Avg: 0.6, Max: 1.1, Diff: 0.6, Sum: 5.2]
         [Processed Buffers: Min: 4, Avg: 6.9, Max: 8, Diff: 4, Sum: 55]
      [Scan RS (ms): Min: 0.0, Avg: 0.0, Max: 0.0, Diff: 0.0, Sum: 0.0]
      [Code Root Scanning (ms): Min: 0.0, Avg: 0.0, Max: 0.0, Diff: 0.0, Sum: 0.0]
      [Object Copy (ms): Min: 1.4, Avg: 1.8, Max: 1.9, Diff: 0.6, Sum: 14.7]
      [Termination (ms): Min: 0.0, Avg: 0.0, Max: 0.1, Diff: 0.1, Sum: 0.3]
         [Termination Attempts: Min: 1, Avg: 1.6, Max: 2, Diff: 1, Sum: 13]
      [GC Worker Other (ms): Min: 0.0, Avg: 0.0, Max: 0.0, Diff: 0.0, Sum: 0.1]
      [GC Worker Total (ms): Min: 2.6, Avg: 2.7, Max: 2.7, Diff: 0.1, Sum: 21.3]
      [GC Worker End (ms): Min: 590.4, Avg: 590.4, Max: 590.5, Diff: 0.0]
   [Code Root Fixup: 0.0 ms]
   [Code Root Purge: 0.0 ms]
   [Clear CT: 0.1 ms]
   [Other: 0.4 ms]
      [Choose CSet: 0.0 ms]
      [Ref Proc: 0.1 ms]
      [Ref Enq: 0.0 ms]
      [Redirty Cards: 0.1 ms]
      [Humongous Register: 0.1 ms]
      [Humongous Reclaim: 0.0 ms]
      [Free CSet: 0.0 ms]
   [Eden: 50176.0K(50176.0K)->0.0B(18432.0K) Survivors: 2048.0K->7168.0K Heap: 390.3M(512.0M)->350.9M(512.0M)]
 [Times: user=0.00 sys=0.00, real=0.00 secs] 
0.594: [GC pause (G1 Evacuation Pause) (mixed), 0.0051548 secs]
   [Parallel Time: 4.6 ms, GC Workers: 8]
      [GC Worker Start (ms): Min: 594.1, Avg: 594.2, Max: 594.2, Diff: 0.0]
      [Ext Root Scanning (ms): Min: 0.1, Avg: 0.1, Max: 0.1, Diff: 0.0, Sum: 1.0]
      [Update RS (ms): Min: 0.2, Avg: 0.3, Max: 0.3, Diff: 0.0, Sum: 2.1]
         [Processed Buffers: Min: 3, Avg: 3.8, Max: 5, Diff: 2, Sum: 30]
      [Scan RS (ms): Min: 0.0, Avg: 0.0, Max: 0.1, Diff: 0.1, Sum: 0.3]
      [Code Root Scanning (ms): Min: 0.0, Avg: 0.0, Max: 0.0, Diff: 0.0, Sum: 0.0]
      [Object Copy (ms): Min: 4.1, Avg: 4.1, Max: 4.1, Diff: 0.0, Sum: 32.6]
      [Termination (ms): Min: 0.0, Avg: 0.0, Max: 0.1, Diff: 0.1, Sum: 0.3]
         [Termination Attempts: Min: 1, Avg: 1.0, Max: 1, Diff: 0, Sum: 8]
      [GC Worker Other (ms): Min: 0.0, Avg: 0.0, Max: 0.0, Diff: 0.0, Sum: 0.1]
      [GC Worker Total (ms): Min: 4.5, Avg: 4.5, Max: 4.6, Diff: 0.0, Sum: 36.4]
      [GC Worker End (ms): Min: 598.7, Avg: 598.7, Max: 598.7, Diff: 0.0]
   [Code Root Fixup: 0.0 ms]
   [Code Root Purge: 0.0 ms]
   [Clear CT: 0.1 ms]
   [Other: 0.5 ms]
      [Choose CSet: 0.0 ms]
      [Ref Proc: 0.1 ms]
      [Ref Enq: 0.0 ms]
      [Redirty Cards: 0.1 ms]
      [Humongous Register: 0.1 ms]
      [Humongous Reclaim: 0.0 ms]
      [Free CSet: 0.1 ms]
   [Eden: 18432.0K(18432.0K)->0.0B(40960.0K) Survivors: 7168.0K->4096.0K Heap: 371.6M(512.0M)->342.6M(512.0M)]
 [Times: user=0.11 sys=0.02, real=0.01 secs] 
0.600: [GC pause (G1 Humongous Allocation) (young) (initial-mark), 0.0013008 secs]
   [Parallel Time: 0.8 ms, GC Workers: 8]
      [GC Worker Start (ms): Min: 600.4, Avg: 600.5, Max: 600.6, Diff: 0.2]
      [Ext Root Scanning (ms): Min: 0.0, Avg: 0.1, Max: 0.2, Diff: 0.2, Sum: 1.1]
      [Update RS (ms): Min: 0.0, Avg: 0.1, Max: 0.3, Diff: 0.3, Sum: 0.9]
         [Processed Buffers: Min: 1, Avg: 1.1, Max: 2, Diff: 1, Sum: 9]
      [Scan RS (ms): Min: 0.0, Avg: 0.0, Max: 0.0, Diff: 0.0, Sum: 0.0]
      [Code Root Scanning (ms): Min: 0.0, Avg: 0.0, Max: 0.0, Diff: 0.0, Sum: 0.0]
      [Object Copy (ms): Min: 0.2, Avg: 0.4, Max: 0.6, Diff: 0.3, Sum: 3.5]
      [Termination (ms): Min: 0.0, Avg: 0.1, Max: 0.1, Diff: 0.1, Sum: 0.6]
         [Termination Attempts: Min: 1, Avg: 1.0, Max: 1, Diff: 0, Sum: 8]
      [GC Worker Other (ms): Min: 0.0, Avg: 0.0, Max: 0.0, Diff: 0.0, Sum: 0.1]
      [GC Worker Total (ms): Min: 0.7, Avg: 0.8, Max: 0.8, Diff: 0.2, Sum: 6.3]
      [GC Worker End (ms): Min: 601.2, Avg: 601.2, Max: 601.2, Diff: 0.0]
   [Code Root Fixup: 0.0 ms]
   [Code Root Purge: 0.0 ms]
   [Clear CT: 0.1 ms]
   [Other: 0.4 ms]
      [Choose CSet: 0.0 ms]
      [Ref Proc: 0.1 ms]
      [Ref Enq: 0.0 ms]
      [Redirty Cards: 0.1 ms]
      [Humongous Register: 0.1 ms]
      [Humongous Reclaim: 0.0 ms]
      [Free CSet: 0.0 ms]
   [Eden: 5120.0K(40960.0K)->0.0B(41984.0K) Survivors: 4096.0K->2048.0K Heap: 346.9M(512.0M)->344.1M(512.0M)]
 [Times: user=0.00 sys=0.00, real=0.00 secs] 
0.602: [GC concurrent-root-region-scan-start]
0.602: [GC concurrent-root-region-scan-end, 0.0001064 secs]
0.602: [GC concurrent-mark-start]
0.603: [GC concurrent-mark-end, 0.0013692 secs]
0.603: [GC remark 0.604: [Finalize Marking, 0.0001032 secs] 0.604: [GC ref-proc, 0.0000961 secs] 0.604: [Unloading, 0.0004115 secs], 0.0014174 secs]
 [Times: user=0.00 sys=0.00, real=0.00 secs] 
0.605: [GC cleanup 351M->351M(512M), 0.0004010 secs]
 [Times: user=0.00 sys=0.00, real=0.00 secs] 
0.612: [GC pause (G1 Evacuation Pause) (young), 0.0027776 secs]
   [Parallel Time: 2.4 ms, GC Workers: 8]
      [GC Worker Start (ms): Min: 612.5, Avg: 612.5, Max: 612.5, Diff: 0.0]
      [Ext Root Scanning (ms): Min: 0.1, Avg: 0.1, Max: 0.1, Diff: 0.0, Sum: 1.0]
      [Update RS (ms): Min: 0.4, Avg: 0.5, Max: 0.5, Diff: 0.1, Sum: 3.6]
         [Processed Buffers: Min: 2, Avg: 5.4, Max: 6, Diff: 4, Sum: 43]
      [Scan RS (ms): Min: 0.0, Avg: 0.0, Max: 0.0, Diff: 0.0, Sum: 0.0]
      [Code Root Scanning (ms): Min: 0.0, Avg: 0.0, Max: 0.0, Diff: 0.0, Sum: 0.0]
      [Object Copy (ms): Min: 1.6, Avg: 1.7, Max: 1.7, Diff: 0.1, Sum: 13.4]
      [Termination (ms): Min: 0.0, Avg: 0.0, Max: 0.1, Diff: 0.1, Sum: 0.3]
         [Termination Attempts: Min: 1, Avg: 1.0, Max: 1, Diff: 0, Sum: 8]
      [GC Worker Other (ms): Min: 0.0, Avg: 0.0, Max: 0.0, Diff: 0.0, Sum: 0.1]
      [GC Worker Total (ms): Min: 2.3, Avg: 2.3, Max: 2.3, Diff: 0.0, Sum: 18.5]
      [GC Worker End (ms): Min: 614.8, Avg: 614.8, Max: 614.8, Diff: 0.0]
   [Code Root Fixup: 0.0 ms]
   [Code Root Purge: 0.0 ms]
   [Clear CT: 0.1 ms]
   [Other: 0.4 ms]
      [Choose CSet: 0.0 ms]
      [Ref Proc: 0.1 ms]
      [Ref Enq: 0.0 ms]
      [Redirty Cards: 0.0 ms]
      [Humongous Register: 0.1 ms]
      [Humongous Reclaim: 0.0 ms]
      [Free CSet: 0.0 ms]
   [Eden: 41984.0K(41984.0K)->0.0B(19456.0K) Survivors: 2048.0K->6144.0K Heap: 397.6M(512.0M)->360.9M(512.0M)]
 [Times: user=0.00 sys=0.00, real=0.00 secs] 
0.620: [GC pause (G1 Evacuation Pause) (mixed), 0.0053399 secs]
   [Parallel Time: 4.8 ms, GC Workers: 8]
      [GC Worker Start (ms): Min: 619.8, Avg: 619.8, Max: 619.8, Diff: 0.0]
      [Ext Root Scanning (ms): Min: 0.1, Avg: 0.1, Max: 0.1, Diff: 0.0, Sum: 1.0]
      [Update RS (ms): Min: 0.4, Avg: 0.4, Max: 0.4, Diff: 0.0, Sum: 3.2]
         [Processed Buffers: Min: 5, Avg: 5.5, Max: 7, Diff: 2, Sum: 44]
      [Scan RS (ms): Min: 0.0, Avg: 0.0, Max: 0.0, Diff: 0.0, Sum: 0.2]
      [Code Root Scanning (ms): Min: 0.0, Avg: 0.0, Max: 0.0, Diff: 0.0, Sum: 0.0]
      [Object Copy (ms): Min: 4.0, Avg: 4.1, Max: 4.2, Diff: 0.1, Sum: 32.8]
      [Termination (ms): Min: 0.0, Avg: 0.1, Max: 0.1, Diff: 0.1, Sum: 0.6]
         [Termination Attempts: Min: 1, Avg: 1.0, Max: 1, Diff: 0, Sum: 8]
      [GC Worker Other (ms): Min: 0.0, Avg: 0.0, Max: 0.0, Diff: 0.0, Sum: 0.1]
      [GC Worker Total (ms): Min: 4.7, Avg: 4.7, Max: 4.8, Diff: 0.0, Sum: 37.8]
      [GC Worker End (ms): Min: 624.5, Avg: 624.5, Max: 624.5, Diff: 0.0]
   [Code Root Fixup: 0.0 ms]
   [Code Root Purge: 0.0 ms]
   [Clear CT: 0.1 ms]
   [Other: 0.5 ms]
      [Choose CSet: 0.0 ms]
      [Ref Proc: 0.1 ms]
      [Ref Enq: 0.0 ms]
      [Redirty Cards: 0.1 ms]
      [Humongous Register: 0.1 ms]
      [Humongous Reclaim: 0.0 ms]
      [Free CSet: 0.0 ms]
   [Eden: 19456.0K(19456.0K)->0.0B(37888.0K) Survivors: 6144.0K->4096.0K Heap: 384.3M(512.0M)->347.2M(512.0M)]
 [Times: user=0.00 sys=0.00, real=0.01 secs] 
0.625: [GC pause (G1 Humongous Allocation) (young) (initial-mark), 0.0010165 secs]
   [Parallel Time: 0.7 ms, GC Workers: 8]
      [GC Worker Start (ms): Min: 625.4, Avg: 625.5, Max: 625.5, Diff: 0.0]
      [Ext Root Scanning (ms): Min: 0.1, Avg: 0.1, Max: 0.1, Diff: 0.0, Sum: 1.0]
      [Update RS (ms): Min: 0.0, Avg: 0.1, Max: 0.2, Diff: 0.1, Sum: 0.6]
         [Processed Buffers: Min: 1, Avg: 1.1, Max: 2, Diff: 1, Sum: 9]
      [Scan RS (ms): Min: 0.0, Avg: 0.0, Max: 0.0, Diff: 0.0, Sum: 0.0]
      [Code Root Scanning (ms): Min: 0.0, Avg: 0.0, Max: 0.0, Diff: 0.0, Sum: 0.0]
      [Object Copy (ms): Min: 0.2, Avg: 0.3, Max: 0.4, Diff: 0.2, Sum: 2.7]
      [Termination (ms): Min: 0.0, Avg: 0.1, Max: 0.1, Diff: 0.1, Sum: 0.5]
         [Termination Attempts: Min: 1, Avg: 1.0, Max: 1, Diff: 0, Sum: 8]
      [GC Worker Other (ms): Min: 0.0, Avg: 0.0, Max: 0.0, Diff: 0.0, Sum: 0.1]
      [GC Worker Total (ms): Min: 0.6, Avg: 0.6, Max: 0.6, Diff: 0.0, Sum: 4.9]
      [GC Worker End (ms): Min: 626.1, Avg: 626.1, Max: 626.1, Diff: 0.0]
   [Code Root Fixup: 0.0 ms]
   [Code Root Purge: 0.0 ms]
   [Clear CT: 0.1 ms]
   [Other: 0.3 ms]
      [Choose CSet: 0.0 ms]
      [Ref Proc: 0.1 ms]
      [Ref Enq: 0.0 ms]
      [Redirty Cards: 0.1 ms]
      [Humongous Register: 0.1 ms]
      [Humongous Reclaim: 0.0 ms]
      [Free CSet: 0.0 ms]
   [Eden: 1024.0K(37888.0K)->0.0B(38912.0K) Survivors: 4096.0K->1024.0K Heap: 347.9M(512.0M)->347.3M(512.0M)]
 [Times: user=0.00 sys=0.00, real=0.00 secs] 
0.627: [GC concurrent-root-region-scan-start]
0.627: [GC concurrent-root-region-scan-end, 0.0000684 secs]
0.627: [GC concurrent-mark-start]
0.628: [GC concurrent-mark-end, 0.0014581 secs]
0.628: [GC remark 0.628: [Finalize Marking, 0.0001210 secs] 0.629: [GC ref-proc, 0.0000987 secs] 0.629: [Unloading, 0.0004244 secs], 0.0015462 secs]
 [Times: user=0.00 sys=0.00, real=0.00 secs] 
0.630: [GC cleanup 354M->354M(512M), 0.0003598 secs]
 [Times: user=0.00 sys=0.00, real=0.00 secs] 
0.636: [GC pause (G1 Evacuation Pause) (young), 0.0027218 secs]
   [Parallel Time: 2.3 ms, GC Workers: 8]
      [GC Worker Start (ms): Min: 636.4, Avg: 636.5, Max: 636.5, Diff: 0.0]
      [Ext Root Scanning (ms): Min: 0.1, Avg: 0.1, Max: 0.1, Diff: 0.0, Sum: 1.0]
      [Update RS (ms): Min: 0.7, Avg: 0.7, Max: 0.7, Diff: 0.0, Sum: 5.5]
         [Processed Buffers: Min: 6, Avg: 8.4, Max: 9, Diff: 3, Sum: 67]
      [Scan RS (ms): Min: 0.0, Avg: 0.0, Max: 0.0, Diff: 0.0, Sum: 0.0]
      [Code Root Scanning (ms): Min: 0.0, Avg: 0.0, Max: 0.0, Diff: 0.0, Sum: 0.0]
      [Object Copy (ms): Min: 1.3, Avg: 1.4, Max: 1.5, Diff: 0.2, Sum: 11.1]
      [Termination (ms): Min: 0.0, Avg: 0.1, Max: 0.2, Diff: 0.2, Sum: 0.6]
         [Termination Attempts: Min: 1, Avg: 1.0, Max: 1, Diff: 0, Sum: 8]
      [GC Worker Other (ms): Min: 0.0, Avg: 0.0, Max: 0.0, Diff: 0.0, Sum: 0.1]
      [GC Worker Total (ms): Min: 2.3, Avg: 2.3, Max: 2.3, Diff: 0.0, Sum: 18.3]
      [GC Worker End (ms): Min: 638.7, Avg: 638.7, Max: 638.8, Diff: 0.0]
   [Code Root Fixup: 0.0 ms]
   [Code Root Purge: 0.0 ms]
   [Clear CT: 0.1 ms]
   [Other: 0.3 ms]
      [Choose CSet: 0.0 ms]
      [Ref Proc: 0.1 ms]
      [Ref Enq: 0.0 ms]
      [Redirty Cards: 0.1 ms]
      [Humongous Register: 0.1 ms]
      [Humongous Reclaim: 0.0 ms]
      [Free CSet: 0.0 ms]
   [Eden: 38912.0K(38912.0K)->0.0B(20480.0K) Survivors: 1024.0K->5120.0K Heap: 393.5M(512.0M)->354.0M(512.0M)]
 [Times: user=0.00 sys=0.00, real=0.00 secs] 
0.643: [GC pause (G1 Evacuation Pause) (mixed), 0.0050129 secs]
   [Parallel Time: 4.5 ms, GC Workers: 8]
      [GC Worker Start (ms): Min: 643.4, Avg: 643.4, Max: 643.5, Diff: 0.0]
      [Ext Root Scanning (ms): Min: 0.1, Avg: 0.1, Max: 0.1, Diff: 0.0, Sum: 1.0]
      [Update RS (ms): Min: 0.6, Avg: 0.6, Max: 0.6, Diff: 0.1, Sum: 4.7]
         [Processed Buffers: Min: 7, Avg: 7.8, Max: 9, Diff: 2, Sum: 62]
      [Scan RS (ms): Min: 0.0, Avg: 0.0, Max: 0.1, Diff: 0.1, Sum: 0.2]
      [Code Root Scanning (ms): Min: 0.0, Avg: 0.0, Max: 0.0, Diff: 0.0, Sum: 0.0]
      [Object Copy (ms): Min: 3.5, Avg: 3.6, Max: 3.6, Diff: 0.1, Sum: 28.5]
      [Termination (ms): Min: 0.0, Avg: 0.1, Max: 0.1, Diff: 0.1, Sum: 0.4]
         [Termination Attempts: Min: 1, Avg: 1.1, Max: 2, Diff: 1, Sum: 9]
      [GC Worker Other (ms): Min: 0.0, Avg: 0.0, Max: 0.0, Diff: 0.0, Sum: 0.1]
      [GC Worker Total (ms): Min: 4.3, Avg: 4.4, Max: 4.4, Diff: 0.1, Sum: 34.9]
      [GC Worker End (ms): Min: 647.8, Avg: 647.8, Max: 647.8, Diff: 0.0]
   [Code Root Fixup: 0.0 ms]
   [Code Root Purge: 0.0 ms]
   [Clear CT: 0.1 ms]
   [Other: 0.5 ms]
      [Choose CSet: 0.0 ms]
      [Ref Proc: 0.1 ms]
      [Ref Enq: 0.0 ms]
      [Redirty Cards: 0.1 ms]
      [Humongous Register: 0.1 ms]
      [Humongous Reclaim: 0.0 ms]
      [Free CSet: 0.1 ms]
   [Eden: 20480.0K(20480.0K)->0.0B(44032.0K) Survivors: 5120.0K->4096.0K Heap: 380.7M(512.0M)->343.6M(512.0M)]
 [Times: user=0.00 sys=0.00, real=0.01 secs] 
0.649: [GC pause (G1 Humongous Allocation) (young) (initial-mark), 0.0012149 secs]
   [Parallel Time: 0.8 ms, GC Workers: 8]
      [GC Worker Start (ms): Min: 649.3, Avg: 649.4, Max: 649.5, Diff: 0.2]
      [Ext Root Scanning (ms): Min: 0.0, Avg: 0.1, Max: 0.2, Diff: 0.2, Sum: 1.1]
      [Update RS (ms): Min: 0.0, Avg: 0.1, Max: 0.2, Diff: 0.2, Sum: 0.6]
         [Processed Buffers: Min: 0, Avg: 1.1, Max: 2, Diff: 2, Sum: 9]
      [Scan RS (ms): Min: 0.0, Avg: 0.0, Max: 0.0, Diff: 0.0, Sum: 0.0]
      [Code Root Scanning (ms): Min: 0.0, Avg: 0.0, Max: 0.0, Diff: 0.0, Sum: 0.0]
      [Object Copy (ms): Min: 0.2, Avg: 0.4, Max: 0.5, Diff: 0.2, Sum: 3.0]
      [Termination (ms): Min: 0.0, Avg: 0.1, Max: 0.2, Diff: 0.2, Sum: 0.8]
         [Termination Attempts: Min: 1, Avg: 1.0, Max: 1, Diff: 0, Sum: 8]
      [GC Worker Other (ms): Min: 0.0, Avg: 0.0, Max: 0.0, Diff: 0.0, Sum: 0.1]
      [GC Worker Total (ms): Min: 0.6, Avg: 0.7, Max: 0.7, Diff: 0.2, Sum: 5.5]
      [GC Worker End (ms): Min: 650.0, Avg: 650.0, Max: 650.1, Diff: 0.0]
   [Code Root Fixup: 0.0 ms]
   [Code Root Purge: 0.0 ms]
   [Clear CT: 0.1 ms]
   [Other: 0.4 ms]
      [Choose CSet: 0.0 ms]
      [Ref Proc: 0.1 ms]
      [Ref Enq: 0.0 ms]
      [Redirty Cards: 0.1 ms]
      [Humongous Register: 0.1 ms]
      [Humongous Reclaim: 0.0 ms]
      [Free CSet: 0.0 ms]
   [Eden: 3072.0K(44032.0K)->0.0B(46080.0K) Survivors: 4096.0K->1024.0K Heap: 345.9M(512.0M)->343.4M(512.0M)]
 [Times: user=0.00 sys=0.00, real=0.00 secs] 
0.651: [GC concurrent-root-region-scan-start]
0.651: [GC concurrent-root-region-scan-end, 0.0000968 secs]
0.651: [GC concurrent-mark-start]
0.652: [GC concurrent-mark-end, 0.0011329 secs]
0.652: [GC remark 0.652: [Finalize Marking, 0.0000765 secs] 0.652: [GC ref-proc, 0.0000973 secs] 0.652: [Unloading, 0.0004136 secs], 0.0014164 secs]
 [Times: user=0.00 sys=0.00, real=0.00 secs] 
0.654: [GC cleanup 353M->353M(512M), 0.0003976 secs]
 [Times: user=0.00 sys=0.00, real=0.00 secs] 
0.661: [GC pause (G1 Evacuation Pause) (young), 0.0033101 secs]
   [Parallel Time: 2.9 ms, GC Workers: 8]
      [GC Worker Start (ms): Min: 661.4, Avg: 661.4, Max: 661.4, Diff: 0.0]
      [Ext Root Scanning (ms): Min: 0.1, Avg: 0.1, Max: 0.1, Diff: 0.0, Sum: 1.0]
      [Update RS (ms): Min: 0.7, Avg: 0.7, Max: 0.7, Diff: 0.1, Sum: 5.5]
         [Processed Buffers: Min: 7, Avg: 8.4, Max: 9, Diff: 2, Sum: 67]
      [Scan RS (ms): Min: 0.0, Avg: 0.0, Max: 0.0, Diff: 0.0, Sum: 0.0]
      [Code Root Scanning (ms): Min: 0.0, Avg: 0.0, Max: 0.0, Diff: 0.0, Sum: 0.0]
      [Object Copy (ms): Min: 1.8, Avg: 1.9, Max: 2.0, Diff: 0.1, Sum: 15.2]
      [Termination (ms): Min: 0.0, Avg: 0.1, Max: 0.1, Diff: 0.1, Sum: 0.4]
         [Termination Attempts: Min: 1, Avg: 1.0, Max: 1, Diff: 0, Sum: 8]
      [GC Worker Other (ms): Min: 0.0, Avg: 0.0, Max: 0.0, Diff: 0.0, Sum: 0.1]
      [GC Worker Total (ms): Min: 2.8, Avg: 2.8, Max: 2.8, Diff: 0.0, Sum: 22.2]
      [GC Worker End (ms): Min: 664.2, Avg: 664.2, Max: 664.2, Diff: 0.0]
   [Code Root Fixup: 0.0 ms]
   [Code Root Purge: 0.0 ms]
   [Clear CT: 0.1 ms]
   [Other: 0.4 ms]
      [Choose CSet: 0.0 ms]
      [Ref Proc: 0.1 ms]
      [Ref Enq: 0.0 ms]
      [Redirty Cards: 0.1 ms]
      [Humongous Register: 0.1 ms]
      [Humongous Reclaim: 0.0 ms]
      [Free CSet: 0.0 ms]
   [Eden: 46080.0K(46080.0K)->0.0B(19456.0K) Survivors: 1024.0K->6144.0K Heap: 399.4M(512.0M)->357.3M(512.0M)]
 [Times: user=0.00 sys=0.00, real=0.00 secs] 
0.668: [GC pause (G1 Evacuation Pause) (mixed), 0.0045507 secs]
   [Parallel Time: 4.1 ms, GC Workers: 8]
      [GC Worker Start (ms): Min: 668.5, Avg: 668.5, Max: 668.7, Diff: 0.2]
      [Ext Root Scanning (ms): Min: 0.0, Avg: 0.1, Max: 0.2, Diff: 0.2, Sum: 1.0]
      [Update RS (ms): Min: 0.4, Avg: 0.4, Max: 0.4, Diff: 0.1, Sum: 3.1]
         [Processed Buffers: Min: 5, Avg: 5.1, Max: 6, Diff: 1, Sum: 41]
      [Scan RS (ms): Min: 0.0, Avg: 0.0, Max: 0.1, Diff: 0.1, Sum: 0.3]
      [Code Root Scanning (ms): Min: 0.0, Avg: 0.0, Max: 0.0, Diff: 0.0, Sum: 0.0]
      [Object Copy (ms): Min: 3.3, Avg: 3.4, Max: 3.5, Diff: 0.2, Sum: 27.3]
      [Termination (ms): Min: 0.0, Avg: 0.0, Max: 0.1, Diff: 0.1, Sum: 0.4]
         [Termination Attempts: Min: 1, Avg: 1.3, Max: 2, Diff: 1, Sum: 10]
      [GC Worker Other (ms): Min: 0.0, Avg: 0.0, Max: 0.0, Diff: 0.0, Sum: 0.1]
      [GC Worker Total (ms): Min: 3.9, Avg: 4.0, Max: 4.1, Diff: 0.2, Sum: 32.1]
      [GC Worker End (ms): Min: 672.5, Avg: 672.5, Max: 672.5, Diff: 0.0]
   [Code Root Fixup: 0.0 ms]
   [Code Root Purge: 0.0 ms]
   [Clear CT: 0.1 ms]
   [Other: 0.4 ms]
      [Choose CSet: 0.0 ms]
      [Ref Proc: 0.1 ms]
      [Ref Enq: 0.0 ms]
      [Redirty Cards: 0.1 ms]
      [Humongous Register: 0.1 ms]
      [Humongous Reclaim: 0.0 ms]
      [Free CSet: 0.0 ms]
   [Eden: 19456.0K(19456.0K)->0.0B(38912.0K) Survivors: 6144.0K->4096.0K Heap: 380.3M(512.0M)->352.3M(512.0M)]
 [Times: user=0.00 sys=0.00, real=0.00 secs] 
0.674: [GC pause (G1 Humongous Allocation) (young) (initial-mark), 0.0010518 secs]
   [Parallel Time: 0.7 ms, GC Workers: 8]
      [GC Worker Start (ms): Min: 673.7, Avg: 673.7, Max: 673.7, Diff: 0.0]
      [Ext Root Scanning (ms): Min: 0.1, Avg: 0.1, Max: 0.1, Diff: 0.0, Sum: 1.0]
      [Update RS (ms): Min: 0.0, Avg: 0.1, Max: 0.4, Diff: 0.4, Sum: 0.8]
         [Processed Buffers: Min: 1, Avg: 1.1, Max: 2, Diff: 1, Sum: 9]
      [Scan RS (ms): Min: 0.0, Avg: 0.0, Max: 0.0, Diff: 0.0, Sum: 0.0]
      [Code Root Scanning (ms): Min: 0.0, Avg: 0.0, Max: 0.0, Diff: 0.0, Sum: 0.0]
      [Object Copy (ms): Min: 0.0, Avg: 0.3, Max: 0.4, Diff: 0.4, Sum: 2.7]
      [Termination (ms): Min: 0.0, Avg: 0.1, Max: 0.1, Diff: 0.1, Sum: 0.4]
         [Termination Attempts: Min: 1, Avg: 1.0, Max: 1, Diff: 0, Sum: 8]
      [GC Worker Other (ms): Min: 0.0, Avg: 0.0, Max: 0.0, Diff: 0.0, Sum: 0.0]
      [GC Worker Total (ms): Min: 0.6, Avg: 0.6, Max: 0.6, Diff: 0.0, Sum: 5.0]
      [GC Worker End (ms): Min: 674.3, Avg: 674.3, Max: 674.3, Diff: 0.0]
   [Code Root Fixup: 0.0 ms]
   [Code Root Purge: 0.0 ms]
   [Clear CT: 0.1 ms]
   [Other: 0.3 ms]
      [Choose CSet: 0.0 ms]
      [Ref Proc: 0.1 ms]
      [Ref Enq: 0.0 ms]
      [Redirty Cards: 0.1 ms]
      [Humongous Register: 0.1 ms]
      [Humongous Reclaim: 0.0 ms]
      [Free CSet: 0.0 ms]
   [Eden: 3072.0K(38912.0K)->0.0B(40960.0K) Survivors: 4096.0K->1024.0K Heap: 354.7M(512.0M)->351.8M(512.0M)]
 [Times: user=0.13 sys=0.00, real=0.00 secs] 
0.675: [GC concurrent-root-region-scan-start]
0.675: [GC concurrent-root-region-scan-end, 0.0000572 secs]
0.675: [GC concurrent-mark-start]
0.676: [GC concurrent-mark-end, 0.0011150 secs]
0.676: [GC remark 0.676: [Finalize Marking, 0.0001056 secs] 0.676: [GC ref-proc, 0.0000954 secs] 0.676: [Unloading, 0.0004149 secs], 0.0014520 secs]
 [Times: user=0.00 sys=0.00, real=0.00 secs] 
0.678: [GC cleanup 360M->360M(512M), 0.0004017 secs]
 [Times: user=0.00 sys=0.00, real=0.00 secs] 
0.684: [GC pause (G1 Evacuation Pause) (young), 0.0034383 secs]
   [Parallel Time: 2.8 ms, GC Workers: 8]
      [GC Worker Start (ms): Min: 684.5, Avg: 684.6, Max: 684.6, Diff: 0.0]
      [Ext Root Scanning (ms): Min: 0.1, Avg: 0.1, Max: 0.1, Diff: 0.0, Sum: 1.0]
      [Update RS (ms): Min: 0.8, Avg: 0.9, Max: 0.9, Diff: 0.0, Sum: 6.9]
         [Processed Buffers: Min: 7, Avg: 10.8, Max: 12, Diff: 5, Sum: 86]
      [Scan RS (ms): Min: 0.0, Avg: 0.0, Max: 0.0, Diff: 0.0, Sum: 0.0]
      [Code Root Scanning (ms): Min: 0.0, Avg: 0.0, Max: 0.0, Diff: 0.0, Sum: 0.0]
      [Object Copy (ms): Min: 1.6, Avg: 1.7, Max: 1.8, Diff: 0.2, Sum: 13.5]
      [Termination (ms): Min: 0.0, Avg: 0.1, Max: 0.2, Diff: 0.2, Sum: 0.6]
         [Termination Attempts: Min: 1, Avg: 1.0, Max: 1, Diff: 0, Sum: 8]
      [GC Worker Other (ms): Min: 0.0, Avg: 0.0, Max: 0.0, Diff: 0.0, Sum: 0.1]
      [GC Worker Total (ms): Min: 2.7, Avg: 2.8, Max: 2.8, Diff: 0.0, Sum: 22.1]
      [GC Worker End (ms): Min: 687.3, Avg: 687.3, Max: 687.3, Diff: 0.0]
   [Code Root Fixup: 0.0 ms]
   [Code Root Purge: 0.0 ms]
   [Clear CT: 0.1 ms]
   [Other: 0.5 ms]
      [Choose CSet: 0.0 ms]
      [Ref Proc: 0.2 ms]
      [Ref Enq: 0.0 ms]
      [Redirty Cards: 0.1 ms]
      [Humongous Register: 0.1 ms]
      [Humongous Reclaim: 0.1 ms]
      [Free CSet: 0.0 ms]
   [Eden: 40960.0K(40960.0K)->0.0B(19456.0K) Survivors: 1024.0K->6144.0K Heap: 403.8M(512.0M)->363.5M(512.0M)]
 [Times: user=0.00 sys=0.00, real=0.00 secs] 
0.692: [GC pause (G1 Evacuation Pause) (mixed), 0.0053560 secs]
   [Parallel Time: 4.8 ms, GC Workers: 8]
      [GC Worker Start (ms): Min: 692.0, Avg: 692.1, Max: 692.3, Diff: 0.2]
      [Ext Root Scanning (ms): Min: 0.0, Avg: 0.1, Max: 0.2, Diff: 0.2, Sum: 1.1]
      [Update RS (ms): Min: 0.4, Avg: 0.6, Max: 1.3, Diff: 0.9, Sum: 4.7]
         [Processed Buffers: Min: 1, Avg: 5.9, Max: 8, Diff: 7, Sum: 47]
      [Scan RS (ms): Min: 0.0, Avg: 0.0, Max: 0.1, Diff: 0.1, Sum: 0.2]
      [Code Root Scanning (ms): Min: 0.0, Avg: 0.0, Max: 0.0, Diff: 0.0, Sum: 0.0]
      [Object Copy (ms): Min: 3.2, Avg: 3.9, Max: 4.1, Diff: 0.8, Sum: 31.4]
      [Termination (ms): Min: 0.0, Avg: 0.1, Max: 0.1, Diff: 0.1, Sum: 0.5]
         [Termination Attempts: Min: 1, Avg: 1.0, Max: 1, Diff: 0, Sum: 8]
      [GC Worker Other (ms): Min: 0.0, Avg: 0.0, Max: 0.0, Diff: 0.0, Sum: 0.1]
      [GC Worker Total (ms): Min: 4.6, Avg: 4.7, Max: 4.8, Diff: 0.3, Sum: 38.0]
      [GC Worker End (ms): Min: 696.8, Avg: 696.8, Max: 696.8, Diff: 0.0]
   [Code Root Fixup: 0.0 ms]
   [Code Root Purge: 0.0 ms]
   [Clear CT: 0.1 ms]
   [Other: 0.4 ms]
      [Choose CSet: 0.0 ms]
      [Ref Proc: 0.1 ms]
      [Ref Enq: 0.0 ms]
      [Redirty Cards: 0.1 ms]
      [Humongous Register: 0.1 ms]
      [Humongous Reclaim: 0.0 ms]
      [Free CSet: 0.0 ms]
   [Eden: 19456.0K(19456.0K)->0.0B(38912.0K) Survivors: 6144.0K->4096.0K Heap: 387.1M(512.0M)->354.8M(512.0M)]
 [Times: user=0.00 sys=0.00, real=0.01 secs] 
0.698: [GC pause (G1 Humongous Allocation) (young) (initial-mark), 0.0011448 secs]
   [Parallel Time: 0.8 ms, GC Workers: 8]
      [GC Worker Start (ms): Min: 697.9, Avg: 698.0, Max: 698.1, Diff: 0.2]
      [Ext Root Scanning (ms): Min: 0.0, Avg: 0.1, Max: 0.2, Diff: 0.2, Sum: 1.2]
      [Update RS (ms): Min: 0.0, Avg: 0.1, Max: 0.2, Diff: 0.1, Sum: 0.6]
         [Processed Buffers: Min: 1, Avg: 1.1, Max: 2, Diff: 1, Sum: 9]
      [Scan RS (ms): Min: 0.0, Avg: 0.0, Max: 0.0, Diff: 0.0, Sum: 0.0]
      [Code Root Scanning (ms): Min: 0.0, Avg: 0.0, Max: 0.0, Diff: 0.0, Sum: 0.0]
      [Object Copy (ms): Min: 0.3, Avg: 0.4, Max: 0.5, Diff: 0.2, Sum: 3.1]
      [Termination (ms): Min: 0.0, Avg: 0.1, Max: 0.1, Diff: 0.1, Sum: 0.5]
         [Termination Attempts: Min: 1, Avg: 1.0, Max: 1, Diff: 0, Sum: 8]
      [GC Worker Other (ms): Min: 0.0, Avg: 0.0, Max: 0.0, Diff: 0.0, Sum: 0.1]
      [GC Worker Total (ms): Min: 0.6, Avg: 0.7, Max: 0.7, Diff: 0.2, Sum: 5.4]
      [GC Worker End (ms): Min: 698.6, Avg: 698.6, Max: 698.6, Diff: 0.0]
   [Code Root Fixup: 0.0 ms]
   [Code Root Purge: 0.0 ms]
   [Clear CT: 0.1 ms]
   [Other: 0.3 ms]
      [Choose CSet: 0.0 ms]
      [Ref Proc: 0.1 ms]
      [Ref Enq: 0.0 ms]
      [Redirty Cards: 0.1 ms]
      [Humongous Register: 0.1 ms]
      [Humongous Reclaim: 0.0 ms]
      [Free CSet: 0.0 ms]
   [Eden: 1024.0K(38912.0K)->0.0B(39936.0K) Survivors: 4096.0K->1024.0K Heap: 355.5M(512.0M)->354.8M(512.0M)]
 [Times: user=0.00 sys=0.00, real=0.00 secs] 
0.699: [GC concurrent-root-region-scan-start]
0.699: [GC concurrent-root-region-scan-end, 0.0000526 secs]
0.699: [GC concurrent-mark-start]
0.700: [GC concurrent-mark-end, 0.0010925 secs]
0.700: [GC remark 0.700: [Finalize Marking, 0.0000755 secs] 0.701: [GC ref-proc, 0.0000952 secs] 0.701: [Unloading, 0.0004244 secs], 0.0014278 secs]
 [Times: user=0.00 sys=0.00, real=0.00 secs] 
0.702: [GC cleanup 362M->362M(512M), 0.0004248 secs]
 [Times: user=0.00 sys=0.00, real=0.00 secs] 
0.708: [GC pause (G1 Evacuation Pause) (young), 0.0028610 secs]
   [Parallel Time: 2.4 ms, GC Workers: 8]
      [GC Worker Start (ms): Min: 708.6, Avg: 708.6, Max: 708.6, Diff: 0.1]
      [Ext Root Scanning (ms): Min: 0.1, Avg: 0.1, Max: 0.1, Diff: 0.0, Sum: 1.0]
      [Update RS (ms): Min: 0.7, Avg: 0.8, Max: 0.8, Diff: 0.1, Sum: 6.2]
         [Processed Buffers: Min: 9, Avg: 9.8, Max: 10, Diff: 1, Sum: 78]
      [Scan RS (ms): Min: 0.0, Avg: 0.0, Max: 0.0, Diff: 0.0, Sum: 0.0]
      [Code Root Scanning (ms): Min: 0.0, Avg: 0.0, Max: 0.0, Diff: 0.0, Sum: 0.0]
      [Object Copy (ms): Min: 1.3, Avg: 1.4, Max: 1.4, Diff: 0.1, Sum: 11.0]
      [Termination (ms): Min: 0.0, Avg: 0.1, Max: 0.1, Diff: 0.1, Sum: 0.5]
         [Termination Attempts: Min: 1, Avg: 1.0, Max: 1, Diff: 0, Sum: 8]
      [GC Worker Other (ms): Min: 0.0, Avg: 0.0, Max: 0.0, Diff: 0.0, Sum: 0.1]
      [GC Worker Total (ms): Min: 2.3, Avg: 2.4, Max: 2.4, Diff: 0.1, Sum: 18.9]
      [GC Worker End (ms): Min: 711.0, Avg: 711.0, Max: 711.0, Diff: 0.0]
   [Code Root Fixup: 0.0 ms]
   [Code Root Purge: 0.0 ms]
   [Clear CT: 0.1 ms]
   [Other: 0.4 ms]
      [Choose CSet: 0.0 ms]
      [Ref Proc: 0.1 ms]
      [Ref Enq: 0.0 ms]
      [Redirty Cards: 0.1 ms]
      [Humongous Register: 0.1 ms]
      [Humongous Reclaim: 0.0 ms]
      [Free CSet: 0.0 ms]
   [Eden: 39936.0K(39936.0K)->0.0B(20480.0K) Survivors: 1024.0K->5120.0K Heap: 402.3M(512.0M)->364.2M(512.0M)]
 [Times: user=0.00 sys=0.00, real=0.00 secs] 
0.715: [GC pause (G1 Evacuation Pause) (mixed), 0.0064279 secs]
   [Parallel Time: 6.0 ms, GC Workers: 8]
      [GC Worker Start (ms): Min: 715.1, Avg: 715.1, Max: 715.2, Diff: 0.0]
      [Ext Root Scanning (ms): Min: 0.1, Avg: 0.1, Max: 0.1, Diff: 0.0, Sum: 1.0]
      [Update RS (ms): Min: 0.4, Avg: 0.4, Max: 0.4, Diff: 0.0, Sum: 3.0]
         [Processed Buffers: Min: 5, Avg: 5.1, Max: 6, Diff: 1, Sum: 41]
      [Scan RS (ms): Min: 0.0, Avg: 0.0, Max: 0.1, Diff: 0.0, Sum: 0.3]
      [Code Root Scanning (ms): Min: 0.0, Avg: 0.0, Max: 0.0, Diff: 0.0, Sum: 0.0]
      [Object Copy (ms): Min: 5.2, Avg: 5.3, Max: 5.3, Diff: 0.1, Sum: 42.2]
      [Termination (ms): Min: 0.0, Avg: 0.0, Max: 0.1, Diff: 0.1, Sum: 0.3]
         [Termination Attempts: Min: 1, Avg: 1.0, Max: 1, Diff: 0, Sum: 8]
      [GC Worker Other (ms): Min: 0.0, Avg: 0.0, Max: 0.0, Diff: 0.0, Sum: 0.1]
      [GC Worker Total (ms): Min: 5.8, Avg: 5.9, Max: 5.9, Diff: 0.0, Sum: 46.8]
      [GC Worker End (ms): Min: 721.0, Avg: 721.0, Max: 721.0, Diff: 0.0]
   [Code Root Fixup: 0.0 ms]
   [Code Root Purge: 0.0 ms]
   [Clear CT: 0.1 ms]
   [Other: 0.4 ms]
      [Choose CSet: 0.0 ms]
      [Ref Proc: 0.1 ms]
      [Ref Enq: 0.0 ms]
      [Redirty Cards: 0.1 ms]
      [Humongous Register: 0.1 ms]
      [Humongous Reclaim: 0.0 ms]
      [Free CSet: 0.1 ms]
   [Eden: 20480.0K(20480.0K)->0.0B(44032.0K) Survivors: 5120.0K->4096.0K Heap: 388.2M(512.0M)->350.4M(512.0M)]
 [Times: user=0.09 sys=0.00, real=0.01 secs] 
0.722: [GC pause (G1 Humongous Allocation) (young) (initial-mark), 0.0012427 secs]
   [Parallel Time: 0.8 ms, GC Workers: 8]
      [GC Worker Start (ms): Min: 722.4, Avg: 722.4, Max: 722.5, Diff: 0.1]
      [Ext Root Scanning (ms): Min: 0.0, Avg: 0.1, Max: 0.2, Diff: 0.1, Sum: 1.0]
      [Update RS (ms): Min: 0.0, Avg: 0.1, Max: 0.1, Diff: 0.1, Sum: 0.6]
         [Processed Buffers: Min: 1, Avg: 1.1, Max: 2, Diff: 1, Sum: 9]
      [Scan RS (ms): Min: 0.0, Avg: 0.0, Max: 0.0, Diff: 0.0, Sum: 0.0]
      [Code Root Scanning (ms): Min: 0.0, Avg: 0.0, Max: 0.0, Diff: 0.0, Sum: 0.0]
      [Object Copy (ms): Min: 0.5, Avg: 0.5, Max: 0.6, Diff: 0.1, Sum: 4.3]
      [Termination (ms): Min: 0.0, Avg: 0.0, Max: 0.1, Diff: 0.1, Sum: 0.2]
         [Termination Attempts: Min: 1, Avg: 1.0, Max: 1, Diff: 0, Sum: 8]
      [GC Worker Other (ms): Min: 0.0, Avg: 0.0, Max: 0.0, Diff: 0.0, Sum: 0.1]
      [GC Worker Total (ms): Min: 0.7, Avg: 0.8, Max: 0.8, Diff: 0.1, Sum: 6.2]
      [GC Worker End (ms): Min: 723.2, Avg: 723.2, Max: 723.2, Diff: 0.0]
   [Code Root Fixup: 0.0 ms]
   [Code Root Purge: 0.0 ms]
   [Clear CT: 0.1 ms]
   [Other: 0.3 ms]
      [Choose CSet: 0.0 ms]
      [Ref Proc: 0.1 ms]
      [Ref Enq: 0.0 ms]
      [Redirty Cards: 0.1 ms]
      [Humongous Register: 0.1 ms]
      [Humongous Reclaim: 0.0 ms]
      [Free CSet: 0.0 ms]
   [Eden: 4096.0K(44032.0K)->0.0B(38912.0K) Survivors: 4096.0K->2048.0K Heap: 354.0M(512.0M)->351.7M(512.0M)]
 [Times: user=0.00 sys=0.00, real=0.00 secs] 
0.724: [GC concurrent-root-region-scan-start]
0.724: [GC concurrent-root-region-scan-end, 0.0001032 secs]
0.724: [GC concurrent-mark-start]
0.725: [GC concurrent-mark-end, 0.0011268 secs]
0.725: [GC remark 0.725: [Finalize Marking, 0.0000961 secs] 0.725: [GC ref-proc, 0.0000965 secs] 0.725: [Unloading, 0.0004088 secs], 0.0014245 secs]
 [Times: user=0.00 sys=0.00, real=0.00 secs] 
0.727: [GC cleanup 361M->361M(512M), 0.0003613 secs]
 [Times: user=0.00 sys=0.00, real=0.00 secs] 
0.733: [GC pause (G1 Evacuation Pause) (young), 0.0034315 secs]
   [Parallel Time: 3.0 ms, GC Workers: 8]
      [GC Worker Start (ms): Min: 733.2, Avg: 733.2, Max: 733.2, Diff: 0.0]
      [Ext Root Scanning (ms): Min: 0.1, Avg: 0.1, Max: 0.1, Diff: 0.0, Sum: 1.0]
      [Update RS (ms): Min: 1.0, Avg: 1.0, Max: 1.1, Diff: 0.1, Sum: 8.4]
         [Processed Buffers: Min: 11, Avg: 12.8, Max: 13, Diff: 2, Sum: 102]
      [Scan RS (ms): Min: 0.0, Avg: 0.0, Max: 0.0, Diff: 0.0, Sum: 0.0]
      [Code Root Scanning (ms): Min: 0.0, Avg: 0.0, Max: 0.0, Diff: 0.0, Sum: 0.0]
      [Object Copy (ms): Min: 1.6, Avg: 1.7, Max: 1.7, Diff: 0.1, Sum: 13.4]
      [Termination (ms): Min: 0.0, Avg: 0.1, Max: 0.2, Diff: 0.2, Sum: 0.5]
         [Termination Attempts: Min: 1, Avg: 1.6, Max: 2, Diff: 1, Sum: 13]
      [GC Worker Other (ms): Min: 0.0, Avg: 0.0, Max: 0.0, Diff: 0.0, Sum: 0.1]
      [GC Worker Total (ms): Min: 2.9, Avg: 2.9, Max: 2.9, Diff: 0.0, Sum: 23.4]
      [GC Worker End (ms): Min: 736.1, Avg: 736.1, Max: 736.1, Diff: 0.0]
   [Code Root Fixup: 0.0 ms]
   [Code Root Purge: 0.0 ms]
   [Clear CT: 0.1 ms]
   [Other: 0.4 ms]
      [Choose CSet: 0.0 ms]
      [Ref Proc: 0.1 ms]
      [Ref Enq: 0.0 ms]
      [Redirty Cards: 0.1 ms]
      [Humongous Register: 0.1 ms]
      [Humongous Reclaim: 0.0 ms]
      [Free CSet: 0.0 ms]
   [Eden: 38912.0K(38912.0K)->0.0B(20480.0K) Survivors: 2048.0K->5120.0K Heap: 405.7M(512.0M)->369.2M(512.0M)]
 [Times: user=0.00 sys=0.00, real=0.00 secs] 
0.741: [GC pause (G1 Evacuation Pause) (mixed), 0.0047739 secs]
   [Parallel Time: 4.3 ms, GC Workers: 8]
      [GC Worker Start (ms): Min: 740.8, Avg: 740.8, Max: 740.8, Diff: 0.0]
      [Ext Root Scanning (ms): Min: 0.1, Avg: 0.1, Max: 0.1, Diff: 0.0, Sum: 1.0]
      [Update RS (ms): Min: 0.3, Avg: 0.3, Max: 0.4, Diff: 0.1, Sum: 2.6]
         [Processed Buffers: Min: 4, Avg: 4.6, Max: 6, Diff: 2, Sum: 37]
      [Scan RS (ms): Min: 0.0, Avg: 0.0, Max: 0.1, Diff: 0.1, Sum: 0.4]
      [Code Root Scanning (ms): Min: 0.0, Avg: 0.0, Max: 0.0, Diff: 0.0, Sum: 0.0]
      [Object Copy (ms): Min: 3.6, Avg: 3.7, Max: 3.8, Diff: 0.2, Sum: 29.6]
      [Termination (ms): Min: 0.0, Avg: 0.0, Max: 0.1, Diff: 0.1, Sum: 0.2]
         [Termination Attempts: Min: 1, Avg: 1.0, Max: 1, Diff: 0, Sum: 8]
      [GC Worker Other (ms): Min: 0.0, Avg: 0.0, Max: 0.0, Diff: 0.0, Sum: 0.1]
      [GC Worker Total (ms): Min: 4.2, Avg: 4.2, Max: 4.3, Diff: 0.1, Sum: 33.8]
      [GC Worker End (ms): Min: 745.0, Avg: 745.0, Max: 745.0, Diff: 0.0]
   [Code Root Fixup: 0.0 ms]
   [Code Root Purge: 0.0 ms]
   [Clear CT: 0.1 ms]
   [Other: 0.4 ms]
      [Choose CSet: 0.0 ms]
      [Ref Proc: 0.1 ms]
      [Ref Enq: 0.0 ms]
      [Redirty Cards: 0.1 ms]
      [Humongous Register: 0.1 ms]
      [Humongous Reclaim: 0.0 ms]
      [Free CSet: 0.0 ms]
   [Eden: 20480.0K(20480.0K)->0.0B(31744.0K) Survivors: 5120.0K->4096.0K Heap: 392.5M(512.0M)->360.2M(512.0M)]
 [Times: user=0.00 sys=0.00, real=0.00 secs] 
0.746: [GC pause (G1 Humongous Allocation) (young) (initial-mark), 0.0009400 secs]
   [Parallel Time: 0.6 ms, GC Workers: 8]
      [GC Worker Start (ms): Min: 745.9, Avg: 745.9, Max: 745.9, Diff: 0.0]
      [Ext Root Scanning (ms): Min: 0.1, Avg: 0.1, Max: 0.1, Diff: 0.0, Sum: 1.0]
      [Update RS (ms): Min: 0.0, Avg: 0.1, Max: 0.2, Diff: 0.2, Sum: 0.9]
         [Processed Buffers: Min: 1, Avg: 1.1, Max: 2, Diff: 1, Sum: 9]
      [Scan RS (ms): Min: 0.0, Avg: 0.0, Max: 0.0, Diff: 0.0, Sum: 0.0]
      [Code Root Scanning (ms): Min: 0.0, Avg: 0.0, Max: 0.0, Diff: 0.0, Sum: 0.0]
      [Object Copy (ms): Min: 0.2, Avg: 0.3, Max: 0.4, Diff: 0.2, Sum: 2.2]
      [Termination (ms): Min: 0.0, Avg: 0.0, Max: 0.1, Diff: 0.1, Sum: 0.3]
         [Termination Attempts: Min: 1, Avg: 1.0, Max: 1, Diff: 0, Sum: 8]
      [GC Worker Other (ms): Min: 0.0, Avg: 0.0, Max: 0.0, Diff: 0.0, Sum: 0.1]
      [GC Worker Total (ms): Min: 0.5, Avg: 0.6, Max: 0.6, Diff: 0.0, Sum: 4.5]
      [GC Worker End (ms): Min: 746.4, Avg: 746.4, Max: 746.4, Diff: 0.0]
   [Code Root Fixup: 0.0 ms]
   [Code Root Purge: 0.0 ms]
   [Clear CT: 0.1 ms]
   [Other: 0.2 ms]
      [Choose CSet: 0.0 ms]
      [Ref Proc: 0.0 ms]
      [Ref Enq: 0.0 ms]
      [Redirty Cards: 0.1 ms]
      [Humongous Register: 0.1 ms]
      [Humongous Reclaim: 0.0 ms]
      [Free CSet: 0.0 ms]
   [Eden: 1024.0K(31744.0K)->0.0B(33792.0K) Survivors: 4096.0K->1024.0K Heap: 360.9M(512.0M)->359.5M(512.0M)]
 [Times: user=0.00 sys=0.00, real=0.00 secs] 
0.747: [GC concurrent-root-region-scan-start]
0.747: [GC concurrent-root-region-scan-end, 0.0000539 secs]
0.747: [GC concurrent-mark-start]
0.748: [GC concurrent-mark-end, 0.0013514 secs]
0.749: [GC remark 0.749: [Finalize Marking, 0.0000968 secs] 0.749: [GC ref-proc, 0.0000910 secs] 0.749: [Unloading, 0.0004286 secs], 0.0014260 secs]
 [Times: user=0.00 sys=0.00, real=0.00 secs] 
0.750: [GC cleanup 371M->370M(512M), 0.0003705 secs]
 [Times: user=0.00 sys=0.00, real=0.00 secs] 
0.750: [GC concurrent-cleanup-start]
0.750: [GC concurrent-cleanup-end, 0.0000327 secs]
0.755: [GC pause (G1 Evacuation Pause) (young), 0.0027945 secs]
   [Parallel Time: 2.4 ms, GC Workers: 8]
      [GC Worker Start (ms): Min: 755.6, Avg: 755.6, Max: 755.6, Diff: 0.0]
      [Ext Root Scanning (ms): Min: 0.1, Avg: 0.1, Max: 0.1, Diff: 0.0, Sum: 1.0]
      [Update RS (ms): Min: 0.9, Avg: 0.9, Max: 1.0, Diff: 0.1, Sum: 7.5]
         [Processed Buffers: Min: 11, Avg: 12.5, Max: 13, Diff: 2, Sum: 100]
      [Scan RS (ms): Min: 0.0, Avg: 0.0, Max: 0.0, Diff: 0.0, Sum: 0.0]
      [Code Root Scanning (ms): Min: 0.0, Avg: 0.0, Max: 0.0, Diff: 0.0, Sum: 0.0]
      [Object Copy (ms): Min: 1.1, Avg: 1.2, Max: 1.3, Diff: 0.1, Sum: 9.5]
      [Termination (ms): Min: 0.0, Avg: 0.1, Max: 0.1, Diff: 0.1, Sum: 0.4]
         [Termination Attempts: Min: 1, Avg: 1.0, Max: 1, Diff: 0, Sum: 8]
      [GC Worker Other (ms): Min: 0.0, Avg: 0.0, Max: 0.0, Diff: 0.0, Sum: 0.1]
      [GC Worker Total (ms): Min: 2.3, Avg: 2.3, Max: 2.3, Diff: 0.0, Sum: 18.6]
      [GC Worker End (ms): Min: 757.9, Avg: 757.9, Max: 757.9, Diff: 0.0]
   [Code Root Fixup: 0.0 ms]
   [Code Root Purge: 0.0 ms]
   [Clear CT: 0.1 ms]
   [Other: 0.3 ms]
      [Choose CSet: 0.0 ms]
      [Ref Proc: 0.1 ms]
      [Ref Enq: 0.0 ms]
      [Redirty Cards: 0.1 ms]
      [Humongous Register: 0.1 ms]
      [Humongous Reclaim: 0.0 ms]
      [Free CSet: 0.0 ms]
   [Eden: 33792.0K(33792.0K)->0.0B(20480.0K) Survivors: 1024.0K->5120.0K Heap: 402.8M(512.0M)->370.2M(512.0M)]
 [Times: user=0.00 sys=0.00, real=0.00 secs] 
0.762: [GC pause (G1 Evacuation Pause) (mixed), 0.0054873 secs]
   [Parallel Time: 5.0 ms, GC Workers: 8]
      [GC Worker Start (ms): Min: 761.9, Avg: 761.9, Max: 761.9, Diff: 0.0]
      [Ext Root Scanning (ms): Min: 0.1, Avg: 0.1, Max: 0.2, Diff: 0.0, Sum: 1.0]
      [Update RS (ms): Min: 0.5, Avg: 0.5, Max: 0.5, Diff: 0.1, Sum: 4.1]
         [Processed Buffers: Min: 6, Avg: 6.9, Max: 7, Diff: 1, Sum: 55]
      [Scan RS (ms): Min: 0.0, Avg: 0.0, Max: 0.1, Diff: 0.1, Sum: 0.4]
      [Code Root Scanning (ms): Min: 0.0, Avg: 0.0, Max: 0.0, Diff: 0.0, Sum: 0.0]
      [Object Copy (ms): Min: 4.1, Avg: 4.2, Max: 4.3, Diff: 0.2, Sum: 33.7]
      [Termination (ms): Min: 0.0, Avg: 0.1, Max: 0.1, Diff: 0.1, Sum: 0.5]
         [Termination Attempts: Min: 1, Avg: 1.3, Max: 3, Diff: 2, Sum: 10]
      [GC Worker Other (ms): Min: 0.0, Avg: 0.0, Max: 0.0, Diff: 0.0, Sum: 0.1]
      [GC Worker Total (ms): Min: 4.9, Avg: 5.0, Max: 5.0, Diff: 0.0, Sum: 39.7]
      [GC Worker End (ms): Min: 766.8, Avg: 766.8, Max: 766.9, Diff: 0.0]
   [Code Root Fixup: 0.0 ms]
   [Code Root Purge: 0.0 ms]
   [Clear CT: 0.1 ms]
   [Other: 0.4 ms]
      [Choose CSet: 0.0 ms]
      [Ref Proc: 0.1 ms]
      [Ref Enq: 0.0 ms]
      [Redirty Cards: 0.1 ms]
      [Humongous Register: 0.1 ms]
      [Humongous Reclaim: 0.0 ms]
      [Free CSet: 0.0 ms]
   [Eden: 20480.0K(20480.0K)->0.0B(30720.0K) Survivors: 5120.0K->4096.0K Heap: 395.9M(512.0M)->363.0M(512.0M)]
 [Times: user=0.00 sys=0.00, real=0.01 secs] 
0.768: [GC pause (G1 Humongous Allocation) (young) (initial-mark), 0.0010198 secs]
   [Parallel Time: 0.7 ms, GC Workers: 8]
      [GC Worker Start (ms): Min: 768.0, Avg: 768.0, Max: 768.0, Diff: 0.0]
      [Ext Root Scanning (ms): Min: 0.1, Avg: 0.1, Max: 0.1, Diff: 0.0, Sum: 1.0]
      [Update RS (ms): Min: 0.0, Avg: 0.1, Max: 0.3, Diff: 0.3, Sum: 0.8]
         [Processed Buffers: Min: 1, Avg: 1.1, Max: 2, Diff: 1, Sum: 9]
      [Scan RS (ms): Min: 0.0, Avg: 0.0, Max: 0.0, Diff: 0.0, Sum: 0.0]
      [Code Root Scanning (ms): Min: 0.0, Avg: 0.0, Max: 0.0, Diff: 0.0, Sum: 0.0]
      [Object Copy (ms): Min: 0.2, Avg: 0.4, Max: 0.5, Diff: 0.3, Sum: 3.0]
      [Termination (ms): Min: 0.0, Avg: 0.0, Max: 0.1, Diff: 0.1, Sum: 0.2]
         [Termination Attempts: Min: 1, Avg: 1.0, Max: 1, Diff: 0, Sum: 8]
      [GC Worker Other (ms): Min: 0.0, Avg: 0.0, Max: 0.0, Diff: 0.0, Sum: 0.1]
      [GC Worker Total (ms): Min: 0.6, Avg: 0.6, Max: 0.6, Diff: 0.0, Sum: 5.1]
      [GC Worker End (ms): Min: 768.6, Avg: 768.6, Max: 768.6, Diff: 0.0]
   [Code Root Fixup: 0.0 ms]
   [Code Root Purge: 0.0 ms]
   [Clear CT: 0.1 ms]
   [Other: 0.3 ms]
      [Choose CSet: 0.0 ms]
      [Ref Proc: 0.1 ms]
      [Ref Enq: 0.0 ms]
      [Redirty Cards: 0.1 ms]
      [Humongous Register: 0.1 ms]
      [Humongous Reclaim: 0.0 ms]
      [Free CSet: 0.0 ms]
   [Eden: 2048.0K(30720.0K)->0.0B(31744.0K) Survivors: 4096.0K->1024.0K Heap: 364.7M(512.0M)->361.9M(512.0M)]
 [Times: user=0.00 sys=0.02, real=0.00 secs] 
0.769: [GC concurrent-root-region-scan-start]
0.769: [GC concurrent-root-region-scan-end, 0.0001179 secs]
0.769: [GC concurrent-mark-start]
0.771: [GC concurrent-mark-end, 0.0012931 secs]
0.771: [GC remark 0.771: [Finalize Marking, 0.0001051 secs] 0.771: [GC ref-proc, 0.0000934 secs] 0.771: [Unloading, 0.0003956 secs], 0.0014177 secs]
 [Times: user=0.00 sys=0.00, real=0.00 secs] 
0.772: [GC cleanup 372M->372M(512M), 0.0003784 secs]
 [Times: user=0.00 sys=0.00, real=0.00 secs] 
0.776: [GC pause (G1 Evacuation Pause) (young), 0.0023490 secs]
   [Parallel Time: 2.0 ms, GC Workers: 8]
      [GC Worker Start (ms): Min: 776.6, Avg: 776.6, Max: 776.6, Diff: 0.0]
      [Ext Root Scanning (ms): Min: 0.1, Avg: 0.1, Max: 0.1, Diff: 0.0, Sum: 1.0]
      [Update RS (ms): Min: 0.7, Avg: 0.7, Max: 0.7, Diff: 0.0, Sum: 5.6]
         [Processed Buffers: Min: 9, Avg: 9.4, Max: 10, Diff: 1, Sum: 75]
      [Scan RS (ms): Min: 0.0, Avg: 0.0, Max: 0.0, Diff: 0.0, Sum: 0.0]
      [Code Root Scanning (ms): Min: 0.0, Avg: 0.0, Max: 0.0, Diff: 0.0, Sum: 0.0]
      [Object Copy (ms): Min: 1.0, Avg: 1.0, Max: 1.1, Diff: 0.1, Sum: 8.2]
      [Termination (ms): Min: 0.0, Avg: 0.1, Max: 0.1, Diff: 0.1, Sum: 0.6]
         [Termination Attempts: Min: 1, Avg: 1.0, Max: 1, Diff: 0, Sum: 8]
      [GC Worker Other (ms): Min: 0.0, Avg: 0.0, Max: 0.0, Diff: 0.0, Sum: 0.1]
      [GC Worker Total (ms): Min: 1.9, Avg: 1.9, Max: 1.9, Diff: 0.0, Sum: 15.4]
      [GC Worker End (ms): Min: 778.5, Avg: 778.5, Max: 778.5, Diff: 0.0]
   [Code Root Fixup: 0.0 ms]
   [Code Root Purge: 0.0 ms]
   [Clear CT: 0.0 ms]
   [Other: 0.3 ms]
      [Choose CSet: 0.0 ms]
      [Ref Proc: 0.1 ms]
      [Ref Enq: 0.0 ms]
      [Redirty Cards: 0.1 ms]
      [Humongous Register: 0.1 ms]
      [Humongous Reclaim: 0.0 ms]
      [Free CSet: 0.0 ms]
   [Eden: 31744.0K(31744.0K)->0.0B(21504.0K) Survivors: 1024.0K->4096.0K Heap: 401.2M(512.0M)->370.8M(512.0M)]
 [Times: user=0.00 sys=0.00, real=0.00 secs] 
0.783: [GC pause (G1 Evacuation Pause) (mixed), 0.0052230 secs]
   [Parallel Time: 4.7 ms, GC Workers: 8]
      [GC Worker Start (ms): Min: 783.1, Avg: 783.2, Max: 783.2, Diff: 0.0]
      [Ext Root Scanning (ms): Min: 0.1, Avg: 0.1, Max: 0.2, Diff: 0.1, Sum: 1.1]
      [Update RS (ms): Min: 0.1, Avg: 0.1, Max: 0.2, Diff: 0.1, Sum: 0.8]
         [Processed Buffers: Min: 1, Avg: 2.5, Max: 4, Diff: 3, Sum: 20]
      [Scan RS (ms): Min: 0.0, Avg: 0.1, Max: 0.2, Diff: 0.1, Sum: 0.5]
      [Code Root Scanning (ms): Min: 0.0, Avg: 0.0, Max: 0.1, Diff: 0.1, Sum: 0.1]
      [Object Copy (ms): Min: 4.1, Avg: 4.2, Max: 4.3, Diff: 0.1, Sum: 33.6]
      [Termination (ms): Min: 0.0, Avg: 0.1, Max: 0.1, Diff: 0.1, Sum: 0.5]
         [Termination Attempts: Min: 1, Avg: 1.0, Max: 1, Diff: 0, Sum: 8]
      [GC Worker Other (ms): Min: 0.0, Avg: 0.0, Max: 0.0, Diff: 0.0, Sum: 0.1]
      [GC Worker Total (ms): Min: 4.6, Avg: 4.6, Max: 4.6, Diff: 0.0, Sum: 36.6]
      [GC Worker End (ms): Min: 787.7, Avg: 787.7, Max: 787.7, Diff: 0.0]
   [Code Root Fixup: 0.0 ms]
   [Code Root Purge: 0.0 ms]
   [Clear CT: 0.1 ms]
   [Other: 0.5 ms]
      [Choose CSet: 0.0 ms]
      [Ref Proc: 0.1 ms]
      [Ref Enq: 0.0 ms]
      [Redirty Cards: 0.1 ms]
      [Humongous Register: 0.1 ms]
      [Humongous Reclaim: 0.0 ms]
      [Free CSet: 0.1 ms]
   [Eden: 21504.0K(21504.0K)->0.0B(32768.0K) Survivors: 4096.0K->4096.0K Heap: 393.1M(512.0M)->361.8M(512.0M)]
 [Times: user=0.09 sys=0.03, real=0.00 secs] 
0.790: [GC pause (G1 Humongous Allocation) (young) (initial-mark), 0.0012799 secs]
   [Parallel Time: 0.9 ms, GC Workers: 8]
      [GC Worker Start (ms): Min: 789.8, Avg: 789.8, Max: 789.9, Diff: 0.0]
      [Ext Root Scanning (ms): Min: 0.1, Avg: 0.1, Max: 0.1, Diff: 0.0, Sum: 1.0]
      [Update RS (ms): Min: 0.1, Avg: 0.2, Max: 0.6, Diff: 0.5, Sum: 1.8]
         [Processed Buffers: Min: 1, Avg: 1.1, Max: 2, Diff: 1, Sum: 9]
      [Scan RS (ms): Min: 0.0, Avg: 0.0, Max: 0.0, Diff: 0.0, Sum: 0.0]
      [Code Root Scanning (ms): Min: 0.0, Avg: 0.0, Max: 0.0, Diff: 0.0, Sum: 0.0]
      [Object Copy (ms): Min: 0.1, Avg: 0.4, Max: 0.6, Diff: 0.5, Sum: 3.4]
      [Termination (ms): Min: 0.0, Avg: 0.1, Max: 0.1, Diff: 0.1, Sum: 0.4]
         [Termination Attempts: Min: 1, Avg: 1.0, Max: 1, Diff: 0, Sum: 8]
      [GC Worker Other (ms): Min: 0.0, Avg: 0.0, Max: 0.0, Diff: 0.0, Sum: 0.1]
      [GC Worker Total (ms): Min: 0.8, Avg: 0.8, Max: 0.9, Diff: 0.0, Sum: 6.8]
      [GC Worker End (ms): Min: 790.7, Avg: 790.7, Max: 790.7, Diff: 0.0]
   [Code Root Fixup: 0.0 ms]
   [Code Root Purge: 0.0 ms]
   [Clear CT: 0.1 ms]
   [Other: 0.3 ms]
      [Choose CSet: 0.0 ms]
      [Ref Proc: 0.1 ms]
      [Ref Enq: 0.0 ms]
      [Redirty Cards: 0.1 ms]
      [Humongous Register: 0.0 ms]
      [Humongous Reclaim: 0.0 ms]
      [Free CSet: 0.0 ms]
   [Eden: 6144.0K(32768.0K)->0.0B(32768.0K) Survivors: 4096.0K->2048.0K Heap: 367.2M(512.0M)->362.5M(512.0M)]
 [Times: user=0.00 sys=0.00, real=0.00 secs] 
0.791: [GC concurrent-root-region-scan-start]
0.791: [GC concurrent-root-region-scan-end, 0.0000931 secs]
0.791: [GC concurrent-mark-start]
0.793: [GC concurrent-mark-end, 0.0011928 secs]
0.793: [GC remark 0.793: [Finalize Marking, 0.0000879 secs] 0.793: [GC ref-proc, 0.0000914 secs] 0.793: [Unloading, 0.0004228 secs], 0.0014487 secs]
 [Times: user=0.00 sys=0.00, real=0.00 secs] 
0.794: [GC cleanup 373M->373M(512M), 0.0003729 secs]
 [Times: user=0.00 sys=0.00, real=0.00 secs] 
0.799: [GC pause (G1 Evacuation Pause) (young), 0.0029388 secs]
   [Parallel Time: 2.4 ms, GC Workers: 8]
      [GC Worker Start (ms): Min: 798.9, Avg: 798.9, Max: 799.0, Diff: 0.2]
      [Ext Root Scanning (ms): Min: 0.0, Avg: 0.1, Max: 0.2, Diff: 0.2, Sum: 1.0]
      [Update RS (ms): Min: 0.8, Avg: 0.8, Max: 0.9, Diff: 0.1, Sum: 6.4]
         [Processed Buffers: Min: 10, Avg: 10.3, Max: 11, Diff: 1, Sum: 82]
      [Scan RS (ms): Min: 0.0, Avg: 0.0, Max: 0.0, Diff: 0.0, Sum: 0.0]
      [Code Root Scanning (ms): Min: 0.0, Avg: 0.0, Max: 0.0, Diff: 0.0, Sum: 0.0]
      [Object Copy (ms): Min: 1.3, Avg: 1.3, Max: 1.4, Diff: 0.1, Sum: 10.6]
      [Termination (ms): Min: 0.0, Avg: 0.1, Max: 0.1, Diff: 0.1, Sum: 0.6]
         [Termination Attempts: Min: 1, Avg: 1.0, Max: 1, Diff: 0, Sum: 8]
      [GC Worker Other (ms): Min: 0.0, Avg: 0.0, Max: 0.0, Diff: 0.0, Sum: 0.1]
      [GC Worker Total (ms): Min: 2.2, Avg: 2.3, Max: 2.4, Diff: 0.2, Sum: 18.6]
      [GC Worker End (ms): Min: 801.2, Avg: 801.2, Max: 801.3, Diff: 0.0]
   [Code Root Fixup: 0.0 ms]
   [Code Root Purge: 0.0 ms]
   [Clear CT: 0.1 ms]
   [Other: 0.5 ms]
      [Choose CSet: 0.0 ms]
      [Ref Proc: 0.1 ms]
      [Ref Enq: 0.0 ms]
      [Redirty Cards: 0.1 ms]
      [Humongous Register: 0.1 ms]
      [Humongous Reclaim: 0.1 ms]
      [Free CSet: 0.0 ms]
   [Eden: 32768.0K(32768.0K)->0.0B(20480.0K) Survivors: 2048.0K->5120.0K Heap: 403.7M(512.0M)->373.7M(512.0M)]
 [Times: user=0.01 sys=0.00, real=0.00 secs] 
0.806: [GC pause (G1 Evacuation Pause) (mixed), 0.0048453 secs]
   [Parallel Time: 4.3 ms, GC Workers: 8]
      [GC Worker Start (ms): Min: 806.1, Avg: 806.1, Max: 806.1, Diff: 0.0]
      [Ext Root Scanning (ms): Min: 0.1, Avg: 0.1, Max: 0.1, Diff: 0.0, Sum: 1.0]
      [Update RS (ms): Min: 0.4, Avg: 0.4, Max: 0.4, Diff: 0.1, Sum: 3.2]
         [Processed Buffers: Min: 5, Avg: 5.9, Max: 7, Diff: 2, Sum: 47]
      [Scan RS (ms): Min: 0.0, Avg: 0.0, Max: 0.1, Diff: 0.1, Sum: 0.3]
      [Code Root Scanning (ms): Min: 0.0, Avg: 0.0, Max: 0.0, Diff: 0.0, Sum: 0.0]
      [Object Copy (ms): Min: 3.5, Avg: 3.6, Max: 3.7, Diff: 0.1, Sum: 28.9]
      [Termination (ms): Min: 0.0, Avg: 0.0, Max: 0.1, Diff: 0.1, Sum: 0.3]
         [Termination Attempts: Min: 1, Avg: 1.0, Max: 1, Diff: 0, Sum: 8]
      [GC Worker Other (ms): Min: 0.0, Avg: 0.0, Max: 0.0, Diff: 0.0, Sum: 0.1]
      [GC Worker Total (ms): Min: 4.2, Avg: 4.2, Max: 4.2, Diff: 0.0, Sum: 33.8]
      [GC Worker End (ms): Min: 810.3, Avg: 810.3, Max: 810.3, Diff: 0.0]
   [Code Root Fixup: 0.0 ms]
   [Code Root Purge: 0.0 ms]
   [Clear CT: 0.1 ms]
   [Other: 0.5 ms]
      [Choose CSet: 0.0 ms]
      [Ref Proc: 0.1 ms]
      [Ref Enq: 0.0 ms]
      [Redirty Cards: 0.1 ms]
      [Humongous Register: 0.1 ms]
      [Humongous Reclaim: 0.0 ms]
      [Free CSet: 0.1 ms]
   [Eden: 20480.0K(20480.0K)->0.0B(29696.0K) Survivors: 5120.0K->4096.0K Heap: 398.2M(512.0M)->364.6M(512.0M)]
 [Times: user=0.00 sys=0.00, real=0.00 secs] 
0.812: [GC pause (G1 Humongous Allocation) (young) (initial-mark), 0.0010922 secs]
   [Parallel Time: 0.7 ms, GC Workers: 8]
      [GC Worker Start (ms): Min: 811.6, Avg: 811.7, Max: 811.7, Diff: 0.0]
      [Ext Root Scanning (ms): Min: 0.1, Avg: 0.1, Max: 0.1, Diff: 0.0, Sum: 1.0]
      [Update RS (ms): Min: 0.0, Avg: 0.1, Max: 0.1, Diff: 0.1, Sum: 0.6]
         [Processed Buffers: Min: 1, Avg: 1.3, Max: 2, Diff: 1, Sum: 10]
      [Scan RS (ms): Min: 0.0, Avg: 0.0, Max: 0.0, Diff: 0.0, Sum: 0.0]
      [Code Root Scanning (ms): Min: 0.0, Avg: 0.0, Max: 0.0, Diff: 0.0, Sum: 0.0]
      [Object Copy (ms): Min: 0.4, Avg: 0.4, Max: 0.5, Diff: 0.2, Sum: 3.6]
      [Termination (ms): Min: 0.0, Avg: 0.0, Max: 0.1, Diff: 0.1, Sum: 0.3]
         [Termination Attempts: Min: 1, Avg: 1.0, Max: 1, Diff: 0, Sum: 8]
      [GC Worker Other (ms): Min: 0.0, Avg: 0.0, Max: 0.0, Diff: 0.0, Sum: 0.1]
      [GC Worker Total (ms): Min: 0.7, Avg: 0.7, Max: 0.7, Diff: 0.0, Sum: 5.5]
      [GC Worker End (ms): Min: 812.3, Avg: 812.3, Max: 812.3, Diff: 0.0]
   [Code Root Fixup: 0.0 ms]
   [Code Root Purge: 0.0 ms]
   [Clear CT: 0.1 ms]
   [Other: 0.3 ms]
      [Choose CSet: 0.0 ms]
      [Ref Proc: 0.1 ms]
      [Ref Enq: 0.0 ms]
      [Redirty Cards: 0.1 ms]
      [Humongous Register: 0.1 ms]
      [Humongous Reclaim: 0.0 ms]
      [Free CSet: 0.0 ms]
   [Eden: 2048.0K(29696.0K)->0.0B(30720.0K) Survivors: 4096.0K->1024.0K Heap: 366.6M(512.0M)->364.3M(512.0M)]
 [Times: user=0.00 sys=0.00, real=0.00 secs] 
0.813: [GC concurrent-root-region-scan-start]
0.813: [GC concurrent-root-region-scan-end, 0.0000922 secs]
0.813: [GC concurrent-mark-start]
0.814: [GC concurrent-mark-end, 0.0012998 secs]
0.814: [GC remark 0.814: [Finalize Marking, 0.0001030 secs] 0.815: [GC ref-proc, 0.0000914 secs] 0.815: [Unloading, 0.0004307 secs], 0.0014712 secs]
 [Times: user=0.03 sys=0.00, real=0.00 secs] 
0.816: [GC cleanup 374M->374M(512M), 0.0003687 secs]
 [Times: user=0.00 sys=0.00, real=0.00 secs] 
0.820: [GC pause (G1 Evacuation Pause) (young), 0.0020541 secs]
   [Parallel Time: 1.7 ms, GC Workers: 8]
      [GC Worker Start (ms): Min: 820.5, Avg: 820.5, Max: 820.5, Diff: 0.0]
      [Ext Root Scanning (ms): Min: 0.1, Avg: 0.1, Max: 0.1, Diff: 0.0, Sum: 1.0]
      [Update RS (ms): Min: 0.4, Avg: 0.5, Max: 0.5, Diff: 0.1, Sum: 3.6]
         [Processed Buffers: Min: 6, Avg: 6.4, Max: 7, Diff: 1, Sum: 51]
      [Scan RS (ms): Min: 0.0, Avg: 0.0, Max: 0.0, Diff: 0.0, Sum: 0.0]
      [Code Root Scanning (ms): Min: 0.0, Avg: 0.0, Max: 0.0, Diff: 0.0, Sum: 0.0]
      [Object Copy (ms): Min: 0.9, Avg: 1.0, Max: 1.0, Diff: 0.1, Sum: 7.9]
      [Termination (ms): Min: 0.0, Avg: 0.0, Max: 0.1, Diff: 0.1, Sum: 0.3]
         [Termination Attempts: Min: 1, Avg: 1.0, Max: 1, Diff: 0, Sum: 8]
      [GC Worker Other (ms): Min: 0.0, Avg: 0.0, Max: 0.0, Diff: 0.0, Sum: 0.1]
      [GC Worker Total (ms): Min: 1.6, Avg: 1.6, Max: 1.6, Diff: 0.0, Sum: 12.9]
      [GC Worker End (ms): Min: 822.1, Avg: 822.1, Max: 822.1, Diff: 0.0]
   [Code Root Fixup: 0.0 ms]
   [Code Root Purge: 0.0 ms]
   [Clear CT: 0.1 ms]
   [Other: 0.3 ms]
      [Choose CSet: 0.0 ms]
      [Ref Proc: 0.1 ms]
      [Ref Enq: 0.0 ms]
      [Redirty Cards: 0.1 ms]
      [Humongous Register: 0.1 ms]
      [Humongous Reclaim: 0.0 ms]
      [Free CSet: 0.0 ms]
   [Eden: 30720.0K(30720.0K)->0.0B(21504.0K) Survivors: 1024.0K->4096.0K Heap: 399.4M(512.0M)->371.0M(512.0M)]
 [Times: user=0.00 sys=0.00, real=0.00 secs] 
0.826: [GC pause (G1 Evacuation Pause) (mixed), 0.0049281 secs]
   [Parallel Time: 4.4 ms, GC Workers: 8]
      [GC Worker Start (ms): Min: 826.6, Avg: 826.7, Max: 826.7, Diff: 0.0]
      [Ext Root Scanning (ms): Min: 0.1, Avg: 0.1, Max: 0.2, Diff: 0.0, Sum: 1.1]
      [Update RS (ms): Min: 0.5, Avg: 0.5, Max: 0.5, Diff: 0.0, Sum: 4.1]
         [Processed Buffers: Min: 6, Avg: 7.3, Max: 8, Diff: 2, Sum: 58]
      [Scan RS (ms): Min: 0.0, Avg: 0.0, Max: 0.0, Diff: 0.0, Sum: 0.2]
      [Code Root Scanning (ms): Min: 0.0, Avg: 0.0, Max: 0.0, Diff: 0.0, Sum: 0.0]
      [Object Copy (ms): Min: 3.5, Avg: 3.6, Max: 3.6, Diff: 0.1, Sum: 28.6]
      [Termination (ms): Min: 0.0, Avg: 0.1, Max: 0.1, Diff: 0.1, Sum: 0.6]
         [Termination Attempts: Min: 1, Avg: 1.0, Max: 1, Diff: 0, Sum: 8]
      [GC Worker Other (ms): Min: 0.0, Avg: 0.0, Max: 0.0, Diff: 0.0, Sum: 0.1]
      [GC Worker Total (ms): Min: 4.3, Avg: 4.3, Max: 4.4, Diff: 0.1, Sum: 34.8]
      [GC Worker End (ms): Min: 831.0, Avg: 831.0, Max: 831.0, Diff: 0.0]
   [Code Root Fixup: 0.0 ms]
   [Code Root Purge: 0.0 ms]
   [Clear CT: 0.1 ms]
   [Other: 0.4 ms]
      [Choose CSet: 0.0 ms]
      [Ref Proc: 0.1 ms]
      [Ref Enq: 0.0 ms]
      [Redirty Cards: 0.1 ms]
      [Humongous Register: 0.1 ms]
      [Humongous Reclaim: 0.0 ms]
      [Free CSet: 0.1 ms]
   [Eden: 21504.0K(21504.0K)->0.0B(31744.0K) Survivors: 4096.0K->4096.0K Heap: 398.0M(512.0M)->364.5M(512.0M)]
 [Times: user=0.13 sys=0.00, real=0.01 secs] 
0.832: [GC pause (G1 Humongous Allocation) (young) (initial-mark), 0.0010464 secs]
   [Parallel Time: 0.7 ms, GC Workers: 8]
      [GC Worker Start (ms): Min: 832.0, Avg: 832.0, Max: 832.0, Diff: 0.0]
      [Ext Root Scanning (ms): Min: 0.1, Avg: 0.1, Max: 0.1, Diff: 0.0, Sum: 1.0]
      [Update RS (ms): Min: 0.0, Avg: 0.1, Max: 0.1, Diff: 0.1, Sum: 0.5]
         [Processed Buffers: Min: 1, Avg: 1.3, Max: 2, Diff: 1, Sum: 10]
      [Scan RS (ms): Min: 0.0, Avg: 0.0, Max: 0.0, Diff: 0.0, Sum: 0.0]
      [Code Root Scanning (ms): Min: 0.0, Avg: 0.0, Max: 0.0, Diff: 0.0, Sum: 0.0]
      [Object Copy (ms): Min: 0.3, Avg: 0.4, Max: 0.4, Diff: 0.2, Sum: 3.0]
      [Termination (ms): Min: 0.0, Avg: 0.0, Max: 0.1, Diff: 0.1, Sum: 0.3]
         [Termination Attempts: Min: 1, Avg: 1.0, Max: 1, Diff: 0, Sum: 8]
      [GC Worker Other (ms): Min: 0.0, Avg: 0.0, Max: 0.0, Diff: 0.0, Sum: 0.1]
      [GC Worker Total (ms): Min: 0.6, Avg: 0.6, Max: 0.6, Diff: 0.0, Sum: 4.9]
      [GC Worker End (ms): Min: 832.6, Avg: 832.6, Max: 832.6, Diff: 0.0]
   [Code Root Fixup: 0.0 ms]
   [Code Root Purge: 0.0 ms]
   [Clear CT: 0.1 ms]
   [Other: 0.3 ms]
      [Choose CSet: 0.0 ms]
      [Ref Proc: 0.1 ms]
      [Ref Enq: 0.0 ms]
      [Redirty Cards: 0.1 ms]
      [Humongous Register: 0.1 ms]
      [Humongous Reclaim: 0.0 ms]
      [Free CSet: 0.0 ms]
   [Eden: 1024.0K(31744.0K)->0.0B(33792.0K) Survivors: 4096.0K->0.0B Heap: 365.2M(512.0M)->364.3M(512.0M)]
 [Times: user=0.00 sys=0.00, real=0.00 secs] 
0.833: [GC concurrent-root-region-scan-start]
0.833: [GC concurrent-root-region-scan-end, 0.0000338 secs]
0.833: [GC concurrent-mark-start]
0.835: [GC concurrent-mark-end, 0.0013205 secs]
0.835: [GC remark 0.835: [Finalize Marking, 0.0000976 secs] 0.835: [GC ref-proc, 0.0000920 secs] 0.835: [Unloading, 0.0004044 secs], 0.0014307 secs]
 [Times: user=0.00 sys=0.00, real=0.00 secs] 
0.836: [GC cleanup 376M->376M(512M), 0.0004004 secs]
 [Times: user=0.00 sys=0.00, real=0.00 secs] 
0.841: [GC pause (G1 Evacuation Pause) (young), 0.0028814 secs]
   [Parallel Time: 2.5 ms, GC Workers: 8]
      [GC Worker Start (ms): Min: 840.8, Avg: 840.8, Max: 840.9, Diff: 0.0]
      [Ext Root Scanning (ms): Min: 0.1, Avg: 0.1, Max: 0.2, Diff: 0.0, Sum: 1.1]
      [Update RS (ms): Min: 0.9, Avg: 1.0, Max: 1.0, Diff: 0.1, Sum: 7.8]
         [Processed Buffers: Min: 3, Avg: 11.9, Max: 14, Diff: 11, Sum: 95]
      [Scan RS (ms): Min: 0.0, Avg: 0.0, Max: 0.0, Diff: 0.0, Sum: 0.0]
      [Code Root Scanning (ms): Min: 0.0, Avg: 0.0, Max: 0.0, Diff: 0.0, Sum: 0.0]
      [Object Copy (ms): Min: 1.2, Avg: 1.2, Max: 1.3, Diff: 0.1, Sum: 9.9]
      [Termination (ms): Min: 0.0, Avg: 0.0, Max: 0.1, Diff: 0.1, Sum: 0.3]
         [Termination Attempts: Min: 1, Avg: 1.0, Max: 1, Diff: 0, Sum: 8]
      [GC Worker Other (ms): Min: 0.0, Avg: 0.0, Max: 0.0, Diff: 0.0, Sum: 0.1]
      [GC Worker Total (ms): Min: 2.4, Avg: 2.4, Max: 2.4, Diff: 0.0, Sum: 19.2]
      [GC Worker End (ms): Min: 843.2, Avg: 843.2, Max: 843.2, Diff: 0.0]
   [Code Root Fixup: 0.0 ms]
   [Code Root Purge: 0.0 ms]
   [Clear CT: 0.1 ms]
   [Other: 0.4 ms]
      [Choose CSet: 0.0 ms]
      [Ref Proc: 0.1 ms]
      [Ref Enq: 0.0 ms]
      [Redirty Cards: 0.1 ms]
      [Humongous Register: 0.1 ms]
      [Humongous Reclaim: 0.0 ms]
      [Free CSet: 0.0 ms]
   [Eden: 33792.0K(33792.0K)->0.0B(20480.0K) Survivors: 0.0B->5120.0K Heap: 407.9M(512.0M)->377.4M(512.0M)]
 [Times: user=0.00 sys=0.00, real=0.00 secs] 
0.847: [GC pause (G1 Evacuation Pause) (mixed), 0.0050598 secs]
   [Parallel Time: 4.6 ms, GC Workers: 8]
      [GC Worker Start (ms): Min: 847.2, Avg: 847.2, Max: 847.3, Diff: 0.0]
      [Ext Root Scanning (ms): Min: 0.1, Avg: 0.1, Max: 0.1, Diff: 0.0, Sum: 1.0]
      [Update RS (ms): Min: 0.4, Avg: 0.4, Max: 0.4, Diff: 0.1, Sum: 3.4]
         [Processed Buffers: Min: 5, Avg: 6.1, Max: 8, Diff: 3, Sum: 49]
      [Scan RS (ms): Min: 0.0, Avg: 0.0, Max: 0.1, Diff: 0.1, Sum: 0.2]
      [Code Root Scanning (ms): Min: 0.0, Avg: 0.0, Max: 0.0, Diff: 0.0, Sum: 0.0]
      [Object Copy (ms): Min: 3.9, Avg: 3.9, Max: 3.9, Diff: 0.0, Sum: 31.3]
      [Termination (ms): Min: 0.0, Avg: 0.0, Max: 0.0, Diff: 0.0, Sum: 0.1]
         [Termination Attempts: Min: 1, Avg: 1.0, Max: 1, Diff: 0, Sum: 8]
      [GC Worker Other (ms): Min: 0.0, Avg: 0.0, Max: 0.0, Diff: 0.0, Sum: 0.1]
      [GC Worker Total (ms): Min: 4.5, Avg: 4.5, Max: 4.5, Diff: 0.0, Sum: 36.0]
      [GC Worker End (ms): Min: 851.7, Avg: 851.7, Max: 851.7, Diff: 0.0]
   [Code Root Fixup: 0.0 ms]
   [Code Root Purge: 0.0 ms]
   [Clear CT: 0.1 ms]
   [Other: 0.4 ms]
      [Choose CSet: 0.0 ms]
      [Ref Proc: 0.1 ms]
      [Ref Enq: 0.0 ms]
      [Redirty Cards: 0.1 ms]
      [Humongous Register: 0.1 ms]
      [Humongous Reclaim: 0.0 ms]
      [Free CSet: 0.1 ms]
   [Eden: 20480.0K(20480.0K)->0.0B(27648.0K) Survivors: 5120.0K->4096.0K Heap: 402.1M(512.0M)->368.2M(512.0M)]
 [Times: user=0.00 sys=0.00, real=0.01 secs] 
0.853: [GC pause (G1 Humongous Allocation) (young) (initial-mark), 0.0011169 secs]
   [Parallel Time: 0.8 ms, GC Workers: 8]
      [GC Worker Start (ms): Min: 852.9, Avg: 853.0, Max: 853.0, Diff: 0.0]
      [Ext Root Scanning (ms): Min: 0.1, Avg: 0.1, Max: 0.1, Diff: 0.0, Sum: 1.0]
      [Update RS (ms): Min: 0.1, Avg: 0.1, Max: 0.1, Diff: 0.1, Sum: 0.6]
         [Processed Buffers: Min: 1, Avg: 1.3, Max: 2, Diff: 1, Sum: 10]
      [Scan RS (ms): Min: 0.0, Avg: 0.0, Max: 0.0, Diff: 0.0, Sum: 0.0]
      [Code Root Scanning (ms): Min: 0.0, Avg: 0.0, Max: 0.0, Diff: 0.0, Sum: 0.0]
      [Object Copy (ms): Min: 0.4, Avg: 0.4, Max: 0.5, Diff: 0.1, Sum: 3.6]
      [Termination (ms): Min: 0.0, Avg: 0.1, Max: 0.1, Diff: 0.1, Sum: 0.5]
         [Termination Attempts: Min: 1, Avg: 1.0, Max: 1, Diff: 0, Sum: 8]
      [GC Worker Other (ms): Min: 0.0, Avg: 0.0, Max: 0.0, Diff: 0.0, Sum: 0.1]
      [GC Worker Total (ms): Min: 0.7, Avg: 0.7, Max: 0.7, Diff: 0.0, Sum: 5.8]
      [GC Worker End (ms): Min: 853.7, Avg: 853.7, Max: 853.7, Diff: 0.0]
   [Code Root Fixup: 0.0 ms]
   [Code Root Purge: 0.0 ms]
   [Clear CT: 0.1 ms]
   [Other: 0.3 ms]
      [Choose CSet: 0.0 ms]
      [Ref Proc: 0.1 ms]
      [Ref Enq: 0.0 ms]
      [Redirty Cards: 0.1 ms]
      [Humongous Register: 0.1 ms]
      [Humongous Reclaim: 0.0 ms]
      [Free CSet: 0.0 ms]
   [Eden: 3072.0K(27648.0K)->0.0B(25600.0K) Survivors: 4096.0K->1024.0K Heap: 370.5M(512.0M)->369.0M(512.0M)]
 [Times: user=0.00 sys=0.00, real=0.00 secs] 
0.854: [GC concurrent-root-region-scan-start]
0.854: [GC concurrent-root-region-scan-end, 0.0001290 secs]
0.854: [GC concurrent-mark-start]
0.856: [GC concurrent-mark-end, 0.0014027 secs]
0.856: [GC remark 0.856: [Finalize Marking, 0.0000765 secs] 0.856: [GC ref-proc, 0.0000912 secs] 0.856: [Unloading, 0.0004010 secs], 0.0013930 secs]
 [Times: user=0.00 sys=0.00, real=0.00 secs] 
0.857: [GC cleanup 385M->385M(512M), 0.0003863 secs]
 [Times: user=0.00 sys=0.00, real=0.00 secs] 
0.860: [GC pause (G1 Evacuation Pause) (young), 0.0022025 secs]
   [Parallel Time: 1.9 ms, GC Workers: 8]
      [GC Worker Start (ms): Min: 860.2, Avg: 860.2, Max: 860.3, Diff: 0.0]
      [Ext Root Scanning (ms): Min: 0.1, Avg: 0.1, Max: 0.1, Diff: 0.0, Sum: 1.0]
      [Update RS (ms): Min: 0.6, Avg: 0.6, Max: 0.7, Diff: 0.1, Sum: 5.0]
         [Processed Buffers: Min: 8, Avg: 8.8, Max: 10, Diff: 2, Sum: 70]
      [Scan RS (ms): Min: 0.0, Avg: 0.0, Max: 0.0, Diff: 0.0, Sum: 0.0]
      [Code Root Scanning (ms): Min: 0.0, Avg: 0.0, Max: 0.0, Diff: 0.0, Sum: 0.0]
      [Object Copy (ms): Min: 0.9, Avg: 1.0, Max: 1.1, Diff: 0.2, Sum: 8.0]
      [Termination (ms): Min: 0.0, Avg: 0.1, Max: 0.1, Diff: 0.1, Sum: 0.5]
         [Termination Attempts: Min: 1, Avg: 1.0, Max: 1, Diff: 0, Sum: 8]
      [GC Worker Other (ms): Min: 0.0, Avg: 0.0, Max: 0.0, Diff: 0.0, Sum: 0.1]
      [GC Worker Total (ms): Min: 1.8, Avg: 1.8, Max: 1.8, Diff: 0.0, Sum: 14.6]
      [GC Worker End (ms): Min: 862.1, Avg: 862.1, Max: 862.1, Diff: 0.0]
   [Code Root Fixup: 0.0 ms]
   [Code Root Purge: 0.0 ms]
   [Clear CT: 0.1 ms]
   [Other: 0.3 ms]
      [Choose CSet: 0.0 ms]
      [Ref Proc: 0.1 ms]
      [Ref Enq: 0.0 ms]
      [Redirty Cards: 0.1 ms]
      [Humongous Register: 0.1 ms]
      [Humongous Reclaim: 0.0 ms]
      [Free CSet: 0.0 ms]
   [Eden: 25600.0K(25600.0K)->0.0B(21504.0K) Survivors: 1024.0K->4096.0K Heap: 401.4M(512.0M)->377.5M(512.0M)]
 [Times: user=0.11 sys=0.02, real=0.00 secs] 
0.866: [GC pause (G1 Evacuation Pause) (mixed), 0.0056278 secs]
   [Parallel Time: 5.1 ms, GC Workers: 8]
      [GC Worker Start (ms): Min: 866.2, Avg: 866.3, Max: 866.3, Diff: 0.0]
      [Ext Root Scanning (ms): Min: 0.1, Avg: 0.1, Max: 0.1, Diff: 0.0, Sum: 1.0]
      [Update RS (ms): Min: 0.6, Avg: 0.7, Max: 0.7, Diff: 0.1, Sum: 5.2]
         [Processed Buffers: Min: 8, Avg: 9.0, Max: 10, Diff: 2, Sum: 72]
      [Scan RS (ms): Min: 0.0, Avg: 0.0, Max: 0.1, Diff: 0.1, Sum: 0.3]
      [Code Root Scanning (ms): Min: 0.0, Avg: 0.0, Max: 0.0, Diff: 0.0, Sum: 0.0]
      [Object Copy (ms): Min: 4.1, Avg: 4.2, Max: 4.2, Diff: 0.1, Sum: 33.2]
      [Termination (ms): Min: 0.0, Avg: 0.1, Max: 0.1, Diff: 0.1, Sum: 0.5]
         [Termination Attempts: Min: 1, Avg: 1.0, Max: 1, Diff: 0, Sum: 8]
      [GC Worker Other (ms): Min: 0.0, Avg: 0.0, Max: 0.0, Diff: 0.0, Sum: 0.1]
      [GC Worker Total (ms): Min: 5.0, Avg: 5.0, Max: 5.1, Diff: 0.1, Sum: 40.3]
      [GC Worker End (ms): Min: 871.3, Avg: 871.3, Max: 871.3, Diff: 0.0]
   [Code Root Fixup: 0.0 ms]
   [Code Root Purge: 0.0 ms]
   [Clear CT: 0.1 ms]
   [Other: 0.5 ms]
      [Choose CSet: 0.0 ms]
      [Ref Proc: 0.1 ms]
      [Ref Enq: 0.0 ms]
      [Redirty Cards: 0.1 ms]
      [Humongous Register: 0.1 ms]
      [Humongous Reclaim: 0.0 ms]
      [Free CSet: 0.1 ms]
   [Eden: 21504.0K(21504.0K)->0.0B(22528.0K) Survivors: 4096.0K->4096.0K Heap: 406.2M(512.0M)->371.8M(512.0M)]
 [Times: user=0.00 sys=0.00, real=0.01 secs] 
0.872: [GC pause (G1 Humongous Allocation) (young) (initial-mark), 0.0011746 secs]
   [Parallel Time: 0.8 ms, GC Workers: 8]
      [GC Worker Start (ms): Min: 872.4, Avg: 872.4, Max: 872.4, Diff: 0.0]
      [Ext Root Scanning (ms): Min: 0.1, Avg: 0.1, Max: 0.1, Diff: 0.0, Sum: 1.0]
      [Update RS (ms): Min: 0.0, Avg: 0.1, Max: 0.1, Diff: 0.1, Sum: 0.7]
         [Processed Buffers: Min: 1, Avg: 1.1, Max: 2, Diff: 1, Sum: 9]
      [Scan RS (ms): Min: 0.0, Avg: 0.0, Max: 0.0, Diff: 0.0, Sum: 0.0]
      [Code Root Scanning (ms): Min: 0.0, Avg: 0.0, Max: 0.0, Diff: 0.0, Sum: 0.0]
      [Object Copy (ms): Min: 0.5, Avg: 0.5, Max: 0.6, Diff: 0.1, Sum: 4.1]
      [Termination (ms): Min: 0.0, Avg: 0.0, Max: 0.1, Diff: 0.1, Sum: 0.4]
         [Termination Attempts: Min: 1, Avg: 1.0, Max: 1, Diff: 0, Sum: 8]
      [GC Worker Other (ms): Min: 0.0, Avg: 0.0, Max: 0.0, Diff: 0.0, Sum: 0.1]
      [GC Worker Total (ms): Min: 0.8, Avg: 0.8, Max: 0.8, Diff: 0.0, Sum: 6.2]
      [GC Worker End (ms): Min: 873.2, Avg: 873.2, Max: 873.2, Diff: 0.0]
   [Code Root Fixup: 0.0 ms]
   [Code Root Purge: 0.0 ms]
   [Clear CT: 0.1 ms]
   [Other: 0.3 ms]
      [Choose CSet: 0.0 ms]
      [Ref Proc: 0.1 ms]
      [Ref Enq: 0.0 ms]
      [Redirty Cards: 0.1 ms]
      [Humongous Register: 0.1 ms]
      [Humongous Reclaim: 0.0 ms]
      [Free CSet: 0.0 ms]
   [Eden: 2048.0K(22528.0K)->0.0B(24576.0K) Survivors: 4096.0K->1024.0K Heap: 373.0M(512.0M)->372.5M(512.0M)]
 [Times: user=0.00 sys=0.00, real=0.00 secs] 
0.874: [GC concurrent-root-region-scan-start]
0.874: [GC concurrent-root-region-scan-end, 0.0001016 secs]
0.874: [GC concurrent-mark-start]
0.875: [GC concurrent-mark-end, 0.0012258 secs]
0.875: [GC remark 0.875: [Finalize Marking, 0.0000903 secs] 0.875: [GC ref-proc, 0.0000926 secs] 0.875: [Unloading, 0.0004101 secs], 0.0014517 secs]
 [Times: user=0.00 sys=0.00, real=0.00 secs] 
0.877: [GC cleanup 384M->384M(512M), 0.0003520 secs]
 [Times: user=0.00 sys=0.00, real=0.00 secs] 
0.881: [GC pause (G1 Evacuation Pause) (young), 0.0026882 secs]
   [Parallel Time: 2.3 ms, GC Workers: 8]
      [GC Worker Start (ms): Min: 880.8, Avg: 880.8, Max: 880.8, Diff: 0.0]
      [Ext Root Scanning (ms): Min: 0.1, Avg: 0.1, Max: 0.1, Diff: 0.0, Sum: 1.0]
      [Update RS (ms): Min: 1.0, Avg: 1.0, Max: 1.0, Diff: 0.1, Sum: 8.1]
         [Processed Buffers: Min: 3, Avg: 12.4, Max: 14, Diff: 11, Sum: 99]
      [Scan RS (ms): Min: 0.0, Avg: 0.0, Max: 0.0, Diff: 0.0, Sum: 0.0]
      [Code Root Scanning (ms): Min: 0.0, Avg: 0.0, Max: 0.0, Diff: 0.0, Sum: 0.0]
      [Object Copy (ms): Min: 1.0, Avg: 1.0, Max: 1.1, Diff: 0.1, Sum: 8.2]
      [Termination (ms): Min: 0.0, Avg: 0.1, Max: 0.1, Diff: 0.1, Sum: 0.5]
         [Termination Attempts: Min: 1, Avg: 1.0, Max: 1, Diff: 0, Sum: 8]
      [GC Worker Other (ms): Min: 0.0, Avg: 0.0, Max: 0.0, Diff: 0.0, Sum: 0.1]
      [GC Worker Total (ms): Min: 2.2, Avg: 2.2, Max: 2.3, Diff: 0.0, Sum: 17.9]
      [GC Worker End (ms): Min: 883.0, Avg: 883.0, Max: 883.0, Diff: 0.0]
   [Code Root Fixup: 0.0 ms]
   [Code Root Purge: 0.0 ms]
   [Clear CT: 0.1 ms]
   [Other: 0.4 ms]
      [Choose CSet: 0.0 ms]
      [Ref Proc: 0.1 ms]
      [Ref Enq: 0.0 ms]
      [Redirty Cards: 0.0 ms]
      [Humongous Register: 0.1 ms]
      [Humongous Reclaim: 0.0 ms]
      [Free CSet: 0.0 ms]
   [Eden: 24576.0K(24576.0K)->0.0B(21504.0K) Survivors: 1024.0K->4096.0K Heap: 407.6M(512.0M)->386.0M(512.0M)]
 [Times: user=0.00 sys=0.00, real=0.00 secs] 
0.887: [GC pause (G1 Evacuation Pause) (mixed) (to-space exhausted), 0.0058914 secs]
   [Parallel Time: 5.4 ms, GC Workers: 8]
      [GC Worker Start (ms): Min: 887.3, Avg: 887.3, Max: 887.3, Diff: 0.0]
      [Ext Root Scanning (ms): Min: 0.1, Avg: 0.1, Max: 0.1, Diff: 0.0, Sum: 1.0]
      [Update RS (ms): Min: 0.3, Avg: 0.4, Max: 0.4, Diff: 0.1, Sum: 2.8]
         [Processed Buffers: Min: 4, Avg: 4.9, Max: 5, Diff: 1, Sum: 39]
      [Scan RS (ms): Min: 0.0, Avg: 0.1, Max: 0.1, Diff: 0.1, Sum: 0.4]
      [Code Root Scanning (ms): Min: 0.0, Avg: 0.0, Max: 0.0, Diff: 0.0, Sum: 0.0]
      [Object Copy (ms): Min: 4.7, Avg: 4.8, Max: 4.8, Diff: 0.2, Sum: 38.0]
      [Termination (ms): Min: 0.0, Avg: 0.1, Max: 0.1, Diff: 0.1, Sum: 0.4]
         [Termination Attempts: Min: 1, Avg: 1.0, Max: 1, Diff: 0, Sum: 8]
      [GC Worker Other (ms): Min: 0.0, Avg: 0.0, Max: 0.0, Diff: 0.0, Sum: 0.1]
      [GC Worker Total (ms): Min: 5.3, Avg: 5.3, Max: 5.4, Diff: 0.0, Sum: 42.7]
      [GC Worker End (ms): Min: 892.6, Avg: 892.6, Max: 892.6, Diff: 0.0]
   [Code Root Fixup: 0.0 ms]
   [Code Root Purge: 0.0 ms]
   [Clear CT: 0.1 ms]
   [Other: 0.4 ms]
      [Evacuation Failure: 0.1 ms]
      [Choose CSet: 0.0 ms]
      [Ref Proc: 0.1 ms]
      [Ref Enq: 0.0 ms]
      [Redirty Cards: 0.1 ms]
      [Humongous Register: 0.1 ms]
      [Humongous Reclaim: 0.0 ms]
      [Free CSet: 0.0 ms]
   [Eden: 21504.0K(21504.0K)->0.0B(21504.0K) Survivors: 4096.0K->4096.0K Heap: 410.8M(512.0M)->380.2M(512.0M)]
 [Times: user=0.13 sys=0.00, real=0.01 secs] 
0.893: [GC pause (G1 Humongous Allocation) (young) (initial-mark), 0.0010717 secs]
   [Parallel Time: 0.7 ms, GC Workers: 8]
      [GC Worker Start (ms): Min: 893.4, Avg: 893.5, Max: 893.5, Diff: 0.0]
      [Ext Root Scanning (ms): Min: 0.1, Avg: 0.1, Max: 0.1, Diff: 0.0, Sum: 1.0]
      [Update RS (ms): Min: 0.1, Avg: 0.1, Max: 0.2, Diff: 0.2, Sum: 0.9]
         [Processed Buffers: Min: 1, Avg: 2.1, Max: 4, Diff: 3, Sum: 17]
      [Scan RS (ms): Min: 0.0, Avg: 0.0, Max: 0.0, Diff: 0.0, Sum: 0.0]
      [Code Root Scanning (ms): Min: 0.0, Avg: 0.0, Max: 0.0, Diff: 0.0, Sum: 0.0]
      [Object Copy (ms): Min: 0.3, Avg: 0.4, Max: 0.5, Diff: 0.2, Sum: 3.1]
      [Termination (ms): Min: 0.0, Avg: 0.0, Max: 0.1, Diff: 0.1, Sum: 0.3]
         [Termination Attempts: Min: 1, Avg: 1.0, Max: 1, Diff: 0, Sum: 8]
      [GC Worker Other (ms): Min: 0.0, Avg: 0.0, Max: 0.0, Diff: 0.0, Sum: 0.1]
      [GC Worker Total (ms): Min: 0.6, Avg: 0.7, Max: 0.7, Diff: 0.0, Sum: 5.3]
      [GC Worker End (ms): Min: 894.1, Avg: 894.1, Max: 894.1, Diff: 0.0]
   [Code Root Fixup: 0.0 ms]
   [Code Root Purge: 0.0 ms]
   [Clear CT: 0.1 ms]
   [Other: 0.3 ms]
      [Choose CSet: 0.0 ms]
      [Ref Proc: 0.1 ms]
      [Ref Enq: 0.0 ms]
      [Redirty Cards: 0.1 ms]
      [Humongous Register: 0.1 ms]
      [Humongous Reclaim: 0.0 ms]
      [Free CSet: 0.0 ms]
   [Eden: 1024.0K(21504.0K)->0.0B(24576.0K) Survivors: 4096.0K->1024.0K Heap: 380.3M(512.0M)->380.5M(512.0M)]
 [Times: user=0.00 sys=0.00, real=0.00 secs] 
0.895: [GC concurrent-root-region-scan-start]
0.895: [GC concurrent-root-region-scan-end, 0.0000580 secs]
0.895: [GC concurrent-mark-start]
0.896: [GC concurrent-mark-end, 0.0012496 secs]
0.896: [GC remark 0.896: [Finalize Marking, 0.0000843 secs] 0.896: [GC ref-proc, 0.0000892 secs] 0.896: [Unloading, 0.0004332 secs], 0.0015292 secs]
 [Times: user=0.00 sys=0.00, real=0.00 secs] 
0.898: [GC cleanup 389M->389M(512M), 0.0003733 secs]
 [Times: user=0.00 sys=0.00, real=0.00 secs] 
0.901: [GC pause (G1 Evacuation Pause) (young), 0.0018782 secs]
   [Parallel Time: 1.4 ms, GC Workers: 8]
      [GC Worker Start (ms): Min: 901.6, Avg: 901.6, Max: 901.7, Diff: 0.1]
      [Ext Root Scanning (ms): Min: 0.1, Avg: 0.1, Max: 0.2, Diff: 0.1, Sum: 1.0]
      [Update RS (ms): Min: 0.4, Avg: 0.5, Max: 0.5, Diff: 0.1, Sum: 3.8]
         [Processed Buffers: Min: 6, Avg: 6.4, Max: 7, Diff: 1, Sum: 51]
      [Scan RS (ms): Min: 0.0, Avg: 0.0, Max: 0.0, Diff: 0.0, Sum: 0.0]
      [Code Root Scanning (ms): Min: 0.0, Avg: 0.0, Max: 0.0, Diff: 0.0, Sum: 0.0]
      [Object Copy (ms): Min: 0.6, Avg: 0.7, Max: 0.8, Diff: 0.1, Sum: 5.7]
      [Termination (ms): Min: 0.0, Avg: 0.1, Max: 0.1, Diff: 0.1, Sum: 0.4]
         [Termination Attempts: Min: 1, Avg: 1.0, Max: 1, Diff: 0, Sum: 8]
      [GC Worker Other (ms): Min: 0.0, Avg: 0.0, Max: 0.1, Diff: 0.1, Sum: 0.1]
      [GC Worker Total (ms): Min: 1.4, Avg: 1.4, Max: 1.4, Diff: 0.1, Sum: 11.1]
      [GC Worker End (ms): Min: 903.0, Avg: 903.0, Max: 903.0, Diff: 0.0]
   [Code Root Fixup: 0.0 ms]
   [Code Root Purge: 0.0 ms]
   [Clear CT: 0.1 ms]
   [Other: 0.4 ms]
      [Choose CSet: 0.0 ms]
      [Ref Proc: 0.1 ms]
      [Ref Enq: 0.0 ms]
      [Redirty Cards: 0.1 ms]
      [Humongous Register: 0.1 ms]
      [Humongous Reclaim: 0.0 ms]
      [Free CSet: 0.0 ms]
   [Eden: 24576.0K(24576.0K)->0.0B(21504.0K) Survivors: 1024.0K->4096.0K Heap: 409.9M(512.0M)->386.5M(512.0M)]
 [Times: user=0.00 sys=0.00, real=0.00 secs] 
0.908: [GC pause (G1 Evacuation Pause) (mixed), 0.0057530 secs]
   [Parallel Time: 5.1 ms, GC Workers: 8]
      [GC Worker Start (ms): Min: 907.9, Avg: 908.1, Max: 908.6, Diff: 0.7]
      [Ext Root Scanning (ms): Min: 0.0, Avg: 0.1, Max: 0.2, Diff: 0.2, Sum: 0.9]
      [Update RS (ms): Min: 0.0, Avg: 0.4, Max: 0.5, Diff: 0.5, Sum: 3.1]
         [Processed Buffers: Min: 0, Avg: 5.1, Max: 8, Diff: 8, Sum: 41]
      [Scan RS (ms): Min: 0.0, Avg: 0.0, Max: 0.1, Diff: 0.1, Sum: 0.3]
      [Code Root Scanning (ms): Min: 0.0, Avg: 0.0, Max: 0.0, Diff: 0.0, Sum: 0.0]
      [Object Copy (ms): Min: 4.3, Avg: 4.3, Max: 4.4, Diff: 0.1, Sum: 34.5]
      [Termination (ms): Min: 0.0, Avg: 0.0, Max: 0.1, Diff: 0.1, Sum: 0.3]
         [Termination Attempts: Min: 1, Avg: 1.0, Max: 1, Diff: 0, Sum: 8]
      [GC Worker Other (ms): Min: 0.0, Avg: 0.0, Max: 0.0, Diff: 0.0, Sum: 0.1]
      [GC Worker Total (ms): Min: 4.4, Avg: 4.9, Max: 5.0, Diff: 0.6, Sum: 39.2]
      [GC Worker End (ms): Min: 912.9, Avg: 913.0, Max: 913.0, Diff: 0.0]
   [Code Root Fixup: 0.0 ms]
   [Code Root Purge: 0.0 ms]
   [Clear CT: 0.1 ms]
   [Other: 0.6 ms]
      [Choose CSet: 0.0 ms]
      [Ref Proc: 0.1 ms]
      [Ref Enq: 0.0 ms]
      [Redirty Cards: 0.1 ms]
      [Humongous Register: 0.1 ms]
      [Humongous Reclaim: 0.0 ms]
      [Free CSet: 0.1 ms]
   [Eden: 21504.0K(21504.0K)->0.0B(21504.0K) Survivors: 4096.0K->4096.0K Heap: 411.3M(512.0M)->373.9M(512.0M)]
 [Times: user=0.09 sys=0.00, real=0.01 secs] 
0.914: [GC pause (G1 Humongous Allocation) (young) (initial-mark), 0.0010617 secs]
   [Parallel Time: 0.7 ms, GC Workers: 8]
      [GC Worker Start (ms): Min: 914.0, Avg: 914.1, Max: 914.1, Diff: 0.0]
      [Ext Root Scanning (ms): Min: 0.1, Avg: 0.1, Max: 0.1, Diff: 0.0, Sum: 1.0]
      [Update RS (ms): Min: 0.0, Avg: 0.1, Max: 0.1, Diff: 0.1, Sum: 0.6]
         [Processed Buffers: Min: 1, Avg: 1.1, Max: 2, Diff: 1, Sum: 9]
      [Scan RS (ms): Min: 0.0, Avg: 0.0, Max: 0.0, Diff: 0.0, Sum: 0.0]
      [Code Root Scanning (ms): Min: 0.0, Avg: 0.0, Max: 0.0, Diff: 0.0, Sum: 0.0]
      [Object Copy (ms): Min: 0.3, Avg: 0.4, Max: 0.5, Diff: 0.2, Sum: 3.1]
      [Termination (ms): Min: 0.0, Avg: 0.1, Max: 0.1, Diff: 0.1, Sum: 0.5]
         [Termination Attempts: Min: 1, Avg: 1.0, Max: 1, Diff: 0, Sum: 8]
      [GC Worker Other (ms): Min: 0.0, Avg: 0.0, Max: 0.0, Diff: 0.0, Sum: 0.1]
      [GC Worker Total (ms): Min: 0.6, Avg: 0.7, Max: 0.7, Diff: 0.0, Sum: 5.3]
      [GC Worker End (ms): Min: 914.7, Avg: 914.7, Max: 914.7, Diff: 0.0]
   [Code Root Fixup: 0.0 ms]
   [Code Root Purge: 0.0 ms]
   [Clear CT: 0.1 ms]
   [Other: 0.3 ms]
      [Choose CSet: 0.0 ms]
      [Ref Proc: 0.1 ms]
      [Ref Enq: 0.0 ms]
      [Redirty Cards: 0.1 ms]
      [Humongous Register: 0.1 ms]
      [Humongous Reclaim: 0.0 ms]
      [Free CSet: 0.0 ms]
   [Eden: 2048.0K(21504.0K)->0.0B(24576.0K) Survivors: 4096.0K->1024.0K Heap: 375.1M(512.0M)->373.8M(512.0M)]
 [Times: user=0.00 sys=0.00, real=0.00 secs] 
0.915: [GC concurrent-root-region-scan-start]
0.915: [GC concurrent-root-region-scan-end, 0.0000979 secs]
0.915: [GC concurrent-mark-start]
0.917: [GC concurrent-mark-end, 0.0012378 secs]
0.917: [GC remark 0.917: [Finalize Marking, 0.0000965 secs] 0.917: [GC ref-proc, 0.0000911 secs] 0.917: [Unloading, 0.0003951 secs], 0.0014519 secs]
 [Times: user=0.00 sys=0.00, real=0.00 secs] 
0.918: [GC cleanup 383M->383M(512M), 0.0004089 secs]
 [Times: user=0.00 sys=0.00, real=0.00 secs] 
0.923: [GC pause (G1 Evacuation Pause) (young), 0.0020096 secs]
   [Parallel Time: 1.6 ms, GC Workers: 8]
      [GC Worker Start (ms): Min: 923.4, Avg: 923.5, Max: 923.5, Diff: 0.0]
      [Ext Root Scanning (ms): Min: 0.1, Avg: 0.1, Max: 0.1, Diff: 0.0, Sum: 1.0]
      [Update RS (ms): Min: 0.6, Avg: 0.7, Max: 0.7, Diff: 0.1, Sum: 5.2]
         [Processed Buffers: Min: 8, Avg: 8.9, Max: 10, Diff: 2, Sum: 71]
      [Scan RS (ms): Min: 0.0, Avg: 0.0, Max: 0.0, Diff: 0.0, Sum: 0.0]
      [Code Root Scanning (ms): Min: 0.0, Avg: 0.0, Max: 0.0, Diff: 0.0, Sum: 0.0]
      [Object Copy (ms): Min: 0.6, Avg: 0.7, Max: 0.7, Diff: 0.1, Sum: 5.3]
      [Termination (ms): Min: 0.0, Avg: 0.1, Max: 0.1, Diff: 0.1, Sum: 0.6]
         [Termination Attempts: Min: 1, Avg: 1.0, Max: 1, Diff: 0, Sum: 8]
      [GC Worker Other (ms): Min: 0.0, Avg: 0.0, Max: 0.0, Diff: 0.0, Sum: 0.1]
      [GC Worker Total (ms): Min: 1.5, Avg: 1.5, Max: 1.6, Diff: 0.0, Sum: 12.2]
      [GC Worker End (ms): Min: 925.0, Avg: 925.0, Max: 925.0, Diff: 0.0]
   [Code Root Fixup: 0.0 ms]
   [Code Root Purge: 0.0 ms]
   [Clear CT: 0.1 ms]
   [Other: 0.4 ms]
      [Choose CSet: 0.0 ms]
      [Ref Proc: 0.1 ms]
      [Ref Enq: 0.0 ms]
      [Redirty Cards: 0.1 ms]
      [Humongous Register: 0.1 ms]
      [Humongous Reclaim: 0.0 ms]
      [Free CSet: 0.0 ms]
   [Eden: 24576.0K(24576.0K)->0.0B(21504.0K) Survivors: 1024.0K->4096.0K Heap: 405.4M(512.0M)->380.3M(512.0M)]
 [Times: user=0.13 sys=0.00, real=0.00 secs] 
0.929: [GC pause (G1 Evacuation Pause) (mixed), 0.0049302 secs]
   [Parallel Time: 4.3 ms, GC Workers: 8]
      [GC Worker Start (ms): Min: 929.6, Avg: 930.2, Max: 933.9, Diff: 4.3]
      [Ext Root Scanning (ms): Min: 0.0, Avg: 0.1, Max: 0.2, Diff: 0.2, Sum: 0.8]
      [Update RS (ms): Min: 0.0, Avg: 0.9, Max: 4.1, Diff: 4.1, Sum: 6.9]
         [Processed Buffers: Min: 0, Avg: 5.3, Max: 8, Diff: 8, Sum: 42]
      [Scan RS (ms): Min: 0.0, Avg: 0.0, Max: 0.1, Diff: 0.1, Sum: 0.3]
      [Code Root Scanning (ms): Min: 0.0, Avg: 0.0, Max: 0.0, Diff: 0.0, Sum: 0.0]
      [Object Copy (ms): Min: 0.0, Avg: 2.7, Max: 3.6, Diff: 3.6, Sum: 21.4]
      [Termination (ms): Min: 0.0, Avg: 0.0, Max: 0.1, Diff: 0.1, Sum: 0.3]
         [Termination Attempts: Min: 1, Avg: 1.0, Max: 1, Diff: 0, Sum: 8]
      [GC Worker Other (ms): Min: 0.0, Avg: 0.0, Max: 0.0, Diff: 0.0, Sum: 0.1]
      [GC Worker Total (ms): Min: 0.0, Avg: 3.7, Max: 4.3, Diff: 4.3, Sum: 29.9]
      [GC Worker End (ms): Min: 933.9, Avg: 933.9, Max: 933.9, Diff: 0.0]
   [Code Root Fixup: 0.0 ms]
   [Code Root Purge: 0.0 ms]
   [Clear CT: 0.1 ms]
   [Other: 0.5 ms]
      [Choose CSet: 0.0 ms]
      [Ref Proc: 0.1 ms]
      [Ref Enq: 0.0 ms]
      [Redirty Cards: 0.1 ms]
      [Humongous Register: 0.1 ms]
      [Humongous Reclaim: 0.0 ms]
      [Free CSet: 0.1 ms]
   [Eden: 21504.0K(21504.0K)->0.0B(21504.0K) Survivors: 4096.0K->4096.0K Heap: 405.3M(512.0M)->372.9M(512.0M)]
 [Times: user=0.00 sys=0.00, real=0.01 secs] 
0.935: [GC pause (G1 Humongous Allocation) (young) (initial-mark), 0.0012044 secs]
   [Parallel Time: 0.8 ms, GC Workers: 8]
      [GC Worker Start (ms): Min: 935.5, Avg: 935.6, Max: 935.7, Diff: 0.2]
      [Ext Root Scanning (ms): Min: 0.0, Avg: 0.2, Max: 0.5, Diff: 0.5, Sum: 1.8]
      [Update RS (ms): Min: 0.0, Avg: 0.1, Max: 0.3, Diff: 0.3, Sum: 1.0]
         [Processed Buffers: Min: 0, Avg: 0.9, Max: 1, Diff: 1, Sum: 7]
      [Scan RS (ms): Min: 0.0, Avg: 0.0, Max: 0.0, Diff: 0.0, Sum: 0.0]
      [Code Root Scanning (ms): Min: 0.0, Avg: 0.0, Max: 0.0, Diff: 0.0, Sum: 0.0]
      [Object Copy (ms): Min: 0.0, Avg: 0.3, Max: 0.4, Diff: 0.4, Sum: 2.1]
      [Termination (ms): Min: 0.0, Avg: 0.0, Max: 0.1, Diff: 0.1, Sum: 0.3]
         [Termination Attempts: Min: 1, Avg: 1.0, Max: 1, Diff: 0, Sum: 8]
      [GC Worker Other (ms): Min: 0.0, Avg: 0.0, Max: 0.0, Diff: 0.0, Sum: 0.1]
      [GC Worker Total (ms): Min: 0.6, Avg: 0.7, Max: 0.7, Diff: 0.2, Sum: 5.3]
      [GC Worker End (ms): Min: 936.2, Avg: 936.2, Max: 936.2, Diff: 0.0]
   [Code Root Fixup: 0.0 ms]
   [Code Root Purge: 0.0 ms]
   [Clear CT: 0.1 ms]
   [Other: 0.4 ms]
      [Choose CSet: 0.0 ms]
      [Ref Proc: 0.1 ms]
      [Ref Enq: 0.0 ms]
      [Redirty Cards: 0.1 ms]
      [Humongous Register: 0.1 ms]
      [Humongous Reclaim: 0.0 ms]
      [Free CSet: 0.0 ms]
   [Eden: 2048.0K(21504.0K)->0.0B(24576.0K) Survivors: 4096.0K->1024.0K Heap: 374.8M(512.0M)->372.6M(512.0M)]
 [Times: user=0.00 sys=0.00, real=0.00 secs] 
0.937: [GC concurrent-root-region-scan-start]
0.937: [GC concurrent-root-region-scan-end, 0.0000970 secs]
0.937: [GC concurrent-mark-start]
0.938: [GC concurrent-mark-end, 0.0012137 secs]
0.938: [GC remark 0.938: [Finalize Marking, 0.0000819 secs] 0.938: [GC ref-proc, 0.0000903 secs] 0.939: [Unloading, 0.0004067 secs], 0.0014397 secs]
 [Times: user=0.13 sys=0.00, real=0.00 secs] 
0.940: [GC cleanup 379M->379M(512M), 0.0003975 secs]
 [Times: user=0.00 sys=0.00, real=0.00 secs] 
0.944: [GC pause (G1 Evacuation Pause) (young), 0.0021494 secs]
   [Parallel Time: 1.8 ms, GC Workers: 8]
      [GC Worker Start (ms): Min: 944.3, Avg: 944.3, Max: 944.3, Diff: 0.0]
      [Ext Root Scanning (ms): Min: 0.1, Avg: 0.1, Max: 0.1, Diff: 0.0, Sum: 1.0]
      [Update RS (ms): Min: 0.6, Avg: 0.7, Max: 0.7, Diff: 0.1, Sum: 5.3]
         [Processed Buffers: Min: 8, Avg: 8.6, Max: 10, Diff: 2, Sum: 69]
      [Scan RS (ms): Min: 0.0, Avg: 0.0, Max: 0.0, Diff: 0.0, Sum: 0.0]
      [Code Root Scanning (ms): Min: 0.0, Avg: 0.0, Max: 0.0, Diff: 0.0, Sum: 0.0]
      [Object Copy (ms): Min: 0.8, Avg: 0.8, Max: 0.9, Diff: 0.1, Sum: 6.6]
      [Termination (ms): Min: 0.0, Avg: 0.1, Max: 0.1, Diff: 0.1, Sum: 0.6]
         [Termination Attempts: Min: 1, Avg: 1.0, Max: 1, Diff: 0, Sum: 8]
      [GC Worker Other (ms): Min: 0.0, Avg: 0.0, Max: 0.0, Diff: 0.0, Sum: 0.1]
      [GC Worker Total (ms): Min: 1.7, Avg: 1.7, Max: 1.7, Diff: 0.0, Sum: 13.5]
      [GC Worker End (ms): Min: 946.0, Avg: 946.0, Max: 946.0, Diff: 0.0]
   [Code Root Fixup: 0.0 ms]
   [Code Root Purge: 0.0 ms]
   [Clear CT: 0.0 ms]
   [Other: 0.3 ms]
      [Choose CSet: 0.0 ms]
      [Ref Proc: 0.1 ms]
      [Ref Enq: 0.0 ms]
      [Redirty Cards: 0.1 ms]
      [Humongous Register: 0.1 ms]
      [Humongous Reclaim: 0.0 ms]
      [Free CSet: 0.0 ms]
   [Eden: 24576.0K(24576.0K)->0.0B(21504.0K) Survivors: 1024.0K->4096.0K Heap: 404.4M(512.0M)->383.3M(512.0M)]
 [Times: user=0.00 sys=0.00, real=0.00 secs] 
0.951: [GC pause (G1 Evacuation Pause) (mixed), 0.0048118 secs]
   [Parallel Time: 4.3 ms, GC Workers: 8]
      [GC Worker Start (ms): Min: 950.7, Avg: 950.8, Max: 950.9, Diff: 0.2]
      [Ext Root Scanning (ms): Min: 0.0, Avg: 0.1, Max: 0.2, Diff: 0.2, Sum: 0.9]
      [Update RS (ms): Min: 0.5, Avg: 0.5, Max: 0.6, Diff: 0.1, Sum: 4.3]
         [Processed Buffers: Min: 0, Avg: 6.5, Max: 9, Diff: 9, Sum: 52]
      [Scan RS (ms): Min: 0.0, Avg: 0.0, Max: 0.1, Diff: 0.1, Sum: 0.2]
      [Code Root Scanning (ms): Min: 0.0, Avg: 0.0, Max: 0.0, Diff: 0.0, Sum: 0.0]
      [Object Copy (ms): Min: 3.5, Avg: 3.5, Max: 3.6, Diff: 0.1, Sum: 28.2]
      [Termination (ms): Min: 0.0, Avg: 0.0, Max: 0.1, Diff: 0.1, Sum: 0.3]
         [Termination Attempts: Min: 1, Avg: 1.0, Max: 1, Diff: 0, Sum: 8]
      [GC Worker Other (ms): Min: 0.0, Avg: 0.0, Max: 0.0, Diff: 0.0, Sum: 0.1]
      [GC Worker Total (ms): Min: 4.1, Avg: 4.2, Max: 4.3, Diff: 0.2, Sum: 33.9]
      [GC Worker End (ms): Min: 955.0, Avg: 955.0, Max: 955.0, Diff: 0.0]
   [Code Root Fixup: 0.0 ms]
   [Code Root Purge: 0.0 ms]
   [Clear CT: 0.1 ms]
   [Other: 0.4 ms]
      [Choose CSet: 0.0 ms]
      [Ref Proc: 0.1 ms]
      [Ref Enq: 0.0 ms]
      [Redirty Cards: 0.1 ms]
      [Humongous Register: 0.1 ms]
      [Humongous Reclaim: 0.0 ms]
      [Free CSet: 0.1 ms]
   [Eden: 21504.0K(21504.0K)->0.0B(21504.0K) Survivors: 4096.0K->4096.0K Heap: 409.6M(512.0M)->377.8M(512.0M)]
 [Times: user=0.00 sys=0.01, real=0.00 secs] 
0.956: [GC pause (G1 Humongous Allocation) (young) (initial-mark), 0.0011717 secs]
   [Parallel Time: 0.8 ms, GC Workers: 8]
      [GC Worker Start (ms): Min: 956.2, Avg: 956.2, Max: 956.3, Diff: 0.2]
      [Ext Root Scanning (ms): Min: 0.0, Avg: 0.2, Max: 0.3, Diff: 0.3, Sum: 1.2]
      [Update RS (ms): Min: 0.0, Avg: 0.1, Max: 0.2, Diff: 0.2, Sum: 0.6]
         [Processed Buffers: Min: 0, Avg: 1.1, Max: 2, Diff: 2, Sum: 9]
      [Scan RS (ms): Min: 0.0, Avg: 0.0, Max: 0.0, Diff: 0.0, Sum: 0.0]
      [Code Root Scanning (ms): Min: 0.0, Avg: 0.0, Max: 0.0, Diff: 0.0, Sum: 0.0]
      [Object Copy (ms): Min: 0.4, Avg: 0.4, Max: 0.5, Diff: 0.1, Sum: 3.5]
      [Termination (ms): Min: 0.0, Avg: 0.0, Max: 0.1, Diff: 0.1, Sum: 0.4]
         [Termination Attempts: Min: 1, Avg: 1.0, Max: 1, Diff: 0, Sum: 8]
      [GC Worker Other (ms): Min: 0.0, Avg: 0.0, Max: 0.0, Diff: 0.0, Sum: 0.1]
      [GC Worker Total (ms): Min: 0.6, Avg: 0.7, Max: 0.8, Diff: 0.2, Sum: 5.8]
      [GC Worker End (ms): Min: 956.9, Avg: 956.9, Max: 956.9, Diff: 0.0]
   [Code Root Fixup: 0.0 ms]
   [Code Root Purge: 0.0 ms]
   [Clear CT: 0.1 ms]
   [Other: 0.3 ms]
      [Choose CSet: 0.0 ms]
      [Ref Proc: 0.1 ms]
      [Ref Enq: 0.0 ms]
      [Redirty Cards: 0.1 ms]
      [Humongous Register: 0.1 ms]
      [Humongous Reclaim: 0.0 ms]
      [Free CSet: 0.0 ms]
   [Eden: 1024.0K(21504.0K)->0.0B(24576.0K) Survivors: 4096.0K->1024.0K Heap: 378.8M(512.0M)->378.2M(512.0M)]
 [Times: user=0.00 sys=0.00, real=0.00 secs] 
0.958: [GC concurrent-root-region-scan-start]
0.958: [GC concurrent-root-region-scan-end, 0.0000649 secs]
0.958: [GC concurrent-mark-start]
0.959: [GC concurrent-mark-end, 0.0012392 secs]
0.959: [GC remark 0.959: [Finalize Marking, 0.0000879 secs] 0.959: [GC ref-proc, 0.0000922 secs] 0.959: [Unloading, 0.0004523 secs], 0.0016154 secs]
 [Times: user=0.00 sys=0.00, real=0.00 secs] 
0.961: [GC cleanup 384M->384M(512M), 0.0004167 secs]
 [Times: user=0.00 sys=0.00, real=0.00 secs] 
0.965: [GC pause (G1 Evacuation Pause) (young), 0.0018341 secs]
   [Parallel Time: 1.5 ms, GC Workers: 8]
      [GC Worker Start (ms): Min: 965.0, Avg: 965.0, Max: 965.1, Diff: 0.2]
      [Ext Root Scanning (ms): Min: 0.0, Avg: 0.1, Max: 0.2, Diff: 0.1, Sum: 0.9]
      [Update RS (ms): Min: 0.4, Avg: 0.4, Max: 0.5, Diff: 0.0, Sum: 3.6]
         [Processed Buffers: Min: 6, Avg: 6.3, Max: 7, Diff: 1, Sum: 50]
      [Scan RS (ms): Min: 0.0, Avg: 0.0, Max: 0.0, Diff: 0.0, Sum: 0.0]
      [Code Root Scanning (ms): Min: 0.0, Avg: 0.0, Max: 0.0, Diff: 0.0, Sum: 0.0]
      [Object Copy (ms): Min: 0.7, Avg: 0.8, Max: 0.8, Diff: 0.1, Sum: 6.1]
      [Termination (ms): Min: 0.0, Avg: 0.0, Max: 0.1, Diff: 0.1, Sum: 0.3]
         [Termination Attempts: Min: 1, Avg: 1.0, Max: 1, Diff: 0, Sum: 8]
      [GC Worker Other (ms): Min: 0.0, Avg: 0.0, Max: 0.0, Diff: 0.0, Sum: 0.1]
      [GC Worker Total (ms): Min: 1.2, Avg: 1.4, Max: 1.4, Diff: 0.2, Sum: 10.9]
      [GC Worker End (ms): Min: 966.4, Avg: 966.4, Max: 966.4, Diff: 0.0]
   [Code Root Fixup: 0.0 ms]
   [Code Root Purge: 0.0 ms]
   [Clear CT: 0.1 ms]
   [Other: 0.3 ms]
      [Choose CSet: 0.0 ms]
      [Ref Proc: 0.1 ms]
      [Ref Enq: 0.0 ms]
      [Redirty Cards: 0.1 ms]
      [Humongous Register: 0.1 ms]
      [Humongous Reclaim: 0.0 ms]
      [Free CSet: 0.0 ms]
   [Eden: 24576.0K(24576.0K)->0.0B(21504.0K) Survivors: 1024.0K->4096.0K Heap: 407.2M(512.0M)->384.7M(512.0M)]
 [Times: user=0.00 sys=0.00, real=0.00 secs] 
0.971: [GC pause (G1 Evacuation Pause) (mixed), 0.0052661 secs]
   [Parallel Time: 4.7 ms, GC Workers: 8]
      [GC Worker Start (ms): Min: 970.7, Avg: 970.7, Max: 970.8, Diff: 0.0]
      [Ext Root Scanning (ms): Min: 0.1, Avg: 0.1, Max: 0.1, Diff: 0.0, Sum: 1.0]
      [Update RS (ms): Min: 0.4, Avg: 0.4, Max: 0.4, Diff: 0.1, Sum: 3.0]
         [Processed Buffers: Min: 5, Avg: 5.4, Max: 6, Diff: 1, Sum: 43]
      [Scan RS (ms): Min: 0.0, Avg: 0.0, Max: 0.0, Diff: 0.0, Sum: 0.2]
      [Code Root Scanning (ms): Min: 0.0, Avg: 0.0, Max: 0.0, Diff: 0.0, Sum: 0.0]
      [Object Copy (ms): Min: 4.0, Avg: 4.0, Max: 4.1, Diff: 0.1, Sum: 32.4]
      [Termination (ms): Min: 0.0, Avg: 0.1, Max: 0.2, Diff: 0.2, Sum: 0.7]
         [Termination Attempts: Min: 1, Avg: 1.0, Max: 1, Diff: 0, Sum: 8]
      [GC Worker Other (ms): Min: 0.0, Avg: 0.0, Max: 0.0, Diff: 0.0, Sum: 0.1]
      [GC Worker Total (ms): Min: 4.6, Avg: 4.7, Max: 4.7, Diff: 0.0, Sum: 37.3]
      [GC Worker End (ms): Min: 975.4, Avg: 975.4, Max: 975.4, Diff: 0.0]
   [Code Root Fixup: 0.0 ms]
   [Code Root Purge: 0.0 ms]
   [Clear CT: 0.1 ms]
   [Other: 0.5 ms]
      [Choose CSet: 0.0 ms]
      [Ref Proc: 0.1 ms]
      [Ref Enq: 0.0 ms]
      [Redirty Cards: 0.1 ms]
      [Humongous Register: 0.1 ms]
      [Humongous Reclaim: 0.0 ms]
      [Free CSet: 0.1 ms]
   [Eden: 21504.0K(21504.0K)->0.0B(21504.0K) Survivors: 4096.0K->4096.0K Heap: 409.8M(512.0M)->381.5M(512.0M)]
 [Times: user=0.11 sys=0.00, real=0.01 secs] 
0.976: [GC pause (G1 Humongous Allocation) (young) (initial-mark), 0.0011095 secs]
   [Parallel Time: 0.7 ms, GC Workers: 8]
      [GC Worker Start (ms): Min: 976.5, Avg: 976.5, Max: 976.7, Diff: 0.2]
      [Ext Root Scanning (ms): Min: 0.0, Avg: 0.2, Max: 0.3, Diff: 0.3, Sum: 1.3]
      [Update RS (ms): Min: 0.0, Avg: 0.1, Max: 0.1, Diff: 0.1, Sum: 0.6]
         [Processed Buffers: Min: 0, Avg: 1.3, Max: 2, Diff: 2, Sum: 10]
      [Scan RS (ms): Min: 0.0, Avg: 0.0, Max: 0.0, Diff: 0.0, Sum: 0.0]
      [Code Root Scanning (ms): Min: 0.0, Avg: 0.0, Max: 0.0, Diff: 0.0, Sum: 0.0]
      [Object Copy (ms): Min: 0.3, Avg: 0.4, Max: 0.4, Diff: 0.1, Sum: 2.8]
      [Termination (ms): Min: 0.0, Avg: 0.0, Max: 0.1, Diff: 0.1, Sum: 0.3]
         [Termination Attempts: Min: 1, Avg: 1.0, Max: 1, Diff: 0, Sum: 8]
      [GC Worker Other (ms): Min: 0.0, Avg: 0.0, Max: 0.0, Diff: 0.0, Sum: 0.1]
      [GC Worker Total (ms): Min: 0.5, Avg: 0.6, Max: 0.7, Diff: 0.2, Sum: 5.1]
      [GC Worker End (ms): Min: 977.2, Avg: 977.2, Max: 977.2, Diff: 0.0]
   [Code Root Fixup: 0.0 ms]
   [Code Root Purge: 0.0 ms]
   [Clear CT: 0.1 ms]
   [Other: 0.3 ms]
      [Choose CSet: 0.0 ms]
      [Ref Proc: 0.1 ms]
      [Ref Enq: 0.0 ms]
      [Redirty Cards: 0.0 ms]
      [Humongous Register: 0.1 ms]
      [Humongous Reclaim: 0.0 ms]
      [Free CSet: 0.0 ms]
   [Eden: 1024.0K(21504.0K)->0.0B(25600.0K) Survivors: 4096.0K->0.0B Heap: 382.0M(512.0M)->381.3M(512.0M)]
 [Times: user=0.00 sys=0.00, real=0.00 secs] 
0.978: [GC concurrent-root-region-scan-start]
0.978: [GC concurrent-root-region-scan-end, 0.0000317 secs]
0.978: [GC concurrent-mark-start]
0.979: [GC concurrent-mark-end, 0.0016695 secs]
0.980: [GC remark 0.980: [Finalize Marking, 0.0001075 secs] 0.980: [GC ref-proc, 0.0000905 secs] 0.980: [Unloading, 0.0004171 secs], 0.0015508 secs]
 [Times: user=0.00 sys=0.00, real=0.00 secs] 
0.981: [GC cleanup 393M->393M(512M), 0.0004127 secs]
 [Times: user=0.00 sys=0.00, real=0.00 secs] 
0.985: [GC pause (G1 Evacuation Pause) (young), 0.0025865 secs]
   [Parallel Time: 2.1 ms, GC Workers: 8]
      [GC Worker Start (ms): Min: 985.0, Avg: 985.0, Max: 985.1, Diff: 0.2]
      [Ext Root Scanning (ms): Min: 0.0, Avg: 0.1, Max: 0.1, Diff: 0.1, Sum: 0.9]
      [Update RS (ms): Min: 1.0, Avg: 1.2, Max: 1.9, Diff: 0.8, Sum: 9.4]
         [Processed Buffers: Min: 0, Avg: 12.1, Max: 15, Diff: 15, Sum: 97]
      [Scan RS (ms): Min: 0.0, Avg: 0.0, Max: 0.0, Diff: 0.0, Sum: 0.0]
      [Code Root Scanning (ms): Min: 0.0, Avg: 0.0, Max: 0.0, Diff: 0.0, Sum: 0.0]
      [Object Copy (ms): Min: 0.0, Avg: 0.7, Max: 0.8, Diff: 0.8, Sum: 5.5]
      [Termination (ms): Min: 0.0, Avg: 0.0, Max: 0.1, Diff: 0.1, Sum: 0.3]
         [Termination Attempts: Min: 1, Avg: 1.0, Max: 1, Diff: 0, Sum: 8]
      [GC Worker Other (ms): Min: 0.0, Avg: 0.0, Max: 0.0, Diff: 0.0, Sum: 0.1]
      [GC Worker Total (ms): Min: 1.9, Avg: 2.0, Max: 2.1, Diff: 0.2, Sum: 16.2]
      [GC Worker End (ms): Min: 987.0, Avg: 987.0, Max: 987.1, Diff: 0.0]
   [Code Root Fixup: 0.0 ms]
   [Code Root Purge: 0.0 ms]
   [Clear CT: 0.1 ms]
   [Other: 0.4 ms]
      [Choose CSet: 0.0 ms]
      [Ref Proc: 0.1 ms]
      [Ref Enq: 0.0 ms]
      [Redirty Cards: 0.1 ms]
      [Humongous Register: 0.1 ms]
      [Humongous Reclaim: 0.1 ms]
      [Free CSet: 0.0 ms]
   [Eden: 25600.0K(25600.0K)->0.0B(21504.0K) Survivors: 0.0B->4096.0K Heap: 417.2M(512.0M)->392.2M(512.0M)]
 [Times: user=0.11 sys=0.00, real=0.00 secs] 
0.991: [GC pause (G1 Evacuation Pause) (mixed) (to-space exhausted), 0.0047002 secs]
   [Parallel Time: 4.2 ms, GC Workers: 8]
      [GC Worker Start (ms): Min: 991.6, Avg: 991.6, Max: 991.7, Diff: 0.0]
      [Ext Root Scanning (ms): Min: 0.1, Avg: 0.1, Max: 0.1, Diff: 0.1, Sum: 1.0]
      [Update RS (ms): Min: 0.6, Avg: 0.6, Max: 0.6, Diff: 0.0, Sum: 4.8]
         [Processed Buffers: Min: 8, Avg: 8.3, Max: 10, Diff: 2, Sum: 66]
      [Scan RS (ms): Min: 0.0, Avg: 0.0, Max: 0.1, Diff: 0.0, Sum: 0.3]
      [Code Root Scanning (ms): Min: 0.0, Avg: 0.0, Max: 0.0, Diff: 0.0, Sum: 0.0]
      [Object Copy (ms): Min: 3.2, Avg: 3.2, Max: 3.3, Diff: 0.1, Sum: 26.0]
      [Termination (ms): Min: 0.0, Avg: 0.0, Max: 0.1, Diff: 0.1, Sum: 0.4]
         [Termination Attempts: Min: 1, Avg: 1.1, Max: 2, Diff: 1, Sum: 9]
      [GC Worker Other (ms): Min: 0.0, Avg: 0.0, Max: 0.0, Diff: 0.0, Sum: 0.1]
      [GC Worker Total (ms): Min: 4.0, Avg: 4.1, Max: 4.1, Diff: 0.1, Sum: 32.5]
      [GC Worker End (ms): Min: 995.7, Avg: 995.7, Max: 995.7, Diff: 0.0]
   [Code Root Fixup: 0.0 ms]
   [Code Root Purge: 0.0 ms]
   [Clear CT: 0.1 ms]
   [Other: 0.5 ms]
      [Evacuation Failure: 0.1 ms]
      [Choose CSet: 0.0 ms]
      [Ref Proc: 0.1 ms]
      [Ref Enq: 0.0 ms]
      [Redirty Cards: 0.1 ms]
      [Humongous Register: 0.1 ms]
      [Humongous Reclaim: 0.0 ms]
      [Free CSet: 0.0 ms]
   [Eden: 21504.0K(21504.0K)->0.0B(21504.0K) Survivors: 4096.0K->4096.0K Heap: 420.2M(512.0M)->386.9M(512.0M)]
 [Times: user=0.00 sys=0.00, real=0.01 secs] 
1.000: [GC pause (G1 Evacuation Pause) (mixed), 0.0030203 secs]
   [Parallel Time: 2.6 ms, GC Workers: 8]
      [GC Worker Start (ms): Min: 1000.0, Avg: 1000.0, Max: 1000.1, Diff: 0.1]
      [Ext Root Scanning (ms): Min: 0.0, Avg: 0.1, Max: 0.2, Diff: 0.1, Sum: 0.9]
      [Update RS (ms): Min: 0.5, Avg: 0.6, Max: 0.6, Diff: 0.1, Sum: 4.6]
         [Processed Buffers: Min: 7, Avg: 8.1, Max: 12, Diff: 5, Sum: 65]
      [Scan RS (ms): Min: 0.0, Avg: 0.0, Max: 0.0, Diff: 0.0, Sum: 0.1]
      [Code Root Scanning (ms): Min: 0.0, Avg: 0.0, Max: 0.0, Diff: 0.0, Sum: 0.0]
      [Object Copy (ms): Min: 1.6, Avg: 1.7, Max: 1.8, Diff: 0.2, Sum: 13.5]
      [Termination (ms): Min: 0.0, Avg: 0.1, Max: 0.1, Diff: 0.1, Sum: 0.4]
         [Termination Attempts: Min: 1, Avg: 1.0, Max: 1, Diff: 0, Sum: 8]
      [GC Worker Other (ms): Min: 0.0, Avg: 0.0, Max: 0.0, Diff: 0.0, Sum: 0.1]
      [GC Worker Total (ms): Min: 2.4, Avg: 2.5, Max: 2.5, Diff: 0.1, Sum: 19.7]
      [GC Worker End (ms): Min: 1002.5, Avg: 1002.5, Max: 1002.5, Diff: 0.0]
   [Code Root Fixup: 0.0 ms]
   [Code Root Purge: 0.0 ms]
   [Clear CT: 0.1 ms]
   [Other: 0.4 ms]
      [Choose CSet: 0.0 ms]
      [Ref Proc: 0.1 ms]
      [Ref Enq: 0.0 ms]
      [Redirty Cards: 0.1 ms]
      [Humongous Register: 0.1 ms]
      [Humongous Reclaim: 0.0 ms]
      [Free CSet: 0.0 ms]
   [Eden: 21504.0K(21504.0K)->0.0B(21504.0K) Survivors: 4096.0K->4096.0K Heap: 414.0M(512.0M)->393.4M(512.0M)]
 [Times: user=0.11 sys=0.00, real=0.00 secs] 
1.004: [GC pause (G1 Humongous Allocation) (young) (initial-mark), 0.0011594 secs]
   [Parallel Time: 0.7 ms, GC Workers: 8]
      [GC Worker Start (ms): Min: 1003.9, Avg: 1003.9, Max: 1004.0, Diff: 0.2]
      [Ext Root Scanning (ms): Min: 0.0, Avg: 0.1, Max: 0.2, Diff: 0.2, Sum: 1.1]
      [Update RS (ms): Min: 0.0, Avg: 0.1, Max: 0.1, Diff: 0.1, Sum: 0.5]
         [Processed Buffers: Min: 1, Avg: 1.0, Max: 1, Diff: 0, Sum: 8]
      [Scan RS (ms): Min: 0.0, Avg: 0.0, Max: 0.0, Diff: 0.0, Sum: 0.0]
      [Code Root Scanning (ms): Min: 0.0, Avg: 0.0, Max: 0.0, Diff: 0.0, Sum: 0.0]
      [Object Copy (ms): Min: 0.3, Avg: 0.4, Max: 0.5, Diff: 0.1, Sum: 3.3]
      [Termination (ms): Min: 0.0, Avg: 0.1, Max: 0.1, Diff: 0.1, Sum: 0.6]
         [Termination Attempts: Min: 1, Avg: 1.0, Max: 1, Diff: 0, Sum: 8]
      [GC Worker Other (ms): Min: 0.0, Avg: 0.0, Max: 0.0, Diff: 0.0, Sum: 0.0]
      [GC Worker Total (ms): Min: 0.6, Avg: 0.7, Max: 0.7, Diff: 0.2, Sum: 5.5]
      [GC Worker End (ms): Min: 1004.6, Avg: 1004.6, Max: 1004.6, Diff: 0.0]
   [Code Root Fixup: 0.0 ms]
   [Code Root Purge: 0.0 ms]
   [Clear CT: 0.0 ms]
   [Other: 0.4 ms]
      [Choose CSet: 0.0 ms]
      [Ref Proc: 0.1 ms]
      [Ref Enq: 0.0 ms]
      [Redirty Cards: 0.1 ms]
      [Humongous Register: 0.1 ms]
      [Humongous Reclaim: 0.0 ms]
      [Free CSet: 0.0 ms]
   [Eden: 2048.0K(21504.0K)->0.0B(24576.0K) Survivors: 4096.0K->1024.0K Heap: 395.2M(512.0M)->393.5M(512.0M)]
 [Times: user=0.00 sys=0.00, real=0.00 secs] 
1.005: [GC concurrent-root-region-scan-start]
1.005: [GC concurrent-root-region-scan-end, 0.0001082 secs]
1.005: [GC concurrent-mark-start]
1.007: [GC concurrent-mark-end, 0.0016123 secs]
1.007: [GC remark 1.007: [Finalize Marking, 0.0000733 secs] 1.007: [GC ref-proc, 0.0001237 secs] 1.007: [Unloading, 0.0004321 secs], 0.0016084 secs]
 [Times: user=0.00 sys=0.00, real=0.00 secs] 
1.009: [GC cleanup 403M->403M(512M), 0.0004216 secs]
 [Times: user=0.00 sys=0.00, real=0.00 secs] 
1.013: [GC pause (G1 Evacuation Pause) (young), 0.0022395 secs]
   [Parallel Time: 1.7 ms, GC Workers: 8]
      [GC Worker Start (ms): Min: 1013.1, Avg: 1013.1, Max: 1013.1, Diff: 0.1]
      [Ext Root Scanning (ms): Min: 0.1, Avg: 0.1, Max: 0.2, Diff: 0.1, Sum: 1.1]
      [Update RS (ms): Min: 0.8, Avg: 0.8, Max: 0.8, Diff: 0.0, Sum: 6.3]
         [Processed Buffers: Min: 0, Avg: 9.5, Max: 12, Diff: 12, Sum: 76]
      [Scan RS (ms): Min: 0.0, Avg: 0.0, Max: 0.0, Diff: 0.0, Sum: 0.0]
      [Code Root Scanning (ms): Min: 0.0, Avg: 0.0, Max: 0.0, Diff: 0.0, Sum: 0.0]
      [Object Copy (ms): Min: 0.7, Avg: 0.7, Max: 0.7, Diff: 0.1, Sum: 5.6]
      [Termination (ms): Min: 0.0, Avg: 0.0, Max: 0.1, Diff: 0.1, Sum: 0.3]
         [Termination Attempts: Min: 1, Avg: 1.0, Max: 1, Diff: 0, Sum: 8]
      [GC Worker Other (ms): Min: 0.0, Avg: 0.0, Max: 0.0, Diff: 0.0, Sum: 0.1]
      [GC Worker Total (ms): Min: 1.7, Avg: 1.7, Max: 1.7, Diff: 0.1, Sum: 13.4]
      [GC Worker End (ms): Min: 1014.8, Avg: 1014.8, Max: 1014.8, Diff: 0.0]
   [Code Root Fixup: 0.0 ms]
   [Code Root Purge: 0.0 ms]
   [Clear CT: 0.1 ms]
   [Other: 0.4 ms]
      [Choose CSet: 0.0 ms]
      [Ref Proc: 0.1 ms]
      [Ref Enq: 0.0 ms]
      [Redirty Cards: 0.1 ms]
      [Humongous Register: 0.1 ms]
      [Humongous Reclaim: 0.0 ms]
      [Free CSet: 0.0 ms]
   [Eden: 24576.0K(24576.0K)->0.0B(21504.0K) Survivors: 1024.0K->4096.0K Heap: 425.8M(512.0M)->402.7M(512.0M)]
 [Times: user=0.00 sys=0.00, real=0.00 secs] 
1.020: [GC pause (G1 Evacuation Pause) (mixed) (to-space exhausted), 0.0035053 secs]
   [Parallel Time: 2.7 ms, GC Workers: 8]
      [GC Worker Start (ms): Min: 1020.4, Avg: 1020.6, Max: 1021.6, Diff: 1.2]
      [Ext Root Scanning (ms): Min: 0.0, Avg: 0.1, Max: 0.2, Diff: 0.2, Sum: 1.0]
      [Update RS (ms): Min: 0.0, Avg: 0.7, Max: 0.8, Diff: 0.8, Sum: 5.5]
         [Processed Buffers: Min: 0, Avg: 9.6, Max: 18, Diff: 18, Sum: 77]
      [Scan RS (ms): Min: 0.0, Avg: 0.1, Max: 0.2, Diff: 0.2, Sum: 0.7]
      [Code Root Scanning (ms): Min: 0.0, Avg: 0.0, Max: 0.0, Diff: 0.0, Sum: 0.0]
      [Object Copy (ms): Min: 1.4, Avg: 1.6, Max: 1.7, Diff: 0.3, Sum: 12.9]
      [Termination (ms): Min: 0.0, Avg: 0.0, Max: 0.0, Diff: 0.0, Sum: 0.2]
         [Termination Attempts: Min: 1, Avg: 1.0, Max: 1, Diff: 0, Sum: 8]
      [GC Worker Other (ms): Min: 0.0, Avg: 0.0, Max: 0.0, Diff: 0.0, Sum: 0.0]
      [GC Worker Total (ms): Min: 1.5, Avg: 2.5, Max: 2.7, Diff: 1.2, Sum: 20.3]
      [GC Worker End (ms): Min: 1023.1, Avg: 1023.1, Max: 1023.1, Diff: 0.0]
   [Code Root Fixup: 0.0 ms]
   [Code Root Purge: 0.0 ms]
   [Clear CT: 0.1 ms]
   [Other: 0.7 ms]
      [Evacuation Failure: 0.3 ms]
      [Choose CSet: 0.0 ms]
      [Ref Proc: 0.1 ms]
      [Ref Enq: 0.0 ms]
      [Redirty Cards: 0.1 ms]
      [Humongous Register: 0.1 ms]
      [Humongous Reclaim: 0.0 ms]
      [Free CSet: 0.0 ms]
   [Eden: 21504.0K(21504.0K)->0.0B(22528.0K) Survivors: 4096.0K->3072.0K Heap: 432.2M(512.0M)->422.2M(512.0M)]
 [Times: user=0.00 sys=0.00, real=0.00 secs] 
1.024: [GC pause (G1 Humongous Allocation) (young) (initial-mark), 0.0009163 secs]
   [Parallel Time: 0.6 ms, GC Workers: 8]
      [GC Worker Start (ms): Min: 1024.3, Avg: 1024.3, Max: 1024.3, Diff: 0.0]
      [Ext Root Scanning (ms): Min: 0.1, Avg: 0.1, Max: 0.1, Diff: 0.0, Sum: 1.0]
      [Update RS (ms): Min: 0.0, Avg: 0.2, Max: 0.4, Diff: 0.4, Sum: 1.9]
         [Processed Buffers: Min: 1, Avg: 1.3, Max: 3, Diff: 2, Sum: 10]
      [Scan RS (ms): Min: 0.0, Avg: 0.0, Max: 0.0, Diff: 0.0, Sum: 0.0]
      [Code Root Scanning (ms): Min: 0.0, Avg: 0.0, Max: 0.0, Diff: 0.0, Sum: 0.0]
      [Object Copy (ms): Min: 0.0, Avg: 0.1, Max: 0.3, Diff: 0.3, Sum: 0.9]
      [Termination (ms): Min: 0.0, Avg: 0.1, Max: 0.1, Diff: 0.1, Sum: 0.8]
         [Termination Attempts: Min: 1, Avg: 1.0, Max: 1, Diff: 0, Sum: 8]
      [GC Worker Other (ms): Min: 0.0, Avg: 0.0, Max: 0.0, Diff: 0.0, Sum: 0.1]
      [GC Worker Total (ms): Min: 0.6, Avg: 0.6, Max: 0.6, Diff: 0.0, Sum: 4.7]
      [GC Worker End (ms): Min: 1024.8, Avg: 1024.8, Max: 1024.9, Diff: 0.0]
   [Code Root Fixup: 0.0 ms]
   [Code Root Purge: 0.0 ms]
   [Clear CT: 0.1 ms]
   [Other: 0.2 ms]
      [Choose CSet: 0.0 ms]
      [Ref Proc: 0.1 ms]
      [Ref Enq: 0.0 ms]
      [Redirty Cards: 0.1 ms]
      [Humongous Register: 0.0 ms]
      [Humongous Reclaim: 0.0 ms]
      [Free CSet: 0.0 ms]
   [Eden: 1024.0K(22528.0K)->0.0B(25600.0K) Survivors: 3072.0K->0.0B Heap: 423.0M(512.0M)->421.5M(512.0M)]
 [Times: user=0.00 sys=0.00, real=0.00 secs] 
1.025: [GC concurrent-root-region-scan-start]
1.025: [GC concurrent-root-region-scan-end, 0.0000325 secs]
1.025: [GC concurrent-mark-start]
1.027: [GC concurrent-mark-end, 0.0017819 secs]
1.027: [GC remark 1.027: [Finalize Marking, 0.0000893 secs] 1.027: [GC ref-proc, 0.0001110 secs] 1.028: [Unloading, 0.0004561 secs], 0.0017298 secs]
 [Times: user=0.00 sys=0.00, real=0.00 secs] 
1.029: [GC cleanup 434M->434M(512M), 0.0004410 secs]
 [Times: user=0.00 sys=0.00, real=0.00 secs] 
1.032: [GC pause (G1 Humongous Allocation) (young) (to-space exhausted), 0.0011289 secs]
   [Parallel Time: 0.7 ms, GC Workers: 8]
      [GC Worker Start (ms): Min: 1032.4, Avg: 1032.4, Max: 1032.5, Diff: 0.2]
      [Ext Root Scanning (ms): Min: 0.0, Avg: 0.1, Max: 0.2, Diff: 0.2, Sum: 0.9]
      [Update RS (ms): Min: 0.3, Avg: 0.4, Max: 0.4, Diff: 0.1, Sum: 3.0]
         [Processed Buffers: Min: 4, Avg: 4.8, Max: 6, Diff: 2, Sum: 38]
      [Scan RS (ms): Min: 0.0, Avg: 0.0, Max: 0.0, Diff: 0.0, Sum: 0.0]
      [Code Root Scanning (ms): Min: 0.0, Avg: 0.0, Max: 0.0, Diff: 0.0, Sum: 0.0]
      [Object Copy (ms): Min: 0.0, Avg: 0.1, Max: 0.1, Diff: 0.1, Sum: 0.6]
      [Termination (ms): Min: 0.0, Avg: 0.0, Max: 0.0, Diff: 0.0, Sum: 0.2]
         [Termination Attempts: Min: 1, Avg: 1.0, Max: 1, Diff: 0, Sum: 8]
      [GC Worker Other (ms): Min: 0.0, Avg: 0.0, Max: 0.0, Diff: 0.0, Sum: 0.0]
      [GC Worker Total (ms): Min: 0.5, Avg: 0.6, Max: 0.6, Diff: 0.2, Sum: 4.8]
      [GC Worker End (ms): Min: 1033.0, Avg: 1033.0, Max: 1033.0, Diff: 0.0]
   [Code Root Fixup: 0.0 ms]
   [Code Root Purge: 0.0 ms]
   [Clear CT: 0.1 ms]
   [Other: 0.4 ms]
      [Evacuation Failure: 0.1 ms]
      [Choose CSet: 0.0 ms]
      [Ref Proc: 0.1 ms]
      [Ref Enq: 0.0 ms]
      [Redirty Cards: 0.1 ms]
      [Humongous Register: 0.1 ms]
      [Humongous Reclaim: 0.0 ms]
      [Free CSet: 0.0 ms]
   [Eden: 22528.0K(25600.0K)->0.0B(25600.0K) Survivors: 0.0B->0.0B Heap: 447.3M(512.0M)->440.5M(512.0M)]
 [Times: user=0.02 sys=0.00, real=0.00 secs] 
1.035: [GC pause (G1 Evacuation Pause) (mixed) (to-space exhausted), 0.0012109 secs]
   [Parallel Time: 0.7 ms, GC Workers: 8]
      [GC Worker Start (ms): Min: 1035.4, Avg: 1035.4, Max: 1035.4, Diff: 0.0]
      [Ext Root Scanning (ms): Min: 0.1, Avg: 0.1, Max: 0.2, Diff: 0.0, Sum: 1.0]
      [Update RS (ms): Min: 0.2, Avg: 0.2, Max: 0.3, Diff: 0.0, Sum: 1.8]
         [Processed Buffers: Min: 3, Avg: 4.1, Max: 6, Diff: 3, Sum: 33]
      [Scan RS (ms): Min: 0.0, Avg: 0.1, Max: 0.1, Diff: 0.1, Sum: 0.6]
      [Code Root Scanning (ms): Min: 0.0, Avg: 0.0, Max: 0.0, Diff: 0.0, Sum: 0.0]
      [Object Copy (ms): Min: 0.1, Avg: 0.1, Max: 0.2, Diff: 0.1, Sum: 1.1]
      [Termination (ms): Min: 0.0, Avg: 0.0, Max: 0.0, Diff: 0.0, Sum: 0.2]
         [Termination Attempts: Min: 1, Avg: 1.0, Max: 1, Diff: 0, Sum: 8]
      [GC Worker Other (ms): Min: 0.0, Avg: 0.0, Max: 0.0, Diff: 0.0, Sum: 0.1]
      [GC Worker Total (ms): Min: 0.6, Avg: 0.6, Max: 0.6, Diff: 0.0, Sum: 4.9]
      [GC Worker End (ms): Min: 1036.0, Avg: 1036.0, Max: 1036.0, Diff: 0.0]
   [Code Root Fixup: 0.0 ms]
   [Code Root Purge: 0.0 ms]
   [Clear CT: 0.1 ms]
   [Other: 0.5 ms]
      [Evacuation Failure: 0.1 ms]
      [Choose CSet: 0.0 ms]
      [Ref Proc: 0.1 ms]
      [Ref Enq: 0.0 ms]
      [Redirty Cards: 0.1 ms]
      [Humongous Register: 0.1 ms]
      [Humongous Reclaim: 0.0 ms]
      [Free CSet: 0.0 ms]
   [Eden: 7168.0K(25600.0K)->0.0B(25600.0K) Survivors: 0.0B->0.0B Heap: 449.5M(512.0M)->445.9M(512.0M)]
 [Times: user=0.00 sys=0.00, real=0.00 secs] 
1.037: [GC pause (G1 Evacuation Pause) (mixed) (to-space exhausted), 0.0014752 secs]
   [Parallel Time: 1.0 ms, GC Workers: 8]
      [GC Worker Start (ms): Min: 1037.6, Avg: 1037.7, Max: 1038.0, Diff: 0.4]
      [Ext Root Scanning (ms): Min: 0.0, Avg: 0.1, Max: 0.1, Diff: 0.1, Sum: 0.9]
      [Update RS (ms): Min: 0.0, Avg: 0.2, Max: 0.2, Diff: 0.2, Sum: 1.3]
         [Processed Buffers: Min: 0, Avg: 3.8, Max: 8, Diff: 8, Sum: 30]
      [Scan RS (ms): Min: 0.0, Avg: 0.1, Max: 0.1, Diff: 0.1, Sum: 0.4]
      [Code Root Scanning (ms): Min: 0.0, Avg: 0.0, Max: 0.0, Diff: 0.0, Sum: 0.0]
      [Object Copy (ms): Min: 0.6, Avg: 0.6, Max: 0.6, Diff: 0.1, Sum: 4.8]
      [Termination (ms): Min: 0.0, Avg: 0.0, Max: 0.0, Diff: 0.0, Sum: 0.2]
         [Termination Attempts: Min: 1, Avg: 1.0, Max: 1, Diff: 0, Sum: 8]
      [GC Worker Other (ms): Min: 0.0, Avg: 0.0, Max: 0.0, Diff: 0.0, Sum: 0.0]
      [GC Worker Total (ms): Min: 0.6, Avg: 1.0, Max: 1.0, Diff: 0.4, Sum: 7.6]
      [GC Worker End (ms): Min: 1038.6, Avg: 1038.6, Max: 1038.6, Diff: 0.0]
   [Code Root Fixup: 0.0 ms]
   [Code Root Purge: 0.0 ms]
   [Clear CT: 0.1 ms]
   [Other: 0.4 ms]
      [Evacuation Failure: 0.1 ms]
      [Choose CSet: 0.0 ms]
      [Ref Proc: 0.1 ms]
      [Ref Enq: 0.0 ms]
      [Redirty Cards: 0.1 ms]
      [Humongous Register: 0.1 ms]
      [Humongous Reclaim: 0.0 ms]
      [Free CSet: 0.0 ms]
   [Eden: 3072.0K(25600.0K)->0.0B(25600.0K) Survivors: 0.0B->0.0B Heap: 450.2M(512.0M)->450.2M(512.0M)]
 [Times: user=0.00 sys=0.00, real=0.00 secs] 
1.039: [Full GC (Allocation Failure)  450M->337M(512M), 0.0360524 secs]
   [Eden: 0.0B(25600.0K)->0.0B(25600.0K) Survivors: 0.0B->0.0B Heap: 450.2M(512.0M)->337.7M(512.0M)], [Metaspace: 3130K->3130K(1056768K)]
 [Times: user=0.03 sys=0.00, real=0.04 secs] 
1.076: [GC pause (G1 Humongous Allocation) (young) (initial-mark), 0.0007729 secs]
   [Parallel Time: 0.4 ms, GC Workers: 8]
      [GC Worker Start (ms): Min: 1076.3, Avg: 1076.3, Max: 1076.5, Diff: 0.2]
      [Ext Root Scanning (ms): Min: 0.0, Avg: 0.1, Max: 0.2, Diff: 0.2, Sum: 1.1]
      [Update RS (ms): Min: 0.0, Avg: 0.0, Max: 0.2, Diff: 0.2, Sum: 0.3]
         [Processed Buffers: Min: 0, Avg: 0.3, Max: 1, Diff: 1, Sum: 2]
      [Scan RS (ms): Min: 0.0, Avg: 0.0, Max: 0.0, Diff: 0.0, Sum: 0.0]
      [Code Root Scanning (ms): Min: 0.0, Avg: 0.0, Max: 0.0, Diff: 0.0, Sum: 0.0]
      [Object Copy (ms): Min: 0.0, Avg: 0.0, Max: 0.1, Diff: 0.1, Sum: 0.3]
      [Termination (ms): Min: 0.0, Avg: 0.1, Max: 0.2, Diff: 0.2, Sum: 0.8]
         [Termination Attempts: Min: 1, Avg: 2.0, Max: 4, Diff: 3, Sum: 16]
      [GC Worker Other (ms): Min: 0.0, Avg: 0.0, Max: 0.0, Diff: 0.0, Sum: 0.0]
      [GC Worker Total (ms): Min: 0.2, Avg: 0.3, Max: 0.4, Diff: 0.2, Sum: 2.6]
      [GC Worker End (ms): Min: 1076.7, Avg: 1076.7, Max: 1076.7, Diff: 0.0]
   [Code Root Fixup: 0.0 ms]
   [Code Root Purge: 0.0 ms]
   [Clear CT: 0.1 ms]
   [Other: 0.3 ms]
      [Choose CSet: 0.0 ms]
      [Ref Proc: 0.1 ms]
      [Ref Enq: 0.0 ms]
      [Redirty Cards: 0.1 ms]
      [Humongous Register: 0.1 ms]
      [Humongous Reclaim: 0.0 ms]
      [Free CSet: 0.0 ms]
   [Eden: 5120.0K(25600.0K)->0.0B(25600.0K) Survivors: 0.0B->2048.0K Heap: 342.5M(512.0M)->337.7M(512.0M)]
 [Times: user=0.00 sys=0.00, real=0.00 secs] 
1.077: [GC concurrent-root-region-scan-start]
1.077: [GC concurrent-root-region-scan-end, 0.0000917 secs]
1.077: [GC concurrent-mark-start]
1.079: [GC concurrent-mark-end, 0.0013625 secs]
1.079: [GC remark 1.079: [Finalize Marking, 0.0000894 secs] 1.079: [GC ref-proc, 0.0001078 secs] 1.079: [Unloading, 0.0004574 secs], 0.0015724 secs]
 [Times: user=0.13 sys=0.00, real=0.00 secs] 
1.081: [GC cleanup 350M->350M(512M), 0.0004257 secs]
 [Times: user=0.00 sys=0.00, real=0.00 secs] 
1.085: [GC pause (G1 Evacuation Pause) (young), 0.0024298 secs]
   [Parallel Time: 1.9 ms, GC Workers: 8]
      [GC Worker Start (ms): Min: 1085.0, Avg: 1085.0, Max: 1085.1, Diff: 0.2]
      [Ext Root Scanning (ms): Min: 0.0, Avg: 0.1, Max: 0.1, Diff: 0.1, Sum: 0.9]
      [Update RS (ms): Min: 0.7, Avg: 0.7, Max: 0.7, Diff: 0.1, Sum: 5.4]
         [Processed Buffers: Min: 0, Avg: 7.8, Max: 9, Diff: 9, Sum: 62]
      [Scan RS (ms): Min: 0.0, Avg: 0.0, Max: 0.0, Diff: 0.0, Sum: 0.0]
      [Code Root Scanning (ms): Min: 0.0, Avg: 0.0, Max: 0.0, Diff: 0.0, Sum: 0.0]
      [Object Copy (ms): Min: 0.9, Avg: 1.0, Max: 1.0, Diff: 0.1, Sum: 7.7]
      [Termination (ms): Min: 0.0, Avg: 0.1, Max: 0.1, Diff: 0.1, Sum: 0.6]
         [Termination Attempts: Min: 1, Avg: 1.0, Max: 1, Diff: 0, Sum: 8]
      [GC Worker Other (ms): Min: 0.0, Avg: 0.0, Max: 0.0, Diff: 0.0, Sum: 0.1]
      [GC Worker Total (ms): Min: 1.7, Avg: 1.8, Max: 1.9, Diff: 0.2, Sum: 14.7]
      [GC Worker End (ms): Min: 1086.9, Avg: 1086.9, Max: 1086.9, Diff: 0.0]
   [Code Root Fixup: 0.0 ms]
   [Code Root Purge: 0.0 ms]
   [Clear CT: 0.1 ms]
   [Other: 0.4 ms]
      [Choose CSet: 0.0 ms]
      [Ref Proc: 0.1 ms]
      [Ref Enq: 0.0 ms]
      [Redirty Cards: 0.1 ms]
      [Humongous Register: 0.1 ms]
      [Humongous Reclaim: 0.0 ms]
      [Free CSet: 0.0 ms]
   [Eden: 25600.0K(25600.0K)->0.0B(21504.0K) Survivors: 2048.0K->4096.0K Heap: 369.7M(512.0M)->346.6M(512.0M)]
 [Times: user=0.00 sys=0.00, real=0.00 secs] 
1.088: [GC pause (G1 Humongous Allocation) (young) (initial-mark), 0.0010774 secs]
   [Parallel Time: 0.7 ms, GC Workers: 8]
      [GC Worker Start (ms): Min: 1088.0, Avg: 1088.1, Max: 1088.2, Diff: 0.2]
      [Ext Root Scanning (ms): Min: 0.0, Avg: 0.1, Max: 0.2, Diff: 0.2, Sum: 1.1]
      [Update RS (ms): Min: 0.0, Avg: 0.1, Max: 0.1, Diff: 0.1, Sum: 0.4]
         [Processed Buffers: Min: 1, Avg: 1.1, Max: 2, Diff: 1, Sum: 9]
      [Scan RS (ms): Min: 0.0, Avg: 0.0, Max: 0.0, Diff: 0.0, Sum: 0.0]
      [Code Root Scanning (ms): Min: 0.0, Avg: 0.0, Max: 0.0, Diff: 0.0, Sum: 0.0]
      [Object Copy (ms): Min: 0.3, Avg: 0.4, Max: 0.4, Diff: 0.1, Sum: 2.9]
      [Termination (ms): Min: 0.0, Avg: 0.0, Max: 0.1, Diff: 0.1, Sum: 0.3]
         [Termination Attempts: Min: 1, Avg: 1.0, Max: 1, Diff: 0, Sum: 8]
      [GC Worker Other (ms): Min: 0.0, Avg: 0.0, Max: 0.0, Diff: 0.0, Sum: 0.0]
      [GC Worker Total (ms): Min: 0.5, Avg: 0.6, Max: 0.6, Diff: 0.2, Sum: 4.8]
      [GC Worker End (ms): Min: 1088.7, Avg: 1088.7, Max: 1088.7, Diff: 0.0]
   [Code Root Fixup: 0.0 ms]
   [Code Root Purge: 0.0 ms]
   [Clear CT: 0.1 ms]
   [Other: 0.3 ms]
      [Choose CSet: 0.0 ms]
      [Ref Proc: 0.1 ms]
      [Ref Enq: 0.0 ms]
      [Redirty Cards: 0.1 ms]
      [Humongous Register: 0.1 ms]
      [Humongous Reclaim: 0.0 ms]
      [Free CSet: 0.0 ms]
   [Eden: 2048.0K(21504.0K)->0.0B(24576.0K) Survivors: 4096.0K->1024.0K Heap: 347.9M(512.0M)->346.5M(512.0M)]
 [Times: user=0.00 sys=0.00, real=0.00 secs] 
1.089: [GC concurrent-root-region-scan-start]
1.089: [GC concurrent-root-region-scan-end, 0.0000660 secs]
1.089: [GC concurrent-mark-start]
1.091: [GC concurrent-mark-end, 0.0013779 secs]
1.091: [GC remark 1.091: [Finalize Marking, 0.0001132 secs] 1.091: [GC ref-proc, 0.0001176 secs] 1.091: [Unloading, 0.0004728 secs], 0.0018368 secs]
 [Times: user=0.00 sys=0.00, real=0.00 secs] 
1.093: [GC cleanup 356M->356M(512M), 0.0004540 secs]
 [Times: user=0.00 sys=0.00, real=0.00 secs] 
1.098: [GC pause (G1 Evacuation Pause) (young), 0.0021808 secs]
   [Parallel Time: 1.7 ms, GC Workers: 8]
      [GC Worker Start (ms): Min: 1097.8, Avg: 1097.8, Max: 1097.8, Diff: 0.0]
      [Ext Root Scanning (ms): Min: 0.1, Avg: 0.1, Max: 0.1, Diff: 0.0, Sum: 1.0]
      [Update RS (ms): Min: 0.6, Avg: 0.6, Max: 0.6, Diff: 0.1, Sum: 4.9]
         [Processed Buffers: Min: 6, Avg: 7.5, Max: 8, Diff: 2, Sum: 60]
      [Scan RS (ms): Min: 0.0, Avg: 0.0, Max: 0.0, Diff: 0.0, Sum: 0.0]
      [Code Root Scanning (ms): Min: 0.0, Avg: 0.0, Max: 0.0, Diff: 0.0, Sum: 0.0]
      [Object Copy (ms): Min: 0.7, Avg: 0.8, Max: 0.8, Diff: 0.1, Sum: 6.5]
      [Termination (ms): Min: 0.0, Avg: 0.1, Max: 0.1, Diff: 0.1, Sum: 0.4]
         [Termination Attempts: Min: 1, Avg: 1.0, Max: 1, Diff: 0, Sum: 8]
      [GC Worker Other (ms): Min: 0.0, Avg: 0.0, Max: 0.0, Diff: 0.0, Sum: 0.1]
      [GC Worker Total (ms): Min: 1.6, Avg: 1.6, Max: 1.6, Diff: 0.1, Sum: 12.8]
      [GC Worker End (ms): Min: 1099.4, Avg: 1099.4, Max: 1099.4, Diff: 0.0]
   [Code Root Fixup: 0.0 ms]
   [Code Root Purge: 0.0 ms]
   [Clear CT: 0.1 ms]
   [Other: 0.4 ms]
      [Choose CSet: 0.0 ms]
      [Ref Proc: 0.1 ms]
      [Ref Enq: 0.0 ms]
      [Redirty Cards: 0.1 ms]
      [Humongous Register: 0.1 ms]
      [Humongous Reclaim: 0.0 ms]
      [Free CSet: 0.0 ms]
   [Eden: 24576.0K(24576.0K)->0.0B(21504.0K) Survivors: 1024.0K->4096.0K Heap: 377.0M(512.0M)->352.7M(512.0M)]
 [Times: user=0.00 sys=0.00, real=0.00 secs] 
1.104: [GC pause (G1 Evacuation Pause) (mixed), 0.0023483 secs]
   [Parallel Time: 1.9 ms, GC Workers: 8]
      [GC Worker Start (ms): Min: 1104.0, Avg: 1104.1, Max: 1104.3, Diff: 0.3]
      [Ext Root Scanning (ms): Min: 0.0, Avg: 0.1, Max: 0.2, Diff: 0.2, Sum: 0.9]
      [Update RS (ms): Min: 0.3, Avg: 0.4, Max: 0.4, Diff: 0.1, Sum: 2.9]
         [Processed Buffers: Min: 4, Avg: 5.0, Max: 7, Diff: 3, Sum: 40]
      [Scan RS (ms): Min: 0.0, Avg: 0.0, Max: 0.0, Diff: 0.0, Sum: 0.0]
      [Code Root Scanning (ms): Min: 0.0, Avg: 0.0, Max: 0.0, Diff: 0.0, Sum: 0.0]
      [Object Copy (ms): Min: 1.2, Avg: 1.2, Max: 1.3, Diff: 0.1, Sum: 10.0]
      [Termination (ms): Min: 0.0, Avg: 0.0, Max: 0.1, Diff: 0.1, Sum: 0.2]
         [Termination Attempts: Min: 1, Avg: 1.0, Max: 1, Diff: 0, Sum: 8]
      [GC Worker Other (ms): Min: 0.0, Avg: 0.0, Max: 0.0, Diff: 0.0, Sum: 0.1]
      [GC Worker Total (ms): Min: 1.6, Avg: 1.8, Max: 1.8, Diff: 0.3, Sum: 14.1]
      [GC Worker End (ms): Min: 1105.9, Avg: 1105.9, Max: 1105.9, Diff: 0.0]
   [Code Root Fixup: 0.0 ms]
   [Code Root Purge: 0.0 ms]
   [Clear CT: 0.1 ms]
   [Other: 0.4 ms]
      [Choose CSet: 0.0 ms]
      [Ref Proc: 0.1 ms]
      [Ref Enq: 0.0 ms]
      [Redirty Cards: 0.1 ms]
      [Humongous Register: 0.1 ms]
      [Humongous Reclaim: 0.0 ms]
      [Free CSet: 0.0 ms]
   [Eden: 21504.0K(21504.0K)->0.0B(21504.0K) Survivors: 4096.0K->4096.0K Heap: 377.4M(512.0M)->356.4M(512.0M)]
 [Times: user=0.00 sys=0.00, real=0.00 secs] 
1.107: [GC pause (G1 Humongous Allocation) (young) (initial-mark), 0.0010233 secs]
   [Parallel Time: 0.7 ms, GC Workers: 8]
      [GC Worker Start (ms): Min: 1106.7, Avg: 1106.7, Max: 1106.8, Diff: 0.0]
      [Ext Root Scanning (ms): Min: 0.1, Avg: 0.1, Max: 0.1, Diff: 0.0, Sum: 1.0]
      [Update RS (ms): Min: 0.0, Avg: 0.0, Max: 0.1, Diff: 0.1, Sum: 0.3]
         [Processed Buffers: Min: 1, Avg: 1.1, Max: 2, Diff: 1, Sum: 9]
      [Scan RS (ms): Min: 0.0, Avg: 0.0, Max: 0.0, Diff: 0.0, Sum: 0.0]
      [Code Root Scanning (ms): Min: 0.0, Avg: 0.0, Max: 0.0, Diff: 0.0, Sum: 0.0]
      [Object Copy (ms): Min: 0.2, Avg: 0.3, Max: 0.4, Diff: 0.2, Sum: 2.7]
      [Termination (ms): Min: 0.0, Avg: 0.1, Max: 0.2, Diff: 0.2, Sum: 0.6]
         [Termination Attempts: Min: 1, Avg: 1.0, Max: 1, Diff: 0, Sum: 8]
      [GC Worker Other (ms): Min: 0.0, Avg: 0.0, Max: 0.0, Diff: 0.0, Sum: 0.0]
      [GC Worker Total (ms): Min: 0.6, Avg: 0.6, Max: 0.6, Diff: 0.0, Sum: 4.6]
      [GC Worker End (ms): Min: 1107.3, Avg: 1107.3, Max: 1107.3, Diff: 0.0]
   [Code Root Fixup: 0.0 ms]
   [Code Root Purge: 0.0 ms]
   [Clear CT: 0.1 ms]
   [Other: 0.3 ms]
      [Choose CSet: 0.0 ms]
      [Ref Proc: 0.1 ms]
      [Ref Enq: 0.0 ms]
      [Redirty Cards: 0.1 ms]
      [Humongous Register: 0.1 ms]
      [Humongous Reclaim: 0.0 ms]
      [Free CSet: 0.0 ms]
   [Eden: 1024.0K(21504.0K)->0.0B(25600.0K) Survivors: 4096.0K->0.0B Heap: 357.0M(512.0M)->355.8M(512.0M)]
 [Times: user=0.00 sys=0.00, real=0.00 secs] 
1.108: [GC concurrent-root-region-scan-start]
1.108: [GC concurrent-root-region-scan-end, 0.0000418 secs]
1.108: [GC concurrent-mark-start]
1.109: [GC concurrent-mark-end, 0.0013917 secs]
1.109: [GC remark 1.110: [Finalize Marking, 0.0000997 secs] 1.110: [GC ref-proc, 0.0001125 secs] 1.110: [Unloading, 0.0004455 secs], 0.0016687 secs]
 [Times: user=0.00 sys=0.00, real=0.00 secs] 
1.111: [GC cleanup 363M->363M(512M), 0.0004366 secs]
 [Times: user=0.00 sys=0.00, real=0.00 secs] 
1.116: [GC pause (G1 Evacuation Pause) (young), 0.0023284 secs]
   [Parallel Time: 1.8 ms, GC Workers: 8]
      [GC Worker Start (ms): Min: 1116.5, Avg: 1116.5, Max: 1116.6, Diff: 0.2]
      [Ext Root Scanning (ms): Min: 0.0, Avg: 0.1, Max: 0.2, Diff: 0.2, Sum: 0.9]
      [Update RS (ms): Min: 0.9, Avg: 0.9, Max: 1.0, Diff: 0.0, Sum: 7.6]
         [Processed Buffers: Min: 12, Avg: 12.1, Max: 13, Diff: 1, Sum: 97]
      [Scan RS (ms): Min: 0.0, Avg: 0.0, Max: 0.0, Diff: 0.0, Sum: 0.0]
      [Code Root Scanning (ms): Min: 0.0, Avg: 0.0, Max: 0.0, Diff: 0.0, Sum: 0.0]
      [Object Copy (ms): Min: 0.6, Avg: 0.6, Max: 0.7, Diff: 0.1, Sum: 5.2]
      [Termination (ms): Min: 0.0, Avg: 0.0, Max: 0.1, Diff: 0.1, Sum: 0.3]
         [Termination Attempts: Min: 1, Avg: 1.0, Max: 1, Diff: 0, Sum: 8]
      [GC Worker Other (ms): Min: 0.0, Avg: 0.0, Max: 0.0, Diff: 0.0, Sum: 0.1]
      [GC Worker Total (ms): Min: 1.6, Avg: 1.8, Max: 1.8, Diff: 0.2, Sum: 14.1]
      [GC Worker End (ms): Min: 1118.3, Avg: 1118.3, Max: 1118.3, Diff: 0.0]
   [Code Root Fixup: 0.0 ms]
   [Code Root Purge: 0.0 ms]
   [Clear CT: 0.1 ms]
   [Other: 0.4 ms]
      [Choose CSet: 0.0 ms]
      [Ref Proc: 0.1 ms]
      [Ref Enq: 0.0 ms]
      [Redirty Cards: 0.1 ms]
      [Humongous Register: 0.1 ms]
      [Humongous Reclaim: 0.0 ms]
      [Free CSet: 0.0 ms]
   [Eden: 25600.0K(25600.0K)->0.0B(21504.0K) Survivors: 0.0B->4096.0K Heap: 391.7M(512.0M)->366.9M(512.0M)]
 [Times: user=0.00 sys=0.00, real=0.00 secs] 
1.123: [GC pause (G1 Evacuation Pause) (mixed) (to-space exhausted), 0.0038516 secs]
   [Parallel Time: 3.3 ms, GC Workers: 8]
      [GC Worker Start (ms): Min: 1123.1, Avg: 1123.1, Max: 1123.2, Diff: 0.1]
      [Ext Root Scanning (ms): Min: 0.1, Avg: 0.1, Max: 0.2, Diff: 0.0, Sum: 1.0]
      [Update RS (ms): Min: 0.5, Avg: 0.5, Max: 0.5, Diff: 0.1, Sum: 4.2]
         [Processed Buffers: Min: 7, Avg: 7.0, Max: 7, Diff: 0, Sum: 56]
      [Scan RS (ms): Min: 0.0, Avg: 0.0, Max: 0.1, Diff: 0.1, Sum: 0.1]
      [Code Root Scanning (ms): Min: 0.0, Avg: 0.0, Max: 0.0, Diff: 0.0, Sum: 0.0]
      [Object Copy (ms): Min: 2.5, Avg: 2.5, Max: 2.5, Diff: 0.0, Sum: 20.1]
      [Termination (ms): Min: 0.0, Avg: 0.0, Max: 0.0, Diff: 0.0, Sum: 0.2]
         [Termination Attempts: Min: 1, Avg: 2.0, Max: 4, Diff: 3, Sum: 16]
      [GC Worker Other (ms): Min: 0.0, Avg: 0.0, Max: 0.0, Diff: 0.0, Sum: 0.1]
      [GC Worker Total (ms): Min: 3.2, Avg: 3.2, Max: 3.2, Diff: 0.1, Sum: 25.8]
      [GC Worker End (ms): Min: 1126.3, Avg: 1126.3, Max: 1126.4, Diff: 0.0]
   [Code Root Fixup: 0.0 ms]
   [Code Root Purge: 0.0 ms]
   [Clear CT: 0.1 ms]
   [Other: 0.5 ms]
      [Evacuation Failure: 0.1 ms]
      [Choose CSet: 0.0 ms]
      [Ref Proc: 0.1 ms]
      [Ref Enq: 0.0 ms]
      [Redirty Cards: 0.1 ms]
      [Humongous Register: 0.1 ms]
      [Humongous Reclaim: 0.0 ms]
      [Free CSet: 0.0 ms]
   [Eden: 21504.0K(21504.0K)->0.0B(21504.0K) Survivors: 4096.0K->4096.0K Heap: 393.7M(512.0M)->385.4M(512.0M)]
 [Times: user=0.02 sys=0.00, real=0.00 secs] 
1.127: [GC pause (G1 Humongous Allocation) (young) (initial-mark), 0.0011359 secs]
   [Parallel Time: 0.7 ms, GC Workers: 8]
      [GC Worker Start (ms): Min: 1127.4, Avg: 1127.4, Max: 1127.5, Diff: 0.2]
      [Ext Root Scanning (ms): Min: 0.0, Avg: 0.2, Max: 0.6, Diff: 0.6, Sum: 1.5]
      [Update RS (ms): Min: 0.0, Avg: 0.1, Max: 0.1, Diff: 0.1, Sum: 0.5]
         [Processed Buffers: Min: 0, Avg: 2.1, Max: 8, Diff: 8, Sum: 17]
      [Scan RS (ms): Min: 0.0, Avg: 0.0, Max: 0.0, Diff: 0.0, Sum: 0.0]
      [Code Root Scanning (ms): Min: 0.0, Avg: 0.0, Max: 0.0, Diff: 0.0, Sum: 0.0]
      [Object Copy (ms): Min: 0.0, Avg: 0.3, Max: 0.4, Diff: 0.4, Sum: 2.6]
      [Termination (ms): Min: 0.0, Avg: 0.0, Max: 0.1, Diff: 0.1, Sum: 0.3]
         [Termination Attempts: Min: 1, Avg: 1.0, Max: 1, Diff: 0, Sum: 8]
      [GC Worker Other (ms): Min: 0.0, Avg: 0.0, Max: 0.0, Diff: 0.0, Sum: 0.0]
      [GC Worker Total (ms): Min: 0.5, Avg: 0.6, Max: 0.7, Diff: 0.2, Sum: 5.0]
      [GC Worker End (ms): Min: 1128.0, Avg: 1128.0, Max: 1128.0, Diff: 0.0]
   [Code Root Fixup: 0.0 ms]
   [Code Root Purge: 0.0 ms]
   [Clear CT: 0.1 ms]
   [Other: 0.4 ms]
      [Choose CSet: 0.0 ms]
      [Ref Proc: 0.1 ms]
      [Ref Enq: 0.0 ms]
      [Redirty Cards: 0.1 ms]
      [Humongous Register: 0.1 ms]
      [Humongous Reclaim: 0.0 ms]
      [Free CSet: 0.0 ms]
   [Eden: 1024.0K(21504.0K)->0.0B(24576.0K) Survivors: 4096.0K->1024.0K Heap: 385.9M(512.0M)->385.1M(512.0M)]
 [Times: user=0.00 sys=0.00, real=0.00 secs] 
1.129: [GC concurrent-root-region-scan-start]
1.129: [GC concurrent-root-region-scan-end, 0.0001213 secs]
1.129: [GC concurrent-mark-start]
1.130: [GC concurrent-mark-end, 0.0013872 secs]
1.130: [GC remark 1.131: [Finalize Marking, 0.0001158 secs] 1.131: [GC ref-proc, 0.0001095 secs] 1.131: [Unloading, 0.0004555 secs], 0.0017141 secs]
 [Times: user=0.00 sys=0.00, real=0.00 secs] 
1.132: [GC cleanup 394M->394M(512M), 0.0004202 secs]
 [Times: user=0.00 sys=0.00, real=0.00 secs] 
1.137: [GC pause (G1 Humongous Allocation) (young) (to-space exhausted), 0.0015347 secs]
   [Parallel Time: 1.0 ms, GC Workers: 8]
      [GC Worker Start (ms): Min: 1136.9, Avg: 1136.9, Max: 1136.9, Diff: 0.1]
      [Ext Root Scanning (ms): Min: 0.1, Avg: 0.1, Max: 0.2, Diff: 0.1, Sum: 1.1]
      [Update RS (ms): Min: 0.7, Avg: 0.7, Max: 0.7, Diff: 0.1, Sum: 5.7]
         [Processed Buffers: Min: 0, Avg: 8.1, Max: 10, Diff: 10, Sum: 65]
      [Scan RS (ms): Min: 0.0, Avg: 0.0, Max: 0.0, Diff: 0.0, Sum: 0.0]
      [Code Root Scanning (ms): Min: 0.0, Avg: 0.0, Max: 0.0, Diff: 0.0, Sum: 0.0]
      [Object Copy (ms): Min: 0.1, Avg: 0.1, Max: 0.1, Diff: 0.1, Sum: 0.7]
      [Termination (ms): Min: 0.0, Avg: 0.0, Max: 0.0, Diff: 0.0, Sum: 0.2]
         [Termination Attempts: Min: 1, Avg: 1.0, Max: 1, Diff: 0, Sum: 8]
      [GC Worker Other (ms): Min: 0.0, Avg: 0.0, Max: 0.0, Diff: 0.0, Sum: 0.1]
      [GC Worker Total (ms): Min: 0.9, Avg: 1.0, Max: 1.0, Diff: 0.1, Sum: 7.7]
      [GC Worker End (ms): Min: 1137.9, Avg: 1137.9, Max: 1137.9, Diff: 0.0]
   [Code Root Fixup: 0.0 ms]
   [Code Root Purge: 0.0 ms]
   [Clear CT: 0.1 ms]
   [Other: 0.4 ms]
      [Evacuation Failure: 0.1 ms]
      [Choose CSet: 0.0 ms]
      [Ref Proc: 0.1 ms]
      [Ref Enq: 0.0 ms]
      [Redirty Cards: 0.1 ms]
      [Humongous Register: 0.1 ms]
      [Humongous Reclaim: 0.0 ms]
      [Free CSet: 0.0 ms]
   [Eden: 24576.0K(24576.0K)->0.0B(25600.0K) Survivors: 1024.0K->0.0B Heap: 416.2M(512.0M)->408.4M(512.0M)]
 [Times: user=0.00 sys=0.00, real=0.00 secs] 
1.140: [GC pause (G1 Humongous Allocation) (mixed) (to-space exhausted), 0.0016854 secs]
   [Parallel Time: 1.1 ms, GC Workers: 8]
      [GC Worker Start (ms): Min: 1140.7, Avg: 1140.7, Max: 1140.7, Diff: 0.0]
      [Ext Root Scanning (ms): Min: 0.1, Avg: 0.1, Max: 0.1, Diff: 0.0, Sum: 1.0]
      [Update RS (ms): Min: 0.2, Avg: 0.3, Max: 0.3, Diff: 0.1, Sum: 2.2]
         [Processed Buffers: Min: 4, Avg: 5.1, Max: 8, Diff: 4, Sum: 41]
      [Scan RS (ms): Min: 0.0, Avg: 0.0, Max: 0.1, Diff: 0.1, Sum: 0.3]
      [Code Root Scanning (ms): Min: 0.0, Avg: 0.0, Max: 0.0, Diff: 0.0, Sum: 0.0]
      [Object Copy (ms): Min: 0.6, Avg: 0.6, Max: 0.6, Diff: 0.1, Sum: 4.9]
      [Termination (ms): Min: 0.0, Avg: 0.0, Max: 0.0, Diff: 0.0, Sum: 0.1]
         [Termination Attempts: Min: 1, Avg: 1.1, Max: 2, Diff: 1, Sum: 9]
      [GC Worker Other (ms): Min: 0.0, Avg: 0.0, Max: 0.0, Diff: 0.0, Sum: 0.0]
      [GC Worker Total (ms): Min: 1.1, Avg: 1.1, Max: 1.1, Diff: 0.0, Sum: 8.7]
      [GC Worker End (ms): Min: 1141.8, Avg: 1141.8, Max: 1141.8, Diff: 0.0]
   [Code Root Fixup: 0.0 ms]
   [Code Root Purge: 0.0 ms]
   [Clear CT: 0.1 ms]
   [Other: 0.4 ms]
      [Evacuation Failure: 0.1 ms]
      [Choose CSet: 0.0 ms]
      [Ref Proc: 0.1 ms]
      [Ref Enq: 0.0 ms]
      [Redirty Cards: 0.1 ms]
      [Humongous Register: 0.1 ms]
      [Humongous Reclaim: 0.0 ms]
      [Free CSet: 0.0 ms]
   [Eden: 8192.0K(25600.0K)->0.0B(25600.0K) Survivors: 0.0B->0.0B Heap: 419.0M(512.0M)->418.3M(512.0M)]
 [Times: user=0.00 sys=0.00, real=0.00 secs] 
1.143: [GC pause (G1 Evacuation Pause) (mixed) (to-space exhausted), 0.0008911 secs]
   [Parallel Time: 0.4 ms, GC Workers: 8]
      [GC Worker Start (ms): Min: 1142.7, Avg: 1142.8, Max: 1143.0, Diff: 0.3]
      [Ext Root Scanning (ms): Min: 0.0, Avg: 0.1, Max: 0.1, Diff: 0.1, Sum: 0.9]
      [Update RS (ms): Min: 0.0, Avg: 0.1, Max: 0.2, Diff: 0.2, Sum: 1.1]
         [Processed Buffers: Min: 0, Avg: 3.3, Max: 7, Diff: 7, Sum: 26]
      [Scan RS (ms): Min: 0.0, Avg: 0.0, Max: 0.0, Diff: 0.0, Sum: 0.0]
      [Code Root Scanning (ms): Min: 0.0, Avg: 0.0, Max: 0.0, Diff: 0.0, Sum: 0.0]
      [Object Copy (ms): Min: 0.0, Avg: 0.0, Max: 0.1, Diff: 0.1, Sum: 0.3]
      [Termination (ms): Min: 0.0, Avg: 0.0, Max: 0.0, Diff: 0.0, Sum: 0.2]
         [Termination Attempts: Min: 1, Avg: 1.3, Max: 2, Diff: 1, Sum: 10]
      [GC Worker Other (ms): Min: 0.0, Avg: 0.0, Max: 0.0, Diff: 0.0, Sum: 0.0]
      [GC Worker Total (ms): Min: 0.1, Avg: 0.3, Max: 0.4, Diff: 0.3, Sum: 2.5]
      [GC Worker End (ms): Min: 1143.1, Avg: 1143.1, Max: 1143.1, Diff: 0.0]
   [Code Root Fixup: 0.0 ms]
   [Code Root Purge: 0.0 ms]
   [Clear CT: 0.1 ms]
   [Other: 0.4 ms]
      [Evacuation Failure: 0.1 ms]
      [Choose CSet: 0.0 ms]
      [Ref Proc: 0.1 ms]
      [Ref Enq: 0.0 ms]
      [Redirty Cards: 0.1 ms]
      [Humongous Register: 0.1 ms]
      [Humongous Reclaim: 0.0 ms]
      [Free CSet: 0.0 ms]
   [Eden: 0.0B(25600.0K)->0.0B(25600.0K) Survivors: 0.0B->0.0B Heap: 418.9M(512.0M)->418.9M(512.0M)]
 [Times: user=0.11 sys=0.00, real=0.00 secs] 
1.144: [GC pause (G1 Evacuation Pause) (young), 0.0007447 secs]
   [Parallel Time: 0.3 ms, GC Workers: 8]
      [GC Worker Start (ms): Min: 1144.1, Avg: 1144.2, Max: 1144.4, Diff: 0.3]
      [Ext Root Scanning (ms): Min: 0.0, Avg: 0.1, Max: 0.2, Diff: 0.2, Sum: 0.7]
      [Update RS (ms): Min: 0.0, Avg: 0.1, Max: 0.1, Diff: 0.1, Sum: 0.4]
         [Processed Buffers: Min: 0, Avg: 1.6, Max: 4, Diff: 4, Sum: 13]
      [Scan RS (ms): Min: 0.0, Avg: 0.0, Max: 0.0, Diff: 0.0, Sum: 0.0]
      [Code Root Scanning (ms): Min: 0.0, Avg: 0.0, Max: 0.0, Diff: 0.0, Sum: 0.0]
      [Object Copy (ms): Min: 0.0, Avg: 0.0, Max: 0.0, Diff: 0.0, Sum: 0.0]
      [Termination (ms): Min: 0.0, Avg: 0.0, Max: 0.1, Diff: 0.1, Sum: 0.3]
         [Termination Attempts: Min: 1, Avg: 1.0, Max: 1, Diff: 0, Sum: 8]
      [GC Worker Other (ms): Min: 0.0, Avg: 0.0, Max: 0.0, Diff: 0.0, Sum: 0.0]
      [GC Worker Total (ms): Min: 0.0, Avg: 0.2, Max: 0.3, Diff: 0.3, Sum: 1.4]
      [GC Worker End (ms): Min: 1144.4, Avg: 1144.4, Max: 1144.4, Diff: 0.0]
   [Code Root Fixup: 0.0 ms]
   [Code Root Purge: 0.0 ms]
   [Clear CT: 0.1 ms]
   [Other: 0.3 ms]
      [Choose CSet: 0.0 ms]
      [Ref Proc: 0.1 ms]
      [Ref Enq: 0.0 ms]
      [Redirty Cards: 0.1 ms]
      [Humongous Register: 0.1 ms]
      [Humongous Reclaim: 0.0 ms]
      [Free CSet: 0.0 ms]
   [Eden: 0.0B(25600.0K)->0.0B(25600.0K) Survivors: 0.0B->0.0B Heap: 418.9M(512.0M)->418.9M(512.0M)]
 [Times: user=0.00 sys=0.00, real=0.00 secs] 
1.145: [Full GC (Allocation Failure)  418M->345M(512M), 0.0382705 secs]
   [Eden: 0.0B(25600.0K)->0.0B(25600.0K) Survivors: 0.0B->0.0B Heap: 418.9M(512.0M)->345.4M(512.0M)], [Metaspace: 3130K->3130K(1056768K)]
 [Times: user=0.03 sys=0.00, real=0.04 secs] 
1.184: [GC pause (G1 Humongous Allocation) (young) (initial-mark), 0.0007943 secs]
   [Parallel Time: 0.5 ms, GC Workers: 8]
      [GC Worker Start (ms): Min: 1183.8, Avg: 1183.8, Max: 1183.9, Diff: 0.2]
      [Ext Root Scanning (ms): Min: 0.0, Avg: 0.1, Max: 0.2, Diff: 0.2, Sum: 1.0]
      [Update RS (ms): Min: 0.0, Avg: 0.0, Max: 0.3, Diff: 0.3, Sum: 0.3]
         [Processed Buffers: Min: 0, Avg: 0.1, Max: 1, Diff: 1, Sum: 1]
      [Scan RS (ms): Min: 0.0, Avg: 0.0, Max: 0.0, Diff: 0.0, Sum: 0.0]
      [Code Root Scanning (ms): Min: 0.0, Avg: 0.0, Max: 0.0, Diff: 0.0, Sum: 0.0]
      [Object Copy (ms): Min: 0.0, Avg: 0.0, Max: 0.0, Diff: 0.0, Sum: 0.0]
      [Termination (ms): Min: 0.0, Avg: 0.2, Max: 0.3, Diff: 0.3, Sum: 1.7]
         [Termination Attempts: Min: 1, Avg: 1.0, Max: 1, Diff: 0, Sum: 8]
      [GC Worker Other (ms): Min: 0.0, Avg: 0.0, Max: 0.0, Diff: 0.0, Sum: 0.0]
      [GC Worker Total (ms): Min: 0.3, Avg: 0.4, Max: 0.4, Diff: 0.2, Sum: 3.0]
      [GC Worker End (ms): Min: 1184.2, Avg: 1184.2, Max: 1184.2, Diff: 0.0]
   [Code Root Fixup: 0.0 ms]
   [Code Root Purge: 0.0 ms]
   [Clear CT: 0.1 ms]
   [Other: 0.3 ms]
      [Choose CSet: 0.0 ms]
      [Ref Proc: 0.1 ms]
      [Ref Enq: 0.0 ms]
      [Redirty Cards: 0.0 ms]
      [Humongous Register: 0.1 ms]
      [Humongous Reclaim: 0.0 ms]
      [Free CSet: 0.0 ms]
   [Eden: 1024.0K(25600.0K)->0.0B(25600.0K) Survivors: 0.0B->0.0B Heap: 345.9M(512.0M)->345.4M(512.0M)]
 [Times: user=0.00 sys=0.00, real=0.00 secs] 
1.185: [GC concurrent-root-region-scan-start]
1.185: [GC concurrent-root-region-scan-end, 0.0000428 secs]
1.185: [GC concurrent-mark-start]
1.186: [GC concurrent-mark-end, 0.0015564 secs]
1.187: [GC remark 1.187: [Finalize Marking, 0.0000877 secs] 1.187: [GC ref-proc, 0.0001445 secs] 1.187: [Unloading, 0.0004441 secs], 0.0018599 secs]
 [Times: user=0.00 sys=0.00, real=0.00 secs] 
1.189: [GC cleanup 357M->357M(512M), 0.0004005 secs]
 [Times: user=0.00 sys=0.00, real=0.00 secs] 
1.193: [GC pause (G1 Evacuation Pause) (young), 0.0023925 secs]
   [Parallel Time: 2.0 ms, GC Workers: 8]
      [GC Worker Start (ms): Min: 1192.7, Avg: 1193.2, Max: 1194.6, Diff: 1.9]
      [Ext Root Scanning (ms): Min: 0.0, Avg: 0.1, Max: 0.1, Diff: 0.1, Sum: 0.8]
      [Update RS (ms): Min: 0.0, Avg: 0.7, Max: 0.9, Diff: 0.9, Sum: 5.2]
         [Processed Buffers: Min: 0, Avg: 8.4, Max: 12, Diff: 12, Sum: 67]
      [Scan RS (ms): Min: 0.0, Avg: 0.0, Max: 0.0, Diff: 0.0, Sum: 0.0]
      [Code Root Scanning (ms): Min: 0.0, Avg: 0.0, Max: 0.0, Diff: 0.0, Sum: 0.0]
      [Object Copy (ms): Min: 0.0, Avg: 0.6, Max: 1.0, Diff: 1.0, Sum: 5.0]
      [Termination (ms): Min: 0.0, Avg: 0.1, Max: 0.1, Diff: 0.1, Sum: 0.6]
         [Termination Attempts: Min: 1, Avg: 1.0, Max: 1, Diff: 0, Sum: 8]
      [GC Worker Other (ms): Min: 0.0, Avg: 0.0, Max: 0.0, Diff: 0.0, Sum: 0.0]
      [GC Worker Total (ms): Min: 0.1, Avg: 1.5, Max: 1.9, Diff: 1.9, Sum: 11.7]
      [GC Worker End (ms): Min: 1194.6, Avg: 1194.6, Max: 1194.7, Diff: 0.0]
   [Code Root Fixup: 0.0 ms]
   [Code Root Purge: 0.0 ms]
   [Clear CT: 0.1 ms]
   [Other: 0.4 ms]
      [Choose CSet: 0.0 ms]
      [Ref Proc: 0.1 ms]
      [Ref Enq: 0.0 ms]
      [Redirty Cards: 0.1 ms]
      [Humongous Register: 0.1 ms]
      [Humongous Reclaim: 0.0 ms]
      [Free CSet: 0.0 ms]
   [Eden: 25600.0K(25600.0K)->0.0B(21504.0K) Survivors: 0.0B->4096.0K Heap: 378.5M(512.0M)->353.4M(512.0M)]
 [Times: user=0.00 sys=0.00, real=0.00 secs] 
1.196: [GC pause (G1 Humongous Allocation) (young) (initial-mark), 0.0013041 secs]
   [Parallel Time: 0.9 ms, GC Workers: 8]
      [GC Worker Start (ms): Min: 1196.3, Avg: 1196.4, Max: 1196.5, Diff: 0.2]
      [Ext Root Scanning (ms): Min: 0.0, Avg: 0.3, Max: 0.8, Diff: 0.8, Sum: 2.4]
      [Update RS (ms): Min: 0.0, Avg: 0.1, Max: 0.1, Diff: 0.1, Sum: 0.4]
         [Processed Buffers: Min: 0, Avg: 1.0, Max: 3, Diff: 3, Sum: 8]
      [Scan RS (ms): Min: 0.0, Avg: 0.0, Max: 0.0, Diff: 0.0, Sum: 0.0]
      [Code Root Scanning (ms): Min: 0.0, Avg: 0.0, Max: 0.0, Diff: 0.0, Sum: 0.0]
      [Object Copy (ms): Min: 0.0, Avg: 0.4, Max: 0.6, Diff: 0.6, Sum: 3.5]
      [Termination (ms): Min: 0.0, Avg: 0.0, Max: 0.1, Diff: 0.1, Sum: 0.2]
         [Termination Attempts: Min: 1, Avg: 1.0, Max: 1, Diff: 0, Sum: 8]
      [GC Worker Other (ms): Min: 0.0, Avg: 0.0, Max: 0.0, Diff: 0.0, Sum: 0.0]
      [GC Worker Total (ms): Min: 0.7, Avg: 0.8, Max: 0.9, Diff: 0.2, Sum: 6.6]
      [GC Worker End (ms): Min: 1197.2, Avg: 1197.2, Max: 1197.2, Diff: 0.0]
   [Code Root Fixup: 0.0 ms]
   [Code Root Purge: 0.0 ms]
   [Clear CT: 0.1 ms]
   [Other: 0.3 ms]
      [Choose CSet: 0.0 ms]
      [Ref Proc: 0.1 ms]
      [Ref Enq: 0.0 ms]
      [Redirty Cards: 0.1 ms]
      [Humongous Register: 0.1 ms]
      [Humongous Reclaim: 0.0 ms]
      [Free CSet: 0.0 ms]
   [Eden: 6144.0K(21504.0K)->0.0B(23552.0K) Survivors: 4096.0K->2048.0K Heap: 358.7M(512.0M)->353.3M(512.0M)]
 [Times: user=0.00 sys=0.00, real=0.00 secs] 
1.198: [GC concurrent-root-region-scan-start]
1.198: [GC concurrent-root-region-scan-end, 0.0001223 secs]
1.198: [GC concurrent-mark-start]
1.199: [GC concurrent-mark-end, 0.0014257 secs]
1.199: [GC remark 1.200: [Finalize Marking, 0.0001246 secs] 1.200: [GC ref-proc, 0.0001118 secs] 1.200: [Unloading, 0.0004349 secs], 0.0016245 secs]
 [Times: user=0.00 sys=0.00, real=0.00 secs] 
1.201: [GC cleanup 365M->365M(512M), 0.0004126 secs]
 [Times: user=0.00 sys=0.00, real=0.00 secs] 
1.205: [GC pause (G1 Evacuation Pause) (young), 0.0027643 secs]
   [Parallel Time: 2.2 ms, GC Workers: 8]
      [GC Worker Start (ms): Min: 1205.5, Avg: 1205.6, Max: 1205.6, Diff: 0.0]
      [Ext Root Scanning (ms): Min: 0.1, Avg: 0.1, Max: 0.2, Diff: 0.0, Sum: 1.0]
      [Update RS (ms): Min: 0.9, Avg: 1.0, Max: 1.4, Diff: 0.4, Sum: 8.2]
         [Processed Buffers: Min: 0, Avg: 11.1, Max: 13, Diff: 13, Sum: 89]
      [Scan RS (ms): Min: 0.0, Avg: 0.0, Max: 0.0, Diff: 0.0, Sum: 0.0]
      [Code Root Scanning (ms): Min: 0.0, Avg: 0.0, Max: 0.0, Diff: 0.0, Sum: 0.0]
      [Object Copy (ms): Min: 0.6, Avg: 0.9, Max: 1.0, Diff: 0.5, Sum: 7.5]
      [Termination (ms): Min: 0.0, Avg: 0.0, Max: 0.1, Diff: 0.1, Sum: 0.3]
         [Termination Attempts: Min: 1, Avg: 1.0, Max: 1, Diff: 0, Sum: 8]
      [GC Worker Other (ms): Min: 0.0, Avg: 0.0, Max: 0.0, Diff: 0.0, Sum: 0.1]
      [GC Worker Total (ms): Min: 2.1, Avg: 2.1, Max: 2.2, Diff: 0.1, Sum: 17.1]
      [GC Worker End (ms): Min: 1207.7, Avg: 1207.7, Max: 1207.7, Diff: 0.0]
   [Code Root Fixup: 0.0 ms]
   [Code Root Purge: 0.0 ms]
   [Clear CT: 0.1 ms]
   [Other: 0.5 ms]
      [Choose CSet: 0.0 ms]
      [Ref Proc: 0.1 ms]
      [Ref Enq: 0.0 ms]
      [Redirty Cards: 0.1 ms]
      [Humongous Register: 0.1 ms]
      [Humongous Reclaim: 0.1 ms]
      [Free CSet: 0.0 ms]
   [Eden: 23552.0K(23552.0K)->0.0B(21504.0K) Survivors: 2048.0K->4096.0K Heap: 386.5M(512.0M)->359.9M(512.0M)]
 [Times: user=0.11 sys=0.00, real=0.00 secs] 
1.212: [GC pause (G1 Evacuation Pause) (mixed), 0.0025629 secs]
   [Parallel Time: 2.1 ms, GC Workers: 8]
      [GC Worker Start (ms): Min: 1212.4, Avg: 1212.4, Max: 1212.4, Diff: 0.1]
      [Ext Root Scanning (ms): Min: 0.1, Avg: 0.1, Max: 0.2, Diff: 0.1, Sum: 1.0]
      [Update RS (ms): Min: 0.2, Avg: 0.4, Max: 1.4, Diff: 1.2, Sum: 3.2]
         [Processed Buffers: Min: 0, Avg: 3.3, Max: 5, Diff: 5, Sum: 26]
      [Scan RS (ms): Min: 0.0, Avg: 0.0, Max: 0.0, Diff: 0.0, Sum: 0.1]
      [Code Root Scanning (ms): Min: 0.0, Avg: 0.0, Max: 0.0, Diff: 0.0, Sum: 0.0]
      [Object Copy (ms): Min: 0.4, Avg: 1.4, Max: 1.6, Diff: 1.2, Sum: 11.4]
      [Termination (ms): Min: 0.0, Avg: 0.0, Max: 0.1, Diff: 0.1, Sum: 0.4]
         [Termination Attempts: Min: 1, Avg: 1.0, Max: 1, Diff: 0, Sum: 8]
      [GC Worker Other (ms): Min: 0.0, Avg: 0.0, Max: 0.0, Diff: 0.0, Sum: 0.1]
      [GC Worker Total (ms): Min: 2.0, Avg: 2.0, Max: 2.0, Diff: 0.1, Sum: 16.2]
      [GC Worker End (ms): Min: 1214.4, Avg: 1214.4, Max: 1214.4, Diff: 0.0]
   [Code Root Fixup: 0.0 ms]
   [Code Root Purge: 0.0 ms]
   [Clear CT: 0.1 ms]
   [Other: 0.4 ms]
      [Choose CSet: 0.0 ms]
      [Ref Proc: 0.1 ms]
      [Ref Enq: 0.0 ms]
      [Redirty Cards: 0.1 ms]
      [Humongous Register: 0.1 ms]
      [Humongous Reclaim: 0.0 ms]
      [Free CSet: 0.0 ms]
   [Eden: 21504.0K(21504.0K)->0.0B(21504.0K) Survivors: 4096.0K->4096.0K Heap: 382.9M(512.0M)->363.3M(512.0M)]
 [Times: user=0.00 sys=0.00, real=0.00 secs] 
1.219: [GC pause (G1 Humongous Allocation) (young) (initial-mark), 0.0018513 secs]
   [Parallel Time: 1.3 ms, GC Workers: 8]
      [GC Worker Start (ms): Min: 1218.9, Avg: 1219.0, Max: 1219.0, Diff: 0.1]
      [Ext Root Scanning (ms): Min: 0.1, Avg: 0.1, Max: 0.2, Diff: 0.1, Sum: 1.1]
      [Update RS (ms): Min: 0.0, Avg: 0.1, Max: 0.2, Diff: 0.1, Sum: 0.7]
         [Processed Buffers: Min: 1, Avg: 1.3, Max: 3, Diff: 2, Sum: 10]
      [Scan RS (ms): Min: 0.0, Avg: 0.0, Max: 0.0, Diff: 0.0, Sum: 0.0]
      [Code Root Scanning (ms): Min: 0.0, Avg: 0.0, Max: 0.0, Diff: 0.0, Sum: 0.0]
      [Object Copy (ms): Min: 0.9, Avg: 1.0, Max: 1.0, Diff: 0.1, Sum: 7.8]
      [Termination (ms): Min: 0.0, Avg: 0.0, Max: 0.1, Diff: 0.1, Sum: 0.4]
         [Termination Attempts: Min: 1, Avg: 1.0, Max: 1, Diff: 0, Sum: 8]
      [GC Worker Other (ms): Min: 0.0, Avg: 0.0, Max: 0.0, Diff: 0.0, Sum: 0.1]
      [GC Worker Total (ms): Min: 1.2, Avg: 1.3, Max: 1.3, Diff: 0.1, Sum: 10.0]
      [GC Worker End (ms): Min: 1220.2, Avg: 1220.2, Max: 1220.2, Diff: 0.0]
   [Code Root Fixup: 0.0 ms]
   [Code Root Purge: 0.0 ms]
   [Clear CT: 0.1 ms]
   [Other: 0.5 ms]
      [Choose CSet: 0.0 ms]
      [Ref Proc: 0.1 ms]
      [Ref Enq: 0.0 ms]
      [Redirty Cards: 0.1 ms]
      [Humongous Register: 0.1 ms]
      [Humongous Reclaim: 0.0 ms]
      [Free CSet: 0.0 ms]
   [Eden: 17408.0K(21504.0K)->0.0B(21504.0K) Survivors: 4096.0K->4096.0K Heap: 380.3M(512.0M)->367.1M(512.0M)]
 [Times: user=0.00 sys=0.02, real=0.00 secs] 
1.221: [GC concurrent-root-region-scan-start]
1.221: [GC concurrent-root-region-scan-end, 0.0001142 secs]
1.221: [GC concurrent-mark-start]
1.223: [GC concurrent-mark-end, 0.0016673 secs]
1.223: [GC remark 1.223: [Finalize Marking, 0.0001245 secs] 1.223: [GC ref-proc, 0.0001480 secs] 1.223: [Unloading, 0.0004440 secs], 0.0017618 secs]
 [Times: user=0.00 sys=0.00, real=0.00 secs] 
1.225: [GC cleanup 374M->374M(512M), 0.0004265 secs]
 [Times: user=0.00 sys=0.00, real=0.00 secs] 
1.228: [GC pause (G1 Evacuation Pause) (young), 0.0020570 secs]
   [Parallel Time: 1.6 ms, GC Workers: 8]
      [GC Worker Start (ms): Min: 1228.6, Avg: 1228.7, Max: 1228.7, Diff: 0.0]
      [Ext Root Scanning (ms): Min: 0.1, Avg: 0.1, Max: 0.2, Diff: 0.0, Sum: 1.0]
      [Update RS (ms): Min: 0.3, Avg: 0.4, Max: 0.4, Diff: 0.1, Sum: 3.0]
         [Processed Buffers: Min: 4, Avg: 5.0, Max: 6, Diff: 2, Sum: 40]
      [Scan RS (ms): Min: 0.0, Avg: 0.0, Max: 0.0, Diff: 0.0, Sum: 0.0]
      [Code Root Scanning (ms): Min: 0.0, Avg: 0.0, Max: 0.0, Diff: 0.0, Sum: 0.0]
      [Object Copy (ms): Min: 0.9, Avg: 1.0, Max: 1.1, Diff: 0.1, Sum: 8.0]
      [Termination (ms): Min: 0.0, Avg: 0.1, Max: 0.1, Diff: 0.1, Sum: 0.5]
         [Termination Attempts: Min: 1, Avg: 1.0, Max: 1, Diff: 0, Sum: 8]
      [GC Worker Other (ms): Min: 0.0, Avg: 0.0, Max: 0.0, Diff: 0.0, Sum: 0.1]
      [GC Worker Total (ms): Min: 1.5, Avg: 1.6, Max: 1.6, Diff: 0.1, Sum: 12.6]
      [GC Worker End (ms): Min: 1230.2, Avg: 1230.2, Max: 1230.2, Diff: 0.0]
   [Code Root Fixup: 0.0 ms]
   [Code Root Purge: 0.0 ms]
   [Clear CT: 0.1 ms]
   [Other: 0.4 ms]
      [Choose CSet: 0.0 ms]
      [Ref Proc: 0.1 ms]
      [Ref Enq: 0.0 ms]
      [Redirty Cards: 0.1 ms]
      [Humongous Register: 0.1 ms]
      [Humongous Reclaim: 0.0 ms]
      [Free CSet: 0.0 ms]
   [Eden: 21504.0K(21504.0K)->0.0B(21504.0K) Survivors: 4096.0K->4096.0K Heap: 391.8M(512.0M)->372.0M(512.0M)]
 [Times: user=0.00 sys=0.00, real=0.00 secs] 
1.235: [GC pause (G1 Evacuation Pause) (mixed) (to-space exhausted), 0.0038623 secs]
   [Parallel Time: 3.2 ms, GC Workers: 8]
      [GC Worker Start (ms): Min: 1235.2, Avg: 1235.3, Max: 1235.8, Diff: 0.6]
      [Ext Root Scanning (ms): Min: 0.0, Avg: 0.1, Max: 0.2, Diff: 0.2, Sum: 1.0]
      [Update RS (ms): Min: 0.0, Avg: 0.4, Max: 0.5, Diff: 0.4, Sum: 2.9]
         [Processed Buffers: Min: 0, Avg: 5.1, Max: 7, Diff: 7, Sum: 41]
      [Scan RS (ms): Min: 0.0, Avg: 0.0, Max: 0.1, Diff: 0.1, Sum: 0.2]
      [Code Root Scanning (ms): Min: 0.0, Avg: 0.0, Max: 0.0, Diff: 0.0, Sum: 0.0]
      [Object Copy (ms): Min: 2.5, Avg: 2.5, Max: 2.6, Diff: 0.0, Sum: 20.3]
      [Termination (ms): Min: 0.0, Avg: 0.0, Max: 0.0, Diff: 0.0, Sum: 0.2]
         [Termination Attempts: Min: 1, Avg: 1.0, Max: 1, Diff: 0, Sum: 8]
      [GC Worker Other (ms): Min: 0.0, Avg: 0.0, Max: 0.0, Diff: 0.0, Sum: 0.1]
      [GC Worker Total (ms): Min: 2.6, Avg: 3.1, Max: 3.2, Diff: 0.6, Sum: 24.7]
      [GC Worker End (ms): Min: 1238.3, Avg: 1238.3, Max: 1238.3, Diff: 0.0]
   [Code Root Fixup: 0.0 ms]
   [Code Root Purge: 0.0 ms]
   [Clear CT: 0.1 ms]
   [Other: 0.5 ms]
      [Evacuation Failure: 0.1 ms]
      [Choose CSet: 0.0 ms]
      [Ref Proc: 0.1 ms]
      [Ref Enq: 0.0 ms]
      [Redirty Cards: 0.1 ms]
      [Humongous Register: 0.1 ms]
      [Humongous Reclaim: 0.0 ms]
      [Free CSet: 0.0 ms]
   [Eden: 21504.0K(21504.0K)->0.0B(21504.0K) Survivors: 4096.0K->4096.0K Heap: 396.8M(512.0M)->388.9M(512.0M)]
 [Times: user=0.09 sys=0.00, real=0.00 secs] 
1.240: [GC pause (G1 Humongous Allocation) (young) (initial-mark), 0.0010933 secs]
   [Parallel Time: 0.7 ms, GC Workers: 8]
      [GC Worker Start (ms): Min: 1239.7, Avg: 1239.7, Max: 1239.7, Diff: 0.0]
      [Ext Root Scanning (ms): Min: 0.1, Avg: 0.1, Max: 0.1, Diff: 0.0, Sum: 1.0]
      [Update RS (ms): Min: 0.1, Avg: 0.1, Max: 0.1, Diff: 0.0, Sum: 0.6]
         [Processed Buffers: Min: 0, Avg: 2.0, Max: 5, Diff: 5, Sum: 16]
      [Scan RS (ms): Min: 0.0, Avg: 0.0, Max: 0.0, Diff: 0.0, Sum: 0.0]
      [Code Root Scanning (ms): Min: 0.0, Avg: 0.0, Max: 0.0, Diff: 0.0, Sum: 0.0]
      [Object Copy (ms): Min: 0.3, Avg: 0.4, Max: 0.4, Diff: 0.1, Sum: 3.2]
      [Termination (ms): Min: 0.0, Avg: 0.1, Max: 0.1, Diff: 0.1, Sum: 0.4]
         [Termination Attempts: Min: 1, Avg: 1.0, Max: 1, Diff: 0, Sum: 8]
      [GC Worker Other (ms): Min: 0.0, Avg: 0.0, Max: 0.0, Diff: 0.0, Sum: 0.0]
      [GC Worker Total (ms): Min: 0.7, Avg: 0.7, Max: 0.7, Diff: 0.0, Sum: 5.4]
      [GC Worker End (ms): Min: 1240.4, Avg: 1240.4, Max: 1240.4, Diff: 0.0]
   [Code Root Fixup: 0.0 ms]
   [Code Root Purge: 0.0 ms]
   [Clear CT: 0.1 ms]
   [Other: 0.3 ms]
      [Choose CSet: 0.0 ms]
      [Ref Proc: 0.1 ms]
      [Ref Enq: 0.0 ms]
      [Redirty Cards: 0.1 ms]
      [Humongous Register: 0.1 ms]
      [Humongous Reclaim: 0.0 ms]
      [Free CSet: 0.0 ms]
   [Eden: 1024.0K(21504.0K)->0.0B(24576.0K) Survivors: 4096.0K->1024.0K Heap: 389.7M(512.0M)->389.4M(512.0M)]
 [Times: user=0.00 sys=0.00, real=0.00 secs] 
1.241: [GC concurrent-root-region-scan-start]
1.241: [GC concurrent-root-region-scan-end, 0.0000895 secs]
1.241: [GC concurrent-mark-start]
1.243: [GC concurrent-mark-end, 0.0016584 secs]
1.243: [GC remark 1.243: [Finalize Marking, 0.0001240 secs] 1.243: [GC ref-proc, 0.0001121 secs] 1.243: [Unloading, 0.0004247 secs], 0.0016171 secs]
 [Times: user=0.00 sys=0.00, real=0.00 secs] 
1.245: [GC cleanup 397M->397M(512M), 0.0004174 secs]
 [Times: user=0.00 sys=0.00, real=0.00 secs] 
1.248: [GC pause (G1 Evacuation Pause) (young) (to-space exhausted), 0.0015297 secs]
   [Parallel Time: 1.0 ms, GC Workers: 8]
      [GC Worker Start (ms): Min: 1248.5, Avg: 1248.5, Max: 1248.6, Diff: 0.2]
      [Ext Root Scanning (ms): Min: 0.0, Avg: 0.1, Max: 0.2, Diff: 0.2, Sum: 0.9]
      [Update RS (ms): Min: 0.3, Avg: 0.4, Max: 0.4, Diff: 0.0, Sum: 2.9]
         [Processed Buffers: Min: 4, Avg: 4.9, Max: 5, Diff: 1, Sum: 39]
      [Scan RS (ms): Min: 0.0, Avg: 0.0, Max: 0.0, Diff: 0.0, Sum: 0.0]
      [Code Root Scanning (ms): Min: 0.0, Avg: 0.0, Max: 0.0, Diff: 0.0, Sum: 0.0]
      [Object Copy (ms): Min: 0.4, Avg: 0.4, Max: 0.4, Diff: 0.1, Sum: 3.3]
      [Termination (ms): Min: 0.0, Avg: 0.0, Max: 0.0, Diff: 0.0, Sum: 0.2]
         [Termination Attempts: Min: 1, Avg: 1.0, Max: 1, Diff: 0, Sum: 8]
      [GC Worker Other (ms): Min: 0.0, Avg: 0.0, Max: 0.0, Diff: 0.0, Sum: 0.1]
      [GC Worker Total (ms): Min: 0.8, Avg: 0.9, Max: 1.0, Diff: 0.2, Sum: 7.4]
      [GC Worker End (ms): Min: 1249.4, Avg: 1249.4, Max: 1249.4, Diff: 0.0]
   [Code Root Fixup: 0.0 ms]
   [Code Root Purge: 0.0 ms]
   [Clear CT: 0.1 ms]
   [Other: 0.5 ms]
      [Evacuation Failure: 0.1 ms]
      [Choose CSet: 0.0 ms]
      [Ref Proc: 0.1 ms]
      [Ref Enq: 0.0 ms]
      [Redirty Cards: 0.1 ms]
      [Humongous Register: 0.1 ms]
      [Humongous Reclaim: 0.0 ms]
      [Free CSet: 0.0 ms]
   [Eden: 24576.0K(24576.0K)->0.0B(22528.0K) Survivors: 1024.0K->3072.0K Heap: 417.2M(512.0M)->409.2M(512.0M)]
 [Times: user=0.00 sys=0.00, real=0.00 secs] 
1.252: [GC pause (G1 Humongous Allocation) (mixed) (to-space exhausted), 0.0017724 secs]
   [Parallel Time: 1.2 ms, GC Workers: 8]
      [GC Worker Start (ms): Min: 1251.9, Avg: 1252.0, Max: 1252.0, Diff: 0.0]
      [Ext Root Scanning (ms): Min: 0.1, Avg: 0.1, Max: 0.1, Diff: 0.0, Sum: 1.0]
      [Update RS (ms): Min: 0.1, Avg: 0.2, Max: 0.2, Diff: 0.1, Sum: 1.5]
         [Processed Buffers: Min: 2, Avg: 3.8, Max: 5, Diff: 3, Sum: 30]
      [Scan RS (ms): Min: 0.0, Avg: 0.0, Max: 0.1, Diff: 0.1, Sum: 0.4]
      [Code Root Scanning (ms): Min: 0.0, Avg: 0.0, Max: 0.0, Diff: 0.0, Sum: 0.0]
      [Object Copy (ms): Min: 0.7, Avg: 0.7, Max: 0.8, Diff: 0.1, Sum: 5.8]
      [Termination (ms): Min: 0.0, Avg: 0.0, Max: 0.1, Diff: 0.1, Sum: 0.3]
         [Termination Attempts: Min: 1, Avg: 1.0, Max: 1, Diff: 0, Sum: 8]
      [GC Worker Other (ms): Min: 0.0, Avg: 0.0, Max: 0.0, Diff: 0.0, Sum: 0.0]
      [GC Worker Total (ms): Min: 1.1, Avg: 1.1, Max: 1.1, Diff: 0.0, Sum: 9.0]
      [GC Worker End (ms): Min: 1253.1, Avg: 1253.1, Max: 1253.1, Diff: 0.0]
   [Code Root Fixup: 0.0 ms]
   [Code Root Purge: 0.0 ms]
   [Clear CT: 0.1 ms]
   [Other: 0.5 ms]
      [Evacuation Failure: 0.1 ms]
      [Choose CSet: 0.0 ms]
      [Ref Proc: 0.1 ms]
      [Ref Enq: 0.0 ms]
      [Redirty Cards: 0.1 ms]
      [Humongous Register: 0.1 ms]
      [Humongous Reclaim: 0.0 ms]
      [Free CSet: 0.0 ms]
   [Eden: 11264.0K(22528.0K)->0.0B(25600.0K) Survivors: 3072.0K->0.0B Heap: 421.4M(512.0M)->415.3M(512.0M)]
 [Times: user=0.01 sys=0.00, real=0.00 secs] 
1.255: [GC pause (G1 Humongous Allocation) (young) (initial-mark) (to-space exhausted), 0.0008270 secs]
   [Parallel Time: 0.4 ms, GC Workers: 8]
      [GC Worker Start (ms): Min: 1255.1, Avg: 1255.1, Max: 1255.2, Diff: 0.0]
      [Ext Root Scanning (ms): Min: 0.1, Avg: 0.1, Max: 0.1, Diff: 0.0, Sum: 1.0]
      [Update RS (ms): Min: 0.1, Avg: 0.2, Max: 0.2, Diff: 0.1, Sum: 1.3]
         [Processed Buffers: Min: 1, Avg: 3.5, Max: 6, Diff: 5, Sum: 28]
      [Scan RS (ms): Min: 0.0, Avg: 0.0, Max: 0.0, Diff: 0.0, Sum: 0.0]
      [Code Root Scanning (ms): Min: 0.0, Avg: 0.0, Max: 0.0, Diff: 0.0, Sum: 0.0]
      [Object Copy (ms): Min: 0.0, Avg: 0.0, Max: 0.1, Diff: 0.1, Sum: 0.1]
      [Termination (ms): Min: 0.0, Avg: 0.0, Max: 0.1, Diff: 0.1, Sum: 0.2]
         [Termination Attempts: Min: 1, Avg: 1.0, Max: 1, Diff: 0, Sum: 8]
      [GC Worker Other (ms): Min: 0.0, Avg: 0.0, Max: 0.0, Diff: 0.0, Sum: 0.0]
      [GC Worker Total (ms): Min: 0.3, Avg: 0.3, Max: 0.4, Diff: 0.0, Sum: 2.7]
      [GC Worker End (ms): Min: 1255.5, Avg: 1255.5, Max: 1255.5, Diff: 0.0]
   [Code Root Fixup: 0.0 ms]
   [Code Root Purge: 0.0 ms]
   [Clear CT: 0.1 ms]
   [Other: 0.4 ms]
      [Evacuation Failure: 0.1 ms]
      [Choose CSet: 0.0 ms]
      [Ref Proc: 0.1 ms]
      [Ref Enq: 0.0 ms]
      [Redirty Cards: 0.1 ms]
      [Humongous Register: 0.1 ms]
      [Humongous Reclaim: 0.0 ms]
      [Free CSet: 0.0 ms]
   [Eden: 7168.0K(25600.0K)->0.0B(25600.0K) Survivors: 0.0B->0.0B Heap: 422.4M(512.0M)->420.3M(512.0M)]
 [Times: user=0.00 sys=0.00, real=0.00 secs] 
1.256: [GC concurrent-root-region-scan-start]
1.256: [GC concurrent-root-region-scan-end, 0.0000335 secs]
1.256: [GC concurrent-mark-start]
1.256: [GC pause (G1 Evacuation Pause) (young) (to-space exhausted), 0.0006721 secs]
   [Parallel Time: 0.3 ms, GC Workers: 8]
      [GC Worker Start (ms): Min: 1256.6, Avg: 1256.6, Max: 1256.7, Diff: 0.2]
      [Ext Root Scanning (ms): Min: 0.0, Avg: 0.1, Max: 0.1, Diff: 0.1, Sum: 0.9]
      [Update RS (ms): Min: 0.1, Avg: 0.1, Max: 0.1, Diff: 0.1, Sum: 0.7]
         [Processed Buffers: Min: 1, Avg: 2.3, Max: 4, Diff: 3, Sum: 18]
      [Scan RS (ms): Min: 0.0, Avg: 0.0, Max: 0.0, Diff: 0.0, Sum: 0.0]
      [Code Root Scanning (ms): Min: 0.0, Avg: 0.0, Max: 0.0, Diff: 0.0, Sum: 0.0]
      [Object Copy (ms): Min: 0.0, Avg: 0.0, Max: 0.0, Diff: 0.0, Sum: 0.1]
      [Termination (ms): Min: 0.0, Avg: 0.0, Max: 0.0, Diff: 0.0, Sum: 0.2]
         [Termination Attempts: Min: 1, Avg: 1.0, Max: 1, Diff: 0, Sum: 8]
      [GC Worker Other (ms): Min: 0.0, Avg: 0.0, Max: 0.0, Diff: 0.0, Sum: 0.1]
      [GC Worker Total (ms): Min: 0.1, Avg: 0.2, Max: 0.3, Diff: 0.2, Sum: 2.0]
      [GC Worker End (ms): Min: 1256.9, Avg: 1256.9, Max: 1256.9, Diff: 0.0]
   [Code Root Fixup: 0.0 ms]
   [Code Root Purge: 0.0 ms]
   [Clear CT: 0.1 ms]
   [Other: 0.3 ms]
      [Evacuation Failure: 0.1 ms]
      [Choose CSet: 0.0 ms]
      [Ref Proc: 0.1 ms]
      [Ref Enq: 0.0 ms]
      [Redirty Cards: 0.1 ms]
      [Humongous Register: 0.1 ms]
      [Humongous Reclaim: 0.0 ms]
      [Free CSet: 0.0 ms]
   [Eden: 2048.0K(25600.0K)->0.0B(25600.0K) Survivors: 0.0B->0.0B Heap: 422.9M(512.0M)->422.9M(512.0M)]
 [Times: user=0.00 sys=0.00, real=0.00 secs] 
1.258: [Full GC (Allocation Failure)  422M->349M(512M), 0.0375258 secs]
   [Eden: 0.0B(25600.0K)->0.0B(25600.0K) Survivors: 0.0B->0.0B Heap: 422.9M(512.0M)->350.0M(512.0M)], [Metaspace: 3130K->3130K(1056768K)]
 [Times: user=0.03 sys=0.00, real=0.04 secs] 
1.295: [GC concurrent-mark-abort]
1.296: [GC pause (G1 Humongous Allocation) (young) (initial-mark), 0.0007200 secs]
   [Parallel Time: 0.4 ms, GC Workers: 8]
      [GC Worker Start (ms): Min: 1295.8, Avg: 1295.8, Max: 1295.8, Diff: 0.0]
      [Ext Root Scanning (ms): Min: 0.1, Avg: 0.1, Max: 0.2, Diff: 0.0, Sum: 1.0]
      [Update RS (ms): Min: 0.0, Avg: 0.0, Max: 0.2, Diff: 0.2, Sum: 0.3]
         [Processed Buffers: Min: 0, Avg: 0.3, Max: 1, Diff: 1, Sum: 2]
      [Scan RS (ms): Min: 0.0, Avg: 0.0, Max: 0.0, Diff: 0.0, Sum: 0.0]
      [Code Root Scanning (ms): Min: 0.0, Avg: 0.0, Max: 0.0, Diff: 0.0, Sum: 0.0]
      [Object Copy (ms): Min: 0.0, Avg: 0.0, Max: 0.1, Diff: 0.1, Sum: 0.1]
      [Termination (ms): Min: 0.0, Avg: 0.1, Max: 0.2, Diff: 0.2, Sum: 0.9]
         [Termination Attempts: Min: 1, Avg: 2.6, Max: 5, Diff: 4, Sum: 21]
      [GC Worker Other (ms): Min: 0.0, Avg: 0.0, Max: 0.0, Diff: 0.0, Sum: 0.0]
      [GC Worker Total (ms): Min: 0.3, Avg: 0.3, Max: 0.3, Diff: 0.0, Sum: 2.5]
      [GC Worker End (ms): Min: 1296.1, Avg: 1296.1, Max: 1296.1, Diff: 0.0]
   [Code Root Fixup: 0.0 ms]
   [Code Root Purge: 0.0 ms]
   [Clear CT: 0.1 ms]
   [Other: 0.3 ms]
      [Choose CSet: 0.0 ms]
      [Ref Proc: 0.1 ms]
      [Ref Enq: 0.0 ms]
      [Redirty Cards: 0.1 ms]
      [Humongous Register: 0.1 ms]
      [Humongous Reclaim: 0.0 ms]
      [Free CSet: 0.0 ms]
   [Eden: 2048.0K(25600.0K)->0.0B(24576.0K) Survivors: 0.0B->1024.0K Heap: 351.9M(512.0M)->350.7M(512.0M)]
 [Times: user=0.00 sys=0.00, real=0.00 secs] 
1.297: [GC concurrent-root-region-scan-start]
1.297: [GC concurrent-root-region-scan-end, 0.0000943 secs]
1.297: [GC concurrent-mark-start]
1.299: [GC concurrent-mark-end, 0.0019420 secs]
1.299: [GC remark 1.299: [Finalize Marking, 0.0001556 secs] 1.299: [GC ref-proc, 0.0001207 secs] 1.299: [Unloading, 0.0004428 secs], 0.0017154 secs]
 [Times: user=0.13 sys=0.00, real=0.00 secs] 
1.301: [GC cleanup 362M->362M(512M), 0.0004783 secs]
 [Times: user=0.00 sys=0.00, real=0.00 secs] 
1.306: [GC pause (G1 Evacuation Pause) (young), 0.0027988 secs]
   [Parallel Time: 2.4 ms, GC Workers: 8]
      [GC Worker Start (ms): Min: 1306.1, Avg: 1306.2, Max: 1306.2, Diff: 0.0]
      [Ext Root Scanning (ms): Min: 0.1, Avg: 0.1, Max: 0.1, Diff: 0.0, Sum: 1.0]
      [Update RS (ms): Min: 0.8, Avg: 1.0, Max: 2.1, Diff: 1.3, Sum: 8.2]
         [Processed Buffers: Min: 0, Avg: 9.8, Max: 12, Diff: 12, Sum: 78]
      [Scan RS (ms): Min: 0.0, Avg: 0.0, Max: 0.0, Diff: 0.0, Sum: 0.0]
      [Code Root Scanning (ms): Min: 0.0, Avg: 0.0, Max: 0.0, Diff: 0.0, Sum: 0.0]
      [Object Copy (ms): Min: 0.0, Avg: 1.1, Max: 1.3, Diff: 1.3, Sum: 8.6]
      [Termination (ms): Min: 0.0, Avg: 0.0, Max: 0.1, Diff: 0.1, Sum: 0.3]
         [Termination Attempts: Min: 1, Avg: 1.0, Max: 1, Diff: 0, Sum: 8]
      [GC Worker Other (ms): Min: 0.0, Avg: 0.0, Max: 0.0, Diff: 0.0, Sum: 0.1]
      [GC Worker Total (ms): Min: 2.2, Avg: 2.3, Max: 2.3, Diff: 0.1, Sum: 18.2]
      [GC Worker End (ms): Min: 1308.4, Avg: 1308.4, Max: 1308.4, Diff: 0.0]
   [Code Root Fixup: 0.0 ms]
   [Code Root Purge: 0.0 ms]
   [Clear CT: 0.1 ms]
   [Other: 0.4 ms]
      [Choose CSet: 0.0 ms]
      [Ref Proc: 0.1 ms]
      [Ref Enq: 0.0 ms]
      [Redirty Cards: 0.1 ms]
      [Humongous Register: 0.1 ms]
      [Humongous Reclaim: 0.0 ms]
      [Free CSet: 0.0 ms]
   [Eden: 24576.0K(24576.0K)->0.0B(21504.0K) Survivors: 1024.0K->4096.0K Heap: 383.7M(512.0M)->362.1M(512.0M)]
 [Times: user=0.00 sys=0.00, real=0.00 secs] 
1.309: [GC pause (G1 Humongous Allocation) (young) (initial-mark), 0.0013780 secs]
   [Parallel Time: 0.7 ms, GC Workers: 8]
      [GC Worker Start (ms): Min: 1309.6, Avg: 1309.6, Max: 1309.8, Diff: 0.2]
      [Ext Root Scanning (ms): Min: 0.0, Avg: 0.1, Max: 0.2, Diff: 0.2, Sum: 1.1]
      [Update RS (ms): Min: 0.0, Avg: 0.1, Max: 0.1, Diff: 0.1, Sum: 0.4]
         [Processed Buffers: Min: 0, Avg: 1.0, Max: 2, Diff: 2, Sum: 8]
      [Scan RS (ms): Min: 0.0, Avg: 0.0, Max: 0.0, Diff: 0.0, Sum: 0.0]
      [Code Root Scanning (ms): Min: 0.0, Avg: 0.0, Max: 0.0, Diff: 0.0, Sum: 0.0]
      [Object Copy (ms): Min: 0.3, Avg: 0.3, Max: 0.4, Diff: 0.1, Sum: 2.8]
      [Termination (ms): Min: 0.0, Avg: 0.0, Max: 0.0, Diff: 0.0, Sum: 0.1]
         [Termination Attempts: Min: 1, Avg: 1.0, Max: 1, Diff: 0, Sum: 8]
      [GC Worker Other (ms): Min: 0.0, Avg: 0.0, Max: 0.0, Diff: 0.0, Sum: 0.0]
      [GC Worker Total (ms): Min: 0.4, Avg: 0.6, Max: 0.6, Diff: 0.2, Sum: 4.5]
      [GC Worker End (ms): Min: 1310.2, Avg: 1310.2, Max: 1310.2, Diff: 0.0]
   [Code Root Fixup: 0.0 ms]
   [Code Root Purge: 0.0 ms]
   [Clear CT: 0.2 ms]
   [Other: 0.5 ms]
      [Choose CSet: 0.0 ms]
      [Ref Proc: 0.1 ms]
      [Ref Enq: 0.0 ms]
      [Redirty Cards: 0.2 ms]
      [Humongous Register: 0.1 ms]
      [Humongous Reclaim: 0.0 ms]
      [Free CSet: 0.0 ms]
   [Eden: 2048.0K(21504.0K)->0.0B(25600.0K) Survivors: 4096.0K->0.0B Heap: 363.6M(512.0M)->361.3M(512.0M)]
 [Times: user=0.00 sys=0.00, real=0.00 secs] 
1.311: [GC concurrent-root-region-scan-start]
1.311: [GC concurrent-root-region-scan-end, 0.0000317 secs]
1.311: [GC concurrent-mark-start]
1.313: [GC concurrent-mark-end, 0.0014105 secs]
1.313: [GC remark 1.313: [Finalize Marking, 0.0000895 secs] 1.313: [GC ref-proc, 0.0001098 secs] 1.313: [Unloading, 0.0004322 secs], 0.0016018 secs]
 [Times: user=0.00 sys=0.00, real=0.00 secs] 
1.314: [GC cleanup 371M->371M(512M), 0.0004553 secs]
 [Times: user=0.11 sys=0.00, real=0.00 secs] 
1.318: [GC pause (G1 Evacuation Pause) (young), 0.0019879 secs]
   [Parallel Time: 1.5 ms, GC Workers: 8]
      [GC Worker Start (ms): Min: 1318.2, Avg: 1318.2, Max: 1318.3, Diff: 0.1]
      [Ext Root Scanning (ms): Min: 0.1, Avg: 0.1, Max: 0.2, Diff: 0.1, Sum: 1.0]
      [Update RS (ms): Min: 0.5, Avg: 0.6, Max: 1.3, Diff: 0.8, Sum: 4.5]
         [Processed Buffers: Min: 1, Avg: 5.5, Max: 7, Diff: 6, Sum: 44]
      [Scan RS (ms): Min: 0.0, Avg: 0.0, Max: 0.0, Diff: 0.0, Sum: 0.0]
      [Code Root Scanning (ms): Min: 0.0, Avg: 0.0, Max: 0.0, Diff: 0.0, Sum: 0.0]
      [Object Copy (ms): Min: 0.0, Avg: 0.7, Max: 0.9, Diff: 0.9, Sum: 5.8]
      [Termination (ms): Min: 0.0, Avg: 0.0, Max: 0.1, Diff: 0.1, Sum: 0.3]
         [Termination Attempts: Min: 1, Avg: 1.0, Max: 1, Diff: 0, Sum: 8]
      [GC Worker Other (ms): Min: 0.0, Avg: 0.0, Max: 0.0, Diff: 0.0, Sum: 0.1]
      [GC Worker Total (ms): Min: 1.4, Avg: 1.5, Max: 1.5, Diff: 0.1, Sum: 11.8]
      [GC Worker End (ms): Min: 1319.7, Avg: 1319.7, Max: 1319.7, Diff: 0.0]
   [Code Root Fixup: 0.0 ms]
   [Code Root Purge: 0.0 ms]
   [Clear CT: 0.1 ms]
   [Other: 0.4 ms]
      [Choose CSet: 0.0 ms]
      [Ref Proc: 0.1 ms]
      [Ref Enq: 0.0 ms]
      [Redirty Cards: 0.1 ms]
      [Humongous Register: 0.1 ms]
      [Humongous Reclaim: 0.0 ms]
      [Free CSet: 0.0 ms]
   [Eden: 25600.0K(25600.0K)->0.0B(21504.0K) Survivors: 0.0B->4096.0K Heap: 390.6M(512.0M)->368.3M(512.0M)]
 [Times: user=0.00 sys=0.00, real=0.00 secs] 
1.324: [GC pause (G1 Evacuation Pause) (mixed), 0.0029270 secs]
   [Parallel Time: 2.3 ms, GC Workers: 8]
      [GC Worker Start (ms): Min: 1324.4, Avg: 1324.5, Max: 1324.6, Diff: 0.2]
      [Ext Root Scanning (ms): Min: 0.0, Avg: 0.1, Max: 0.2, Diff: 0.2, Sum: 1.0]
      [Update RS (ms): Min: 0.6, Avg: 0.8, Max: 2.0, Diff: 1.5, Sum: 6.2]
         [Processed Buffers: Min: 0, Avg: 6.9, Max: 8, Diff: 8, Sum: 55]
      [Scan RS (ms): Min: 0.0, Avg: 0.0, Max: 0.0, Diff: 0.0, Sum: 0.0]
      [Code Root Scanning (ms): Min: 0.0, Avg: 0.0, Max: 0.0, Diff: 0.0, Sum: 0.0]
      [Object Copy (ms): Min: 0.0, Avg: 1.2, Max: 1.5, Diff: 1.5, Sum: 10.0]
      [Termination (ms): Min: 0.0, Avg: 0.0, Max: 0.1, Diff: 0.1, Sum: 0.4]
         [Termination Attempts: Min: 1, Avg: 1.0, Max: 1, Diff: 0, Sum: 8]
      [GC Worker Other (ms): Min: 0.0, Avg: 0.0, Max: 0.0, Diff: 0.0, Sum: 0.1]
      [GC Worker Total (ms): Min: 2.1, Avg: 2.2, Max: 2.2, Diff: 0.2, Sum: 17.6]
      [GC Worker End (ms): Min: 1326.7, Avg: 1326.7, Max: 1326.7, Diff: 0.0]
   [Code Root Fixup: 0.0 ms]
   [Code Root Purge: 0.0 ms]
   [Clear CT: 0.1 ms]
   [Other: 0.5 ms]
      [Choose CSet: 0.0 ms]
      [Ref Proc: 0.1 ms]
      [Ref Enq: 0.0 ms]
      [Redirty Cards: 0.2 ms]
      [Humongous Register: 0.1 ms]
      [Humongous Reclaim: 0.0 ms]
      [Free CSet: 0.0 ms]
   [Eden: 21504.0K(21504.0K)->0.0B(21504.0K) Survivors: 4096.0K->4096.0K Heap: 395.1M(512.0M)->377.0M(512.0M)]
 [Times: user=0.00 sys=0.00, real=0.00 secs] 
1.328: [GC pause (G1 Humongous Allocation) (young) (initial-mark), 0.0010373 secs]
   [Parallel Time: 0.7 ms, GC Workers: 8]
      [GC Worker Start (ms): Min: 1327.9, Avg: 1327.9, Max: 1327.9, Diff: 0.0]
      [Ext Root Scanning (ms): Min: 0.1, Avg: 0.1, Max: 0.1, Diff: 0.0, Sum: 1.0]
      [Update RS (ms): Min: 0.0, Avg: 0.1, Max: 0.1, Diff: 0.1, Sum: 0.4]
         [Processed Buffers: Min: 1, Avg: 1.0, Max: 1, Diff: 0, Sum: 8]
      [Scan RS (ms): Min: 0.0, Avg: 0.0, Max: 0.0, Diff: 0.0, Sum: 0.0]
      [Code Root Scanning (ms): Min: 0.0, Avg: 0.0, Max: 0.0, Diff: 0.0, Sum: 0.0]
      [Object Copy (ms): Min: 0.3, Avg: 0.4, Max: 0.4, Diff: 0.1, Sum: 3.0]
      [Termination (ms): Min: 0.0, Avg: 0.0, Max: 0.1, Diff: 0.1, Sum: 0.2]
         [Termination Attempts: Min: 1, Avg: 1.1, Max: 2, Diff: 1, Sum: 9]
      [GC Worker Other (ms): Min: 0.0, Avg: 0.0, Max: 0.0, Diff: 0.0, Sum: 0.0]
      [GC Worker Total (ms): Min: 0.6, Avg: 0.6, Max: 0.6, Diff: 0.0, Sum: 4.6]
      [GC Worker End (ms): Min: 1328.5, Avg: 1328.5, Max: 1328.5, Diff: 0.0]
   [Code Root Fixup: 0.0 ms]
   [Code Root Purge: 0.0 ms]
   [Clear CT: 0.1 ms]
   [Other: 0.3 ms]
      [Choose CSet: 0.0 ms]
      [Ref Proc: 0.1 ms]
      [Ref Enq: 0.0 ms]
      [Redirty Cards: 0.1 ms]
      [Humongous Register: 0.1 ms]
      [Humongous Reclaim: 0.0 ms]
      [Free CSet: 0.0 ms]
   [Eden: 1024.0K(21504.0K)->0.0B(24576.0K) Survivors: 4096.0K->1024.0K Heap: 377.5M(512.0M)->377.6M(512.0M)]
 [Times: user=0.00 sys=0.00, real=0.00 secs] 
1.329: [GC concurrent-root-region-scan-start]
1.329: [GC concurrent-root-region-scan-end, 0.0000962 secs]
1.329: [GC concurrent-mark-start]
1.331: [GC concurrent-mark-end, 0.0013707 secs]
1.331: [GC remark 1.331: [Finalize Marking, 0.0000957 secs] 1.331: [GC ref-proc, 0.0000956 secs] 1.331: [Unloading, 0.0004226 secs], 0.0015697 secs]
 [Times: user=0.00 sys=0.00, real=0.00 secs] 
1.332: [GC cleanup 389M->389M(512M), 0.0004333 secs]
 [Times: user=0.00 sys=0.00, real=0.00 secs] 
1.336: [GC pause (G1 Evacuation Pause) (young) (to-space exhausted), 0.0022510 secs]
   [Parallel Time: 1.6 ms, GC Workers: 8]
      [GC Worker Start (ms): Min: 1336.1, Avg: 1336.2, Max: 1336.2, Diff: 0.1]
      [Ext Root Scanning (ms): Min: 0.1, Avg: 0.1, Max: 0.2, Diff: 0.1, Sum: 1.1]
      [Update RS (ms): Min: 0.7, Avg: 0.7, Max: 0.7, Diff: 0.1, Sum: 5.5]
         [Processed Buffers: Min: 9, Avg: 9.0, Max: 9, Diff: 0, Sum: 72]
      [Scan RS (ms): Min: 0.0, Avg: 0.0, Max: 0.0, Diff: 0.0, Sum: 0.0]
      [Code Root Scanning (ms): Min: 0.0, Avg: 0.0, Max: 0.0, Diff: 0.0, Sum: 0.0]
      [Object Copy (ms): Min: 0.6, Avg: 0.7, Max: 0.7, Diff: 0.1, Sum: 5.4]
      [Termination (ms): Min: 0.0, Avg: 0.1, Max: 0.1, Diff: 0.1, Sum: 0.4]
         [Termination Attempts: Min: 1, Avg: 1.0, Max: 1, Diff: 0, Sum: 8]
      [GC Worker Other (ms): Min: 0.0, Avg: 0.0, Max: 0.0, Diff: 0.0, Sum: 0.1]
      [GC Worker Total (ms): Min: 1.5, Avg: 1.6, Max: 1.6, Diff: 0.1, Sum: 12.5]
      [GC Worker End (ms): Min: 1337.7, Avg: 1337.7, Max: 1337.7, Diff: 0.0]
   [Code Root Fixup: 0.0 ms]
   [Code Root Purge: 0.0 ms]
   [Clear CT: 0.1 ms]
   [Other: 0.5 ms]
      [Evacuation Failure: 0.1 ms]
      [Choose CSet: 0.0 ms]
      [Ref Proc: 0.1 ms]
      [Ref Enq: 0.0 ms]
      [Redirty Cards: 0.1 ms]
      [Humongous Register: 0.2 ms]
      [Humongous Reclaim: 0.0 ms]
      [Free CSet: 0.0 ms]
   [Eden: 24576.0K(24576.0K)->0.0B(21504.0K) Survivors: 1024.0K->4096.0K Heap: 409.4M(512.0M)->387.3M(512.0M)]
 [Times: user=0.00 sys=0.00, real=0.00 secs] 
1.342: [GC pause (G1 Evacuation Pause) (mixed) (to-space exhausted), 0.0021403 secs]
   [Parallel Time: 1.6 ms, GC Workers: 8]
      [GC Worker Start (ms): Min: 1342.2, Avg: 1342.2, Max: 1342.3, Diff: 0.0]
      [Ext Root Scanning (ms): Min: 0.1, Avg: 0.1, Max: 0.2, Diff: 0.0, Sum: 1.0]
      [Update RS (ms): Min: 0.4, Avg: 0.5, Max: 0.6, Diff: 0.1, Sum: 4.2]
         [Processed Buffers: Min: 6, Avg: 7.8, Max: 10, Diff: 4, Sum: 62]
      [Scan RS (ms): Min: 0.0, Avg: 0.0, Max: 0.0, Diff: 0.0, Sum: 0.2]
      [Code Root Scanning (ms): Min: 0.0, Avg: 0.0, Max: 0.0, Diff: 0.0, Sum: 0.0]
      [Object Copy (ms): Min: 0.8, Avg: 0.8, Max: 0.9, Diff: 0.1, Sum: 6.7]
      [Termination (ms): Min: 0.0, Avg: 0.0, Max: 0.0, Diff: 0.0, Sum: 0.2]
         [Termination Attempts: Min: 1, Avg: 1.5, Max: 3, Diff: 2, Sum: 12]
      [GC Worker Other (ms): Min: 0.0, Avg: 0.0, Max: 0.0, Diff: 0.0, Sum: 0.1]
      [GC Worker Total (ms): Min: 1.5, Avg: 1.5, Max: 1.6, Diff: 0.0, Sum: 12.4]
      [GC Worker End (ms): Min: 1343.8, Avg: 1343.8, Max: 1343.8, Diff: 0.0]
   [Code Root Fixup: 0.0 ms]
   [Code Root Purge: 0.0 ms]
   [Clear CT: 0.1 ms]
   [Other: 0.4 ms]
      [Evacuation Failure: 0.1 ms]
      [Choose CSet: 0.0 ms]
      [Ref Proc: 0.1 ms]
      [Ref Enq: 0.0 ms]
      [Redirty Cards: 0.1 ms]
      [Humongous Register: 0.1 ms]
      [Humongous Reclaim: 0.0 ms]
      [Free CSet: 0.0 ms]
   [Eden: 21504.0K(21504.0K)->0.0B(23552.0K) Survivors: 4096.0K->2048.0K Heap: 413.9M(512.0M)->408.1M(512.0M)]
 [Times: user=0.00 sys=0.00, real=0.00 secs] 
1.346: [GC pause (G1 Humongous Allocation) (young) (initial-mark) (to-space exhausted), 0.0011098 secs]
   [Parallel Time: 0.7 ms, GC Workers: 8]
      [GC Worker Start (ms): Min: 1346.3, Avg: 1346.3, Max: 1346.5, Diff: 0.2]
      [Ext Root Scanning (ms): Min: 0.0, Avg: 0.1, Max: 0.2, Diff: 0.2, Sum: 1.2]
      [Update RS (ms): Min: 0.0, Avg: 0.1, Max: 0.1, Diff: 0.1, Sum: 0.6]
         [Processed Buffers: Min: 1, Avg: 2.1, Max: 4, Diff: 3, Sum: 17]
      [Scan RS (ms): Min: 0.0, Avg: 0.0, Max: 0.0, Diff: 0.0, Sum: 0.0]
      [Code Root Scanning (ms): Min: 0.0, Avg: 0.0, Max: 0.0, Diff: 0.0, Sum: 0.0]
      [Object Copy (ms): Min: 0.3, Avg: 0.3, Max: 0.3, Diff: 0.1, Sum: 2.5]
      [Termination (ms): Min: 0.0, Avg: 0.0, Max: 0.1, Diff: 0.1, Sum: 0.2]
         [Termination Attempts: Min: 1, Avg: 1.0, Max: 1, Diff: 0, Sum: 8]
      [GC Worker Other (ms): Min: 0.0, Avg: 0.0, Max: 0.0, Diff: 0.0, Sum: 0.1]
      [GC Worker Total (ms): Min: 0.4, Avg: 0.6, Max: 0.6, Diff: 0.2, Sum: 4.5]
      [GC Worker End (ms): Min: 1346.9, Avg: 1346.9, Max: 1346.9, Diff: 0.0]
   [Code Root Fixup: 0.0 ms]
   [Code Root Purge: 0.0 ms]
   [Clear CT: 0.1 ms]
   [Other: 0.4 ms]
      [Evacuation Failure: 0.1 ms]
      [Choose CSet: 0.0 ms]
      [Ref Proc: 0.1 ms]
      [Ref Enq: 0.0 ms]
      [Redirty Cards: 0.1 ms]
      [Humongous Register: 0.1 ms]
      [Humongous Reclaim: 0.0 ms]
      [Free CSet: 0.0 ms]
   [Eden: 12288.0K(23552.0K)->0.0B(22528.0K) Survivors: 2048.0K->3072.0K Heap: 419.4M(512.0M)->417.4M(512.0M)]
 [Times: user=0.11 sys=0.00, real=0.00 secs] 
1.348: [GC concurrent-root-region-scan-start]
1.348: [GC concurrent-root-region-scan-end, 0.0001399 secs]
1.348: [GC concurrent-mark-start]
1.349: [GC pause (G1 Humongous Allocation) (young) (to-space exhausted), 0.0008940 secs]
   [Parallel Time: 0.4 ms, GC Workers: 8]
      [GC Worker Start (ms): Min: 1348.8, Avg: 1348.8, Max: 1348.9, Diff: 0.1]
      [Ext Root Scanning (ms): Min: 0.1, Avg: 0.1, Max: 0.2, Diff: 0.1, Sum: 1.0]
      [Update RS (ms): Min: 0.1, Avg: 0.2, Max: 0.2, Diff: 0.1, Sum: 1.4]
         [Processed Buffers: Min: 3, Avg: 4.0, Max: 9, Diff: 6, Sum: 32]
      [Scan RS (ms): Min: 0.0, Avg: 0.0, Max: 0.0, Diff: 0.0, Sum: 0.0]
      [Code Root Scanning (ms): Min: 0.0, Avg: 0.0, Max: 0.0, Diff: 0.0, Sum: 0.0]
      [Object Copy (ms): Min: 0.0, Avg: 0.0, Max: 0.0, Diff: 0.0, Sum: 0.2]
      [Termination (ms): Min: 0.0, Avg: 0.0, Max: 0.0, Diff: 0.0, Sum: 0.1]
         [Termination Attempts: Min: 1, Avg: 1.0, Max: 1, Diff: 0, Sum: 8]
      [GC Worker Other (ms): Min: 0.0, Avg: 0.0, Max: 0.0, Diff: 0.0, Sum: 0.0]
      [GC Worker Total (ms): Min: 0.3, Avg: 0.3, Max: 0.4, Diff: 0.1, Sum: 2.8]
      [GC Worker End (ms): Min: 1349.2, Avg: 1349.2, Max: 1349.2, Diff: 0.0]
   [Code Root Fixup: 0.0 ms]
   [Code Root Purge: 0.0 ms]
   [Clear CT: 0.1 ms]
   [Other: 0.4 ms]
      [Evacuation Failure: 0.1 ms]
      [Choose CSet: 0.0 ms]
      [Ref Proc: 0.1 ms]
      [Ref Enq: 0.0 ms]
      [Redirty Cards: 0.1 ms]
      [Humongous Register: 0.1 ms]
      [Humongous Reclaim: 0.0 ms]
      [Free CSet: 0.0 ms]
   [Eden: 3072.0K(22528.0K)->0.0B(25600.0K) Survivors: 3072.0K->0.0B Heap: 421.8M(512.0M)->419.9M(512.0M)]
 [Times: user=0.00 sys=0.00, real=0.00 secs] 
1.351: [GC pause (G1 Evacuation Pause) (young) (to-space exhausted), 0.0007752 secs]
   [Parallel Time: 0.4 ms, GC Workers: 8]
      [GC Worker Start (ms): Min: 1350.7, Avg: 1350.7, Max: 1350.8, Diff: 0.2]
      [Ext Root Scanning (ms): Min: 0.0, Avg: 0.1, Max: 0.1, Diff: 0.1, Sum: 0.9]
      [Update RS (ms): Min: 0.1, Avg: 0.2, Max: 0.2, Diff: 0.1, Sum: 1.3]
         [Processed Buffers: Min: 1, Avg: 3.3, Max: 5, Diff: 4, Sum: 26]
      [Scan RS (ms): Min: 0.0, Avg: 0.0, Max: 0.0, Diff: 0.0, Sum: 0.0]
      [Code Root Scanning (ms): Min: 0.0, Avg: 0.0, Max: 0.0, Diff: 0.0, Sum: 0.0]
      [Object Copy (ms): Min: 0.0, Avg: 0.0, Max: 0.0, Diff: 0.0, Sum: 0.0]
      [Termination (ms): Min: 0.0, Avg: 0.0, Max: 0.1, Diff: 0.1, Sum: 0.2]
         [Termination Attempts: Min: 1, Avg: 1.0, Max: 1, Diff: 0, Sum: 8]
      [GC Worker Other (ms): Min: 0.0, Avg: 0.0, Max: 0.0, Diff: 0.0, Sum: 0.0]
      [GC Worker Total (ms): Min: 0.2, Avg: 0.3, Max: 0.4, Diff: 0.2, Sum: 2.5]
      [GC Worker End (ms): Min: 1351.0, Avg: 1351.0, Max: 1351.0, Diff: 0.0]
   [Code Root Fixup: 0.0 ms]
   [Code Root Purge: 0.0 ms]
   [Clear CT: 0.1 ms]
   [Other: 0.3 ms]
      [Evacuation Failure: 0.1 ms]
      [Choose CSet: 0.0 ms]
      [Ref Proc: 0.1 ms]
      [Ref Enq: 0.0 ms]
      [Redirty Cards: 0.1 ms]
      [Humongous Register: 0.1 ms]
      [Humongous Reclaim: 0.0 ms]
      [Free CSet: 0.0 ms]
   [Eden: 1024.0K(25600.0K)->0.0B(25600.0K) Survivors: 0.0B->0.0B Heap: 422.2M(512.0M)->421.6M(512.0M)]
 [Times: user=0.00 sys=0.00, real=0.00 secs] 
1.352: [GC pause (G1 Humongous Allocation) (young) (to-space exhausted), 0.0006525 secs]
   [Parallel Time: 0.2 ms, GC Workers: 8]
      [GC Worker Start (ms): Min: 1351.9, Avg: 1351.9, Max: 1352.0, Diff: 0.0]
      [Ext Root Scanning (ms): Min: 0.1, Avg: 0.1, Max: 0.1, Diff: 0.0, Sum: 0.9]
      [Update RS (ms): Min: 0.0, Avg: 0.0, Max: 0.1, Diff: 0.0, Sum: 0.4]
         [Processed Buffers: Min: 1, Avg: 1.4, Max: 2, Diff: 1, Sum: 11]
      [Scan RS (ms): Min: 0.0, Avg: 0.0, Max: 0.0, Diff: 0.0, Sum: 0.0]
      [Code Root Scanning (ms): Min: 0.0, Avg: 0.0, Max: 0.0, Diff: 0.0, Sum: 0.0]
      [Object Copy (ms): Min: 0.0, Avg: 0.0, Max: 0.0, Diff: 0.0, Sum: 0.0]
      [Termination (ms): Min: 0.0, Avg: 0.0, Max: 0.0, Diff: 0.0, Sum: 0.1]
         [Termination Attempts: Min: 1, Avg: 1.0, Max: 1, Diff: 0, Sum: 8]
      [GC Worker Other (ms): Min: 0.0, Avg: 0.0, Max: 0.0, Diff: 0.0, Sum: 0.0]
      [GC Worker Total (ms): Min: 0.2, Avg: 0.2, Max: 0.2, Diff: 0.0, Sum: 1.5]
      [GC Worker End (ms): Min: 1352.1, Avg: 1352.1, Max: 1352.1, Diff: 0.0]
   [Code Root Fixup: 0.0 ms]
   [Code Root Purge: 0.0 ms]
   [Clear CT: 0.1 ms]
   [Other: 0.3 ms]
      [Evacuation Failure: 0.1 ms]
      [Choose CSet: 0.0 ms]
      [Ref Proc: 0.1 ms]
      [Ref Enq: 0.0 ms]
      [Redirty Cards: 0.1 ms]
      [Humongous Register: 0.1 ms]
      [Humongous Reclaim: 0.0 ms]
      [Free CSet: 0.0 ms]
   [Eden: 1024.0K(25600.0K)->0.0B(25600.0K) Survivors: 0.0B->0.0B Heap: 422.2M(512.0M)->422.2M(512.0M)]
 [Times: user=0.00 sys=0.00, real=0.00 secs] 
1.353: [Full GC (Allocation Failure)  422M->351M(512M), 0.0387057 secs]
   [Eden: 0.0B(25600.0K)->0.0B(25600.0K) Survivors: 0.0B->0.0B Heap: 422.2M(512.0M)->351.3M(512.0M)], [Metaspace: 3130K->3130K(1056768K)]
 [Times: user=0.03 sys=0.00, real=0.04 secs] 
1.392: [GC concurrent-mark-abort]
1.392: [GC pause (G1 Humongous Allocation) (young) (initial-mark), 0.0006972 secs]
   [Parallel Time: 0.4 ms, GC Workers: 8]
      [GC Worker Start (ms): Min: 1392.2, Avg: 1392.3, Max: 1392.3, Diff: 0.0]
      [Ext Root Scanning (ms): Min: 0.1, Avg: 0.1, Max: 0.1, Diff: 0.0, Sum: 1.1]
      [Update RS (ms): Min: 0.0, Avg: 0.1, Max: 0.2, Diff: 0.2, Sum: 0.7]
         [Processed Buffers: Min: 0, Avg: 0.9, Max: 1, Diff: 1, Sum: 7]
      [Scan RS (ms): Min: 0.0, Avg: 0.0, Max: 0.0, Diff: 0.0, Sum: 0.0]
      [Code Root Scanning (ms): Min: 0.0, Avg: 0.0, Max: 0.0, Diff: 0.0, Sum: 0.0]
      [Object Copy (ms): Min: 0.0, Avg: 0.0, Max: 0.1, Diff: 0.1, Sum: 0.2]
      [Termination (ms): Min: 0.0, Avg: 0.1, Max: 0.1, Diff: 0.1, Sum: 0.5]
         [Termination Attempts: Min: 1, Avg: 1.3, Max: 3, Diff: 2, Sum: 10]
      [GC Worker Other (ms): Min: 0.0, Avg: 0.0, Max: 0.0, Diff: 0.0, Sum: 0.0]
      [GC Worker Total (ms): Min: 0.3, Avg: 0.3, Max: 0.3, Diff: 0.0, Sum: 2.5]
      [GC Worker End (ms): Min: 1392.6, Avg: 1392.6, Max: 1392.6, Diff: 0.0]
   [Code Root Fixup: 0.0 ms]
   [Code Root Purge: 0.0 ms]
   [Clear CT: 0.1 ms]
   [Other: 0.3 ms]
      [Choose CSet: 0.0 ms]
      [Ref Proc: 0.1 ms]
      [Ref Enq: 0.0 ms]
      [Redirty Cards: 0.1 ms]
      [Humongous Register: 0.1 ms]
      [Humongous Reclaim: 0.0 ms]
      [Free CSet: 0.0 ms]
   [Eden: 3072.0K(25600.0K)->0.0B(24576.0K) Survivors: 0.0B->1024.0K Heap: 354.5M(512.0M)->352.9M(512.0M)]
 [Times: user=0.00 sys=0.00, real=0.00 secs] 
1.393: [GC concurrent-root-region-scan-start]
1.393: [GC concurrent-root-region-scan-end, 0.0000821 secs]
1.393: [GC concurrent-mark-start]
1.394: [GC concurrent-mark-end, 0.0011127 secs]
1.394: [GC remark 1.394: [Finalize Marking, 0.0000987 secs] 1.395: [GC ref-proc, 0.0000958 secs] 1.395: [Unloading, 0.0004712 secs], 0.0016657 secs]
 [Times: user=0.00 sys=0.00, real=0.00 secs] 
1.396: [GC cleanup 361M->361M(512M), 0.0004391 secs]
 [Times: user=0.00 sys=0.00, real=0.00 secs] 
1.400: [GC pause (G1 Evacuation Pause) (young), 0.0020666 secs]
   [Parallel Time: 1.6 ms, GC Workers: 8]
      [GC Worker Start (ms): Min: 1400.2, Avg: 1400.2, Max: 1400.3, Diff: 0.0]
      [Ext Root Scanning (ms): Min: 0.1, Avg: 0.1, Max: 0.1, Diff: 0.0, Sum: 1.0]
      [Update RS (ms): Min: 0.6, Avg: 0.6, Max: 0.6, Diff: 0.0, Sum: 4.8]
         [Processed Buffers: Min: 7, Avg: 7.6, Max: 9, Diff: 2, Sum: 61]
      [Scan RS (ms): Min: 0.0, Avg: 0.0, Max: 0.0, Diff: 0.0, Sum: 0.0]
      [Code Root Scanning (ms): Min: 0.0, Avg: 0.0, Max: 0.0, Diff: 0.0, Sum: 0.0]
      [Object Copy (ms): Min: 0.7, Avg: 0.7, Max: 0.8, Diff: 0.2, Sum: 5.7]
      [Termination (ms): Min: 0.0, Avg: 0.1, Max: 0.1, Diff: 0.1, Sum: 0.7]
         [Termination Attempts: Min: 1, Avg: 1.0, Max: 1, Diff: 0, Sum: 8]
      [GC Worker Other (ms): Min: 0.0, Avg: 0.0, Max: 0.0, Diff: 0.0, Sum: 0.1]
      [GC Worker Total (ms): Min: 1.5, Avg: 1.5, Max: 1.6, Diff: 0.0, Sum: 12.3]
      [GC Worker End (ms): Min: 1401.8, Avg: 1401.8, Max: 1401.8, Diff: 0.0]
   [Code Root Fixup: 0.0 ms]
   [Code Root Purge: 0.0 ms]
   [Clear CT: 0.1 ms]
   [Other: 0.4 ms]
      [Choose CSet: 0.0 ms]
      [Ref Proc: 0.1 ms]
      [Ref Enq: 0.0 ms]
      [Redirty Cards: 0.1 ms]
      [Humongous Register: 0.1 ms]
      [Humongous Reclaim: 0.0 ms]
      [Free CSet: 0.0 ms]
   [Eden: 24576.0K(24576.0K)->0.0B(21504.0K) Survivors: 1024.0K->4096.0K Heap: 383.8M(512.0M)->358.9M(512.0M)]
 [Times: user=0.00 sys=0.00, real=0.00 secs] 
1.403: [GC pause (G1 Humongous Allocation) (young) (initial-mark), 0.0010603 secs]
   [Parallel Time: 0.7 ms, GC Workers: 8]
      [GC Worker Start (ms): Min: 1402.8, Avg: 1402.9, Max: 1402.9, Diff: 0.0]
      [Ext Root Scanning (ms): Min: 0.1, Avg: 0.1, Max: 0.1, Diff: 0.0, Sum: 1.0]
      [Update RS (ms): Min: 0.0, Avg: 0.1, Max: 0.2, Diff: 0.2, Sum: 0.5]
         [Processed Buffers: Min: 1, Avg: 1.1, Max: 2, Diff: 1, Sum: 9]
      [Scan RS (ms): Min: 0.0, Avg: 0.0, Max: 0.0, Diff: 0.0, Sum: 0.0]
      [Code Root Scanning (ms): Min: 0.0, Avg: 0.0, Max: 0.0, Diff: 0.0, Sum: 0.0]
      [Object Copy (ms): Min: 0.3, Avg: 0.4, Max: 0.5, Diff: 0.2, Sum: 2.9]
      [Termination (ms): Min: 0.0, Avg: 0.1, Max: 0.1, Diff: 0.1, Sum: 0.5]
         [Termination Attempts: Min: 1, Avg: 1.0, Max: 1, Diff: 0, Sum: 8]
      [GC Worker Other (ms): Min: 0.0, Avg: 0.0, Max: 0.0, Diff: 0.0, Sum: 0.1]
      [GC Worker Total (ms): Min: 0.6, Avg: 0.6, Max: 0.6, Diff: 0.0, Sum: 5.0]
      [GC Worker End (ms): Min: 1403.5, Avg: 1403.5, Max: 1403.5, Diff: 0.0]
   [Code Root Fixup: 0.0 ms]
   [Code Root Purge: 0.0 ms]
   [Clear CT: 0.1 ms]
   [Other: 0.3 ms]
      [Choose CSet: 0.0 ms]
      [Ref Proc: 0.1 ms]
      [Ref Enq: 0.0 ms]
      [Redirty Cards: 0.1 ms]
      [Humongous Register: 0.1 ms]
      [Humongous Reclaim: 0.0 ms]
      [Free CSet: 0.0 ms]
   [Eden: 2048.0K(21504.0K)->0.0B(24576.0K) Survivors: 4096.0K->1024.0K Heap: 360.8M(512.0M)->359.7M(512.0M)]
 [Times: user=0.00 sys=0.00, real=0.00 secs] 
1.404: [GC concurrent-root-region-scan-start]
1.404: [GC concurrent-root-region-scan-end, 0.0000473 secs]
1.404: [GC concurrent-mark-start]
1.405: [GC concurrent-mark-end, 0.0011638 secs]
1.405: [GC remark 1.405: [Finalize Marking, 0.0000695 secs] 1.406: [GC ref-proc, 0.0000933 secs] 1.406: [Unloading, 0.0003938 secs], 0.0014754 secs]
 [Times: user=0.00 sys=0.00, real=0.00 secs] 
1.407: [GC cleanup 369M->369M(512M), 0.0003219 secs]
 [Times: user=0.00 sys=0.00, real=0.00 secs] 
1.412: [GC pause (G1 Evacuation Pause) (young), 0.0030031 secs]
   [Parallel Time: 2.5 ms, GC Workers: 8]
      [GC Worker Start (ms): Min: 1411.7, Avg: 1411.7, Max: 1411.8, Diff: 0.2]
      [Ext Root Scanning (ms): Min: 0.0, Avg: 0.1, Max: 0.2, Diff: 0.2, Sum: 0.9]
      [Update RS (ms): Min: 1.3, Avg: 1.4, Max: 1.4, Diff: 0.1, Sum: 10.9]
         [Processed Buffers: Min: 7, Avg: 16.0, Max: 18, Diff: 11, Sum: 128]
      [Scan RS (ms): Min: 0.0, Avg: 0.0, Max: 0.0, Diff: 0.0, Sum: 0.0]
      [Code Root Scanning (ms): Min: 0.0, Avg: 0.0, Max: 0.0, Diff: 0.0, Sum: 0.0]
      [Object Copy (ms): Min: 0.9, Avg: 0.9, Max: 1.0, Diff: 0.1, Sum: 7.3]
      [Termination (ms): Min: 0.0, Avg: 0.0, Max: 0.1, Diff: 0.1, Sum: 0.4]
         [Termination Attempts: Min: 1, Avg: 1.1, Max: 2, Diff: 1, Sum: 9]
      [GC Worker Other (ms): Min: 0.0, Avg: 0.0, Max: 0.0, Diff: 0.0, Sum: 0.1]
      [GC Worker Total (ms): Min: 2.3, Avg: 2.4, Max: 2.5, Diff: 0.2, Sum: 19.6]
      [GC Worker End (ms): Min: 1414.2, Avg: 1414.2, Max: 1414.2, Diff: 0.0]
   [Code Root Fixup: 0.0 ms]
   [Code Root Purge: 0.0 ms]
   [Clear CT: 0.1 ms]
   [Other: 0.4 ms]
      [Choose CSet: 0.0 ms]
      [Ref Proc: 0.1 ms]
      [Ref Enq: 0.0 ms]
      [Redirty Cards: 0.1 ms]
      [Humongous Register: 0.1 ms]
      [Humongous Reclaim: 0.0 ms]
      [Free CSet: 0.0 ms]
   [Eden: 24576.0K(24576.0K)->0.0B(21504.0K) Survivors: 1024.0K->4096.0K Heap: 398.4M(512.0M)->370.8M(512.0M)]
 [Times: user=0.00 sys=0.00, real=0.00 secs] 
1.418: [GC pause (G1 Evacuation Pause) (mixed), 0.0029749 secs]
   [Parallel Time: 2.5 ms, GC Workers: 8]
      [GC Worker Start (ms): Min: 1418.6, Avg: 1418.6, Max: 1418.6, Diff: 0.1]
      [Ext Root Scanning (ms): Min: 0.1, Avg: 0.1, Max: 0.2, Diff: 0.1, Sum: 1.1]
      [Update RS (ms): Min: 0.3, Avg: 0.4, Max: 0.4, Diff: 0.1, Sum: 2.8]
         [Processed Buffers: Min: 4, Avg: 4.8, Max: 5, Diff: 1, Sum: 38]
      [Scan RS (ms): Min: 0.0, Avg: 0.0, Max: 0.0, Diff: 0.0, Sum: 0.1]
      [Code Root Scanning (ms): Min: 0.0, Avg: 0.0, Max: 0.0, Diff: 0.0, Sum: 0.0]
      [Object Copy (ms): Min: 1.8, Avg: 1.9, Max: 1.9, Diff: 0.1, Sum: 14.8]
      [Termination (ms): Min: 0.0, Avg: 0.1, Max: 0.1, Diff: 0.1, Sum: 0.5]
         [Termination Attempts: Min: 1, Avg: 1.0, Max: 1, Diff: 0, Sum: 8]
      [GC Worker Other (ms): Min: 0.0, Avg: 0.0, Max: 0.0, Diff: 0.0, Sum: 0.1]
      [GC Worker Total (ms): Min: 2.4, Avg: 2.4, Max: 2.4, Diff: 0.1, Sum: 19.4]
      [GC Worker End (ms): Min: 1421.0, Avg: 1421.0, Max: 1421.0, Diff: 0.0]
   [Code Root Fixup: 0.0 ms]
   [Code Root Purge: 0.0 ms]
   [Clear CT: 0.1 ms]
   [Other: 0.4 ms]
      [Choose CSet: 0.0 ms]
      [Ref Proc: 0.1 ms]
      [Ref Enq: 0.0 ms]
      [Redirty Cards: 0.1 ms]
      [Humongous Register: 0.1 ms]
      [Humongous Reclaim: 0.0 ms]
      [Free CSet: 0.0 ms]
   [Eden: 21504.0K(21504.0K)->0.0B(21504.0K) Survivors: 4096.0K->4096.0K Heap: 395.3M(512.0M)->377.1M(512.0M)]
 [Times: user=0.00 sys=0.00, real=0.00 secs] 
1.422: [GC pause (G1 Humongous Allocation) (young) (initial-mark), 0.0011259 secs]
   [Parallel Time: 0.7 ms, GC Workers: 8]
      [GC Worker Start (ms): Min: 1422.3, Avg: 1422.4, Max: 1422.4, Diff: 0.0]
      [Ext Root Scanning (ms): Min: 0.1, Avg: 0.1, Max: 0.1, Diff: 0.0, Sum: 1.0]
      [Update RS (ms): Min: 0.0, Avg: 0.1, Max: 0.2, Diff: 0.2, Sum: 0.7]
         [Processed Buffers: Min: 1, Avg: 1.1, Max: 2, Diff: 1, Sum: 9]
      [Scan RS (ms): Min: 0.0, Avg: 0.0, Max: 0.0, Diff: 0.0, Sum: 0.0]
      [Code Root Scanning (ms): Min: 0.0, Avg: 0.0, Max: 0.0, Diff: 0.0, Sum: 0.0]
      [Object Copy (ms): Min: 0.2, Avg: 0.4, Max: 0.5, Diff: 0.2, Sum: 3.1]
      [Termination (ms): Min: 0.0, Avg: 0.0, Max: 0.1, Diff: 0.1, Sum: 0.3]
         [Termination Attempts: Min: 1, Avg: 1.0, Max: 1, Diff: 0, Sum: 8]
      [GC Worker Other (ms): Min: 0.0, Avg: 0.0, Max: 0.0, Diff: 0.0, Sum: 0.1]
      [GC Worker Total (ms): Min: 0.6, Avg: 0.7, Max: 0.7, Diff: 0.0, Sum: 5.2]
      [GC Worker End (ms): Min: 1423.0, Avg: 1423.0, Max: 1423.0, Diff: 0.0]
   [Code Root Fixup: 0.0 ms]
   [Code Root Purge: 0.0 ms]
   [Clear CT: 0.1 ms]
   [Other: 0.4 ms]
      [Choose CSet: 0.0 ms]
      [Ref Proc: 0.1 ms]
      [Ref Enq: 0.0 ms]
      [Redirty Cards: 0.1 ms]
      [Humongous Register: 0.1 ms]
      [Humongous Reclaim: 0.0 ms]
      [Free CSet: 0.0 ms]
   [Eden: 3072.0K(21504.0K)->0.0B(24576.0K) Survivors: 4096.0K->1024.0K Heap: 379.5M(512.0M)->378.1M(512.0M)]
 [Times: user=0.00 sys=0.00, real=0.00 secs] 
1.424: [GC concurrent-root-region-scan-start]
1.424: [GC concurrent-root-region-scan-end, 0.0001165 secs]
1.424: [GC concurrent-mark-start]
1.425: [GC concurrent-mark-end, 0.0012942 secs]
1.425: [GC remark 1.425: [Finalize Marking, 0.0000789 secs] 1.425: [GC ref-proc, 0.0001222 secs] 1.425: [Unloading, 0.0004216 secs], 0.0015733 secs]
 [Times: user=0.00 sys=0.00, real=0.00 secs] 
1.427: [GC cleanup 387M->387M(512M), 0.0004260 secs]
 [Times: user=0.00 sys=0.00, real=0.00 secs] 
1.430: [GC pause (G1 Evacuation Pause) (young) (to-space exhausted), 0.0020216 secs]
   [Parallel Time: 1.5 ms, GC Workers: 8]
      [GC Worker Start (ms): Min: 1430.1, Avg: 1430.1, Max: 1430.1, Diff: 0.0]
      [Ext Root Scanning (ms): Min: 0.1, Avg: 0.1, Max: 0.1, Diff: 0.0, Sum: 1.0]
      [Update RS (ms): Min: 0.7, Avg: 0.7, Max: 0.7, Diff: 0.0, Sum: 5.7]
         [Processed Buffers: Min: 7, Avg: 9.0, Max: 10, Diff: 3, Sum: 72]
      [Scan RS (ms): Min: 0.0, Avg: 0.0, Max: 0.0, Diff: 0.0, Sum: 0.0]
      [Code Root Scanning (ms): Min: 0.0, Avg: 0.0, Max: 0.0, Diff: 0.0, Sum: 0.0]
      [Object Copy (ms): Min: 0.5, Avg: 0.6, Max: 0.6, Diff: 0.1, Sum: 4.4]
      [Termination (ms): Min: 0.0, Avg: 0.0, Max: 0.1, Diff: 0.1, Sum: 0.3]
         [Termination Attempts: Min: 1, Avg: 1.0, Max: 1, Diff: 0, Sum: 8]
      [GC Worker Other (ms): Min: 0.0, Avg: 0.0, Max: 0.0, Diff: 0.0, Sum: 0.1]
      [GC Worker Total (ms): Min: 1.4, Avg: 1.4, Max: 1.5, Diff: 0.0, Sum: 11.5]
      [GC Worker End (ms): Min: 1431.5, Avg: 1431.5, Max: 1431.5, Diff: 0.0]
   [Code Root Fixup: 0.0 ms]
   [Code Root Purge: 0.0 ms]
   [Clear CT: 0.1 ms]
   [Other: 0.4 ms]
      [Evacuation Failure: 0.1 ms]
      [Choose CSet: 0.0 ms]
      [Ref Proc: 0.1 ms]
      [Ref Enq: 0.0 ms]
      [Redirty Cards: 0.1 ms]
      [Humongous Register: 0.1 ms]
      [Humongous Reclaim: 0.0 ms]
      [Free CSet: 0.0 ms]
   [Eden: 24576.0K(24576.0K)->0.0B(21504.0K) Survivors: 1024.0K->4096.0K Heap: 409.9M(512.0M)->399.8M(512.0M)]
 [Times: user=0.00 sys=0.00, real=0.00 secs] 
1.434: [GC pause (G1 Evacuation Pause) (mixed) (to-space exhausted), 0.0018080 secs]
   [Parallel Time: 1.3 ms, GC Workers: 8]
      [GC Worker Start (ms): Min: 1434.6, Avg: 1434.7, Max: 1434.7, Diff: 0.0]
      [Ext Root Scanning (ms): Min: 0.1, Avg: 0.1, Max: 0.1, Diff: 0.0, Sum: 1.0]
      [Update RS (ms): Min: 0.3, Avg: 0.3, Max: 0.3, Diff: 0.0, Sum: 2.5]
         [Processed Buffers: Min: 4, Avg: 5.1, Max: 6, Diff: 2, Sum: 41]
      [Scan RS (ms): Min: 0.0, Avg: 0.0, Max: 0.1, Diff: 0.1, Sum: 0.3]
      [Code Root Scanning (ms): Min: 0.0, Avg: 0.0, Max: 0.0, Diff: 0.0, Sum: 0.0]
      [Object Copy (ms): Min: 0.7, Avg: 0.7, Max: 0.7, Diff: 0.0, Sum: 5.8]
      [Termination (ms): Min: 0.0, Avg: 0.0, Max: 0.0, Diff: 0.0, Sum: 0.1]
         [Termination Attempts: Min: 1, Avg: 1.0, Max: 1, Diff: 0, Sum: 8]
      [GC Worker Other (ms): Min: 0.0, Avg: 0.0, Max: 0.0, Diff: 0.0, Sum: 0.0]
      [GC Worker Total (ms): Min: 1.2, Avg: 1.2, Max: 1.3, Diff: 0.0, Sum: 9.8]
      [GC Worker End (ms): Min: 1435.9, Avg: 1435.9, Max: 1435.9, Diff: 0.0]
   [Code Root Fixup: 0.0 ms]
   [Code Root Purge: 0.0 ms]
   [Clear CT: 0.1 ms]
   [Other: 0.5 ms]
      [Evacuation Failure: 0.1 ms]
      [Choose CSet: 0.0 ms]
      [Ref Proc: 0.1 ms]
      [Ref Enq: 0.0 ms]
      [Redirty Cards: 0.1 ms]
      [Humongous Register: 0.1 ms]
      [Humongous Reclaim: 0.0 ms]
      [Free CSet: 0.0 ms]
   [Eden: 13312.0K(21504.0K)->0.0B(25600.0K) Survivors: 4096.0K->0.0B Heap: 416.0M(512.0M)->411.8M(512.0M)]
 [Times: user=0.00 sys=0.00, real=0.00 secs] 
1.437: [GC pause (G1 Humongous Allocation) (young) (initial-mark), 0.0006763 secs]
   [Parallel Time: 0.3 ms, GC Workers: 8]
      [GC Worker Start (ms): Min: 1437.0, Avg: 1437.0, Max: 1437.0, Diff: 0.0]
      [Ext Root Scanning (ms): Min: 0.1, Avg: 0.1, Max: 0.1, Diff: 0.0, Sum: 1.0]
      [Update RS (ms): Min: 0.1, Avg: 0.1, Max: 0.1, Diff: 0.0, Sum: 0.8]
         [Processed Buffers: Min: 1, Avg: 3.1, Max: 6, Diff: 5, Sum: 25]
      [Scan RS (ms): Min: 0.0, Avg: 0.0, Max: 0.0, Diff: 0.0, Sum: 0.0]
      [Code Root Scanning (ms): Min: 0.0, Avg: 0.0, Max: 0.0, Diff: 0.0, Sum: 0.0]
      [Object Copy (ms): Min: 0.0, Avg: 0.0, Max: 0.1, Diff: 0.1, Sum: 0.2]
      [Termination (ms): Min: 0.0, Avg: 0.0, Max: 0.1, Diff: 0.1, Sum: 0.3]
         [Termination Attempts: Min: 1, Avg: 1.0, Max: 1, Diff: 0, Sum: 8]
      [GC Worker Other (ms): Min: 0.0, Avg: 0.0, Max: 0.0, Diff: 0.0, Sum: 0.0]
      [GC Worker Total (ms): Min: 0.3, Avg: 0.3, Max: 0.3, Diff: 0.0, Sum: 2.3]
      [GC Worker End (ms): Min: 1437.3, Avg: 1437.3, Max: 1437.3, Diff: 0.0]
   [Code Root Fixup: 0.0 ms]
   [Code Root Purge: 0.0 ms]
   [Clear CT: 0.1 ms]
   [Other: 0.3 ms]
      [Choose CSet: 0.0 ms]
      [Ref Proc: 0.1 ms]
      [Ref Enq: 0.0 ms]
      [Redirty Cards: 0.1 ms]
      [Humongous Register: 0.1 ms]
      [Humongous Reclaim: 0.0 ms]
      [Free CSet: 0.0 ms]
   [Eden: 3072.0K(25600.0K)->0.0B(24576.0K) Survivors: 0.0B->1024.0K Heap: 414.1M(512.0M)->412.4M(512.0M)]
 [Times: user=0.00 sys=0.00, real=0.00 secs] 
1.438: [GC concurrent-root-region-scan-start]
1.438: [GC concurrent-root-region-scan-end, 0.0000516 secs]
1.438: [GC concurrent-mark-start]
1.439: [GC pause (G1 Evacuation Pause) (young) (to-space exhausted), 0.0007944 secs]
   [Parallel Time: 0.4 ms, GC Workers: 8]
      [GC Worker Start (ms): Min: 1438.6, Avg: 1438.7, Max: 1438.7, Diff: 0.0]
      [Ext Root Scanning (ms): Min: 0.1, Avg: 0.1, Max: 0.1, Diff: 0.0, Sum: 0.9]
      [Update RS (ms): Min: 0.1, Avg: 0.1, Max: 0.2, Diff: 0.1, Sum: 1.1]
         [Processed Buffers: Min: 2, Avg: 2.3, Max: 3, Diff: 1, Sum: 18]
      [Scan RS (ms): Min: 0.0, Avg: 0.0, Max: 0.0, Diff: 0.0, Sum: 0.0]
      [Code Root Scanning (ms): Min: 0.0, Avg: 0.0, Max: 0.0, Diff: 0.0, Sum: 0.0]
      [Object Copy (ms): Min: 0.0, Avg: 0.0, Max: 0.0, Diff: 0.0, Sum: 0.1]
      [Termination (ms): Min: 0.0, Avg: 0.1, Max: 0.1, Diff: 0.1, Sum: 0.6]
         [Termination Attempts: Min: 1, Avg: 1.0, Max: 1, Diff: 0, Sum: 8]
      [GC Worker Other (ms): Min: 0.0, Avg: 0.0, Max: 0.0, Diff: 0.0, Sum: 0.0]
      [GC Worker Total (ms): Min: 0.3, Avg: 0.3, Max: 0.4, Diff: 0.0, Sum: 2.8]
      [GC Worker End (ms): Min: 1439.0, Avg: 1439.0, Max: 1439.0, Diff: 0.0]
   [Code Root Fixup: 0.0 ms]
   [Code Root Purge: 0.0 ms]
   [Clear CT: 0.1 ms]
   [Other: 0.3 ms]
      [Evacuation Failure: 0.1 ms]
      [Choose CSet: 0.0 ms]
      [Ref Proc: 0.1 ms]
      [Ref Enq: 0.0 ms]
      [Redirty Cards: 0.1 ms]
      [Humongous Register: 0.1 ms]
      [Humongous Reclaim: 0.0 ms]
      [Free CSet: 0.0 ms]
   [Eden: 3072.0K(24576.0K)->0.0B(25600.0K) Survivors: 1024.0K->0.0B Heap: 416.7M(512.0M)->416.1M(512.0M)]
 [Times: user=0.00 sys=0.00, real=0.00 secs] 
1.440: [GC pause (G1 Evacuation Pause) (young) (to-space exhausted), 0.0006801 secs]
   [Parallel Time: 0.3 ms, GC Workers: 8]
      [GC Worker Start (ms): Min: 1440.0, Avg: 1440.0, Max: 1440.0, Diff: 0.0]
      [Ext Root Scanning (ms): Min: 0.1, Avg: 0.1, Max: 0.1, Diff: 0.0, Sum: 0.9]
      [Update RS (ms): Min: 0.0, Avg: 0.0, Max: 0.1, Diff: 0.1, Sum: 0.3]
         [Processed Buffers: Min: 1, Avg: 1.5, Max: 3, Diff: 2, Sum: 12]
      [Scan RS (ms): Min: 0.0, Avg: 0.0, Max: 0.0, Diff: 0.0, Sum: 0.0]
      [Code Root Scanning (ms): Min: 0.0, Avg: 0.0, Max: 0.0, Diff: 0.0, Sum: 0.0]
      [Object Copy (ms): Min: 0.0, Avg: 0.0, Max: 0.0, Diff: 0.0, Sum: 0.0]
      [Termination (ms): Min: 0.0, Avg: 0.1, Max: 0.1, Diff: 0.1, Sum: 0.7]
         [Termination Attempts: Min: 1, Avg: 1.1, Max: 2, Diff: 1, Sum: 9]
      [GC Worker Other (ms): Min: 0.0, Avg: 0.0, Max: 0.0, Diff: 0.0, Sum: 0.0]
      [GC Worker Total (ms): Min: 0.2, Avg: 0.3, Max: 0.3, Diff: 0.0, Sum: 2.0]
      [GC Worker End (ms): Min: 1440.3, Avg: 1440.3, Max: 1440.3, Diff: 0.0]
   [Code Root Fixup: 0.0 ms]
   [Code Root Purge: 0.0 ms]
   [Clear CT: 0.1 ms]
   [Other: 0.3 ms]
      [Evacuation Failure: 0.1 ms]
      [Choose CSet: 0.0 ms]
      [Ref Proc: 0.1 ms]
      [Ref Enq: 0.0 ms]
      [Redirty Cards: 0.1 ms]
      [Humongous Register: 0.1 ms]
      [Humongous Reclaim: 0.0 ms]
      [Free CSet: 0.0 ms]
   [Eden: 1024.0K(25600.0K)->0.0B(25600.0K) Survivors: 0.0B->0.0B Heap: 417.1M(512.0M)->417.1M(512.0M)]
 [Times: user=0.13 sys=0.00, real=0.00 secs] 
1.441: [Full GC (Allocation Failure)  417M->358M(512M), 0.0404623 secs]
   [Eden: 0.0B(25600.0K)->0.0B(25600.0K) Survivors: 0.0B->0.0B Heap: 417.1M(512.0M)->358.1M(512.0M)], [Metaspace: 3130K->3130K(1056768K)]
 [Times: user=0.03 sys=0.00, real=0.04 secs] 
1.481: [GC concurrent-mark-abort]
1.482: [GC pause (G1 Humongous Allocation) (young) (initial-mark), 0.0008008 secs]
   [Parallel Time: 0.4 ms, GC Workers: 8]
      [GC Worker Start (ms): Min: 1481.7, Avg: 1481.7, Max: 1481.7, Diff: 0.0]
      [Ext Root Scanning (ms): Min: 0.1, Avg: 0.1, Max: 0.1, Diff: 0.0, Sum: 1.0]
      [Update RS (ms): Min: 0.0, Avg: 0.0, Max: 0.2, Diff: 0.2, Sum: 0.2]
         [Processed Buffers: Min: 0, Avg: 0.1, Max: 1, Diff: 1, Sum: 1]
      [Scan RS (ms): Min: 0.0, Avg: 0.0, Max: 0.0, Diff: 0.0, Sum: 0.0]
      [Code Root Scanning (ms): Min: 0.0, Avg: 0.0, Max: 0.0, Diff: 0.0, Sum: 0.0]
      [Object Copy (ms): Min: 0.0, Avg: 0.0, Max: 0.0, Diff: 0.0, Sum: 0.0]
      [Termination (ms): Min: 0.0, Avg: 0.2, Max: 0.2, Diff: 0.2, Sum: 1.6]
         [Termination Attempts: Min: 1, Avg: 1.0, Max: 1, Diff: 0, Sum: 8]
      [GC Worker Other (ms): Min: 0.0, Avg: 0.0, Max: 0.0, Diff: 0.0, Sum: 0.0]
      [GC Worker Total (ms): Min: 0.3, Avg: 0.4, Max: 0.4, Diff: 0.0, Sum: 2.9]
      [GC Worker End (ms): Min: 1482.1, Avg: 1482.1, Max: 1482.1, Diff: 0.0]
   [Code Root Fixup: 0.0 ms]
   [Code Root Purge: 0.0 ms]
   [Clear CT: 0.1 ms]
   [Other: 0.3 ms]
      [Choose CSet: 0.0 ms]
      [Ref Proc: 0.1 ms]
      [Ref Enq: 0.0 ms]
      [Redirty Cards: 0.1 ms]
      [Humongous Register: 0.1 ms]
      [Humongous Reclaim: 0.0 ms]
      [Free CSet: 0.0 ms]
   [Eden: 1024.0K(25600.0K)->0.0B(25600.0K) Survivors: 0.0B->0.0B Heap: 358.4M(512.0M)->358.1M(512.0M)]
 [Times: user=0.00 sys=0.00, real=0.00 secs] 
1.483: [GC concurrent-root-region-scan-start]
1.483: [GC concurrent-root-region-scan-end, 0.0000328 secs]
1.483: [GC concurrent-mark-start]
1.484: [GC concurrent-mark-end, 0.0014829 secs]
1.484: [GC remark 1.484: [Finalize Marking, 0.0001012 secs] 1.484: [GC ref-proc, 0.0000921 secs] 1.485: [Unloading, 0.0004259 secs], 0.0015642 secs]
 [Times: user=0.00 sys=0.00, real=0.00 secs] 
1.486: [GC cleanup 370M->370M(512M), 0.0004534 secs]
 [Times: user=0.00 sys=0.00, real=0.00 secs] 
1.490: [GC pause (G1 Evacuation Pause) (young), 0.0023649 secs]
   [Parallel Time: 1.9 ms, GC Workers: 8]
      [GC Worker Start (ms): Min: 1490.6, Avg: 1490.7, Max: 1490.8, Diff: 0.2]
      [Ext Root Scanning (ms): Min: 0.0, Avg: 0.1, Max: 0.2, Diff: 0.2, Sum: 0.9]
      [Update RS (ms): Min: 0.7, Avg: 0.8, Max: 0.8, Diff: 0.1, Sum: 6.1]
         [Processed Buffers: Min: 8, Avg: 9.5, Max: 10, Diff: 2, Sum: 76]
      [Scan RS (ms): Min: 0.0, Avg: 0.0, Max: 0.0, Diff: 0.0, Sum: 0.0]
      [Code Root Scanning (ms): Min: 0.0, Avg: 0.0, Max: 0.0, Diff: 0.0, Sum: 0.0]
      [Object Copy (ms): Min: 0.8, Avg: 0.9, Max: 0.9, Diff: 0.2, Sum: 6.9]
      [Termination (ms): Min: 0.0, Avg: 0.1, Max: 0.1, Diff: 0.1, Sum: 0.5]
         [Termination Attempts: Min: 1, Avg: 1.0, Max: 1, Diff: 0, Sum: 8]
      [GC Worker Other (ms): Min: 0.0, Avg: 0.0, Max: 0.0, Diff: 0.0, Sum: 0.1]
      [GC Worker Total (ms): Min: 1.7, Avg: 1.8, Max: 1.9, Diff: 0.2, Sum: 14.5]
      [GC Worker End (ms): Min: 1492.5, Avg: 1492.5, Max: 1492.5, Diff: 0.0]
   [Code Root Fixup: 0.0 ms]
   [Code Root Purge: 0.0 ms]
   [Clear CT: 0.1 ms]
   [Other: 0.4 ms]
      [Choose CSet: 0.0 ms]
      [Ref Proc: 0.1 ms]
      [Ref Enq: 0.0 ms]
      [Redirty Cards: 0.1 ms]
      [Humongous Register: 0.1 ms]
      [Humongous Reclaim: 0.0 ms]
      [Free CSet: 0.0 ms]
   [Eden: 25600.0K(25600.0K)->0.0B(21504.0K) Survivors: 0.0B->4096.0K Heap: 392.4M(512.0M)->365.8M(512.0M)]
 [Times: user=0.00 sys=0.00, real=0.00 secs] 
1.493: [GC pause (G1 Humongous Allocation) (young) (initial-mark), 0.0013474 secs]
   [Parallel Time: 0.8 ms, GC Workers: 8]
      [GC Worker Start (ms): Min: 1493.4, Avg: 1493.5, Max: 1493.5, Diff: 0.1]
      [Ext Root Scanning (ms): Min: 0.1, Avg: 0.1, Max: 0.2, Diff: 0.1, Sum: 0.9]
      [Update RS (ms): Min: 0.0, Avg: 0.1, Max: 0.1, Diff: 0.0, Sum: 0.4]
         [Processed Buffers: Min: 0, Avg: 1.4, Max: 3, Diff: 3, Sum: 11]
      [Scan RS (ms): Min: 0.0, Avg: 0.0, Max: 0.0, Diff: 0.0, Sum: 0.0]
      [Code Root Scanning (ms): Min: 0.0, Avg: 0.0, Max: 0.0, Diff: 0.0, Sum: 0.0]
      [Object Copy (ms): Min: 0.4, Avg: 0.5, Max: 0.5, Diff: 0.1, Sum: 3.9]
      [Termination (ms): Min: 0.0, Avg: 0.0, Max: 0.1, Diff: 0.1, Sum: 0.3]
         [Termination Attempts: Min: 1, Avg: 1.0, Max: 1, Diff: 0, Sum: 8]
      [GC Worker Other (ms): Min: 0.0, Avg: 0.0, Max: 0.0, Diff: 0.0, Sum: 0.0]
      [GC Worker Total (ms): Min: 0.7, Avg: 0.7, Max: 0.7, Diff: 0.1, Sum: 5.5]
      [GC Worker End (ms): Min: 1494.2, Avg: 1494.2, Max: 1494.2, Diff: 0.0]
   [Code Root Fixup: 0.0 ms]
   [Code Root Purge: 0.0 ms]
   [Clear CT: 0.2 ms]
   [Other: 0.4 ms]
      [Choose CSet: 0.0 ms]
      [Ref Proc: 0.1 ms]
      [Ref Enq: 0.0 ms]
      [Redirty Cards: 0.1 ms]
      [Humongous Register: 0.1 ms]
      [Humongous Reclaim: 0.0 ms]
      [Free CSet: 0.0 ms]
   [Eden: 2048.0K(21504.0K)->0.0B(24576.0K) Survivors: 4096.0K->1024.0K Heap: 367.1M(512.0M)->366.4M(512.0M)]
 [Times: user=0.00 sys=0.00, real=0.00 secs] 
1.495: [GC concurrent-root-region-scan-start]
1.495: [GC concurrent-root-region-scan-end, 0.0001291 secs]
1.495: [GC concurrent-mark-start]
1.497: [GC concurrent-mark-end, 0.0017042 secs]
1.497: [GC remark 1.497: [Finalize Marking, 0.0001056 secs] 1.497: [GC ref-proc, 0.0000954 secs] 1.497: [Unloading, 0.0004434 secs], 0.0015676 secs]
 [Times: user=0.00 sys=0.00, real=0.00 secs] 
1.499: [GC cleanup 376M->376M(512M), 0.0003768 secs]
 [Times: user=0.00 sys=0.00, real=0.00 secs] 
1.502: [GC pause (G1 Evacuation Pause) (young), 0.0019810 secs]
   [Parallel Time: 1.5 ms, GC Workers: 8]
      [GC Worker Start (ms): Min: 1502.0, Avg: 1502.1, Max: 1503.1, Diff: 1.1]
      [Ext Root Scanning (ms): Min: 0.0, Avg: 0.1, Max: 0.1, Diff: 0.1, Sum: 0.9]
      [Update RS (ms): Min: 0.0, Avg: 0.4, Max: 0.5, Diff: 0.5, Sum: 3.2]
         [Processed Buffers: Min: 0, Avg: 5.6, Max: 7, Diff: 7, Sum: 45]
      [Scan RS (ms): Min: 0.0, Avg: 0.0, Max: 0.0, Diff: 0.0, Sum: 0.0]
      [Code Root Scanning (ms): Min: 0.0, Avg: 0.0, Max: 0.0, Diff: 0.0, Sum: 0.0]
      [Object Copy (ms): Min: 0.3, Avg: 0.7, Max: 0.9, Diff: 0.5, Sum: 5.8]
      [Termination (ms): Min: 0.0, Avg: 0.1, Max: 0.2, Diff: 0.2, Sum: 0.7]
         [Termination Attempts: Min: 1, Avg: 1.0, Max: 1, Diff: 0, Sum: 8]
      [GC Worker Other (ms): Min: 0.0, Avg: 0.0, Max: 0.0, Diff: 0.0, Sum: 0.1]
      [GC Worker Total (ms): Min: 0.3, Avg: 1.3, Max: 1.5, Diff: 1.2, Sum: 10.7]
      [GC Worker End (ms): Min: 1503.5, Avg: 1503.5, Max: 1503.5, Diff: 0.0]
   [Code Root Fixup: 0.0 ms]
   [Code Root Purge: 0.0 ms]
   [Clear CT: 0.1 ms]
   [Other: 0.4 ms]
      [Choose CSet: 0.0 ms]
      [Ref Proc: 0.1 ms]
      [Ref Enq: 0.0 ms]
      [Redirty Cards: 0.1 ms]
      [Humongous Register: 0.1 ms]
      [Humongous Reclaim: 0.0 ms]
      [Free CSet: 0.0 ms]
   [Eden: 24576.0K(24576.0K)->0.0B(21504.0K) Survivors: 1024.0K->4096.0K Heap: 394.8M(512.0M)->373.3M(512.0M)]
 [Times: user=0.11 sys=0.00, real=0.00 secs] 
1.508: [GC pause (G1 Evacuation Pause) (mixed) (to-space exhausted), 0.0032095 secs]
   [Parallel Time: 2.1 ms, GC Workers: 8]
      [GC Worker Start (ms): Min: 1507.8, Avg: 1507.9, Max: 1508.1, Diff: 0.2]
      [Ext Root Scanning (ms): Min: 0.0, Avg: 0.1, Max: 0.2, Diff: 0.2, Sum: 0.9]
      [Update RS (ms): Min: 0.5, Avg: 0.5, Max: 0.6, Diff: 0.1, Sum: 4.3]
         [Processed Buffers: Min: 5, Avg: 7.0, Max: 9, Diff: 4, Sum: 56]
      [Scan RS (ms): Min: 0.0, Avg: 0.0, Max: 0.0, Diff: 0.0, Sum: 0.1]
      [Code Root Scanning (ms): Min: 0.0, Avg: 0.0, Max: 0.0, Diff: 0.0, Sum: 0.0]
      [Object Copy (ms): Min: 1.2, Avg: 1.2, Max: 1.3, Diff: 0.0, Sum: 9.9]
      [Termination (ms): Min: 0.0, Avg: 0.0, Max: 0.0, Diff: 0.0, Sum: 0.3]
         [Termination Attempts: Min: 1, Avg: 1.0, Max: 1, Diff: 0, Sum: 8]
      [GC Worker Other (ms): Min: 0.0, Avg: 0.0, Max: 0.0, Diff: 0.0, Sum: 0.1]
      [GC Worker Total (ms): Min: 1.8, Avg: 1.9, Max: 2.0, Diff: 0.2, Sum: 15.5]
      [GC Worker End (ms): Min: 1509.9, Avg: 1509.9, Max: 1509.9, Diff: 0.0]
   [Code Root Fixup: 0.0 ms]
   [Code Root Purge: 0.0 ms]
   [Clear CT: 0.4 ms]
   [Other: 0.8 ms]
      [Evacuation Failure: 0.1 ms]
      [Choose CSet: 0.0 ms]
      [Ref Proc: 0.1 ms]
      [Ref Enq: 0.0 ms]
      [Redirty Cards: 0.3 ms]
      [Humongous Register: 0.1 ms]
      [Humongous Reclaim: 0.0 ms]
      [Free CSet: 0.0 ms]
   [Eden: 21504.0K(21504.0K)->0.0B(21504.0K) Survivors: 4096.0K->4096.0K Heap: 400.2M(512.0M)->390.7M(512.0M)]
 [Times: user=0.00 sys=0.00, real=0.00 secs] 
1.512: [GC pause (G1 Humongous Allocation) (young) (initial-mark), 0.0011021 secs]
   [Parallel Time: 0.8 ms, GC Workers: 8]
      [GC Worker Start (ms): Min: 1511.6, Avg: 1511.7, Max: 1511.7, Diff: 0.0]
      [Ext Root Scanning (ms): Min: 0.1, Avg: 0.1, Max: 0.1, Diff: 0.0, Sum: 0.9]
      [Update RS (ms): Min: 0.0, Avg: 0.1, Max: 0.1, Diff: 0.0, Sum: 0.4]
         [Processed Buffers: Min: 1, Avg: 2.0, Max: 4, Diff: 3, Sum: 16]
      [Scan RS (ms): Min: 0.0, Avg: 0.0, Max: 0.0, Diff: 0.0, Sum: 0.0]
      [Code Root Scanning (ms): Min: 0.0, Avg: 0.0, Max: 0.0, Diff: 0.0, Sum: 0.0]
      [Object Copy (ms): Min: 0.5, Avg: 0.5, Max: 0.5, Diff: 0.0, Sum: 4.0]
      [Termination (ms): Min: 0.0, Avg: 0.0, Max: 0.0, Diff: 0.0, Sum: 0.1]
         [Termination Attempts: Min: 1, Avg: 1.0, Max: 1, Diff: 0, Sum: 8]
      [GC Worker Other (ms): Min: 0.0, Avg: 0.0, Max: 0.0, Diff: 0.0, Sum: 0.0]
      [GC Worker Total (ms): Min: 0.7, Avg: 0.7, Max: 0.7, Diff: 0.0, Sum: 5.6]
      [GC Worker End (ms): Min: 1512.3, Avg: 1512.4, Max: 1512.4, Diff: 0.0]
   [Code Root Fixup: 0.0 ms]
   [Code Root Purge: 0.0 ms]
   [Clear CT: 0.1 ms]
   [Other: 0.3 ms]
      [Choose CSet: 0.0 ms]
      [Ref Proc: 0.1 ms]
      [Ref Enq: 0.0 ms]
      [Redirty Cards: 0.1 ms]
      [Humongous Register: 0.1 ms]
      [Humongous Reclaim: 0.0 ms]
      [Free CSet: 0.0 ms]
   [Eden: 3072.0K(21504.0K)->0.0B(23552.0K) Survivors: 4096.0K->2048.0K Heap: 393.6M(512.0M)->391.9M(512.0M)]
 [Times: user=0.00 sys=0.00, real=0.00 secs] 
1.513: [GC concurrent-root-region-scan-start]
1.513: [GC concurrent-root-region-scan-end, 0.0000925 secs]
1.513: [GC concurrent-mark-start]
1.514: [GC concurrent-mark-end, 0.0013501 secs]
1.514: [GC remark 1.514: [Finalize Marking, 0.0001123 secs] 1.515: [GC ref-proc, 0.0000922 secs] 1.515: [Unloading, 0.0004311 secs], 0.0015483 secs]
 [Times: user=0.00 sys=0.00, real=0.00 secs] 
1.516: [GC cleanup 402M->402M(512M), 0.0004248 secs]
 [Times: user=0.00 sys=0.00, real=0.00 secs] 
1.518: [GC pause (G1 Evacuation Pause) (young) (to-space exhausted), 0.0011244 secs]
   [Parallel Time: 0.7 ms, GC Workers: 8]
      [GC Worker Start (ms): Min: 1517.8, Avg: 1517.9, Max: 1517.9, Diff: 0.0]
      [Ext Root Scanning (ms): Min: 0.1, Avg: 0.1, Max: 0.1, Diff: 0.0, Sum: 1.0]
      [Update RS (ms): Min: 0.4, Avg: 0.4, Max: 0.4, Diff: 0.0, Sum: 3.2]
         [Processed Buffers: Min: 5, Avg: 5.8, Max: 7, Diff: 2, Sum: 46]
      [Scan RS (ms): Min: 0.0, Avg: 0.0, Max: 0.0, Diff: 0.0, Sum: 0.0]
      [Code Root Scanning (ms): Min: 0.0, Avg: 0.0, Max: 0.0, Diff: 0.0, Sum: 0.0]
      [Object Copy (ms): Min: 0.0, Avg: 0.1, Max: 0.1, Diff: 0.1, Sum: 0.5]
      [Termination (ms): Min: 0.0, Avg: 0.0, Max: 0.0, Diff: 0.0, Sum: 0.1]
         [Termination Attempts: Min: 1, Avg: 1.0, Max: 1, Diff: 0, Sum: 8]
      [GC Worker Other (ms): Min: 0.0, Avg: 0.0, Max: 0.0, Diff: 0.0, Sum: 0.0]
      [GC Worker Total (ms): Min: 0.6, Avg: 0.6, Max: 0.6, Diff: 0.0, Sum: 4.8]
      [GC Worker End (ms): Min: 1518.5, Avg: 1518.5, Max: 1518.5, Diff: 0.0]
   [Code Root Fixup: 0.0 ms]
   [Code Root Purge: 0.0 ms]
   [Clear CT: 0.1 ms]
   [Other: 0.4 ms]
      [Evacuation Failure: 0.1 ms]
      [Choose CSet: 0.0 ms]
      [Ref Proc: 0.1 ms]
      [Ref Enq: 0.0 ms]
      [Redirty Cards: 0.1 ms]
      [Humongous Register: 0.1 ms]
      [Humongous Reclaim: 0.0 ms]
      [Free CSet: 0.0 ms]
   [Eden: 14336.0K(23552.0K)->0.0B(25600.0K) Survivors: 2048.0K->0.0B Heap: 410.3M(512.0M)->405.8M(512.0M)]
 [Times: user=0.13 sys=0.00, real=0.00 secs] 
1.520: [GC pause (G1 Humongous Allocation) (mixed) (to-space exhausted), 0.0009927 secs]
   [Parallel Time: 0.6 ms, GC Workers: 8]
      [GC Worker Start (ms): Min: 1520.1, Avg: 1520.2, Max: 1520.2, Diff: 0.0]
      [Ext Root Scanning (ms): Min: 0.1, Avg: 0.1, Max: 0.1, Diff: 0.0, Sum: 0.9]
      [Update RS (ms): Min: 0.1, Avg: 0.2, Max: 0.2, Diff: 0.1, Sum: 1.2]
         [Processed Buffers: Min: 2, Avg: 3.8, Max: 6, Diff: 4, Sum: 30]
      [Scan RS (ms): Min: 0.0, Avg: 0.0, Max: 0.0, Diff: 0.0, Sum: 0.2]
      [Code Root Scanning (ms): Min: 0.0, Avg: 0.0, Max: 0.0, Diff: 0.0, Sum: 0.0]
      [Object Copy (ms): Min: 0.2, Avg: 0.2, Max: 0.2, Diff: 0.0, Sum: 1.5]
      [Termination (ms): Min: 0.0, Avg: 0.0, Max: 0.0, Diff: 0.0, Sum: 0.1]
         [Termination Attempts: Min: 1, Avg: 1.0, Max: 1, Diff: 0, Sum: 8]
      [GC Worker Other (ms): Min: 0.0, Avg: 0.0, Max: 0.0, Diff: 0.0, Sum: 0.0]
      [GC Worker Total (ms): Min: 0.5, Avg: 0.5, Max: 0.5, Diff: 0.0, Sum: 4.0]
      [GC Worker End (ms): Min: 1520.7, Avg: 1520.7, Max: 1520.7, Diff: 0.0]
   [Code Root Fixup: 0.0 ms]
   [Code Root Purge: 0.0 ms]
   [Clear CT: 0.1 ms]
   [Other: 0.4 ms]
      [Evacuation Failure: 0.1 ms]
      [Choose CSet: 0.0 ms]
      [Ref Proc: 0.1 ms]
      [Ref Enq: 0.0 ms]
      [Redirty Cards: 0.1 ms]
      [Humongous Register: 0.1 ms]
      [Humongous Reclaim: 0.0 ms]
      [Free CSet: 0.0 ms]
   [Eden: 5120.0K(25600.0K)->0.0B(25600.0K) Survivors: 0.0B->0.0B Heap: 411.4M(512.0M)->409.8M(512.0M)]
 [Times: user=0.00 sys=0.00, real=0.00 secs] 
1.522: [GC pause (G1 Evacuation Pause) (mixed) (to-space exhausted), 0.0008476 secs]
   [Parallel Time: 0.5 ms, GC Workers: 8]
      [GC Worker Start (ms): Min: 1521.7, Avg: 1521.7, Max: 1521.8, Diff: 0.0]
      [Ext Root Scanning (ms): Min: 0.1, Avg: 0.1, Max: 0.1, Diff: 0.0, Sum: 0.9]
      [Update RS (ms): Min: 0.1, Avg: 0.2, Max: 0.2, Diff: 0.1, Sum: 1.4]
         [Processed Buffers: Min: 2, Avg: 4.6, Max: 8, Diff: 6, Sum: 37]
      [Scan RS (ms): Min: 0.0, Avg: 0.0, Max: 0.0, Diff: 0.0, Sum: 0.1]
      [Code Root Scanning (ms): Min: 0.0, Avg: 0.0, Max: 0.0, Diff: 0.0, Sum: 0.0]
      [Object Copy (ms): Min: 0.1, Avg: 0.1, Max: 0.2, Diff: 0.1, Sum: 1.1]
      [Termination (ms): Min: 0.0, Avg: 0.0, Max: 0.0, Diff: 0.0, Sum: 0.1]
         [Termination Attempts: Min: 1, Avg: 1.4, Max: 2, Diff: 1, Sum: 11]
      [GC Worker Other (ms): Min: 0.0, Avg: 0.0, Max: 0.0, Diff: 0.0, Sum: 0.0]
      [GC Worker Total (ms): Min: 0.4, Avg: 0.4, Max: 0.5, Diff: 0.0, Sum: 3.6]
      [GC Worker End (ms): Min: 1522.2, Avg: 1522.2, Max: 1522.2, Diff: 0.0]
   [Code Root Fixup: 0.0 ms]
   [Code Root Purge: 0.0 ms]
   [Clear CT: 0.1 ms]
   [Other: 0.3 ms]
      [Evacuation Failure: 0.1 ms]
      [Choose CSet: 0.0 ms]
      [Ref Proc: 0.1 ms]
      [Ref Enq: 0.0 ms]
      [Redirty Cards: 0.1 ms]
      [Humongous Register: 0.1 ms]
      [Humongous Reclaim: 0.0 ms]
      [Free CSet: 0.0 ms]
   [Eden: 1024.0K(25600.0K)->0.0B(25600.0K) Survivors: 0.0B->0.0B Heap: 412.3M(512.0M)->410.8M(512.0M)]
 [Times: user=0.00 sys=0.00, real=0.00 secs] 
1.523: [GC pause (G1 Evacuation Pause) (young) (to-space exhausted), 0.0006146 secs]
   [Parallel Time: 0.2 ms, GC Workers: 8]
      [GC Worker Start (ms): Min: 1523.2, Avg: 1523.2, Max: 1523.2, Diff: 0.0]
      [Ext Root Scanning (ms): Min: 0.1, Avg: 0.1, Max: 0.1, Diff: 0.0, Sum: 0.9]
      [Update RS (ms): Min: 0.0, Avg: 0.0, Max: 0.1, Diff: 0.0, Sum: 0.4]
         [Processed Buffers: Min: 1, Avg: 2.3, Max: 4, Diff: 3, Sum: 18]
      [Scan RS (ms): Min: 0.0, Avg: 0.0, Max: 0.0, Diff: 0.0, Sum: 0.0]
      [Code Root Scanning (ms): Min: 0.0, Avg: 0.0, Max: 0.0, Diff: 0.0, Sum: 0.0]
      [Object Copy (ms): Min: 0.0, Avg: 0.0, Max: 0.0, Diff: 0.0, Sum: 0.0]
      [Termination (ms): Min: 0.0, Avg: 0.0, Max: 0.0, Diff: 0.0, Sum: 0.1]
         [Termination Attempts: Min: 1, Avg: 1.4, Max: 2, Diff: 1, Sum: 11]
      [GC Worker Other (ms): Min: 0.0, Avg: 0.0, Max: 0.0, Diff: 0.0, Sum: 0.0]
      [GC Worker Total (ms): Min: 0.2, Avg: 0.2, Max: 0.2, Diff: 0.0, Sum: 1.5]
      [GC Worker End (ms): Min: 1523.4, Avg: 1523.4, Max: 1523.4, Diff: 0.0]
   [Code Root Fixup: 0.0 ms]
   [Code Root Purge: 0.0 ms]
   [Clear CT: 0.1 ms]
   [Other: 0.3 ms]
      [Evacuation Failure: 0.1 ms]
      [Choose CSet: 0.0 ms]
      [Ref Proc: 0.1 ms]
      [Ref Enq: 0.0 ms]
      [Redirty Cards: 0.1 ms]
      [Humongous Register: 0.1 ms]
      [Humongous Reclaim: 0.0 ms]
      [Free CSet: 0.0 ms]
   [Eden: 2048.0K(25600.0K)->0.0B(25600.0K) Survivors: 0.0B->0.0B Heap: 412.8M(512.0M)->412.2M(512.0M)]
 [Times: user=0.00 sys=0.00, real=0.00 secs] 
1.524: [GC pause (G1 Evacuation Pause) (young) (initial-mark) (to-space exhausted), 0.0005921 secs]
   [Parallel Time: 0.2 ms, GC Workers: 8]
      [GC Worker Start (ms): Min: 1524.3, Avg: 1524.3, Max: 1524.3, Diff: 0.0]
      [Ext Root Scanning (ms): Min: 0.1, Avg: 0.1, Max: 0.1, Diff: 0.0, Sum: 0.9]
      [Update RS (ms): Min: 0.0, Avg: 0.0, Max: 0.1, Diff: 0.0, Sum: 0.3]
         [Processed Buffers: Min: 1, Avg: 1.6, Max: 2, Diff: 1, Sum: 13]
      [Scan RS (ms): Min: 0.0, Avg: 0.0, Max: 0.0, Diff: 0.0, Sum: 0.0]
      [Code Root Scanning (ms): Min: 0.0, Avg: 0.0, Max: 0.0, Diff: 0.0, Sum: 0.0]
      [Object Copy (ms): Min: 0.0, Avg: 0.0, Max: 0.0, Diff: 0.0, Sum: 0.0]
      [Termination (ms): Min: 0.0, Avg: 0.0, Max: 0.0, Diff: 0.0, Sum: 0.2]
         [Termination Attempts: Min: 1, Avg: 1.1, Max: 2, Diff: 1, Sum: 9]
      [GC Worker Other (ms): Min: 0.0, Avg: 0.0, Max: 0.0, Diff: 0.0, Sum: 0.0]
      [GC Worker Total (ms): Min: 0.2, Avg: 0.2, Max: 0.2, Diff: 0.0, Sum: 1.4]
      [GC Worker End (ms): Min: 1524.5, Avg: 1524.5, Max: 1524.5, Diff: 0.0]
   [Code Root Fixup: 0.0 ms]
   [Code Root Purge: 0.0 ms]
   [Clear CT: 0.1 ms]
   [Other: 0.3 ms]
      [Evacuation Failure: 0.1 ms]
      [Choose CSet: 0.0 ms]
      [Ref Proc: 0.1 ms]
      [Ref Enq: 0.0 ms]
      [Redirty Cards: 0.1 ms]
      [Humongous Register: 0.1 ms]
      [Humongous Reclaim: 0.0 ms]
      [Free CSet: 0.0 ms]
   [Eden: 1024.0K(25600.0K)->0.0B(25600.0K) Survivors: 0.0B->0.0B Heap: 413.2M(512.0M)->413.2M(512.0M)]
 [Times: user=0.00 sys=0.00, real=0.00 secs] 
1.525: [GC concurrent-root-region-scan-start]
1.525: [GC concurrent-root-region-scan-end, 0.0000344 secs]
1.525: [GC concurrent-mark-start]
1.525: [Full GC (Allocation Failure)  413M->356M(512M), 0.0349713 secs]
   [Eden: 0.0B(25600.0K)->0.0B(25600.0K) Survivors: 0.0B->0.0B Heap: 413.2M(512.0M)->356.0M(512.0M)], [Metaspace: 3130K->3130K(1056768K)]
 [Times: user=0.03 sys=0.00, real=0.04 secs] 
1.560: [GC concurrent-mark-abort]
1.561: [GC pause (G1 Humongous Allocation) (young) (initial-mark), 0.0008412 secs]
   [Parallel Time: 0.5 ms, GC Workers: 8]
      [GC Worker Start (ms): Min: 1561.0, Avg: 1561.0, Max: 1561.0, Diff: 0.0]
      [Ext Root Scanning (ms): Min: 0.1, Avg: 0.1, Max: 0.1, Diff: 0.0, Sum: 1.0]
      [Update RS (ms): Min: 0.1, Avg: 0.1, Max: 0.2, Diff: 0.1, Sum: 0.8]
         [Processed Buffers: Min: 1, Avg: 1.0, Max: 1, Diff: 0, Sum: 8]
      [Scan RS (ms): Min: 0.0, Avg: 0.0, Max: 0.0, Diff: 0.0, Sum: 0.0]
      [Code Root Scanning (ms): Min: 0.0, Avg: 0.0, Max: 0.0, Diff: 0.0, Sum: 0.0]
      [Object Copy (ms): Min: 0.1, Avg: 0.1, Max: 0.2, Diff: 0.1, Sum: 0.9]
      [Termination (ms): Min: 0.0, Avg: 0.1, Max: 0.1, Diff: 0.1, Sum: 0.5]
         [Termination Attempts: Min: 1, Avg: 1.1, Max: 2, Diff: 1, Sum: 9]
      [GC Worker Other (ms): Min: 0.0, Avg: 0.0, Max: 0.0, Diff: 0.0, Sum: 0.1]
      [GC Worker Total (ms): Min: 0.4, Avg: 0.4, Max: 0.4, Diff: 0.0, Sum: 3.1]
      [GC Worker End (ms): Min: 1561.4, Avg: 1561.4, Max: 1561.4, Diff: 0.0]
   [Code Root Fixup: 0.0 ms]
   [Code Root Purge: 0.0 ms]
   [Clear CT: 0.1 ms]
   [Other: 0.3 ms]
      [Choose CSet: 0.0 ms]
      [Ref Proc: 0.1 ms]
      [Ref Enq: 0.0 ms]
      [Redirty Cards: 0.1 ms]
      [Humongous Register: 0.1 ms]
      [Humongous Reclaim: 0.0 ms]
      [Free CSet: 0.0 ms]
   [Eden: 4096.0K(25600.0K)->0.0B(23552.0K) Survivors: 0.0B->2048.0K Heap: 360.5M(512.0M)->357.9M(512.0M)]
 [Times: user=0.00 sys=0.00, real=0.00 secs] 
1.562: [GC concurrent-root-region-scan-start]
1.562: [GC concurrent-root-region-scan-end, 0.0000717 secs]
1.562: [GC concurrent-mark-start]
1.563: [GC concurrent-mark-end, 0.0012391 secs]
1.563: [GC remark 1.563: [Finalize Marking, 0.0000958 secs] 1.564: [GC ref-proc, 0.0000923 secs] 1.564: [Unloading, 0.0004149 secs], 0.0015297 secs]
 [Times: user=0.13 sys=0.00, real=0.00 secs] 
1.565: [GC cleanup 369M->369M(512M), 0.0004392 secs]
 [Times: user=0.00 sys=0.00, real=0.00 secs] 
1.568: [GC pause (G1 Evacuation Pause) (young), 0.0022286 secs]
   [Parallel Time: 1.8 ms, GC Workers: 8]
      [GC Worker Start (ms): Min: 1568.7, Avg: 1568.7, Max: 1568.8, Diff: 0.2]
      [Ext Root Scanning (ms): Min: 0.0, Avg: 0.1, Max: 0.2, Diff: 0.2, Sum: 1.0]
      [Update RS (ms): Min: 0.5, Avg: 0.6, Max: 0.6, Diff: 0.1, Sum: 4.6]
         [Processed Buffers: Min: 7, Avg: 7.8, Max: 8, Diff: 1, Sum: 62]
      [Scan RS (ms): Min: 0.0, Avg: 0.0, Max: 0.0, Diff: 0.0, Sum: 0.0]
      [Code Root Scanning (ms): Min: 0.0, Avg: 0.0, Max: 0.0, Diff: 0.0, Sum: 0.0]
      [Object Copy (ms): Min: 0.9, Avg: 0.9, Max: 1.0, Diff: 0.1, Sum: 7.5]
      [Termination (ms): Min: 0.0, Avg: 0.0, Max: 0.1, Diff: 0.1, Sum: 0.3]
         [Termination Attempts: Min: 1, Avg: 1.1, Max: 2, Diff: 1, Sum: 9]
      [GC Worker Other (ms): Min: 0.0, Avg: 0.0, Max: 0.0, Diff: 0.0, Sum: 0.1]
      [GC Worker Total (ms): Min: 1.5, Avg: 1.7, Max: 1.7, Diff: 0.2, Sum: 13.4]
      [GC Worker End (ms): Min: 1570.4, Avg: 1570.4, Max: 1570.4, Diff: 0.0]
   [Code Root Fixup: 0.0 ms]
   [Code Root Purge: 0.0 ms]
   [Clear CT: 0.1 ms]
   [Other: 0.4 ms]
      [Choose CSet: 0.0 ms]
      [Ref Proc: 0.1 ms]
      [Ref Enq: 0.0 ms]
      [Redirty Cards: 0.1 ms]
      [Humongous Register: 0.1 ms]
      [Humongous Reclaim: 0.0 ms]
      [Free CSet: 0.0 ms]
   [Eden: 23552.0K(23552.0K)->0.0B(21504.0K) Survivors: 2048.0K->4096.0K Heap: 387.5M(512.0M)->365.0M(512.0M)]
 [Times: user=0.00 sys=0.00, real=0.00 secs] 
1.571: [GC pause (G1 Humongous Allocation) (young) (initial-mark), 0.0011957 secs]
   [Parallel Time: 0.8 ms, GC Workers: 8]
      [GC Worker Start (ms): Min: 1571.5, Avg: 1571.5, Max: 1571.5, Diff: 0.0]
      [Ext Root Scanning (ms): Min: 0.1, Avg: 0.1, Max: 0.1, Diff: 0.0, Sum: 1.0]
      [Update RS (ms): Min: 0.0, Avg: 0.0, Max: 0.1, Diff: 0.1, Sum: 0.4]
         [Processed Buffers: Min: 1, Avg: 1.1, Max: 2, Diff: 1, Sum: 9]
      [Scan RS (ms): Min: 0.0, Avg: 0.0, Max: 0.0, Diff: 0.0, Sum: 0.0]
      [Code Root Scanning (ms): Min: 0.0, Avg: 0.0, Max: 0.0, Diff: 0.0, Sum: 0.0]
      [Object Copy (ms): Min: 0.5, Avg: 0.5, Max: 0.6, Diff: 0.1, Sum: 4.2]
      [Termination (ms): Min: 0.0, Avg: 0.0, Max: 0.1, Diff: 0.1, Sum: 0.4]
         [Termination Attempts: Min: 1, Avg: 1.0, Max: 1, Diff: 0, Sum: 8]
      [GC Worker Other (ms): Min: 0.0, Avg: 0.0, Max: 0.0, Diff: 0.0, Sum: 0.1]
      [GC Worker Total (ms): Min: 0.7, Avg: 0.8, Max: 0.8, Diff: 0.0, Sum: 6.0]
      [GC Worker End (ms): Min: 1572.3, Avg: 1572.3, Max: 1572.3, Diff: 0.0]
   [Code Root Fixup: 0.0 ms]
   [Code Root Purge: 0.0 ms]
   [Clear CT: 0.1 ms]
   [Other: 0.3 ms]
      [Choose CSet: 0.0 ms]
      [Ref Proc: 0.1 ms]
      [Ref Enq: 0.0 ms]
      [Redirty Cards: 0.1 ms]
      [Humongous Register: 0.1 ms]
      [Humongous Reclaim: 0.0 ms]
      [Free CSet: 0.0 ms]
   [Eden: 3072.0K(21504.0K)->0.0B(23552.0K) Survivors: 4096.0K->2048.0K Heap: 367.5M(512.0M)->366.8M(512.0M)]
 [Times: user=0.00 sys=0.00, real=0.00 secs] 
1.573: [GC concurrent-root-region-scan-start]
1.573: [GC concurrent-root-region-scan-end, 0.0000747 secs]
1.573: [GC concurrent-mark-start]
1.574: [GC concurrent-mark-end, 0.0015007 secs]
1.575: [GC remark 1.575: [Finalize Marking, 0.0001418 secs] 1.575: [GC ref-proc, 0.0000933 secs] 1.575: [Unloading, 0.0004277 secs], 0.0015785 secs]
 [Times: user=0.00 sys=0.00, real=0.00 secs] 
1.576: [GC cleanup 378M->378M(512M), 0.0003818 secs]
 [Times: user=0.00 sys=0.00, real=0.00 secs] 
1.579: [GC pause (G1 Evacuation Pause) (young), 0.0021938 secs]
   [Parallel Time: 1.8 ms, GC Workers: 8]
      [GC Worker Start (ms): Min: 1579.6, Avg: 1579.6, Max: 1579.8, Diff: 0.2]
      [Ext Root Scanning (ms): Min: 0.0, Avg: 0.1, Max: 0.1, Diff: 0.1, Sum: 0.9]
      [Update RS (ms): Min: 0.5, Avg: 0.6, Max: 1.5, Diff: 1.0, Sum: 5.1]
         [Processed Buffers: Min: 0, Avg: 6.3, Max: 8, Diff: 8, Sum: 50]
      [Scan RS (ms): Min: 0.0, Avg: 0.0, Max: 0.0, Diff: 0.0, Sum: 0.0]
      [Code Root Scanning (ms): Min: 0.0, Avg: 0.0, Max: 0.0, Diff: 0.0, Sum: 0.0]
      [Object Copy (ms): Min: 0.0, Avg: 0.9, Max: 1.0, Diff: 1.0, Sum: 6.9]
      [Termination (ms): Min: 0.0, Avg: 0.1, Max: 0.1, Diff: 0.1, Sum: 0.5]
         [Termination Attempts: Min: 1, Avg: 1.0, Max: 1, Diff: 0, Sum: 8]
      [GC Worker Other (ms): Min: 0.0, Avg: 0.0, Max: 0.0, Diff: 0.0, Sum: 0.1]
      [GC Worker Total (ms): Min: 1.6, Avg: 1.7, Max: 1.7, Diff: 0.2, Sum: 13.5]
      [GC Worker End (ms): Min: 1581.3, Avg: 1581.3, Max: 1581.3, Diff: 0.0]
   [Code Root Fixup: 0.0 ms]
   [Code Root Purge: 0.0 ms]
   [Clear CT: 0.1 ms]
   [Other: 0.4 ms]
      [Choose CSet: 0.0 ms]
      [Ref Proc: 0.1 ms]
      [Ref Enq: 0.0 ms]
      [Redirty Cards: 0.1 ms]
      [Humongous Register: 0.1 ms]
      [Humongous Reclaim: 0.0 ms]
      [Free CSet: 0.0 ms]
   [Eden: 23552.0K(23552.0K)->0.0B(21504.0K) Survivors: 2048.0K->4096.0K Heap: 394.9M(512.0M)->374.2M(512.0M)]
 [Times: user=0.11 sys=0.00, real=0.00 secs] 
1.586: [GC pause (G1 Evacuation Pause) (mixed) (to-space exhausted), 0.0022086 secs]
   [Parallel Time: 1.6 ms, GC Workers: 8]
      [GC Worker Start (ms): Min: 1586.1, Avg: 1586.1, Max: 1586.2, Diff: 0.2]
      [Ext Root Scanning (ms): Min: 0.0, Avg: 0.1, Max: 0.2, Diff: 0.2, Sum: 0.9]
      [Update RS (ms): Min: 0.5, Avg: 0.5, Max: 0.5, Diff: 0.0, Sum: 4.1]
         [Processed Buffers: Min: 7, Avg: 7.0, Max: 7, Diff: 0, Sum: 56]
      [Scan RS (ms): Min: 0.0, Avg: 0.0, Max: 0.0, Diff: 0.0, Sum: 0.2]
      [Code Root Scanning (ms): Min: 0.0, Avg: 0.0, Max: 0.0, Diff: 0.0, Sum: 0.0]
      [Object Copy (ms): Min: 0.8, Avg: 0.8, Max: 0.9, Diff: 0.0, Sum: 6.6]
      [Termination (ms): Min: 0.0, Avg: 0.0, Max: 0.1, Diff: 0.1, Sum: 0.3]
         [Termination Attempts: Min: 1, Avg: 1.0, Max: 1, Diff: 0, Sum: 8]
      [GC Worker Other (ms): Min: 0.0, Avg: 0.0, Max: 0.0, Diff: 0.0, Sum: 0.1]
      [GC Worker Total (ms): Min: 1.4, Avg: 1.5, Max: 1.6, Diff: 0.2, Sum: 12.2]
      [GC Worker End (ms): Min: 1587.6, Avg: 1587.6, Max: 1587.6, Diff: 0.0]
   [Code Root Fixup: 0.0 ms]
   [Code Root Purge: 0.0 ms]
   [Clear CT: 0.1 ms]
   [Other: 0.5 ms]
      [Evacuation Failure: 0.1 ms]
      [Choose CSet: 0.0 ms]
      [Ref Proc: 0.1 ms]
      [Ref Enq: 0.0 ms]
      [Redirty Cards: 0.1 ms]
      [Humongous Register: 0.1 ms]
      [Humongous Reclaim: 0.0 ms]
      [Free CSet: 0.0 ms]
   [Eden: 21504.0K(21504.0K)->0.0B(23552.0K) Survivors: 4096.0K->2048.0K Heap: 401.2M(512.0M)->395.6M(512.0M)]
 [Times: user=0.00 sys=0.00, real=0.00 secs] 
1.589: [GC pause (G1 Humongous Allocation) (young) (initial-mark), 0.0009841 secs]
   [Parallel Time: 0.6 ms, GC Workers: 8]
      [GC Worker Start (ms): Min: 1589.1, Avg: 1589.1, Max: 1589.1, Diff: 0.0]
      [Ext Root Scanning (ms): Min: 0.1, Avg: 0.1, Max: 0.1, Diff: 0.0, Sum: 1.0]
      [Update RS (ms): Min: 0.1, Avg: 0.1, Max: 0.2, Diff: 0.1, Sum: 0.6]
         [Processed Buffers: Min: 1, Avg: 2.5, Max: 4, Diff: 3, Sum: 20]
      [Scan RS (ms): Min: 0.0, Avg: 0.0, Max: 0.0, Diff: 0.0, Sum: 0.0]
      [Code Root Scanning (ms): Min: 0.0, Avg: 0.0, Max: 0.0, Diff: 0.0, Sum: 0.0]
      [Object Copy (ms): Min: 0.3, Avg: 0.3, Max: 0.4, Diff: 0.1, Sum: 2.6]
      [Termination (ms): Min: 0.0, Avg: 0.0, Max: 0.1, Diff: 0.1, Sum: 0.2]
         [Termination Attempts: Min: 1, Avg: 1.0, Max: 1, Diff: 0, Sum: 8]
      [GC Worker Other (ms): Min: 0.0, Avg: 0.0, Max: 0.0, Diff: 0.0, Sum: 0.0]
      [GC Worker Total (ms): Min: 0.5, Avg: 0.6, Max: 0.6, Diff: 0.0, Sum: 4.5]
      [GC Worker End (ms): Min: 1589.6, Avg: 1589.6, Max: 1589.6, Diff: 0.0]
   [Code Root Fixup: 0.0 ms]
   [Code Root Purge: 0.0 ms]
   [Clear CT: 0.1 ms]
   [Other: 0.3 ms]
      [Choose CSet: 0.0 ms]
      [Ref Proc: 0.1 ms]
      [Ref Enq: 0.0 ms]
      [Redirty Cards: 0.1 ms]
      [Humongous Register: 0.1 ms]
      [Humongous Reclaim: 0.0 ms]
      [Free CSet: 0.0 ms]
   [Eden: 4096.0K(23552.0K)->0.0B(21504.0K) Survivors: 2048.0K->4096.0K Heap: 399.2M(512.0M)->395.9M(512.0M)]
 [Times: user=0.00 sys=0.00, real=0.00 secs] 
1.590: [GC concurrent-root-region-scan-start]
1.590: [GC concurrent-root-region-scan-end, 0.0000977 secs]
1.590: [GC concurrent-mark-start]
1.592: [GC concurrent-mark-end, 0.0012062 secs]
1.592: [GC remark 1.592: [Finalize Marking, 0.0001054 secs] 1.592: [GC ref-proc, 0.0000993 secs] 1.592: [Unloading, 0.0004249 secs], 0.0015561 secs]
 [Times: user=0.00 sys=0.00, real=0.00 secs] 
1.593: [GC cleanup 405M->405M(512M), 0.0003829 secs]
 [Times: user=0.00 sys=0.00, real=0.00 secs] 
1.595: [GC pause (G1 Evacuation Pause) (young) (to-space exhausted), 0.0008899 secs]
   [Parallel Time: 0.5 ms, GC Workers: 8]
      [GC Worker Start (ms): Min: 1594.9, Avg: 1594.9, Max: 1594.9, Diff: 0.0]
      [Ext Root Scanning (ms): Min: 0.1, Avg: 0.1, Max: 0.1, Diff: 0.0, Sum: 0.9]
      [Update RS (ms): Min: 0.1, Avg: 0.2, Max: 0.2, Diff: 0.0, Sum: 1.4]
         [Processed Buffers: Min: 2, Avg: 3.0, Max: 4, Diff: 2, Sum: 24]
      [Scan RS (ms): Min: 0.0, Avg: 0.0, Max: 0.0, Diff: 0.0, Sum: 0.0]
      [Code Root Scanning (ms): Min: 0.0, Avg: 0.0, Max: 0.0, Diff: 0.0, Sum: 0.0]
      [Object Copy (ms): Min: 0.1, Avg: 0.1, Max: 0.1, Diff: 0.1, Sum: 0.6]
      [Termination (ms): Min: 0.0, Avg: 0.0, Max: 0.0, Diff: 0.0, Sum: 0.1]
         [Termination Attempts: Min: 1, Avg: 1.0, Max: 1, Diff: 0, Sum: 8]
      [GC Worker Other (ms): Min: 0.0, Avg: 0.0, Max: 0.0, Diff: 0.0, Sum: 0.0]
      [GC Worker Total (ms): Min: 0.4, Avg: 0.4, Max: 0.4, Diff: 0.0, Sum: 3.1]
      [GC Worker End (ms): Min: 1595.3, Avg: 1595.3, Max: 1595.3, Diff: 0.0]
   [Code Root Fixup: 0.0 ms]
   [Code Root Purge: 0.0 ms]
   [Clear CT: 0.1 ms]
   [Other: 0.4 ms]
      [Evacuation Failure: 0.1 ms]
      [Choose CSet: 0.0 ms]
      [Ref Proc: 0.1 ms]
      [Ref Enq: 0.0 ms]
      [Redirty Cards: 0.1 ms]
      [Humongous Register: 0.1 ms]
      [Humongous Reclaim: 0.0 ms]
      [Free CSet: 0.0 ms]
   [Eden: 14336.0K(21504.0K)->0.0B(25600.0K) Survivors: 4096.0K->0.0B Heap: 411.5M(512.0M)->408.9M(512.0M)]
 [Times: user=0.00 sys=0.01, real=0.00 secs] 
1.596: [GC pause (G1 Humongous Allocation) (mixed) (to-space exhausted), 0.0008299 secs]
   [Parallel Time: 0.4 ms, GC Workers: 8]
      [GC Worker Start (ms): Min: 1596.4, Avg: 1596.4, Max: 1596.4, Diff: 0.0]
      [Ext Root Scanning (ms): Min: 0.1, Avg: 0.1, Max: 0.1, Diff: 0.0, Sum: 0.9]
      [Update RS (ms): Min: 0.0, Avg: 0.1, Max: 0.1, Diff: 0.1, Sum: 0.7]
         [Processed Buffers: Min: 1, Avg: 3.0, Max: 8, Diff: 7, Sum: 24]
      [Scan RS (ms): Min: 0.0, Avg: 0.0, Max: 0.1, Diff: 0.1, Sum: 0.2]
      [Code Root Scanning (ms): Min: 0.0, Avg: 0.0, Max: 0.0, Diff: 0.0, Sum: 0.0]
      [Object Copy (ms): Min: 0.1, Avg: 0.1, Max: 0.1, Diff: 0.0, Sum: 1.0]
      [Termination (ms): Min: 0.0, Avg: 0.0, Max: 0.0, Diff: 0.0, Sum: 0.1]
         [Termination Attempts: Min: 1, Avg: 1.1, Max: 2, Diff: 1, Sum: 9]
      [GC Worker Other (ms): Min: 0.0, Avg: 0.0, Max: 0.0, Diff: 0.0, Sum: 0.0]
      [GC Worker Total (ms): Min: 0.3, Avg: 0.4, Max: 0.4, Diff: 0.0, Sum: 2.9]
      [GC Worker End (ms): Min: 1596.7, Avg: 1596.8, Max: 1596.8, Diff: 0.0]
   [Code Root Fixup: 0.0 ms]
   [Code Root Purge: 0.0 ms]
   [Clear CT: 0.1 ms]
   [Other: 0.4 ms]
      [Evacuation Failure: 0.1 ms]
      [Choose CSet: 0.0 ms]
      [Ref Proc: 0.1 ms]
      [Ref Enq: 0.0 ms]
      [Redirty Cards: 0.1 ms]
      [Humongous Register: 0.1 ms]
      [Humongous Reclaim: 0.0 ms]
      [Free CSet: 0.0 ms]
   [Eden: 2048.0K(25600.0K)->0.0B(25600.0K) Survivors: 0.0B->0.0B Heap: 410.6M(512.0M)->410.0M(512.0M)]
 [Times: user=0.00 sys=0.00, real=0.00 secs] 
1.597: [GC pause (G1 Evacuation Pause) (mixed) (to-space exhausted), 0.0007883 secs]
   [Parallel Time: 0.4 ms, GC Workers: 8]
      [GC Worker Start (ms): Min: 1597.5, Avg: 1597.6, Max: 1597.6, Diff: 0.0]
      [Ext Root Scanning (ms): Min: 0.1, Avg: 0.1, Max: 0.1, Diff: 0.0, Sum: 0.9]
      [Update RS (ms): Min: 0.0, Avg: 0.1, Max: 0.1, Diff: 0.1, Sum: 0.7]
         [Processed Buffers: Min: 1, Avg: 3.4, Max: 8, Diff: 7, Sum: 27]
      [Scan RS (ms): Min: 0.0, Avg: 0.0, Max: 0.0, Diff: 0.0, Sum: 0.1]
      [Code Root Scanning (ms): Min: 0.0, Avg: 0.0, Max: 0.0, Diff: 0.0, Sum: 0.0]
      [Object Copy (ms): Min: 0.0, Avg: 0.1, Max: 0.1, Diff: 0.1, Sum: 0.5]
      [Termination (ms): Min: 0.0, Avg: 0.0, Max: 0.0, Diff: 0.0, Sum: 0.2]
         [Termination Attempts: Min: 1, Avg: 1.4, Max: 2, Diff: 1, Sum: 11]
      [GC Worker Other (ms): Min: 0.0, Avg: 0.0, Max: 0.0, Diff: 0.0, Sum: 0.0]
      [GC Worker Total (ms): Min: 0.3, Avg: 0.3, Max: 0.3, Diff: 0.0, Sum: 2.5]
      [GC Worker End (ms): Min: 1597.9, Avg: 1597.9, Max: 1597.9, Diff: 0.0]
   [Code Root Fixup: 0.0 ms]
   [Code Root Purge: 0.0 ms]
   [Clear CT: 0.1 ms]
   [Other: 0.4 ms]
      [Evacuation Failure: 0.1 ms]
      [Choose CSet: 0.0 ms]
      [Ref Proc: 0.1 ms]
      [Ref Enq: 0.0 ms]
      [Redirty Cards: 0.1 ms]
      [Humongous Register: 0.0 ms]
      [Humongous Reclaim: 0.0 ms]
      [Free CSet: 0.0 ms]
   [Eden: 0.0B(25600.0K)->0.0B(25600.0K) Survivors: 0.0B->0.0B Heap: 410.6M(512.0M)->410.0M(512.0M)]
 [Times: user=0.00 sys=0.00, real=0.00 secs] 
1.599: [GC pause (G1 Evacuation Pause) (young) (to-space exhausted), 0.0005651 secs]
   [Parallel Time: 0.2 ms, GC Workers: 8]
      [GC Worker Start (ms): Min: 1598.8, Avg: 1598.9, Max: 1598.9, Diff: 0.0]
      [Ext Root Scanning (ms): Min: 0.1, Avg: 0.1, Max: 0.1, Diff: 0.0, Sum: 0.9]
      [Update RS (ms): Min: 0.0, Avg: 0.0, Max: 0.1, Diff: 0.0, Sum: 0.4]
         [Processed Buffers: Min: 1, Avg: 2.5, Max: 6, Diff: 5, Sum: 20]
      [Scan RS (ms): Min: 0.0, Avg: 0.0, Max: 0.0, Diff: 0.0, Sum: 0.0]
      [Code Root Scanning (ms): Min: 0.0, Avg: 0.0, Max: 0.0, Diff: 0.0, Sum: 0.0]
      [Object Copy (ms): Min: 0.0, Avg: 0.0, Max: 0.0, Diff: 0.0, Sum: 0.0]
      [Termination (ms): Min: 0.0, Avg: 0.0, Max: 0.0, Diff: 0.0, Sum: 0.1]
         [Termination Attempts: Min: 1, Avg: 1.0, Max: 1, Diff: 0, Sum: 8]
      [GC Worker Other (ms): Min: 0.0, Avg: 0.0, Max: 0.0, Diff: 0.0, Sum: 0.0]
      [GC Worker Total (ms): Min: 0.2, Avg: 0.2, Max: 0.2, Diff: 0.0, Sum: 1.4]
      [GC Worker End (ms): Min: 1599.0, Avg: 1599.0, Max: 1599.0, Diff: 0.0]
   [Code Root Fixup: 0.0 ms]
   [Code Root Purge: 0.0 ms]
   [Clear CT: 0.1 ms]
   [Other: 0.3 ms]
      [Evacuation Failure: 0.1 ms]
      [Choose CSet: 0.0 ms]
      [Ref Proc: 0.0 ms]
      [Ref Enq: 0.0 ms]
      [Redirty Cards: 0.1 ms]
      [Humongous Register: 0.1 ms]
      [Humongous Reclaim: 0.0 ms]
      [Free CSet: 0.0 ms]
   [Eden: 1024.0K(25600.0K)->0.0B(25600.0K) Survivors: 0.0B->0.0B Heap: 411.0M(512.0M)->411.0M(512.0M)]
 [Times: user=0.00 sys=0.00, real=0.00 secs] 
1.600: [Full GC (Allocation Failure)  410M->354M(512M), 0.0364302 secs]
   [Eden: 0.0B(25600.0K)->0.0B(25600.0K) Survivors: 0.0B->0.0B Heap: 411.0M(512.0M)->354.1M(512.0M)], [Metaspace: 3130K->3130K(1056768K)]
 [Times: user=0.03 sys=0.00, real=0.04 secs] 
1.636: [GC pause (G1 Humongous Allocation) (young) (initial-mark), 0.0009660 secs]
   [Parallel Time: 0.4 ms, GC Workers: 8]
      [GC Worker Start (ms): Min: 1636.5, Avg: 1636.6, Max: 1636.6, Diff: 0.1]
      [Ext Root Scanning (ms): Min: 0.1, Avg: 0.1, Max: 0.2, Diff: 0.1, Sum: 1.0]
      [Update RS (ms): Min: 0.0, Avg: 0.0, Max: 0.2, Diff: 0.2, Sum: 0.3]
         [Processed Buffers: Min: 0, Avg: 0.3, Max: 1, Diff: 1, Sum: 2]
      [Scan RS (ms): Min: 0.0, Avg: 0.0, Max: 0.0, Diff: 0.0, Sum: 0.0]
      [Code Root Scanning (ms): Min: 0.0, Avg: 0.0, Max: 0.0, Diff: 0.0, Sum: 0.0]
      [Object Copy (ms): Min: 0.0, Avg: 0.0, Max: 0.1, Diff: 0.1, Sum: 0.1]
      [Termination (ms): Min: 0.0, Avg: 0.1, Max: 0.2, Diff: 0.2, Sum: 1.0]
         [Termination Attempts: Min: 1, Avg: 2.3, Max: 5, Diff: 4, Sum: 18]
      [GC Worker Other (ms): Min: 0.0, Avg: 0.0, Max: 0.0, Diff: 0.0, Sum: 0.0]
      [GC Worker Total (ms): Min: 0.3, Avg: 0.3, Max: 0.3, Diff: 0.1, Sum: 2.4]
      [GC Worker End (ms): Min: 1636.9, Avg: 1636.9, Max: 1636.9, Diff: 0.0]
   [Code Root Fixup: 0.0 ms]
   [Code Root Purge: 0.0 ms]
   [Clear CT: 0.2 ms]
   [Other: 0.5 ms]
      [Choose CSet: 0.0 ms]
      [Ref Proc: 0.2 ms]
      [Ref Enq: 0.0 ms]
      [Redirty Cards: 0.1 ms]
      [Humongous Register: 0.1 ms]
      [Humongous Reclaim: 0.0 ms]
      [Free CSet: 0.0 ms]
   [Eden: 2048.0K(25600.0K)->0.0B(24576.0K) Survivors: 0.0B->1024.0K Heap: 356.1M(512.0M)->354.0M(512.0M)]
 [Times: user=0.00 sys=0.00, real=0.00 secs] 
1.638: [GC concurrent-root-region-scan-start]
1.638: [GC concurrent-root-region-scan-end, 0.0000941 secs]
1.638: [GC concurrent-mark-start]
1.639: [GC concurrent-mark-end, 0.0012419 secs]
1.639: [GC remark 1.639: [Finalize Marking, 0.0001092 secs] 1.639: [GC ref-proc, 0.0000926 secs] 1.639: [Unloading, 0.0004187 secs], 0.0015359 secs]
 [Times: user=0.00 sys=0.00, real=0.00 secs] 
1.641: [GC cleanup 368M->368M(512M), 0.0005655 secs]
 [Times: user=0.00 sys=0.00, real=0.00 secs] 
1.644: [GC pause (G1 Evacuation Pause) (young), 0.0023361 secs]
   [Parallel Time: 1.9 ms, GC Workers: 8]
      [GC Worker Start (ms): Min: 1644.6, Avg: 1644.7, Max: 1644.7, Diff: 0.1]
      [Ext Root Scanning (ms): Min: 0.1, Avg: 0.1, Max: 0.2, Diff: 0.1, Sum: 1.0]
      [Update RS (ms): Min: 0.6, Avg: 0.7, Max: 0.7, Diff: 0.1, Sum: 5.3]
         [Processed Buffers: Min: 7, Avg: 8.3, Max: 9, Diff: 2, Sum: 66]
      [Scan RS (ms): Min: 0.0, Avg: 0.0, Max: 0.0, Diff: 0.0, Sum: 0.0]
      [Code Root Scanning (ms): Min: 0.0, Avg: 0.0, Max: 0.0, Diff: 0.0, Sum: 0.0]
      [Object Copy (ms): Min: 1.0, Avg: 1.0, Max: 1.1, Diff: 0.1, Sum: 8.1]
      [Termination (ms): Min: 0.0, Avg: 0.0, Max: 0.0, Diff: 0.0, Sum: 0.2]
         [Termination Attempts: Min: 1, Avg: 1.0, Max: 1, Diff: 0, Sum: 8]
      [GC Worker Other (ms): Min: 0.0, Avg: 0.0, Max: 0.0, Diff: 0.0, Sum: 0.1]
      [GC Worker Total (ms): Min: 1.8, Avg: 1.8, Max: 1.9, Diff: 0.1, Sum: 14.7]
      [GC Worker End (ms): Min: 1646.5, Avg: 1646.5, Max: 1646.5, Diff: 0.0]
   [Code Root Fixup: 0.0 ms]
   [Code Root Purge: 0.0 ms]
   [Clear CT: 0.1 ms]
   [Other: 0.4 ms]
      [Choose CSet: 0.0 ms]
      [Ref Proc: 0.1 ms]
      [Ref Enq: 0.0 ms]
      [Redirty Cards: 0.1 ms]
      [Humongous Register: 0.1 ms]
      [Humongous Reclaim: 0.0 ms]
      [Free CSet: 0.0 ms]
   [Eden: 24576.0K(24576.0K)->0.0B(21504.0K) Survivors: 1024.0K->4096.0K Heap: 385.6M(512.0M)->364.3M(512.0M)]
 [Times: user=0.00 sys=0.00, real=0.00 secs] 
1.647: [GC pause (G1 Humongous Allocation) (young) (initial-mark), 0.0010182 secs]
   [Parallel Time: 0.7 ms, GC Workers: 8]
      [GC Worker Start (ms): Min: 1647.4, Avg: 1647.4, Max: 1647.5, Diff: 0.0]
      [Ext Root Scanning (ms): Min: 0.1, Avg: 0.1, Max: 0.1, Diff: 0.0, Sum: 0.9]
      [Update RS (ms): Min: 0.0, Avg: 0.0, Max: 0.1, Diff: 0.0, Sum: 0.3]
         [Processed Buffers: Min: 1, Avg: 1.3, Max: 2, Diff: 1, Sum: 10]
      [Scan RS (ms): Min: 0.0, Avg: 0.0, Max: 0.0, Diff: 0.0, Sum: 0.0]
      [Code Root Scanning (ms): Min: 0.0, Avg: 0.0, Max: 0.0, Diff: 0.0, Sum: 0.0]
      [Object Copy (ms): Min: 0.3, Avg: 0.4, Max: 0.5, Diff: 0.2, Sum: 3.3]
      [Termination (ms): Min: 0.0, Avg: 0.1, Max: 0.2, Diff: 0.2, Sum: 0.5]
         [Termination Attempts: Min: 1, Avg: 1.0, Max: 1, Diff: 0, Sum: 8]
      [GC Worker Other (ms): Min: 0.0, Avg: 0.0, Max: 0.0, Diff: 0.0, Sum: 0.0]
      [GC Worker Total (ms): Min: 0.6, Avg: 0.6, Max: 0.7, Diff: 0.0, Sum: 5.2]
      [GC Worker End (ms): Min: 1648.1, Avg: 1648.1, Max: 1648.1, Diff: 0.0]
   [Code Root Fixup: 0.0 ms]
   [Code Root Purge: 0.0 ms]
   [Clear CT: 0.1 ms]
   [Other: 0.3 ms]
      [Choose CSet: 0.0 ms]
      [Ref Proc: 0.1 ms]
      [Ref Enq: 0.0 ms]
      [Redirty Cards: 0.1 ms]
      [Humongous Register: 0.1 ms]
      [Humongous Reclaim: 0.0 ms]
      [Free CSet: 0.0 ms]
   [Eden: 2048.0K(21504.0K)->0.0B(24576.0K) Survivors: 4096.0K->1024.0K Heap: 365.4M(512.0M)->364.4M(512.0M)]
 [Times: user=0.00 sys=0.00, real=0.00 secs] 
1.649: [GC concurrent-root-region-scan-start]
1.649: [GC concurrent-root-region-scan-end, 0.0000968 secs]
1.649: [GC concurrent-mark-start]
1.650: [GC concurrent-mark-end, 0.0013129 secs]
1.650: [GC remark 1.650: [Finalize Marking, 0.0000789 secs] 1.650: [GC ref-proc, 0.0000949 secs] 1.650: [Unloading, 0.0004617 secs], 0.0015701 secs]
 [Times: user=0.00 sys=0.00, real=0.00 secs] 
1.652: [GC cleanup 377M->377M(512M), 0.0004698 secs]
 [Times: user=0.00 sys=0.00, real=0.00 secs] 
1.655: [GC pause (G1 Evacuation Pause) (young), 0.0024242 secs]
   [Parallel Time: 2.0 ms, GC Workers: 8]
      [GC Worker Start (ms): Min: 1655.1, Avg: 1655.1, Max: 1655.1, Diff: 0.0]
      [Ext Root Scanning (ms): Min: 0.1, Avg: 0.1, Max: 0.1, Diff: 0.0, Sum: 1.0]
      [Update RS (ms): Min: 0.7, Avg: 0.7, Max: 0.7, Diff: 0.1, Sum: 5.6]
         [Processed Buffers: Min: 9, Avg: 9.4, Max: 10, Diff: 1, Sum: 75]
      [Scan RS (ms): Min: 0.0, Avg: 0.0, Max: 0.0, Diff: 0.0, Sum: 0.0]
      [Code Root Scanning (ms): Min: 0.0, Avg: 0.0, Max: 0.0, Diff: 0.0, Sum: 0.0]
      [Object Copy (ms): Min: 1.0, Avg: 1.1, Max: 1.2, Diff: 0.1, Sum: 8.7]
      [Termination (ms): Min: 0.0, Avg: 0.1, Max: 0.1, Diff: 0.1, Sum: 0.5]
         [Termination Attempts: Min: 1, Avg: 1.0, Max: 1, Diff: 0, Sum: 8]
      [GC Worker Other (ms): Min: 0.0, Avg: 0.0, Max: 0.0, Diff: 0.0, Sum: 0.1]
      [GC Worker Total (ms): Min: 2.0, Avg: 2.0, Max: 2.0, Diff: 0.0, Sum: 15.9]
      [GC Worker End (ms): Min: 1657.1, Avg: 1657.1, Max: 1657.1, Diff: 0.0]
   [Code Root Fixup: 0.0 ms]
   [Code Root Purge: 0.0 ms]
   [Clear CT: 0.1 ms]
   [Other: 0.3 ms]
      [Choose CSet: 0.0 ms]
      [Ref Proc: 0.1 ms]
      [Ref Enq: 0.0 ms]
      [Redirty Cards: 0.1 ms]
      [Humongous Register: 0.1 ms]
      [Humongous Reclaim: 0.0 ms]
      [Free CSet: 0.0 ms]
   [Eden: 24576.0K(24576.0K)->0.0B(21504.0K) Survivors: 1024.0K->4096.0K Heap: 396.6M(512.0M)->377.5M(512.0M)]
 [Times: user=0.00 sys=0.00, real=0.00 secs] 
1.662: [GC pause (G1 Evacuation Pause) (mixed) (to-space exhausted), 0.0018943 secs]
   [Parallel Time: 1.4 ms, GC Workers: 8]
      [GC Worker Start (ms): Min: 1662.0, Avg: 1662.0, Max: 1662.1, Diff: 0.0]
      [Ext Root Scanning (ms): Min: 0.1, Avg: 0.1, Max: 0.1, Diff: 0.0, Sum: 1.0]
      [Update RS (ms): Min: 0.5, Avg: 0.5, Max: 0.5, Diff: 0.1, Sum: 3.9]
         [Processed Buffers: Min: 6, Avg: 6.5, Max: 7, Diff: 1, Sum: 52]
      [Scan RS (ms): Min: 0.0, Avg: 0.0, Max: 0.1, Diff: 0.1, Sum: 0.1]
      [Code Root Scanning (ms): Min: 0.0, Avg: 0.0, Max: 0.0, Diff: 0.0, Sum: 0.0]
      [Object Copy (ms): Min: 0.7, Avg: 0.7, Max: 0.7, Diff: 0.0, Sum: 5.5]
      [Termination (ms): Min: 0.0, Avg: 0.0, Max: 0.0, Diff: 0.0, Sum: 0.0]
         [Termination Attempts: Min: 1, Avg: 1.8, Max: 3, Diff: 2, Sum: 14]
      [GC Worker Other (ms): Min: 0.0, Avg: 0.0, Max: 0.0, Diff: 0.0, Sum: 0.1]
      [GC Worker Total (ms): Min: 1.3, Avg: 1.3, Max: 1.3, Diff: 0.1, Sum: 10.5]
      [GC Worker End (ms): Min: 1663.4, Avg: 1663.4, Max: 1663.4, Diff: 0.0]
   [Code Root Fixup: 0.0 ms]
   [Code Root Purge: 0.0 ms]
   [Clear CT: 0.1 ms]
   [Other: 0.5 ms]
      [Evacuation Failure: 0.1 ms]
      [Choose CSet: 0.0 ms]
      [Ref Proc: 0.1 ms]
      [Ref Enq: 0.0 ms]
      [Redirty Cards: 0.1 ms]
      [Humongous Register: 0.1 ms]
      [Humongous Reclaim: 0.0 ms]
      [Free CSet: 0.0 ms]
   [Eden: 21504.0K(21504.0K)->0.0B(23552.0K) Survivors: 4096.0K->2048.0K Heap: 403.8M(512.0M)->398.8M(512.0M)]
 [Times: user=0.00 sys=0.00, real=0.00 secs] 
1.665: [GC pause (G1 Humongous Allocation) (young) (initial-mark), 0.0008617 secs]
   [Parallel Time: 0.5 ms, GC Workers: 8]
      [GC Worker Start (ms): Min: 1664.9, Avg: 1664.9, Max: 1664.9, Diff: 0.0]
      [Ext Root Scanning (ms): Min: 0.1, Avg: 0.1, Max: 0.1, Diff: 0.0, Sum: 0.9]
      [Update RS (ms): Min: 0.0, Avg: 0.1, Max: 0.1, Diff: 0.1, Sum: 0.5]
         [Processed Buffers: Min: 1, Avg: 2.9, Max: 5, Diff: 4, Sum: 23]
      [Scan RS (ms): Min: 0.0, Avg: 0.0, Max: 0.0, Diff: 0.0, Sum: 0.0]
      [Code Root Scanning (ms): Min: 0.0, Avg: 0.0, Max: 0.0, Diff: 0.0, Sum: 0.0]
      [Object Copy (ms): Min: 0.1, Avg: 0.2, Max: 0.3, Diff: 0.2, Sum: 1.7]
      [Termination (ms): Min: 0.0, Avg: 0.0, Max: 0.2, Diff: 0.1, Sum: 0.4]
         [Termination Attempts: Min: 1, Avg: 1.0, Max: 1, Diff: 0, Sum: 8]
      [GC Worker Other (ms): Min: 0.0, Avg: 0.0, Max: 0.0, Diff: 0.0, Sum: 0.0]
      [GC Worker Total (ms): Min: 0.4, Avg: 0.4, Max: 0.5, Diff: 0.0, Sum: 3.5]
      [GC Worker End (ms): Min: 1665.3, Avg: 1665.3, Max: 1665.4, Diff: 0.0]
   [Code Root Fixup: 0.0 ms]
   [Code Root Purge: 0.0 ms]
   [Clear CT: 0.1 ms]
   [Other: 0.3 ms]
      [Choose CSet: 0.0 ms]
      [Ref Proc: 0.1 ms]
      [Ref Enq: 0.0 ms]
      [Redirty Cards: 0.1 ms]
      [Humongous Register: 0.1 ms]
      [Humongous Reclaim: 0.0 ms]
      [Free CSet: 0.0 ms]
   [Eden: 4096.0K(23552.0K)->0.0B(22528.0K) Survivors: 2048.0K->3072.0K Heap: 402.8M(512.0M)->397.8M(512.0M)]
 [Times: user=0.00 sys=0.00, real=0.00 secs] 
1.666: [GC concurrent-root-region-scan-start]
1.666: [GC concurrent-root-region-scan-end, 0.0000910 secs]
1.666: [GC concurrent-mark-start]
1.667: [GC concurrent-mark-end, 0.0012577 secs]
1.667: [GC remark 1.667: [Finalize Marking, 0.0000739 secs] 1.667: [GC ref-proc, 0.0000932 secs] 1.668: [Unloading, 0.0004553 secs], 0.0015341 secs]
 [Times: user=0.00 sys=0.00, real=0.00 secs] 
1.669: [GC cleanup 406M->406M(512M), 0.0004607 secs]
 [Times: user=0.00 sys=0.00, real=0.00 secs] 
1.670: [GC pause (G1 Evacuation Pause) (young) (to-space exhausted), 0.0008966 secs]
   [Parallel Time: 0.5 ms, GC Workers: 8]
      [GC Worker Start (ms): Min: 1670.5, Avg: 1670.5, Max: 1670.5, Diff: 0.0]
      [Ext Root Scanning (ms): Min: 0.1, Avg: 0.1, Max: 0.1, Diff: 0.0, Sum: 1.0]
      [Update RS (ms): Min: 0.2, Avg: 0.2, Max: 0.3, Diff: 0.1, Sum: 1.9]
         [Processed Buffers: Min: 3, Avg: 3.4, Max: 4, Diff: 1, Sum: 27]
      [Scan RS (ms): Min: 0.0, Avg: 0.0, Max: 0.0, Diff: 0.0, Sum: 0.0]
      [Code Root Scanning (ms): Min: 0.0, Avg: 0.0, Max: 0.0, Diff: 0.0, Sum: 0.0]
      [Object Copy (ms): Min: 0.0, Avg: 0.0, Max: 0.1, Diff: 0.1, Sum: 0.3]
      [Termination (ms): Min: 0.0, Avg: 0.0, Max: 0.0, Diff: 0.0, Sum: 0.1]
         [Termination Attempts: Min: 1, Avg: 1.0, Max: 1, Diff: 0, Sum: 8]
      [GC Worker Other (ms): Min: 0.0, Avg: 0.0, Max: 0.0, Diff: 0.0, Sum: 0.0]
      [GC Worker Total (ms): Min: 0.4, Avg: 0.4, Max: 0.4, Diff: 0.0, Sum: 3.4]
      [GC Worker End (ms): Min: 1670.9, Avg: 1670.9, Max: 1670.9, Diff: 0.0]
   [Code Root Fixup: 0.0 ms]
   [Code Root Purge: 0.0 ms]
   [Clear CT: 0.1 ms]
   [Other: 0.4 ms]
      [Evacuation Failure: 0.1 ms]
      [Choose CSet: 0.0 ms]
      [Ref Proc: 0.1 ms]
      [Ref Enq: 0.0 ms]
      [Redirty Cards: 0.1 ms]
      [Humongous Register: 0.1 ms]
      [Humongous Reclaim: 0.0 ms]
      [Free CSet: 0.0 ms]
   [Eden: 10240.0K(22528.0K)->0.0B(25600.0K) Survivors: 3072.0K->0.0B Heap: 410.2M(512.0M)->405.8M(512.0M)]
 [Times: user=0.00 sys=0.00, real=0.00 secs] 
1.672: [GC pause (G1 Evacuation Pause) (mixed) (to-space exhausted), 0.0009203 secs]
   [Parallel Time: 0.5 ms, GC Workers: 8]
      [GC Worker Start (ms): Min: 1672.5, Avg: 1672.6, Max: 1672.6, Diff: 0.0]
      [Ext Root Scanning (ms): Min: 0.1, Avg: 0.1, Max: 0.1, Diff: 0.0, Sum: 0.9]
      [Update RS (ms): Min: 0.1, Avg: 0.1, Max: 0.2, Diff: 0.1, Sum: 1.2]
         [Processed Buffers: Min: 1, Avg: 2.9, Max: 4, Diff: 3, Sum: 23]
      [Scan RS (ms): Min: 0.0, Avg: 0.0, Max: 0.0, Diff: 0.0, Sum: 0.2]
      [Code Root Scanning (ms): Min: 0.0, Avg: 0.0, Max: 0.0, Diff: 0.0, Sum: 0.0]
      [Object Copy (ms): Min: 0.1, Avg: 0.1, Max: 0.2, Diff: 0.0, Sum: 1.1]
      [Termination (ms): Min: 0.0, Avg: 0.0, Max: 0.0, Diff: 0.0, Sum: 0.1]
         [Termination Attempts: Min: 1, Avg: 1.1, Max: 2, Diff: 1, Sum: 9]
      [GC Worker Other (ms): Min: 0.0, Avg: 0.0, Max: 0.0, Diff: 0.0, Sum: 0.0]
      [GC Worker Total (ms): Min: 0.4, Avg: 0.4, Max: 0.5, Diff: 0.0, Sum: 3.5]
      [GC Worker End (ms): Min: 1673.0, Avg: 1673.0, Max: 1673.0, Diff: 0.0]
   [Code Root Fixup: 0.0 ms]
   [Code Root Purge: 0.0 ms]
   [Clear CT: 0.1 ms]
   [Other: 0.4 ms]
      [Evacuation Failure: 0.1 ms]
      [Choose CSet: 0.0 ms]
      [Ref Proc: 0.1 ms]
      [Ref Enq: 0.0 ms]
      [Redirty Cards: 0.1 ms]
      [Humongous Register: 0.1 ms]
      [Humongous Reclaim: 0.0 ms]
      [Free CSet: 0.0 ms]
   [Eden: 4096.0K(25600.0K)->0.0B(25600.0K) Survivors: 0.0B->0.0B Heap: 411.1M(512.0M)->409.1M(512.0M)]
 [Times: user=0.00 sys=0.00, real=0.00 secs] 
1.674: [GC pause (G1 Humongous Allocation) (mixed) (to-space exhausted), 0.0008455 secs]
   [Parallel Time: 0.5 ms, GC Workers: 8]
      [GC Worker Start (ms): Min: 1674.0, Avg: 1674.0, Max: 1674.0, Diff: 0.0]
      [Ext Root Scanning (ms): Min: 0.1, Avg: 0.1, Max: 0.1, Diff: 0.0, Sum: 0.9]
      [Update RS (ms): Min: 0.1, Avg: 0.1, Max: 0.1, Diff: 0.1, Sum: 0.7]
         [Processed Buffers: Min: 1, Avg: 3.6, Max: 6, Diff: 5, Sum: 29]
      [Scan RS (ms): Min: 0.0, Avg: 0.0, Max: 0.0, Diff: 0.0, Sum: 0.1]
      [Code Root Scanning (ms): Min: 0.0, Avg: 0.0, Max: 0.0, Diff: 0.0, Sum: 0.0]
      [Object Copy (ms): Min: 0.1, Avg: 0.2, Max: 0.2, Diff: 0.1, Sum: 1.3]
      [Termination (ms): Min: 0.0, Avg: 0.0, Max: 0.0, Diff: 0.0, Sum: 0.1]
         [Termination Attempts: Min: 1, Avg: 1.0, Max: 1, Diff: 0, Sum: 8]
      [GC Worker Other (ms): Min: 0.0, Avg: 0.0, Max: 0.0, Diff: 0.0, Sum: 0.0]
      [GC Worker Total (ms): Min: 0.4, Avg: 0.4, Max: 0.4, Diff: 0.0, Sum: 3.2]
      [GC Worker End (ms): Min: 1674.4, Avg: 1674.4, Max: 1674.4, Diff: 0.0]
   [Code Root Fixup: 0.0 ms]
   [Code Root Purge: 0.0 ms]
   [Clear CT: 0.1 ms]
   [Other: 0.3 ms]
      [Evacuation Failure: 0.1 ms]
      [Choose CSet: 0.0 ms]
      [Ref Proc: 0.1 ms]
      [Ref Enq: 0.0 ms]
      [Redirty Cards: 0.1 ms]
      [Humongous Register: 0.1 ms]
      [Humongous Reclaim: 0.0 ms]
      [Free CSet: 0.0 ms]
   [Eden: 2048.0K(25600.0K)->0.0B(25600.0K) Survivors: 0.0B->0.0B Heap: 411.6M(512.0M)->411.6M(512.0M)]
 [Times: user=0.00 sys=0.00, real=0.00 secs] 
1.675: [Full GC (Allocation Failure)  411M->352M(512M), 0.0345441 secs]
   [Eden: 0.0B(25600.0K)->0.0B(25600.0K) Survivors: 0.0B->0.0B Heap: 411.6M(512.0M)->352.7M(512.0M)], [Metaspace: 3130K->3130K(1056768K)]
 [Times: user=0.03 sys=0.00, real=0.04 secs] 
1.710: [GC pause (G1 Humongous Allocation) (young) (initial-mark), 0.0011265 secs]
   [Parallel Time: 0.5 ms, GC Workers: 8]
      [GC Worker Start (ms): Min: 1710.3, Avg: 1710.3, Max: 1710.4, Diff: 0.1]
      [Ext Root Scanning (ms): Min: 0.0, Avg: 0.1, Max: 0.2, Diff: 0.2, Sum: 1.0]
      [Update RS (ms): Min: 0.1, Avg: 0.1, Max: 0.2, Diff: 0.1, Sum: 0.7]
         [Processed Buffers: Min: 1, Avg: 1.0, Max: 1, Diff: 0, Sum: 8]
      [Scan RS (ms): Min: 0.0, Avg: 0.0, Max: 0.0, Diff: 0.0, Sum: 0.0]
      [Code Root Scanning (ms): Min: 0.0, Avg: 0.0, Max: 0.0, Diff: 0.0, Sum: 0.0]
      [Object Copy (ms): Min: 0.0, Avg: 0.0, Max: 0.0, Diff: 0.0, Sum: 0.1]
      [Termination (ms): Min: 0.0, Avg: 0.1, Max: 0.1, Diff: 0.1, Sum: 0.9]
         [Termination Attempts: Min: 1, Avg: 1.0, Max: 1, Diff: 0, Sum: 8]
      [GC Worker Other (ms): Min: 0.0, Avg: 0.0, Max: 0.0, Diff: 0.0, Sum: 0.0]
      [GC Worker Total (ms): Min: 0.2, Avg: 0.3, Max: 0.4, Diff: 0.1, Sum: 2.7]
      [GC Worker End (ms): Min: 1710.6, Avg: 1710.6, Max: 1710.6, Diff: 0.0]
   [Code Root Fixup: 0.0 ms]
   [Code Root Purge: 0.0 ms]
   [Clear CT: 0.1 ms]
   [Other: 0.5 ms]
      [Choose CSet: 0.0 ms]
      [Ref Proc: 0.2 ms]
      [Ref Enq: 0.0 ms]
      [Redirty Cards: 0.1 ms]
      [Humongous Register: 0.1 ms]
      [Humongous Reclaim: 0.0 ms]
      [Free CSet: 0.0 ms]
   [Eden: 2048.0K(25600.0K)->0.0B(24576.0K) Survivors: 0.0B->1024.0K Heap: 354.6M(512.0M)->352.9M(512.0M)]
 [Times: user=0.00 sys=0.00, real=0.00 secs] 
1.712: [GC concurrent-root-region-scan-start]
1.712: [GC concurrent-root-region-scan-end, 0.0001032 secs]
1.712: [GC concurrent-mark-start]
1.713: [GC concurrent-mark-end, 0.0012113 secs]
1.713: [GC remark 1.713: [Finalize Marking, 0.0000781 secs] 1.713: [GC ref-proc, 0.0000892 secs] 1.713: [Unloading, 0.0004174 secs], 0.0014721 secs]
 [Times: user=0.00 sys=0.00, real=0.00 secs] 
1.715: [GC cleanup 363M->363M(512M), 0.0004118 secs]
 [Times: user=0.00 sys=0.00, real=0.00 secs] 
1.717: [GC pause (G1 Evacuation Pause) (young), 0.0020656 secs]
   [Parallel Time: 1.7 ms, GC Workers: 8]
      [GC Worker Start (ms): Min: 1717.5, Avg: 1717.5, Max: 1717.5, Diff: 0.1]
      [Ext Root Scanning (ms): Min: 0.1, Avg: 0.1, Max: 0.1, Diff: 0.1, Sum: 1.0]
      [Update RS (ms): Min: 0.4, Avg: 0.4, Max: 0.5, Diff: 0.0, Sum: 3.6]
         [Processed Buffers: Min: 5, Avg: 6.1, Max: 7, Diff: 2, Sum: 49]
      [Scan RS (ms): Min: 0.0, Avg: 0.0, Max: 0.0, Diff: 0.0, Sum: 0.0]
      [Code Root Scanning (ms): Min: 0.0, Avg: 0.0, Max: 0.0, Diff: 0.0, Sum: 0.0]
      [Object Copy (ms): Min: 1.0, Avg: 1.0, Max: 1.0, Diff: 0.1, Sum: 8.1]
      [Termination (ms): Min: 0.0, Avg: 0.0, Max: 0.1, Diff: 0.1, Sum: 0.3]
         [Termination Attempts: Min: 1, Avg: 1.0, Max: 1, Diff: 0, Sum: 8]
      [GC Worker Other (ms): Min: 0.0, Avg: 0.0, Max: 0.0, Diff: 0.0, Sum: 0.1]
      [GC Worker Total (ms): Min: 1.6, Avg: 1.6, Max: 1.6, Diff: 0.1, Sum: 13.0]
      [GC Worker End (ms): Min: 1719.1, Avg: 1719.1, Max: 1719.1, Diff: 0.0]
   [Code Root Fixup: 0.0 ms]
   [Code Root Purge: 0.0 ms]
   [Clear CT: 0.1 ms]
   [Other: 0.3 ms]
      [Choose CSet: 0.0 ms]
      [Ref Proc: 0.1 ms]
      [Ref Enq: 0.0 ms]
      [Redirty Cards: 0.1 ms]
      [Humongous Register: 0.1 ms]
      [Humongous Reclaim: 0.0 ms]
      [Free CSet: 0.0 ms]
   [Eden: 24576.0K(24576.0K)->0.0B(21504.0K) Survivors: 1024.0K->4096.0K Heap: 382.3M(512.0M)->363.1M(512.0M)]
 [Times: user=0.00 sys=0.00, real=0.00 secs] 
1.721: [GC pause (G1 Humongous Allocation) (young) (initial-mark), 0.0015289 secs]
   [Parallel Time: 1.1 ms, GC Workers: 8]
      [GC Worker Start (ms): Min: 1721.3, Avg: 1721.3, Max: 1721.4, Diff: 0.0]
      [Ext Root Scanning (ms): Min: 0.1, Avg: 0.1, Max: 0.1, Diff: 0.0, Sum: 1.0]
      [Update RS (ms): Min: 0.0, Avg: 0.1, Max: 0.1, Diff: 0.1, Sum: 0.4]
         [Processed Buffers: Min: 1, Avg: 1.4, Max: 3, Diff: 2, Sum: 11]
      [Scan RS (ms): Min: 0.0, Avg: 0.0, Max: 0.0, Diff: 0.0, Sum: 0.0]
      [Code Root Scanning (ms): Min: 0.0, Avg: 0.0, Max: 0.0, Diff: 0.0, Sum: 0.0]
      [Object Copy (ms): Min: 0.8, Avg: 0.8, Max: 0.9, Diff: 0.1, Sum: 6.7]
      [Termination (ms): Min: 0.0, Avg: 0.1, Max: 0.1, Diff: 0.1, Sum: 0.4]
         [Termination Attempts: Min: 1, Avg: 1.0, Max: 1, Diff: 0, Sum: 8]
      [GC Worker Other (ms): Min: 0.0, Avg: 0.0, Max: 0.0, Diff: 0.0, Sum: 0.1]
      [GC Worker Total (ms): Min: 1.1, Avg: 1.1, Max: 1.1, Diff: 0.0, Sum: 8.6]
      [GC Worker End (ms): Min: 1722.4, Avg: 1722.4, Max: 1722.4, Diff: 0.0]
   [Code Root Fixup: 0.0 ms]
   [Code Root Purge: 0.0 ms]
   [Clear CT: 0.1 ms]
   [Other: 0.3 ms]
      [Choose CSet: 0.0 ms]
      [Ref Proc: 0.1 ms]
      [Ref Enq: 0.0 ms]
      [Redirty Cards: 0.1 ms]
      [Humongous Register: 0.1 ms]
      [Humongous Reclaim: 0.0 ms]
      [Free CSet: 0.0 ms]
   [Eden: 13312.0K(21504.0K)->0.0B(21504.0K) Survivors: 4096.0K->4096.0K Heap: 375.7M(512.0M)->366.8M(512.0M)]
 [Times: user=0.13 sys=0.00, real=0.00 secs] 
1.723: [GC concurrent-root-region-scan-start]
1.723: [GC concurrent-root-region-scan-end, 0.0000952 secs]
1.723: [GC concurrent-mark-start]
1.725: [GC concurrent-mark-end, 0.0014377 secs]
1.725: [GC remark 1.725: [Finalize Marking, 0.0001472 secs] 1.725: [GC ref-proc, 0.0000905 secs] 1.725: [Unloading, 0.0004532 secs], 0.0016403 secs]
 [Times: user=0.00 sys=0.00, real=0.00 secs] 
1.726: [GC cleanup 377M->377M(512M), 0.0003603 secs]
 [Times: user=0.00 sys=0.00, real=0.00 secs] 
1.730: [GC pause (G1 Evacuation Pause) (young), 0.0023375 secs]
   [Parallel Time: 1.9 ms, GC Workers: 8]
      [GC Worker Start (ms): Min: 1729.8, Avg: 1729.8, Max: 1729.8, Diff: 0.0]
      [Ext Root Scanning (ms): Min: 0.1, Avg: 0.1, Max: 0.1, Diff: 0.0, Sum: 0.9]
      [Update RS (ms): Min: 0.4, Avg: 0.5, Max: 0.5, Diff: 0.1, Sum: 3.7]
         [Processed Buffers: Min: 6, Avg: 6.4, Max: 8, Diff: 2, Sum: 51]
      [Scan RS (ms): Min: 0.0, Avg: 0.0, Max: 0.0, Diff: 0.0, Sum: 0.0]
      [Code Root Scanning (ms): Min: 0.0, Avg: 0.0, Max: 0.0, Diff: 0.0, Sum: 0.0]
      [Object Copy (ms): Min: 1.2, Avg: 1.2, Max: 1.3, Diff: 0.1, Sum: 10.0]
      [Termination (ms): Min: 0.0, Avg: 0.0, Max: 0.1, Diff: 0.1, Sum: 0.3]
         [Termination Attempts: Min: 1, Avg: 1.0, Max: 1, Diff: 0, Sum: 8]
      [GC Worker Other (ms): Min: 0.0, Avg: 0.0, Max: 0.0, Diff: 0.0, Sum: 0.1]
      [GC Worker Total (ms): Min: 1.9, Avg: 1.9, Max: 1.9, Diff: 0.0, Sum: 15.0]
      [GC Worker End (ms): Min: 1731.7, Avg: 1731.7, Max: 1731.7, Diff: 0.0]
   [Code Root Fixup: 0.0 ms]
   [Code Root Purge: 0.0 ms]
   [Clear CT: 0.1 ms]
   [Other: 0.3 ms]
      [Choose CSet: 0.0 ms]
      [Ref Proc: 0.1 ms]
      [Ref Enq: 0.0 ms]
      [Redirty Cards: 0.1 ms]
      [Humongous Register: 0.1 ms]
      [Humongous Reclaim: 0.0 ms]
      [Free CSet: 0.0 ms]
   [Eden: 21504.0K(21504.0K)->0.0B(21504.0K) Survivors: 4096.0K->4096.0K Heap: 393.0M(512.0M)->371.3M(512.0M)]
 [Times: user=0.00 sys=0.00, real=0.00 secs] 
1.736: [GC pause (G1 Evacuation Pause) (mixed), 0.0026320 secs]
   [Parallel Time: 2.2 ms, GC Workers: 8]
      [GC Worker Start (ms): Min: 1736.4, Avg: 1736.4, Max: 1736.6, Diff: 0.2]
      [Ext Root Scanning (ms): Min: 0.0, Avg: 0.1, Max: 0.1, Diff: 0.1, Sum: 0.9]
      [Update RS (ms): Min: 0.3, Avg: 0.4, Max: 0.4, Diff: 0.1, Sum: 3.2]
         [Processed Buffers: Min: 5, Avg: 5.8, Max: 6, Diff: 1, Sum: 46]
      [Scan RS (ms): Min: 0.0, Avg: 0.0, Max: 0.0, Diff: 0.0, Sum: 0.1]
      [Code Root Scanning (ms): Min: 0.0, Avg: 0.0, Max: 0.0, Diff: 0.0, Sum: 0.0]
      [Object Copy (ms): Min: 1.5, Avg: 1.5, Max: 1.6, Diff: 0.1, Sum: 12.3]
      [Termination (ms): Min: 0.0, Avg: 0.0, Max: 0.1, Diff: 0.1, Sum: 0.3]
         [Termination Attempts: Min: 1, Avg: 1.0, Max: 1, Diff: 0, Sum: 8]
      [GC Worker Other (ms): Min: 0.0, Avg: 0.0, Max: 0.0, Diff: 0.0, Sum: 0.1]
      [GC Worker Total (ms): Min: 1.9, Avg: 2.1, Max: 2.2, Diff: 0.2, Sum: 16.9]
      [GC Worker End (ms): Min: 1738.5, Avg: 1738.5, Max: 1738.6, Diff: 0.0]
   [Code Root Fixup: 0.0 ms]
   [Code Root Purge: 0.0 ms]
   [Clear CT: 0.1 ms]
   [Other: 0.4 ms]
      [Choose CSet: 0.0 ms]
      [Ref Proc: 0.1 ms]
      [Ref Enq: 0.0 ms]
      [Redirty Cards: 0.1 ms]
      [Humongous Register: 0.1 ms]
      [Humongous Reclaim: 0.0 ms]
      [Free CSet: 0.0 ms]
   [Eden: 21504.0K(21504.0K)->0.0B(21504.0K) Survivors: 4096.0K->4096.0K Heap: 396.8M(512.0M)->373.6M(512.0M)]
 [Times: user=0.06 sys=0.02, real=0.00 secs] 
1.739: [GC pause (G1 Humongous Allocation) (young) (initial-mark), 0.0010176 secs]
   [Parallel Time: 0.6 ms, GC Workers: 8]
      [GC Worker Start (ms): Min: 1739.5, Avg: 1739.5, Max: 1739.5, Diff: 0.1]
      [Ext Root Scanning (ms): Min: 0.1, Avg: 0.1, Max: 0.2, Diff: 0.1, Sum: 1.0]
      [Update RS (ms): Min: 0.0, Avg: 0.1, Max: 0.2, Diff: 0.2, Sum: 0.5]
         [Processed Buffers: Min: 1, Avg: 1.1, Max: 2, Diff: 1, Sum: 9]
      [Scan RS (ms): Min: 0.0, Avg: 0.0, Max: 0.0, Diff: 0.0, Sum: 0.0]
      [Code Root Scanning (ms): Min: 0.0, Avg: 0.0, Max: 0.0, Diff: 0.0, Sum: 0.0]
      [Object Copy (ms): Min: 0.2, Avg: 0.3, Max: 0.4, Diff: 0.2, Sum: 2.8]
      [Termination (ms): Min: 0.0, Avg: 0.0, Max: 0.1, Diff: 0.1, Sum: 0.4]
         [Termination Attempts: Min: 1, Avg: 1.0, Max: 1, Diff: 0, Sum: 8]
      [GC Worker Other (ms): Min: 0.0, Avg: 0.0, Max: 0.0, Diff: 0.0, Sum: 0.0]
      [GC Worker Total (ms): Min: 0.5, Avg: 0.6, Max: 0.6, Diff: 0.1, Sum: 4.7]
      [GC Worker End (ms): Min: 1740.1, Avg: 1740.1, Max: 1740.1, Diff: 0.0]
   [Code Root Fixup: 0.0 ms]
   [Code Root Purge: 0.0 ms]
   [Clear CT: 0.1 ms]
   [Other: 0.3 ms]
      [Choose CSet: 0.0 ms]
      [Ref Proc: 0.1 ms]
      [Ref Enq: 0.0 ms]
      [Redirty Cards: 0.1 ms]
      [Humongous Register: 0.1 ms]
      [Humongous Reclaim: 0.0 ms]
      [Free CSet: 0.0 ms]
   [Eden: 1024.0K(21504.0K)->0.0B(24576.0K) Survivors: 4096.0K->1024.0K Heap: 374.3M(512.0M)->374.0M(512.0M)]
 [Times: user=0.00 sys=0.00, real=0.00 secs] 
1.741: [GC concurrent-root-region-scan-start]
1.741: [GC concurrent-root-region-scan-end, 0.0000492 secs]
1.741: [GC concurrent-mark-start]
1.742: [GC concurrent-mark-end, 0.0012724 secs]
1.742: [GC remark 1.742: [Finalize Marking, 0.0000868 secs] 1.742: [GC ref-proc, 0.0000877 secs] 1.742: [Unloading, 0.0003669 secs], 0.0014425 secs]
 [Times: user=0.00 sys=0.00, real=0.00 secs] 
1.744: [GC cleanup 388M->388M(512M), 0.0003466 secs]
 [Times: user=0.00 sys=0.00, real=0.00 secs] 
1.746: [GC pause (G1 Evacuation Pause) (young) (to-space exhausted), 0.0020149 secs]
   [Parallel Time: 1.5 ms, GC Workers: 8]
      [GC Worker Start (ms): Min: 1746.6, Avg: 1746.6, Max: 1746.6, Diff: 0.0]
      [Ext Root Scanning (ms): Min: 0.1, Avg: 0.1, Max: 0.1, Diff: 0.0, Sum: 0.9]
      [Update RS (ms): Min: 0.7, Avg: 0.7, Max: 0.8, Diff: 0.1, Sum: 5.7]
         [Processed Buffers: Min: 9, Avg: 9.9, Max: 11, Diff: 2, Sum: 79]
      [Scan RS (ms): Min: 0.0, Avg: 0.0, Max: 0.0, Diff: 0.0, Sum: 0.0]
      [Code Root Scanning (ms): Min: 0.0, Avg: 0.0, Max: 0.0, Diff: 0.0, Sum: 0.0]
      [Object Copy (ms): Min: 0.6, Avg: 0.6, Max: 0.6, Diff: 0.1, Sum: 4.8]
      [Termination (ms): Min: 0.0, Avg: 0.0, Max: 0.0, Diff: 0.0, Sum: 0.3]
         [Termination Attempts: Min: 1, Avg: 1.0, Max: 1, Diff: 0, Sum: 8]
      [GC Worker Other (ms): Min: 0.0, Avg: 0.0, Max: 0.0, Diff: 0.0, Sum: 0.1]
      [GC Worker Total (ms): Min: 1.5, Avg: 1.5, Max: 1.5, Diff: 0.0, Sum: 11.8]
      [GC Worker End (ms): Min: 1748.1, Avg: 1748.1, Max: 1748.1, Diff: 0.0]
   [Code Root Fixup: 0.0 ms]
   [Code Root Purge: 0.0 ms]
   [Clear CT: 0.1 ms]
   [Other: 0.4 ms]
      [Evacuation Failure: 0.1 ms]
      [Choose CSet: 0.0 ms]
      [Ref Proc: 0.1 ms]
      [Ref Enq: 0.0 ms]
      [Redirty Cards: 0.1 ms]
      [Humongous Register: 0.1 ms]
      [Humongous Reclaim: 0.0 ms]
      [Free CSet: 0.0 ms]
   [Eden: 24576.0K(24576.0K)->0.0B(21504.0K) Survivors: 1024.0K->4096.0K Heap: 406.7M(512.0M)->396.5M(512.0M)]
 [Times: user=0.00 sys=0.00, real=0.00 secs] 
1.751: [GC pause (G1 Evacuation Pause) (mixed) (to-space exhausted), 0.0011674 secs]
   [Parallel Time: 0.7 ms, GC Workers: 8]
      [GC Worker Start (ms): Min: 1751.2, Avg: 1751.2, Max: 1751.2, Diff: 0.0]
      [Ext Root Scanning (ms): Min: 0.1, Avg: 0.1, Max: 0.1, Diff: 0.0, Sum: 0.9]
      [Update RS (ms): Min: 0.3, Avg: 0.3, Max: 0.3, Diff: 0.0, Sum: 2.3]
         [Processed Buffers: Min: 4, Avg: 5.3, Max: 7, Diff: 3, Sum: 42]
      [Scan RS (ms): Min: 0.0, Avg: 0.0, Max: 0.0, Diff: 0.0, Sum: 0.1]
      [Code Root Scanning (ms): Min: 0.0, Avg: 0.0, Max: 0.0, Diff: 0.0, Sum: 0.0]
      [Object Copy (ms): Min: 0.2, Avg: 0.2, Max: 0.2, Diff: 0.0, Sum: 1.5]
      [Termination (ms): Min: 0.0, Avg: 0.0, Max: 0.0, Diff: 0.0, Sum: 0.1]
         [Termination Attempts: Min: 1, Avg: 1.0, Max: 1, Diff: 0, Sum: 8]
      [GC Worker Other (ms): Min: 0.0, Avg: 0.0, Max: 0.0, Diff: 0.0, Sum: 0.1]
      [GC Worker Total (ms): Min: 0.6, Avg: 0.6, Max: 0.7, Diff: 0.0, Sum: 5.0]
      [GC Worker End (ms): Min: 1751.8, Avg: 1751.8, Max: 1751.8, Diff: 0.0]
   [Code Root Fixup: 0.0 ms]
   [Code Root Purge: 0.0 ms]
   [Clear CT: 0.1 ms]
   [Other: 0.4 ms]
      [Evacuation Failure: 0.1 ms]
      [Choose CSet: 0.0 ms]
      [Ref Proc: 0.1 ms]
      [Ref Enq: 0.0 ms]
      [Redirty Cards: 0.1 ms]
      [Humongous Register: 0.1 ms]
      [Humongous Reclaim: 0.0 ms]
      [Free CSet: 0.0 ms]
   [Eden: 15360.0K(21504.0K)->0.0B(25600.0K) Survivors: 4096.0K->0.0B Heap: 414.5M(512.0M)->408.6M(512.0M)]
 [Times: user=0.00 sys=0.02, real=0.00 secs] 
1.753: [GC pause (G1 Humongous Allocation) (young) (initial-mark), 0.0005911 secs]
   [Parallel Time: 0.3 ms, GC Workers: 8]
      [GC Worker Start (ms): Min: 1752.7, Avg: 1752.8, Max: 1752.8, Diff: 0.0]
      [Ext Root Scanning (ms): Min: 0.1, Avg: 0.1, Max: 0.1, Diff: 0.0, Sum: 0.9]
      [Update RS (ms): Min: 0.0, Avg: 0.1, Max: 0.1, Diff: 0.0, Sum: 0.4]
         [Processed Buffers: Min: 1, Avg: 3.0, Max: 6, Diff: 5, Sum: 24]
      [Scan RS (ms): Min: 0.0, Avg: 0.0, Max: 0.0, Diff: 0.0, Sum: 0.0]
      [Code Root Scanning (ms): Min: 0.0, Avg: 0.0, Max: 0.0, Diff: 0.0, Sum: 0.0]
      [Object Copy (ms): Min: 0.0, Avg: 0.0, Max: 0.0, Diff: 0.0, Sum: 0.1]
      [Termination (ms): Min: 0.0, Avg: 0.0, Max: 0.0, Diff: 0.0, Sum: 0.2]
         [Termination Attempts: Min: 1, Avg: 1.1, Max: 2, Diff: 1, Sum: 9]
      [GC Worker Other (ms): Min: 0.0, Avg: 0.0, Max: 0.0, Diff: 0.0, Sum: 0.0]
      [GC Worker Total (ms): Min: 0.2, Avg: 0.2, Max: 0.2, Diff: 0.0, Sum: 1.6]
      [GC Worker End (ms): Min: 1753.0, Avg: 1753.0, Max: 1753.0, Diff: 0.0]
   [Code Root Fixup: 0.0 ms]
   [Code Root Purge: 0.0 ms]
   [Clear CT: 0.1 ms]
   [Other: 0.3 ms]
      [Choose CSet: 0.0 ms]
      [Ref Proc: 0.1 ms]
      [Ref Enq: 0.0 ms]
      [Redirty Cards: 0.1 ms]
      [Humongous Register: 0.1 ms]
      [Humongous Reclaim: 0.0 ms]
      [Free CSet: 0.0 ms]
   [Eden: 1024.0K(25600.0K)->0.0B(24576.0K) Survivors: 0.0B->1024.0K Heap: 409.2M(512.0M)->408.8M(512.0M)]
 [Times: user=0.00 sys=0.00, real=0.00 secs] 
1.753: [GC concurrent-root-region-scan-start]
1.754: [GC concurrent-root-region-scan-end, 0.0000740 secs]
1.754: [GC concurrent-mark-start]
1.755: [GC pause (G1 Evacuation Pause) (young) (to-space exhausted), 0.0008498 secs]
   [Parallel Time: 0.4 ms, GC Workers: 8]
      [GC Worker Start (ms): Min: 1755.0, Avg: 1755.0, Max: 1755.0, Diff: 0.0]
      [Ext Root Scanning (ms): Min: 0.1, Avg: 0.1, Max: 0.1, Diff: 0.0, Sum: 0.9]
      [Update RS (ms): Min: 0.1, Avg: 0.1, Max: 0.2, Diff: 0.1, Sum: 1.1]
         [Processed Buffers: Min: 1, Avg: 1.9, Max: 2, Diff: 1, Sum: 15]
      [Scan RS (ms): Min: 0.0, Avg: 0.0, Max: 0.0, Diff: 0.0, Sum: 0.0]
      [Code Root Scanning (ms): Min: 0.0, Avg: 0.0, Max: 0.0, Diff: 0.0, Sum: 0.0]
      [Object Copy (ms): Min: 0.0, Avg: 0.0, Max: 0.0, Diff: 0.0, Sum: 0.0]
      [Termination (ms): Min: 0.0, Avg: 0.1, Max: 0.1, Diff: 0.1, Sum: 0.6]
         [Termination Attempts: Min: 1, Avg: 1.6, Max: 3, Diff: 2, Sum: 13]
      [GC Worker Other (ms): Min: 0.0, Avg: 0.0, Max: 0.0, Diff: 0.0, Sum: 0.0]
      [GC Worker Total (ms): Min: 0.3, Avg: 0.3, Max: 0.4, Diff: 0.0, Sum: 2.7]
      [GC Worker End (ms): Min: 1755.3, Avg: 1755.3, Max: 1755.4, Diff: 0.0]
   [Code Root Fixup: 0.0 ms]
   [Code Root Purge: 0.0 ms]
   [Clear CT: 0.1 ms]
   [Other: 0.4 ms]
      [Evacuation Failure: 0.1 ms]
      [Choose CSet: 0.0 ms]
      [Ref Proc: 0.1 ms]
      [Ref Enq: 0.0 ms]
      [Redirty Cards: 0.1 ms]
      [Humongous Register: 0.1 ms]
      [Humongous Reclaim: 0.0 ms]
      [Free CSet: 0.0 ms]
   [Eden: 6144.0K(24576.0K)->0.0B(25600.0K) Survivors: 1024.0K->0.0B Heap: 416.1M(512.0M)->413.3M(512.0M)]
 [Times: user=0.00 sys=0.00, real=0.00 secs] 
1.756: [GC concurrent-mark-end, 0.0023995 secs]
1.756: [GC remark 1.756: [Finalize Marking, 0.0000937 secs] 1.756: [GC ref-proc, 0.0000885 secs] 1.756: [Unloading, 0.0004110 secs], 0.0014671 secs]
 [Times: user=0.00 sys=0.00, real=0.00 secs] 
1.758: [GC cleanup 414M->414M(512M), 0.0003638 secs]
 [Times: user=0.00 sys=0.00, real=0.00 secs] 
1.759: [GC pause (G1 Humongous Allocation) (young) (to-space exhausted), 0.0007038 secs]
   [Parallel Time: 0.3 ms, GC Workers: 8]
      [GC Worker Start (ms): Min: 1758.7, Avg: 1758.7, Max: 1758.7, Diff: 0.0]
      [Ext Root Scanning (ms): Min: 0.1, Avg: 0.1, Max: 0.1, Diff: 0.0, Sum: 0.9]
      [Update RS (ms): Min: 0.0, Avg: 0.1, Max: 0.1, Diff: 0.1, Sum: 0.7]
         [Processed Buffers: Min: 1, Avg: 2.1, Max: 3, Diff: 2, Sum: 17]
      [Scan RS (ms): Min: 0.0, Avg: 0.0, Max: 0.0, Diff: 0.0, Sum: 0.0]
      [Code Root Scanning (ms): Min: 0.0, Avg: 0.0, Max: 0.0, Diff: 0.0, Sum: 0.0]
      [Object Copy (ms): Min: 0.0, Avg: 0.0, Max: 0.0, Diff: 0.0, Sum: 0.0]
      [Termination (ms): Min: 0.0, Avg: 0.0, Max: 0.1, Diff: 0.1, Sum: 0.2]
         [Termination Attempts: Min: 1, Avg: 1.3, Max: 2, Diff: 1, Sum: 10]
      [GC Worker Other (ms): Min: 0.0, Avg: 0.0, Max: 0.0, Diff: 0.0, Sum: 0.0]
      [GC Worker Total (ms): Min: 0.2, Avg: 0.2, Max: 0.2, Diff: 0.0, Sum: 1.8]
      [GC Worker End (ms): Min: 1758.9, Avg: 1758.9, Max: 1758.9, Diff: 0.0]
   [Code Root Fixup: 0.0 ms]
   [Code Root Purge: 0.0 ms]
   [Clear CT: 0.1 ms]
   [Other: 0.3 ms]
      [Evacuation Failure: 0.1 ms]
      [Choose CSet: 0.0 ms]
      [Ref Proc: 0.1 ms]
      [Ref Enq: 0.0 ms]
      [Redirty Cards: 0.1 ms]
      [Humongous Register: 0.1 ms]
      [Humongous Reclaim: 0.0 ms]
      [Free CSet: 0.0 ms]
   [Eden: 3072.0K(25600.0K)->0.0B(25600.0K) Survivors: 0.0B->0.0B Heap: 416.0M(512.0M)->415.8M(512.0M)]
 [Times: user=0.00 sys=0.00, real=0.00 secs] 
1.760: [GC pause (G1 Evacuation Pause) (mixed) (to-space exhausted), 0.0007692 secs]
   [Parallel Time: 0.4 ms, GC Workers: 8]
      [GC Worker Start (ms): Min: 1759.7, Avg: 1759.7, Max: 1759.7, Diff: 0.0]
      [Ext Root Scanning (ms): Min: 0.1, Avg: 0.1, Max: 0.1, Diff: 0.0, Sum: 0.8]
      [Update RS (ms): Min: 0.0, Avg: 0.1, Max: 0.1, Diff: 0.1, Sum: 0.6]
         [Processed Buffers: Min: 1, Avg: 2.0, Max: 3, Diff: 2, Sum: 16]
      [Scan RS (ms): Min: 0.0, Avg: 0.0, Max: 0.0, Diff: 0.0, Sum: 0.1]
      [Code Root Scanning (ms): Min: 0.0, Avg: 0.0, Max: 0.0, Diff: 0.0, Sum: 0.0]
      [Object Copy (ms): Min: 0.1, Avg: 0.1, Max: 0.1, Diff: 0.0, Sum: 0.8]
      [Termination (ms): Min: 0.0, Avg: 0.0, Max: 0.0, Diff: 0.0, Sum: 0.1]
         [Termination Attempts: Min: 1, Avg: 1.0, Max: 1, Diff: 0, Sum: 8]
      [GC Worker Other (ms): Min: 0.0, Avg: 0.0, Max: 0.0, Diff: 0.0, Sum: 0.0]
      [GC Worker Total (ms): Min: 0.3, Avg: 0.3, Max: 0.3, Diff: 0.0, Sum: 2.5]
      [GC Worker End (ms): Min: 1760.0, Avg: 1760.0, Max: 1760.0, Diff: 0.0]
   [Code Root Fixup: 0.0 ms]
   [Code Root Purge: 0.0 ms]
   [Clear CT: 0.1 ms]
   [Other: 0.3 ms]
      [Evacuation Failure: 0.1 ms]
      [Choose CSet: 0.0 ms]
      [Ref Proc: 0.0 ms]
      [Ref Enq: 0.0 ms]
      [Redirty Cards: 0.1 ms]
      [Humongous Register: 0.1 ms]
      [Humongous Reclaim: 0.0 ms]
      [Free CSet: 0.0 ms]
   [Eden: 0.0B(25600.0K)->0.0B(25600.0K) Survivors: 0.0B->0.0B Heap: 416.3M(512.0M)->416.3M(512.0M)]
 [Times: user=0.00 sys=0.00, real=0.00 secs] 
1.761: [GC pause (G1 Evacuation Pause) (mixed) (to-space exhausted), 0.0007947 secs]
   [Parallel Time: 0.4 ms, GC Workers: 8]
      [GC Worker Start (ms): Min: 1760.8, Avg: 1760.8, Max: 1760.8, Diff: 0.0]
      [Ext Root Scanning (ms): Min: 0.1, Avg: 0.1, Max: 0.1, Diff: 0.0, Sum: 0.8]
      [Update RS (ms): Min: 0.0, Avg: 0.0, Max: 0.1, Diff: 0.0, Sum: 0.4]
         [Processed Buffers: Min: 1, Avg: 2.8, Max: 8, Diff: 7, Sum: 22]
      [Scan RS (ms): Min: 0.0, Avg: 0.0, Max: 0.0, Diff: 0.0, Sum: 0.1]
      [Code Root Scanning (ms): Min: 0.0, Avg: 0.0, Max: 0.0, Diff: 0.0, Sum: 0.0]
      [Object Copy (ms): Min: 0.1, Avg: 0.1, Max: 0.1, Diff: 0.0, Sum: 1.2]
      [Termination (ms): Min: 0.0, Avg: 0.0, Max: 0.0, Diff: 0.0, Sum: 0.1]
         [Termination Attempts: Min: 1, Avg: 1.5, Max: 3, Diff: 2, Sum: 12]
      [GC Worker Other (ms): Min: 0.0, Avg: 0.0, Max: 0.0, Diff: 0.0, Sum: 0.1]
      [GC Worker Total (ms): Min: 0.3, Avg: 0.3, Max: 0.3, Diff: 0.0, Sum: 2.6]
      [GC Worker End (ms): Min: 1761.1, Avg: 1761.1, Max: 1761.1, Diff: 0.0]
   [Code Root Fixup: 0.0 ms]
   [Code Root Purge: 0.0 ms]
   [Clear CT: 0.1 ms]
   [Other: 0.3 ms]
      [Evacuation Failure: 0.1 ms]
      [Choose CSet: 0.0 ms]
      [Ref Proc: 0.1 ms]
      [Ref Enq: 0.0 ms]
      [Redirty Cards: 0.1 ms]
      [Humongous Register: 0.0 ms]
      [Humongous Reclaim: 0.0 ms]
      [Free CSet: 0.0 ms]
   [Eden: 0.0B(25600.0K)->0.0B(25600.0K) Survivors: 0.0B->0.0B Heap: 416.3M(512.0M)->416.3M(512.0M)]
 [Times: user=0.00 sys=0.00, real=0.00 secs] 
1.762: [Full GC (Allocation Failure)  416M->353M(512M), 0.0355487 secs]
   [Eden: 0.0B(25600.0K)->0.0B(25600.0K) Survivors: 0.0B->0.0B Heap: 416.3M(512.0M)->353.8M(512.0M)], [Metaspace: 3130K->3130K(1056768K)]
 [Times: user=0.03 sys=0.00, real=0.04 secs] 
1.798: [GC pause (G1 Humongous Allocation) (young) (initial-mark), 0.0015174 secs]
   [Parallel Time: 0.5 ms, GC Workers: 8]
      [GC Worker Start (ms): Min: 1798.1, Avg: 1798.2, Max: 1798.2, Diff: 0.1]
      [Ext Root Scanning (ms): Min: 0.1, Avg: 0.1, Max: 0.2, Diff: 0.1, Sum: 0.8]
      [Update RS (ms): Min: 0.0, Avg: 0.0, Max: 0.2, Diff: 0.2, Sum: 0.3]
         [Processed Buffers: Min: 0, Avg: 0.3, Max: 1, Diff: 1, Sum: 2]
      [Scan RS (ms): Min: 0.0, Avg: 0.0, Max: 0.0, Diff: 0.0, Sum: 0.0]
      [Code Root Scanning (ms): Min: 0.0, Avg: 0.0, Max: 0.0, Diff: 0.0, Sum: 0.0]
      [Object Copy (ms): Min: 0.0, Avg: 0.0, Max: 0.1, Diff: 0.1, Sum: 0.2]
      [Termination (ms): Min: 0.0, Avg: 0.1, Max: 0.2, Diff: 0.2, Sum: 0.9]
         [Termination Attempts: Min: 1, Avg: 3.4, Max: 6, Diff: 5, Sum: 27]
      [GC Worker Other (ms): Min: 0.0, Avg: 0.0, Max: 0.0, Diff: 0.0, Sum: 0.0]
      [GC Worker Total (ms): Min: 0.3, Avg: 0.3, Max: 0.4, Diff: 0.1, Sum: 2.3]
      [GC Worker End (ms): Min: 1798.4, Avg: 1798.4, Max: 1798.4, Diff: 0.0]
   [Code Root Fixup: 0.0 ms]
   [Code Root Purge: 0.0 ms]
   [Clear CT: 0.2 ms]
   [Other: 0.8 ms]
      [Choose CSet: 0.0 ms]
      [Ref Proc: 0.4 ms]
      [Ref Enq: 0.0 ms]
      [Redirty Cards: 0.2 ms]
      [Humongous Register: 0.1 ms]
      [Humongous Reclaim: 0.0 ms]
      [Free CSet: 0.0 ms]
   [Eden: 3072.0K(25600.0K)->0.0B(23552.0K) Survivors: 0.0B->2048.0K Heap: 356.8M(512.0M)->354.5M(512.0M)]
 [Times: user=0.02 sys=0.00, real=0.00 secs] 
1.800: [GC concurrent-root-region-scan-start]
1.800: [GC concurrent-root-region-scan-end, 0.0000925 secs]
1.800: [GC concurrent-mark-start]
1.801: [GC concurrent-mark-end, 0.0011704 secs]
1.801: [GC remark 1.801: [Finalize Marking, 0.0002317 secs] 1.801: [GC ref-proc, 0.0000891 secs] 1.802: [Unloading, 0.0004623 secs], 0.0016988 secs]
 [Times: user=0.00 sys=0.00, real=0.00 secs] 
1.803: [GC cleanup 364M->364M(512M), 0.0004535 secs]
 [Times: user=0.00 sys=0.00, real=0.00 secs] 
1.807: [GC pause (G1 Evacuation Pause) (young), 0.0027242 secs]
   [Parallel Time: 2.1 ms, GC Workers: 8]
      [GC Worker Start (ms): Min: 1806.8, Avg: 1806.8, Max: 1806.9, Diff: 0.0]
      [Ext Root Scanning (ms): Min: 0.1, Avg: 0.1, Max: 0.1, Diff: 0.0, Sum: 0.9]
      [Update RS (ms): Min: 0.7, Avg: 0.7, Max: 0.8, Diff: 0.1, Sum: 5.8]
         [Processed Buffers: Min: 9, Avg: 9.9, Max: 11, Diff: 2, Sum: 79]
      [Scan RS (ms): Min: 0.0, Avg: 0.0, Max: 0.0, Diff: 0.0, Sum: 0.0]
      [Code Root Scanning (ms): Min: 0.0, Avg: 0.0, Max: 0.0, Diff: 0.0, Sum: 0.0]
      [Object Copy (ms): Min: 0.9, Avg: 1.0, Max: 1.1, Diff: 0.2, Sum: 8.2]
      [Termination (ms): Min: 0.0, Avg: 0.0, Max: 0.1, Diff: 0.1, Sum: 0.4]
         [Termination Attempts: Min: 1, Avg: 1.0, Max: 1, Diff: 0, Sum: 8]
      [GC Worker Other (ms): Min: 0.0, Avg: 0.0, Max: 0.0, Diff: 0.0, Sum: 0.1]
      [GC Worker Total (ms): Min: 1.9, Avg: 1.9, Max: 1.9, Diff: 0.0, Sum: 15.4]
      [GC Worker End (ms): Min: 1808.7, Avg: 1808.7, Max: 1808.7, Diff: 0.0]
   [Code Root Fixup: 0.0 ms]
   [Code Root Purge: 0.0 ms]
   [Clear CT: 0.2 ms]
   [Other: 0.4 ms]
      [Choose CSet: 0.0 ms]
      [Ref Proc: 0.1 ms]
      [Ref Enq: 0.0 ms]
      [Redirty Cards: 0.1 ms]
      [Humongous Register: 0.1 ms]
      [Humongous Reclaim: 0.0 ms]
      [Free CSet: 0.0 ms]
   [Eden: 23552.0K(23552.0K)->0.0B(21504.0K) Survivors: 2048.0K->4096.0K Heap: 386.5M(512.0M)->361.0M(512.0M)]
 [Times: user=0.00 sys=0.00, real=0.00 secs] 
1.810: [GC pause (G1 Humongous Allocation) (young) (initial-mark), 0.0010252 secs]
   [Parallel Time: 0.7 ms, GC Workers: 8]
      [GC Worker Start (ms): Min: 1810.3, Avg: 1810.3, Max: 1810.3, Diff: 0.0]
      [Ext Root Scanning (ms): Min: 0.1, Avg: 0.1, Max: 0.1, Diff: 0.0, Sum: 0.9]
      [Update RS (ms): Min: 0.0, Avg: 0.0, Max: 0.1, Diff: 0.1, Sum: 0.3]
         [Processed Buffers: Min: 1, Avg: 1.3, Max: 3, Diff: 2, Sum: 10]
      [Scan RS (ms): Min: 0.0, Avg: 0.0, Max: 0.0, Diff: 0.0, Sum: 0.0]
      [Code Root Scanning (ms): Min: 0.0, Avg: 0.0, Max: 0.0, Diff: 0.0, Sum: 0.0]
      [Object Copy (ms): Min: 0.3, Avg: 0.4, Max: 0.4, Diff: 0.1, Sum: 3.2]
      [Termination (ms): Min: 0.0, Avg: 0.0, Max: 0.1, Diff: 0.1, Sum: 0.3]
         [Termination Attempts: Min: 1, Avg: 1.0, Max: 1, Diff: 0, Sum: 8]
      [GC Worker Other (ms): Min: 0.0, Avg: 0.0, Max: 0.0, Diff: 0.0, Sum: 0.1]
      [GC Worker Total (ms): Min: 0.6, Avg: 0.6, Max: 0.6, Diff: 0.0, Sum: 4.7]
      [GC Worker End (ms): Min: 1810.9, Avg: 1810.9, Max: 1810.9, Diff: 0.0]
   [Code Root Fixup: 0.0 ms]
   [Code Root Purge: 0.0 ms]
   [Clear CT: 0.1 ms]
   [Other: 0.3 ms]
      [Choose CSet: 0.0 ms]
      [Ref Proc: 0.1 ms]
      [Ref Enq: 0.0 ms]
      [Redirty Cards: 0.1 ms]
      [Humongous Register: 0.1 ms]
      [Humongous Reclaim: 0.0 ms]
      [Free CSet: 0.0 ms]
   [Eden: 3072.0K(21504.0K)->0.0B(24576.0K) Survivors: 4096.0K->1024.0K Heap: 363.8M(512.0M)->361.0M(512.0M)]
 [Times: user=0.00 sys=0.00, real=0.00 secs] 
1.811: [GC concurrent-root-region-scan-start]
1.812: [GC concurrent-root-region-scan-end, 0.0001026 secs]
1.812: [GC concurrent-mark-start]
1.813: [GC concurrent-mark-end, 0.0012093 secs]
1.813: [GC remark 1.813: [Finalize Marking, 0.0000989 secs] 1.813: [GC ref-proc, 0.0000898 secs] 1.813: [Unloading, 0.0004131 secs], 0.0015022 secs]
 [Times: user=0.00 sys=0.00, real=0.00 secs] 
1.814: [GC cleanup 372M->372M(512M), 0.0003836 secs]
 [Times: user=0.00 sys=0.00, real=0.00 secs] 
1.818: [GC pause (G1 Evacuation Pause) (young), 0.0021492 secs]
   [Parallel Time: 1.6 ms, GC Workers: 8]
      [GC Worker Start (ms): Min: 1818.7, Avg: 1818.7, Max: 1818.7, Diff: 0.0]
      [Ext Root Scanning (ms): Min: 0.1, Avg: 0.1, Max: 0.1, Diff: 0.0, Sum: 0.9]
      [Update RS (ms): Min: 0.7, Avg: 0.7, Max: 0.7, Diff: 0.0, Sum: 5.7]
         [Processed Buffers: Min: 9, Avg: 9.9, Max: 11, Diff: 2, Sum: 79]
      [Scan RS (ms): Min: 0.0, Avg: 0.0, Max: 0.0, Diff: 0.0, Sum: 0.0]
      [Code Root Scanning (ms): Min: 0.0, Avg: 0.0, Max: 0.0, Diff: 0.0, Sum: 0.0]
      [Object Copy (ms): Min: 0.6, Avg: 0.6, Max: 0.7, Diff: 0.1, Sum: 5.1]
      [Termination (ms): Min: 0.0, Avg: 0.0, Max: 0.1, Diff: 0.1, Sum: 0.4]
         [Termination Attempts: Min: 1, Avg: 1.0, Max: 1, Diff: 0, Sum: 8]
      [GC Worker Other (ms): Min: 0.0, Avg: 0.0, Max: 0.0, Diff: 0.0, Sum: 0.1]
      [GC Worker Total (ms): Min: 1.5, Avg: 1.5, Max: 1.6, Diff: 0.0, Sum: 12.3]
      [GC Worker End (ms): Min: 1820.2, Avg: 1820.2, Max: 1820.2, Diff: 0.0]
   [Code Root Fixup: 0.0 ms]
   [Code Root Purge: 0.0 ms]
   [Clear CT: 0.1 ms]
   [Other: 0.5 ms]
      [Choose CSet: 0.0 ms]
      [Ref Proc: 0.1 ms]
      [Ref Enq: 0.0 ms]
      [Redirty Cards: 0.1 ms]
      [Humongous Register: 0.2 ms]
      [Humongous Reclaim: 0.0 ms]
      [Free CSet: 0.0 ms]
   [Eden: 24576.0K(24576.0K)->0.0B(21504.0K) Survivors: 1024.0K->4096.0K Heap: 393.7M(512.0M)->366.4M(512.0M)]
 [Times: user=0.00 sys=0.00, real=0.00 secs] 
1.825: [GC pause (G1 Evacuation Pause) (mixed), 0.0031136 secs]
   [Parallel Time: 2.5 ms, GC Workers: 8]
      [GC Worker Start (ms): Min: 1824.8, Avg: 1824.8, Max: 1824.8, Diff: 0.1]
      [Ext Root Scanning (ms): Min: 0.1, Avg: 0.1, Max: 0.1, Diff: 0.1, Sum: 1.0]
      [Update RS (ms): Min: 0.4, Avg: 0.4, Max: 0.4, Diff: 0.0, Sum: 3.1]
         [Processed Buffers: Min: 5, Avg: 5.5, Max: 7, Diff: 2, Sum: 44]
      [Scan RS (ms): Min: 0.0, Avg: 0.0, Max: 0.0, Diff: 0.0, Sum: 0.0]
      [Code Root Scanning (ms): Min: 0.0, Avg: 0.0, Max: 0.0, Diff: 0.0, Sum: 0.0]
      [Object Copy (ms): Min: 1.8, Avg: 1.8, Max: 1.9, Diff: 0.1, Sum: 14.5]
      [Termination (ms): Min: 0.0, Avg: 0.1, Max: 0.1, Diff: 0.1, Sum: 0.6]
         [Termination Attempts: Min: 1, Avg: 1.1, Max: 2, Diff: 1, Sum: 9]
      [GC Worker Other (ms): Min: 0.0, Avg: 0.0, Max: 0.0, Diff: 0.0, Sum: 0.1]
      [GC Worker Total (ms): Min: 2.4, Avg: 2.4, Max: 2.4, Diff: 0.1, Sum: 19.3]
      [GC Worker End (ms): Min: 1827.2, Avg: 1827.2, Max: 1827.2, Diff: 0.0]
   [Code Root Fixup: 0.0 ms]
   [Code Root Purge: 0.0 ms]
   [Clear CT: 0.1 ms]
   [Other: 0.5 ms]
      [Choose CSet: 0.0 ms]
      [Ref Proc: 0.2 ms]
      [Ref Enq: 0.0 ms]
      [Redirty Cards: 0.1 ms]
      [Humongous Register: 0.1 ms]
      [Humongous Reclaim: 0.0 ms]
      [Free CSet: 0.0 ms]
   [Eden: 21504.0K(21504.0K)->0.0B(21504.0K) Survivors: 4096.0K->4096.0K Heap: 391.8M(512.0M)->372.9M(512.0M)]
 [Times: user=0.00 sys=0.00, real=0.00 secs] 
1.828: [GC pause (G1 Humongous Allocation) (young) (initial-mark), 0.0015846 secs]
   [Parallel Time: 0.8 ms, GC Workers: 8]
      [GC Worker Start (ms): Min: 1828.4, Avg: 1828.4, Max: 1828.5, Diff: 0.2]
      [Ext Root Scanning (ms): Min: 0.0, Avg: 0.2, Max: 0.5, Diff: 0.5, Sum: 1.4]
      [Update RS (ms): Min: 0.0, Avg: 0.0, Max: 0.1, Diff: 0.1, Sum: 0.3]
         [Processed Buffers: Min: 0, Avg: 1.1, Max: 2, Diff: 2, Sum: 9]
      [Scan RS (ms): Min: 0.0, Avg: 0.0, Max: 0.0, Diff: 0.0, Sum: 0.0]
      [Code Root Scanning (ms): Min: 0.0, Avg: 0.0, Max: 0.0, Diff: 0.0, Sum: 0.0]
      [Object Copy (ms): Min: 0.0, Avg: 0.4, Max: 0.5, Diff: 0.5, Sum: 3.1]
      [Termination (ms): Min: 0.0, Avg: 0.1, Max: 0.2, Diff: 0.2, Sum: 0.5]
         [Termination Attempts: Min: 1, Avg: 1.0, Max: 1, Diff: 0, Sum: 8]
      [GC Worker Other (ms): Min: 0.0, Avg: 0.0, Max: 0.0, Diff: 0.0, Sum: 0.0]
      [GC Worker Total (ms): Min: 0.6, Avg: 0.7, Max: 0.7, Diff: 0.2, Sum: 5.4]
      [GC Worker End (ms): Min: 1829.1, Avg: 1829.1, Max: 1829.1, Diff: 0.0]
   [Code Root Fixup: 0.0 ms]
   [Code Root Purge: 0.0 ms]
   [Clear CT: 0.3 ms]
   [Other: 0.4 ms]
      [Choose CSet: 0.0 ms]
      [Ref Proc: 0.1 ms]
      [Ref Enq: 0.0 ms]
      [Redirty Cards: 0.1 ms]
      [Humongous Register: 0.1 ms]
      [Humongous Reclaim: 0.0 ms]
      [Free CSet: 0.0 ms]
   [Eden: 1024.0K(21504.0K)->0.0B(24576.0K) Survivors: 4096.0K->1024.0K Heap: 373.8M(512.0M)->373.3M(512.0M)]
 [Times: user=0.00 sys=0.00, real=0.00 secs] 
1.830: [GC concurrent-root-region-scan-start]
1.830: [GC concurrent-root-region-scan-end, 0.0001120 secs]
1.830: [GC concurrent-mark-start]
1.832: [GC concurrent-mark-end, 0.0012961 secs]
1.832: [GC remark 1.832: [Finalize Marking, 0.0000969 secs] 1.832: [GC ref-proc, 0.0000927 secs] 1.832: [Unloading, 0.0004134 secs], 0.0014698 secs]
 [Times: user=0.00 sys=0.00, real=0.00 secs] 
1.833: [GC cleanup 383M->383M(512M), 0.0004029 secs]
 [Times: user=0.00 sys=0.00, real=0.00 secs] 
1.837: [GC pause (G1 Evacuation Pause) (young), 0.0019781 secs]
   [Parallel Time: 1.6 ms, GC Workers: 8]
      [GC Worker Start (ms): Min: 1837.1, Avg: 1837.1, Max: 1837.1, Diff: 0.0]
      [Ext Root Scanning (ms): Min: 0.1, Avg: 0.1, Max: 0.1, Diff: 0.0, Sum: 1.0]
      [Update RS (ms): Min: 0.5, Avg: 0.6, Max: 0.6, Diff: 0.1, Sum: 4.5]
         [Processed Buffers: Min: 7, Avg: 7.6, Max: 8, Diff: 1, Sum: 61]
      [Scan RS (ms): Min: 0.0, Avg: 0.0, Max: 0.0, Diff: 0.0, Sum: 0.0]
      [Code Root Scanning (ms): Min: 0.0, Avg: 0.0, Max: 0.0, Diff: 0.0, Sum: 0.0]
      [Object Copy (ms): Min: 0.7, Avg: 0.8, Max: 0.8, Diff: 0.1, Sum: 6.4]
      [Termination (ms): Min: 0.0, Avg: 0.0, Max: 0.1, Diff: 0.1, Sum: 0.3]
         [Termination Attempts: Min: 1, Avg: 1.0, Max: 1, Diff: 0, Sum: 8]
      [GC Worker Other (ms): Min: 0.0, Avg: 0.0, Max: 0.0, Diff: 0.0, Sum: 0.0]
      [GC Worker Total (ms): Min: 1.5, Avg: 1.5, Max: 1.5, Diff: 0.0, Sum: 12.2]
      [GC Worker End (ms): Min: 1838.6, Avg: 1838.6, Max: 1838.6, Diff: 0.0]
   [Code Root Fixup: 0.0 ms]
   [Code Root Purge: 0.0 ms]
   [Clear CT: 0.1 ms]
   [Other: 0.3 ms]
      [Choose CSet: 0.0 ms]
      [Ref Proc: 0.1 ms]
      [Ref Enq: 0.0 ms]
      [Redirty Cards: 0.1 ms]
      [Humongous Register: 0.1 ms]
      [Humongous Reclaim: 0.0 ms]
      [Free CSet: 0.0 ms]
   [Eden: 24576.0K(24576.0K)->0.0B(21504.0K) Survivors: 1024.0K->4096.0K Heap: 403.9M(512.0M)->377.7M(512.0M)]
 [Times: user=0.00 sys=0.00, real=0.00 secs] 
1.843: [GC pause (G1 Evacuation Pause) (mixed) (to-space exhausted), 0.0030722 secs]
   [Parallel Time: 2.2 ms, GC Workers: 8]
      [GC Worker Start (ms): Min: 1842.7, Avg: 1842.7, Max: 1842.7, Diff: 0.0]
      [Ext Root Scanning (ms): Min: 0.1, Avg: 0.1, Max: 0.1, Diff: 0.0, Sum: 1.0]
      [Update RS (ms): Min: 0.4, Avg: 0.5, Max: 0.5, Diff: 0.0, Sum: 3.6]
         [Processed Buffers: Min: 6, Avg: 6.5, Max: 7, Diff: 1, Sum: 52]
      [Scan RS (ms): Min: 0.0, Avg: 0.0, Max: 0.0, Diff: 0.0, Sum: 0.2]
      [Code Root Scanning (ms): Min: 0.0, Avg: 0.0, Max: 0.0, Diff: 0.0, Sum: 0.0]
      [Object Copy (ms): Min: 1.6, Avg: 1.6, Max: 1.6, Diff: 0.0, Sum: 12.5]
      [Termination (ms): Min: 0.0, Avg: 0.0, Max: 0.0, Diff: 0.0, Sum: 0.1]
         [Termination Attempts: Min: 1, Avg: 1.8, Max: 4, Diff: 3, Sum: 14]
      [GC Worker Other (ms): Min: 0.0, Avg: 0.0, Max: 0.0, Diff: 0.0, Sum: 0.1]
      [GC Worker Total (ms): Min: 2.2, Avg: 2.2, Max: 2.2, Diff: 0.0, Sum: 17.4]
      [GC Worker End (ms): Min: 1844.9, Avg: 1844.9, Max: 1844.9, Diff: 0.0]
   [Code Root Fixup: 0.0 ms]
   [Code Root Purge: 0.0 ms]
   [Clear CT: 0.1 ms]
   [Other: 0.7 ms]
      [Evacuation Failure: 0.2 ms]
      [Choose CSet: 0.0 ms]
      [Ref Proc: 0.1 ms]
      [Ref Enq: 0.0 ms]
      [Redirty Cards: 0.2 ms]
      [Humongous Register: 0.1 ms]
      [Humongous Reclaim: 0.0 ms]
      [Free CSet: 0.0 ms]
   [Eden: 21504.0K(21504.0K)->0.0B(23552.0K) Survivors: 4096.0K->2048.0K Heap: 404.0M(512.0M)->403.8M(512.0M)]
 [Times: user=0.00 sys=0.00, real=0.00 secs] 
1.846: [GC pause (G1 Humongous Allocation) (young) (initial-mark), 0.0007962 secs]
   [Parallel Time: 0.5 ms, GC Workers: 8]
      [GC Worker Start (ms): Min: 1846.4, Avg: 1846.4, Max: 1846.4, Diff: 0.0]
      [Ext Root Scanning (ms): Min: 0.1, Avg: 0.1, Max: 0.1, Diff: 0.0, Sum: 0.9]
      [Update RS (ms): Min: 0.0, Avg: 0.1, Max: 0.1, Diff: 0.1, Sum: 0.5]
         [Processed Buffers: Min: 1, Avg: 2.3, Max: 6, Diff: 5, Sum: 18]
      [Scan RS (ms): Min: 0.0, Avg: 0.0, Max: 0.0, Diff: 0.0, Sum: 0.0]
      [Code Root Scanning (ms): Min: 0.0, Avg: 0.0, Max: 0.0, Diff: 0.0, Sum: 0.0]
      [Object Copy (ms): Min: 0.0, Avg: 0.2, Max: 0.2, Diff: 0.2, Sum: 1.2]
      [Termination (ms): Min: 0.0, Avg: 0.1, Max: 0.2, Diff: 0.2, Sum: 0.6]
         [Termination Attempts: Min: 1, Avg: 1.0, Max: 1, Diff: 0, Sum: 8]
      [GC Worker Other (ms): Min: 0.0, Avg: 0.0, Max: 0.0, Diff: 0.0, Sum: 0.0]
      [GC Worker Total (ms): Min: 0.4, Avg: 0.4, Max: 0.4, Diff: 0.0, Sum: 3.3]
      [GC Worker End (ms): Min: 1846.8, Avg: 1846.8, Max: 1846.8, Diff: 0.0]
   [Code Root Fixup: 0.0 ms]
   [Code Root Purge: 0.0 ms]
   [Clear CT: 0.1 ms]
   [Other: 0.3 ms]
      [Choose CSet: 0.0 ms]
      [Ref Proc: 0.1 ms]
      [Ref Enq: 0.0 ms]
      [Redirty Cards: 0.1 ms]
      [Humongous Register: 0.1 ms]
      [Humongous Reclaim: 0.0 ms]
      [Free CSet: 0.0 ms]
   [Eden: 3072.0K(23552.0K)->0.0B(23552.0K) Survivors: 2048.0K->2048.0K Heap: 406.0M(512.0M)->403.0M(512.0M)]
 [Times: user=0.00 sys=0.00, real=0.00 secs] 
1.847: [GC concurrent-root-region-scan-start]
1.847: [GC concurrent-root-region-scan-end, 0.0001410 secs]
1.847: [GC concurrent-mark-start]
1.849: [GC concurrent-mark-end, 0.0017632 secs]
1.849: [GC remark 1.849: [Finalize Marking, 0.0000869 secs] 1.850: [GC ref-proc, 0.0000904 secs] 1.850: [Unloading, 0.0004253 secs], 0.0015140 secs]
 [Times: user=0.00 sys=0.00, real=0.00 secs] 
1.851: [GC cleanup 416M->416M(512M), 0.0004008 secs]
 [Times: user=0.00 sys=0.00, real=0.00 secs] 
1.852: [GC pause (G1 Evacuation Pause) (young) (to-space exhausted), 0.0008252 secs]
   [Parallel Time: 0.4 ms, GC Workers: 8]
      [GC Worker Start (ms): Min: 1851.9, Avg: 1851.9, Max: 1852.0, Diff: 0.0]
      [Ext Root Scanning (ms): Min: 0.1, Avg: 0.1, Max: 0.1, Diff: 0.0, Sum: 0.9]
      [Update RS (ms): Min: 0.2, Avg: 0.2, Max: 0.2, Diff: 0.0, Sum: 1.5]
         [Processed Buffers: Min: 2, Avg: 2.9, Max: 4, Diff: 2, Sum: 23]
      [Scan RS (ms): Min: 0.0, Avg: 0.0, Max: 0.0, Diff: 0.0, Sum: 0.0]
      [Code Root Scanning (ms): Min: 0.0, Avg: 0.0, Max: 0.0, Diff: 0.0, Sum: 0.0]
      [Object Copy (ms): Min: 0.0, Avg: 0.1, Max: 0.1, Diff: 0.0, Sum: 0.4]
      [Termination (ms): Min: 0.0, Avg: 0.0, Max: 0.0, Diff: 0.0, Sum: 0.2]
         [Termination Attempts: Min: 1, Avg: 1.0, Max: 1, Diff: 0, Sum: 8]
      [GC Worker Other (ms): Min: 0.0, Avg: 0.0, Max: 0.0, Diff: 0.0, Sum: 0.0]
      [GC Worker Total (ms): Min: 0.4, Avg: 0.4, Max: 0.4, Diff: 0.0, Sum: 3.0]
      [GC Worker End (ms): Min: 1852.3, Avg: 1852.3, Max: 1852.3, Diff: 0.0]
   [Code Root Fixup: 0.0 ms]
   [Code Root Purge: 0.0 ms]
   [Clear CT: 0.1 ms]
   [Other: 0.3 ms]
      [Evacuation Failure: 0.1 ms]
      [Choose CSet: 0.0 ms]
      [Ref Proc: 0.1 ms]
      [Ref Enq: 0.0 ms]
      [Redirty Cards: 0.1 ms]
      [Humongous Register: 0.1 ms]
      [Humongous Reclaim: 0.0 ms]
      [Free CSet: 0.0 ms]
   [Eden: 14336.0K(23552.0K)->0.0B(25600.0K) Survivors: 2048.0K->0.0B Heap: 418.9M(512.0M)->416.2M(512.0M)]
 [Times: user=0.00 sys=0.00, real=0.00 secs] 
1.853: [GC pause (G1 Humongous Allocation) (mixed) (to-space exhausted), 0.0008166 secs]
   [Parallel Time: 0.4 ms, GC Workers: 8]
      [GC Worker Start (ms): Min: 1853.4, Avg: 1853.4, Max: 1853.5, Diff: 0.0]
      [Ext Root Scanning (ms): Min: 0.1, Avg: 0.1, Max: 0.1, Diff: 0.0, Sum: 0.9]
      [Update RS (ms): Min: 0.0, Avg: 0.1, Max: 0.1, Diff: 0.1, Sum: 0.7]
         [Processed Buffers: Min: 2, Avg: 3.1, Max: 7, Diff: 5, Sum: 25]
      [Scan RS (ms): Min: 0.0, Avg: 0.0, Max: 0.1, Diff: 0.1, Sum: 0.1]
      [Code Root Scanning (ms): Min: 0.0, Avg: 0.0, Max: 0.0, Diff: 0.0, Sum: 0.0]
      [Object Copy (ms): Min: 0.1, Avg: 0.1, Max: 0.1, Diff: 0.0, Sum: 0.8]
      [Termination (ms): Min: 0.0, Avg: 0.0, Max: 0.0, Diff: 0.0, Sum: 0.0]
         [Termination Attempts: Min: 1, Avg: 1.9, Max: 3, Diff: 2, Sum: 15]
      [GC Worker Other (ms): Min: 0.0, Avg: 0.0, Max: 0.0, Diff: 0.0, Sum: 0.1]
      [GC Worker Total (ms): Min: 0.3, Avg: 0.3, Max: 0.3, Diff: 0.0, Sum: 2.6]
      [GC Worker End (ms): Min: 1853.8, Avg: 1853.8, Max: 1853.8, Diff: 0.0]
   [Code Root Fixup: 0.0 ms]
   [Code Root Purge: 0.0 ms]
   [Clear CT: 0.1 ms]
   [Other: 0.4 ms]
      [Evacuation Failure: 0.1 ms]
      [Choose CSet: 0.0 ms]
      [Ref Proc: 0.1 ms]
      [Ref Enq: 0.0 ms]
      [Redirty Cards: 0.1 ms]
      [Humongous Register: 0.1 ms]
      [Humongous Reclaim: 0.0 ms]
      [Free CSet: 0.0 ms]
   [Eden: 2048.0K(25600.0K)->0.0B(25600.0K) Survivors: 0.0B->0.0B Heap: 419.0M(512.0M)->419.0M(512.0M)]
 [Times: user=0.00 sys=0.00, real=0.00 secs] 
1.854: [Full GC (Allocation Failure)  418M->352M(512M), 0.0359187 secs]
   [Eden: 0.0B(25600.0K)->0.0B(25600.0K) Survivors: 0.0B->0.0B Heap: 419.0M(512.0M)->352.8M(512.0M)], [Metaspace: 3130K->3130K(1056768K)]
 [Times: user=0.03 sys=0.00, real=0.04 secs] 
1.891: [GC pause (G1 Humongous Allocation) (young) (initial-mark), 0.0012926 secs]
   [Parallel Time: 0.5 ms, GC Workers: 8]
      [GC Worker Start (ms): Min: 1890.9, Avg: 1891.0, Max: 1891.0, Diff: 0.1]
      [Ext Root Scanning (ms): Min: 0.1, Avg: 0.1, Max: 0.2, Diff: 0.1, Sum: 0.8]
      [Update RS (ms): Min: 0.0, Avg: 0.1, Max: 0.2, Diff: 0.2, Sum: 0.5]
         [Processed Buffers: Min: 0, Avg: 0.8, Max: 1, Diff: 1, Sum: 6]
      [Scan RS (ms): Min: 0.0, Avg: 0.0, Max: 0.0, Diff: 0.0, Sum: 0.0]
      [Code Root Scanning (ms): Min: 0.0, Avg: 0.0, Max: 0.0, Diff: 0.0, Sum: 0.0]
      [Object Copy (ms): Min: 0.0, Avg: 0.0, Max: 0.0, Diff: 0.0, Sum: 0.1]
      [Termination (ms): Min: 0.0, Avg: 0.1, Max: 0.2, Diff: 0.2, Sum: 0.8]
         [Termination Attempts: Min: 1, Avg: 1.5, Max: 3, Diff: 2, Sum: 12]
      [GC Worker Other (ms): Min: 0.0, Avg: 0.0, Max: 0.0, Diff: 0.0, Sum: 0.0]
      [GC Worker Total (ms): Min: 0.2, Avg: 0.3, Max: 0.4, Diff: 0.1, Sum: 2.2]
      [GC Worker End (ms): Min: 1891.2, Avg: 1891.2, Max: 1891.2, Diff: 0.0]
   [Code Root Fixup: 0.0 ms]
   [Code Root Purge: 0.0 ms]
   [Clear CT: 0.2 ms]
   [Other: 0.5 ms]
      [Choose CSet: 0.0 ms]
      [Ref Proc: 0.2 ms]
      [Ref Enq: 0.0 ms]
      [Redirty Cards: 0.2 ms]
      [Humongous Register: 0.0 ms]
      [Humongous Reclaim: 0.0 ms]
      [Free CSet: 0.0 ms]
   [Eden: 1024.0K(25600.0K)->0.0B(24576.0K) Survivors: 0.0B->1024.0K Heap: 354.0M(512.0M)->353.5M(512.0M)]
 [Times: user=0.00 sys=0.00, real=0.00 secs] 
1.892: [GC concurrent-root-region-scan-start]
1.892: [GC concurrent-root-region-scan-end, 0.0000749 secs]
1.892: [GC concurrent-mark-start]
1.894: [GC concurrent-mark-end, 0.0016459 secs]
1.894: [GC remark 1.894: [Finalize Marking, 0.0001141 secs] 1.894: [GC ref-proc, 0.0000875 secs] 1.894: [Unloading, 0.0005007 secs], 0.0015640 secs]
 [Times: user=0.00 sys=0.00, real=0.00 secs] 
1.896: [GC cleanup 370M->370M(512M), 0.0003795 secs]
 [Times: user=0.00 sys=0.00, real=0.00 secs] 
1.898: [GC pause (G1 Evacuation Pause) (young), 0.0021086 secs]
   [Parallel Time: 1.7 ms, GC Workers: 8]
      [GC Worker Start (ms): Min: 1898.3, Avg: 1898.3, Max: 1898.4, Diff: 0.0]
      [Ext Root Scanning (ms): Min: 0.1, Avg: 0.1, Max: 0.1, Diff: 0.0, Sum: 0.9]
      [Update RS (ms): Min: 0.5, Avg: 0.5, Max: 0.6, Diff: 0.1, Sum: 4.2]
         [Processed Buffers: Min: 6, Avg: 7.1, Max: 8, Diff: 2, Sum: 57]
      [Scan RS (ms): Min: 0.0, Avg: 0.0, Max: 0.0, Diff: 0.0, Sum: 0.0]
      [Code Root Scanning (ms): Min: 0.0, Avg: 0.0, Max: 0.0, Diff: 0.0, Sum: 0.0]
      [Object Copy (ms): Min: 0.9, Avg: 1.0, Max: 1.0, Diff: 0.1, Sum: 7.9]
      [Termination (ms): Min: 0.0, Avg: 0.0, Max: 0.1, Diff: 0.1, Sum: 0.3]
         [Termination Attempts: Min: 1, Avg: 1.0, Max: 1, Diff: 0, Sum: 8]
      [GC Worker Other (ms): Min: 0.0, Avg: 0.0, Max: 0.0, Diff: 0.0, Sum: 0.1]
      [GC Worker Total (ms): Min: 1.7, Avg: 1.7, Max: 1.7, Diff: 0.0, Sum: 13.4]
      [GC Worker End (ms): Min: 1900.0, Avg: 1900.0, Max: 1900.0, Diff: 0.0]
   [Code Root Fixup: 0.0 ms]
   [Code Root Purge: 0.0 ms]
   [Clear CT: 0.1 ms]
   [Other: 0.3 ms]
      [Choose CSet: 0.0 ms]
      [Ref Proc: 0.1 ms]
      [Ref Enq: 0.0 ms]
      [Redirty Cards: 0.1 ms]
      [Humongous Register: 0.1 ms]
      [Humongous Reclaim: 0.0 ms]
      [Free CSet: 0.0 ms]
   [Eden: 24576.0K(24576.0K)->0.0B(21504.0K) Survivors: 1024.0K->4096.0K Heap: 384.1M(512.0M)->363.9M(512.0M)]
 [Times: user=0.00 sys=0.00, real=0.00 secs] 
1.903: [GC pause (G1 Humongous Allocation) (young) (initial-mark), 0.0016241 secs]
   [Parallel Time: 1.3 ms, GC Workers: 8]
      [GC Worker Start (ms): Min: 1903.1, Avg: 1903.1, Max: 1903.1, Diff: 0.0]
      [Ext Root Scanning (ms): Min: 0.1, Avg: 0.1, Max: 0.1, Diff: 0.0, Sum: 1.0]
      [Update RS (ms): Min: 0.0, Avg: 0.1, Max: 0.1, Diff: 0.1, Sum: 0.6]
         [Processed Buffers: Min: 1, Avg: 1.0, Max: 1, Diff: 0, Sum: 8]
      [Scan RS (ms): Min: 0.0, Avg: 0.0, Max: 0.0, Diff: 0.0, Sum: 0.0]
      [Code Root Scanning (ms): Min: 0.0, Avg: 0.0, Max: 0.0, Diff: 0.0, Sum: 0.0]
      [Object Copy (ms): Min: 0.9, Avg: 1.0, Max: 1.0, Diff: 0.1, Sum: 7.6]
      [Termination (ms): Min: 0.0, Avg: 0.0, Max: 0.1, Diff: 0.1, Sum: 0.3]
         [Termination Attempts: Min: 1, Avg: 1.0, Max: 1, Diff: 0, Sum: 8]
      [GC Worker Other (ms): Min: 0.0, Avg: 0.0, Max: 0.0, Diff: 0.0, Sum: 0.1]
      [GC Worker Total (ms): Min: 1.2, Avg: 1.2, Max: 1.2, Diff: 0.0, Sum: 9.6]
      [GC Worker End (ms): Min: 1904.3, Avg: 1904.3, Max: 1904.3, Diff: 0.0]
   [Code Root Fixup: 0.0 ms]
   [Code Root Purge: 0.0 ms]
   [Clear CT: 0.1 ms]
   [Other: 0.3 ms]
      [Choose CSet: 0.0 ms]
      [Ref Proc: 0.1 ms]
      [Ref Enq: 0.0 ms]
      [Redirty Cards: 0.1 ms]
      [Humongous Register: 0.1 ms]
      [Humongous Reclaim: 0.0 ms]
      [Free CSet: 0.0 ms]
   [Eden: 13312.0K(21504.0K)->0.0B(21504.0K) Survivors: 4096.0K->4096.0K Heap: 376.7M(512.0M)->368.6M(512.0M)]
 [Times: user=0.00 sys=0.00, real=0.00 secs] 
1.905: [GC concurrent-root-region-scan-start]
1.905: [GC concurrent-root-region-scan-end, 0.0000999 secs]
1.905: [GC concurrent-mark-start]
1.906: [GC concurrent-mark-end, 0.0012809 secs]
1.906: [GC remark 1.906: [Finalize Marking, 0.0001017 secs] 1.906: [GC ref-proc, 0.0000872 secs] 1.907: [Unloading, 0.0003906 secs], 0.0015109 secs]
 [Times: user=0.00 sys=0.00, real=0.00 secs] 
1.908: [GC cleanup 380M->380M(512M), 0.0003531 secs]
 [Times: user=0.00 sys=0.00, real=0.00 secs] 
1.911: [GC pause (G1 Evacuation Pause) (young), 0.0023100 secs]
   [Parallel Time: 1.9 ms, GC Workers: 8]
      [GC Worker Start (ms): Min: 1910.8, Avg: 1910.8, Max: 1910.8, Diff: 0.0]
      [Ext Root Scanning (ms): Min: 0.1, Avg: 0.1, Max: 0.1, Diff: 0.0, Sum: 0.9]
      [Update RS (ms): Min: 0.5, Avg: 0.5, Max: 0.6, Diff: 0.1, Sum: 4.2]
         [Processed Buffers: Min: 7, Avg: 7.4, Max: 8, Diff: 1, Sum: 59]
      [Scan RS (ms): Min: 0.0, Avg: 0.0, Max: 0.0, Diff: 0.0, Sum: 0.0]
      [Code Root Scanning (ms): Min: 0.0, Avg: 0.0, Max: 0.0, Diff: 0.0, Sum: 0.0]
      [Object Copy (ms): Min: 0.9, Avg: 1.1, Max: 1.2, Diff: 0.2, Sum: 8.7]
      [Termination (ms): Min: 0.0, Avg: 0.1, Max: 0.2, Diff: 0.2, Sum: 0.6]
         [Termination Attempts: Min: 1, Avg: 1.0, Max: 1, Diff: 0, Sum: 8]
      [GC Worker Other (ms): Min: 0.0, Avg: 0.0, Max: 0.0, Diff: 0.0, Sum: 0.0]
      [GC Worker Total (ms): Min: 1.8, Avg: 1.8, Max: 1.8, Diff: 0.0, Sum: 14.6]
      [GC Worker End (ms): Min: 1912.6, Avg: 1912.6, Max: 1912.6, Diff: 0.0]
   [Code Root Fixup: 0.0 ms]
   [Code Root Purge: 0.0 ms]
   [Clear CT: 0.1 ms]
   [Other: 0.4 ms]
      [Choose CSet: 0.0 ms]
      [Ref Proc: 0.1 ms]
      [Ref Enq: 0.0 ms]
      [Redirty Cards: 0.1 ms]
      [Humongous Register: 0.1 ms]
      [Humongous Reclaim: 0.0 ms]
      [Free CSet: 0.0 ms]
   [Eden: 21504.0K(21504.0K)->0.0B(21504.0K) Survivors: 4096.0K->4096.0K Heap: 395.9M(512.0M)->375.5M(512.0M)]
 [Times: user=0.00 sys=0.00, real=0.00 secs] 
1.917: [GC pause (G1 Evacuation Pause) (mixed) (to-space exhausted), 0.0027256 secs]
   [Parallel Time: 2.2 ms, GC Workers: 8]
      [GC Worker Start (ms): Min: 1916.8, Avg: 1916.8, Max: 1916.8, Diff: 0.0]
      [Ext Root Scanning (ms): Min: 0.1, Avg: 0.1, Max: 0.1, Diff: 0.0, Sum: 1.0]
      [Update RS (ms): Min: 0.2, Avg: 0.2, Max: 0.2, Diff: 0.1, Sum: 1.5]
         [Processed Buffers: Min: 2, Avg: 2.9, Max: 3, Diff: 1, Sum: 23]
      [Scan RS (ms): Min: 0.0, Avg: 0.0, Max: 0.0, Diff: 0.0, Sum: 0.1]
      [Code Root Scanning (ms): Min: 0.0, Avg: 0.0, Max: 0.0, Diff: 0.0, Sum: 0.0]
      [Object Copy (ms): Min: 1.8, Avg: 1.8, Max: 1.8, Diff: 0.0, Sum: 14.5]
      [Termination (ms): Min: 0.0, Avg: 0.0, Max: 0.0, Diff: 0.0, Sum: 0.1]
         [Termination Attempts: Min: 1, Avg: 2.3, Max: 4, Diff: 3, Sum: 18]
      [GC Worker Other (ms): Min: 0.0, Avg: 0.0, Max: 0.0, Diff: 0.0, Sum: 0.1]
      [GC Worker Total (ms): Min: 2.1, Avg: 2.2, Max: 2.2, Diff: 0.0, Sum: 17.2]
      [GC Worker End (ms): Min: 1918.9, Avg: 1918.9, Max: 1918.9, Diff: 0.0]
   [Code Root Fixup: 0.0 ms]
   [Code Root Purge: 0.0 ms]
   [Clear CT: 0.1 ms]
   [Other: 0.4 ms]
      [Evacuation Failure: 0.1 ms]
      [Choose CSet: 0.0 ms]
      [Ref Proc: 0.1 ms]
      [Ref Enq: 0.0 ms]
      [Redirty Cards: 0.1 ms]
      [Humongous Register: 0.1 ms]
      [Humongous Reclaim: 0.0 ms]
      [Free CSet: 0.0 ms]
   [Eden: 21504.0K(21504.0K)->0.0B(22528.0K) Survivors: 4096.0K->3072.0K Heap: 398.2M(512.0M)->398.5M(512.0M)]
 [Times: user=0.00 sys=0.00, real=0.00 secs] 
1.921: [GC pause (G1 Humongous Allocation) (young) (initial-mark), 0.0013793 secs]
   [Parallel Time: 1.0 ms, GC Workers: 8]
      [GC Worker Start (ms): Min: 1920.9, Avg: 1920.9, Max: 1920.9, Diff: 0.0]
      [Ext Root Scanning (ms): Min: 0.1, Avg: 0.1, Max: 0.1, Diff: 0.0, Sum: 0.9]
      [Update RS (ms): Min: 0.0, Avg: 0.1, Max: 0.1, Diff: 0.0, Sum: 0.4]
         [Processed Buffers: Min: 1, Avg: 2.1, Max: 4, Diff: 3, Sum: 17]
      [Scan RS (ms): Min: 0.0, Avg: 0.0, Max: 0.0, Diff: 0.0, Sum: 0.0]
      [Code Root Scanning (ms): Min: 0.0, Avg: 0.0, Max: 0.0, Diff: 0.0, Sum: 0.0]
      [Object Copy (ms): Min: 0.7, Avg: 0.8, Max: 0.8, Diff: 0.1, Sum: 6.2]
      [Termination (ms): Min: 0.0, Avg: 0.0, Max: 0.1, Diff: 0.1, Sum: 0.2]
         [Termination Attempts: Min: 1, Avg: 1.0, Max: 1, Diff: 0, Sum: 8]
      [GC Worker Other (ms): Min: 0.0, Avg: 0.0, Max: 0.0, Diff: 0.0, Sum: 0.0]
      [GC Worker Total (ms): Min: 0.9, Avg: 1.0, Max: 1.0, Diff: 0.0, Sum: 7.8]
      [GC Worker End (ms): Min: 1921.9, Avg: 1921.9, Max: 1921.9, Diff: 0.0]
   [Code Root Fixup: 0.0 ms]
   [Code Root Purge: 0.0 ms]
   [Clear CT: 0.1 ms]
   [Other: 0.3 ms]
      [Choose CSet: 0.0 ms]
      [Ref Proc: 0.1 ms]
      [Ref Enq: 0.0 ms]
      [Redirty Cards: 0.1 ms]
      [Humongous Register: 0.1 ms]
      [Humongous Reclaim: 0.0 ms]
      [Free CSet: 0.0 ms]
   [Eden: 10240.0K(22528.0K)->0.0B(21504.0K) Survivors: 3072.0K->4096.0K Heap: 408.3M(512.0M)->401.4M(512.0M)]
 [Times: user=0.00 sys=0.00, real=0.00 secs] 
1.922: [GC concurrent-root-region-scan-start]
1.923: [GC concurrent-root-region-scan-end, 0.0001173 secs]
1.923: [GC concurrent-mark-start]
1.924: [GC concurrent-mark-end, 0.0012789 secs]
1.924: [GC remark 1.924: [Finalize Marking, 0.0000894 secs] 1.924: [GC ref-proc, 0.0000866 secs] 1.924: [Unloading, 0.0003904 secs], 0.0014010 secs]
 [Times: user=0.13 sys=0.00, real=0.00 secs] 
1.925: [GC cleanup 409M->408M(512M), 0.0004004 secs]
 [Times: user=0.00 sys=0.00, real=0.00 secs] 
1.926: [GC concurrent-cleanup-start]
1.926: [GC concurrent-cleanup-end, 0.0000285 secs]
1.927: [GC pause (G1 Evacuation Pause) (young) (to-space exhausted), 0.0008145 secs]
   [Parallel Time: 0.4 ms, GC Workers: 8]
      [GC Worker Start (ms): Min: 1926.8, Avg: 1926.8, Max: 1926.8, Diff: 0.0]
      [Ext Root Scanning (ms): Min: 0.1, Avg: 0.1, Max: 0.1, Diff: 0.0, Sum: 0.9]
      [Update RS (ms): Min: 0.2, Avg: 0.2, Max: 0.3, Diff: 0.0, Sum: 1.9]
         [Processed Buffers: Min: 3, Avg: 3.8, Max: 4, Diff: 1, Sum: 30]
      [Scan RS (ms): Min: 0.0, Avg: 0.0, Max: 0.0, Diff: 0.0, Sum: 0.0]
      [Code Root Scanning (ms): Min: 0.0, Avg: 0.0, Max: 0.0, Diff: 0.0, Sum: 0.0]
      [Object Copy (ms): Min: 0.0, Avg: 0.0, Max: 0.0, Diff: 0.0, Sum: 0.2]
      [Termination (ms): Min: 0.0, Avg: 0.0, Max: 0.0, Diff: 0.0, Sum: 0.0]
         [Termination Attempts: Min: 1, Avg: 1.0, Max: 1, Diff: 0, Sum: 8]
      [GC Worker Other (ms): Min: 0.0, Avg: 0.0, Max: 0.0, Diff: 0.0, Sum: 0.0]
      [GC Worker Total (ms): Min: 0.4, Avg: 0.4, Max: 0.4, Diff: 0.0, Sum: 3.1]
      [GC Worker End (ms): Min: 1927.2, Avg: 1927.2, Max: 1927.2, Diff: 0.0]
   [Code Root Fixup: 0.0 ms]
   [Code Root Purge: 0.0 ms]
   [Clear CT: 0.1 ms]
   [Other: 0.3 ms]
      [Evacuation Failure: 0.1 ms]
      [Choose CSet: 0.0 ms]
      [Ref Proc: 0.1 ms]
      [Ref Enq: 0.0 ms]
      [Redirty Cards: 0.1 ms]
      [Humongous Register: 0.1 ms]
      [Humongous Reclaim: 0.0 ms]
      [Free CSet: 0.0 ms]
   [Eden: 11264.0K(21504.0K)->0.0B(25600.0K) Survivors: 4096.0K->0.0B Heap: 414.1M(512.0M)->410.2M(512.0M)]
 [Times: user=0.00 sys=0.00, real=0.00 secs] 
1.929: [GC pause (G1 Evacuation Pause) (mixed) (to-space exhausted), 0.0007821 secs]
   [Parallel Time: 0.4 ms, GC Workers: 8]
      [GC Worker Start (ms): Min: 1928.7, Avg: 1928.7, Max: 1928.7, Diff: 0.0]
      [Ext Root Scanning (ms): Min: 0.1, Avg: 0.1, Max: 0.1, Diff: 0.0, Sum: 0.8]
      [Update RS (ms): Min: 0.0, Avg: 0.1, Max: 0.1, Diff: 0.1, Sum: 0.7]
         [Processed Buffers: Min: 2, Avg: 2.9, Max: 5, Diff: 3, Sum: 23]
      [Scan RS (ms): Min: 0.0, Avg: 0.0, Max: 0.0, Diff: 0.0, Sum: 0.1]
      [Code Root Scanning (ms): Min: 0.0, Avg: 0.0, Max: 0.0, Diff: 0.0, Sum: 0.0]
      [Object Copy (ms): Min: 0.1, Avg: 0.1, Max: 0.2, Diff: 0.0, Sum: 1.1]
      [Termination (ms): Min: 0.0, Avg: 0.0, Max: 0.0, Diff: 0.0, Sum: 0.1]
         [Termination Attempts: Min: 1, Avg: 1.5, Max: 3, Diff: 2, Sum: 12]
      [GC Worker Other (ms): Min: 0.0, Avg: 0.0, Max: 0.0, Diff: 0.0, Sum: 0.0]
      [GC Worker Total (ms): Min: 0.3, Avg: 0.4, Max: 0.4, Diff: 0.0, Sum: 2.8]
      [GC Worker End (ms): Min: 1929.0, Avg: 1929.0, Max: 1929.0, Diff: 0.0]
   [Code Root Fixup: 0.0 ms]
   [Code Root Purge: 0.0 ms]
   [Clear CT: 0.0 ms]
   [Other: 0.3 ms]
      [Evacuation Failure: 0.1 ms]
      [Choose CSet: 0.0 ms]
      [Ref Proc: 0.1 ms]
      [Ref Enq: 0.0 ms]
      [Redirty Cards: 0.1 ms]
      [Humongous Register: 0.1 ms]
      [Humongous Reclaim: 0.0 ms]
      [Free CSet: 0.0 ms]
   [Eden: 4096.0K(25600.0K)->0.0B(25600.0K) Survivors: 0.0B->0.0B Heap: 414.9M(512.0M)->413.2M(512.0M)]
 [Times: user=0.00 sys=0.00, real=0.00 secs] 
1.930: [GC pause (G1 Humongous Allocation) (mixed) (to-space exhausted), 0.0006731 secs]
   [Parallel Time: 0.3 ms, GC Workers: 8]
      [GC Worker Start (ms): Min: 1930.1, Avg: 1930.1, Max: 1930.1, Diff: 0.0]
      [Ext Root Scanning (ms): Min: 0.1, Avg: 0.1, Max: 0.1, Diff: 0.0, Sum: 0.8]
      [Update RS (ms): Min: 0.0, Avg: 0.0, Max: 0.1, Diff: 0.0, Sum: 0.4]
         [Processed Buffers: Min: 1, Avg: 2.6, Max: 5, Diff: 4, Sum: 21]
      [Scan RS (ms): Min: 0.0, Avg: 0.0, Max: 0.0, Diff: 0.0, Sum: 0.1]
      [Code Root Scanning (ms): Min: 0.0, Avg: 0.0, Max: 0.0, Diff: 0.0, Sum: 0.0]
      [Object Copy (ms): Min: 0.1, Avg: 0.1, Max: 0.1, Diff: 0.0, Sum: 0.6]
      [Termination (ms): Min: 0.0, Avg: 0.0, Max: 0.0, Diff: 0.0, Sum: 0.1]
         [Termination Attempts: Min: 1, Avg: 1.0, Max: 1, Diff: 0, Sum: 8]
      [GC Worker Other (ms): Min: 0.0, Avg: 0.0, Max: 0.0, Diff: 0.0, Sum: 0.1]
      [GC Worker Total (ms): Min: 0.2, Avg: 0.3, Max: 0.3, Diff: 0.0, Sum: 2.0]
      [GC Worker End (ms): Min: 1930.3, Avg: 1930.3, Max: 1930.3, Diff: 0.0]
   [Code Root Fixup: 0.0 ms]
   [Code Root Purge: 0.0 ms]
   [Clear CT: 0.1 ms]
   [Other: 0.3 ms]
      [Evacuation Failure: 0.1 ms]
      [Choose CSet: 0.0 ms]
      [Ref Proc: 0.1 ms]
      [Ref Enq: 0.0 ms]
      [Redirty Cards: 0.1 ms]
      [Humongous Register: 0.1 ms]
      [Humongous Reclaim: 0.0 ms]
      [Free CSet: 0.0 ms]
   [Eden: 2048.0K(25600.0K)->0.0B(25600.0K) Survivors: 0.0B->0.0B Heap: 414.8M(512.0M)->414.8M(512.0M)]
 [Times: user=0.00 sys=0.00, real=0.00 secs] 
1.931: [Full GC (Allocation Failure)  414M->354M(512M), 0.0349287 secs]
   [Eden: 0.0B(25600.0K)->0.0B(25600.0K) Survivors: 0.0B->0.0B Heap: 414.8M(512.0M)->354.6M(512.0M)], [Metaspace: 3130K->3130K(1056768K)]
 [Times: user=0.03 sys=0.00, real=0.03 secs] 
1.966: [GC pause (G1 Humongous Allocation) (young) (initial-mark), 0.0008689 secs]
   [Parallel Time: 0.4 ms, GC Workers: 8]
      [GC Worker Start (ms): Min: 1966.3, Avg: 1966.3, Max: 1966.4, Diff: 0.0]
      [Ext Root Scanning (ms): Min: 0.1, Avg: 0.1, Max: 0.1, Diff: 0.0, Sum: 0.9]
      [Update RS (ms): Min: 0.1, Avg: 0.1, Max: 0.2, Diff: 0.1, Sum: 0.7]
         [Processed Buffers: Min: 1, Avg: 1.0, Max: 1, Diff: 0, Sum: 8]
      [Scan RS (ms): Min: 0.0, Avg: 0.0, Max: 0.0, Diff: 0.0, Sum: 0.0]
      [Code Root Scanning (ms): Min: 0.0, Avg: 0.0, Max: 0.0, Diff: 0.0, Sum: 0.0]
      [Object Copy (ms): Min: 0.0, Avg: 0.0, Max: 0.1, Diff: 0.1, Sum: 0.2]
      [Termination (ms): Min: 0.0, Avg: 0.1, Max: 0.1, Diff: 0.1, Sum: 0.7]
         [Termination Attempts: Min: 1, Avg: 1.0, Max: 1, Diff: 0, Sum: 8]
      [GC Worker Other (ms): Min: 0.0, Avg: 0.0, Max: 0.0, Diff: 0.0, Sum: 0.0]
      [GC Worker Total (ms): Min: 0.3, Avg: 0.3, Max: 0.3, Diff: 0.0, Sum: 2.5]
      [GC Worker End (ms): Min: 1966.7, Avg: 1966.7, Max: 1966.7, Diff: 0.0]
   [Code Root Fixup: 0.0 ms]
   [Code Root Purge: 0.0 ms]
   [Clear CT: 0.2 ms]
   [Other: 0.3 ms]
      [Choose CSet: 0.0 ms]
      [Ref Proc: 0.1 ms]
      [Ref Enq: 0.0 ms]
      [Redirty Cards: 0.1 ms]
      [Humongous Register: 0.1 ms]
      [Humongous Reclaim: 0.0 ms]
      [Free CSet: 0.0 ms]
   [Eden: 1024.0K(25600.0K)->0.0B(24576.0K) Survivors: 0.0B->1024.0K Heap: 356.3M(512.0M)->355.2M(512.0M)]
 [Times: user=0.00 sys=0.00, real=0.00 secs] 
1.967: [GC concurrent-root-region-scan-start]
1.967: [GC concurrent-root-region-scan-end, 0.0000540 secs]
1.967: [GC concurrent-mark-start]
1.969: [GC concurrent-mark-end, 0.0011215 secs]
1.969: [GC remark 1.969: [Finalize Marking, 0.0000994 secs] 1.969: [GC ref-proc, 0.0001196 secs] 1.969: [Unloading, 0.0004064 secs], 0.0015106 secs]
 [Times: user=0.00 sys=0.00, real=0.00 secs] 
1.970: [GC cleanup 365M->365M(512M), 0.0003613 secs]
 [Times: user=0.00 sys=0.00, real=0.00 secs] 
1.974: [GC pause (G1 Evacuation Pause) (young), 0.0023421 secs]
   [Parallel Time: 1.9 ms, GC Workers: 8]
      [GC Worker Start (ms): Min: 1973.9, Avg: 1974.0, Max: 1974.1, Diff: 0.1]
      [Ext Root Scanning (ms): Min: 0.0, Avg: 0.1, Max: 0.1, Diff: 0.1, Sum: 0.9]
      [Update RS (ms): Min: 0.5, Avg: 0.5, Max: 0.6, Diff: 0.1, Sum: 4.2]
         [Processed Buffers: Min: 6, Avg: 7.3, Max: 8, Diff: 2, Sum: 58]
      [Scan RS (ms): Min: 0.0, Avg: 0.0, Max: 0.0, Diff: 0.0, Sum: 0.0]
      [Code Root Scanning (ms): Min: 0.0, Avg: 0.0, Max: 0.0, Diff: 0.0, Sum: 0.0]
      [Object Copy (ms): Min: 1.2, Avg: 1.2, Max: 1.3, Diff: 0.1, Sum: 9.6]
      [Termination (ms): Min: 0.0, Avg: 0.0, Max: 0.1, Diff: 0.1, Sum: 0.3]
         [Termination Attempts: Min: 1, Avg: 1.0, Max: 1, Diff: 0, Sum: 8]
      [GC Worker Other (ms): Min: 0.0, Avg: 0.0, Max: 0.0, Diff: 0.0, Sum: 0.1]
      [GC Worker Total (ms): Min: 1.8, Avg: 1.9, Max: 1.9, Diff: 0.1, Sum: 15.0]
      [GC Worker End (ms): Min: 1975.9, Avg: 1975.9, Max: 1975.9, Diff: 0.0]
   [Code Root Fixup: 0.0 ms]
   [Code Root Purge: 0.0 ms]
   [Clear CT: 0.1 ms]
   [Other: 0.3 ms]
      [Choose CSet: 0.0 ms]
      [Ref Proc: 0.1 ms]
      [Ref Enq: 0.0 ms]
      [Redirty Cards: 0.1 ms]
      [Humongous Register: 0.1 ms]
      [Humongous Reclaim: 0.0 ms]
      [Free CSet: 0.0 ms]
   [Eden: 24576.0K(24576.0K)->0.0B(21504.0K) Survivors: 1024.0K->4096.0K Heap: 385.8M(512.0M)->363.2M(512.0M)]
 [Times: user=0.00 sys=0.00, real=0.00 secs] 
1.977: [GC pause (G1 Humongous Allocation) (young) (initial-mark), 0.0010694 secs]
   [Parallel Time: 0.7 ms, GC Workers: 8]
      [GC Worker Start (ms): Min: 1976.8, Avg: 1976.8, Max: 1976.9, Diff: 0.1]
      [Ext Root Scanning (ms): Min: 0.0, Avg: 0.2, Max: 0.7, Diff: 0.7, Sum: 1.5]
      [Update RS (ms): Min: 0.0, Avg: 0.0, Max: 0.1, Diff: 0.1, Sum: 0.3]
         [Processed Buffers: Min: 0, Avg: 1.0, Max: 2, Diff: 2, Sum: 8]
      [Scan RS (ms): Min: 0.0, Avg: 0.0, Max: 0.0, Diff: 0.0, Sum: 0.0]
      [Code Root Scanning (ms): Min: 0.0, Avg: 0.0, Max: 0.0, Diff: 0.0, Sum: 0.0]
      [Object Copy (ms): Min: 0.0, Avg: 0.4, Max: 0.5, Diff: 0.5, Sum: 3.3]
      [Termination (ms): Min: 0.0, Avg: 0.0, Max: 0.1, Diff: 0.1, Sum: 0.3]
         [Termination Attempts: Min: 1, Avg: 1.0, Max: 1, Diff: 0, Sum: 8]
      [GC Worker Other (ms): Min: 0.0, Avg: 0.0, Max: 0.0, Diff: 0.0, Sum: 0.0]
      [GC Worker Total (ms): Min: 0.6, Avg: 0.7, Max: 0.7, Diff: 0.1, Sum: 5.4]
      [GC Worker End (ms): Min: 1977.5, Avg: 1977.5, Max: 1977.5, Diff: 0.0]
   [Code Root Fixup: 0.0 ms]
   [Code Root Purge: 0.0 ms]
   [Clear CT: 0.1 ms]
   [Other: 0.3 ms]
      [Choose CSet: 0.0 ms]
      [Ref Proc: 0.1 ms]
      [Ref Enq: 0.0 ms]
      [Redirty Cards: 0.1 ms]
      [Humongous Register: 0.1 ms]
      [Humongous Reclaim: 0.0 ms]
      [Free CSet: 0.0 ms]
   [Eden: 2048.0K(21504.0K)->0.0B(24576.0K) Survivors: 4096.0K->1024.0K Heap: 365.2M(512.0M)->363.8M(512.0M)]
 [Times: user=0.00 sys=0.00, real=0.00 secs] 
1.978: [GC concurrent-root-region-scan-start]
1.978: [GC concurrent-root-region-scan-end, 0.0000903 secs]
1.978: [GC concurrent-mark-start]
1.979: [GC concurrent-mark-end, 0.0010732 secs]
1.979: [GC remark 1.979: [Finalize Marking, 0.0000737 secs] 1.979: [GC ref-proc, 0.0000863 secs] 1.980: [Unloading, 0.0004072 secs], 0.0015273 secs]
 [Times: user=0.00 sys=0.00, real=0.00 secs] 
1.981: [GC cleanup 375M->375M(512M), 0.0004055 secs]
 [Times: user=0.00 sys=0.00, real=0.00 secs] 
1.984: [GC pause (G1 Evacuation Pause) (young), 0.0020835 secs]
   [Parallel Time: 1.7 ms, GC Workers: 8]
      [GC Worker Start (ms): Min: 1984.3, Avg: 1984.3, Max: 1984.3, Diff: 0.1]
      [Ext Root Scanning (ms): Min: 0.1, Avg: 0.1, Max: 0.1, Diff: 0.1, Sum: 0.9]
      [Update RS (ms): Min: 0.5, Avg: 0.6, Max: 0.6, Diff: 0.0, Sum: 4.5]
         [Processed Buffers: Min: 7, Avg: 8.1, Max: 9, Diff: 2, Sum: 65]
      [Scan RS (ms): Min: 0.0, Avg: 0.0, Max: 0.0, Diff: 0.0, Sum: 0.0]
      [Code Root Scanning (ms): Min: 0.0, Avg: 0.0, Max: 0.0, Diff: 0.0, Sum: 0.0]
      [Object Copy (ms): Min: 0.9, Avg: 0.9, Max: 0.9, Diff: 0.1, Sum: 7.2]
      [Termination (ms): Min: 0.0, Avg: 0.0, Max: 0.1, Diff: 0.1, Sum: 0.3]
         [Termination Attempts: Min: 1, Avg: 1.0, Max: 1, Diff: 0, Sum: 8]
      [GC Worker Other (ms): Min: 0.0, Avg: 0.0, Max: 0.0, Diff: 0.0, Sum: 0.1]
      [GC Worker Total (ms): Min: 1.6, Avg: 1.6, Max: 1.7, Diff: 0.1, Sum: 13.0]
      [GC Worker End (ms): Min: 1985.9, Avg: 1985.9, Max: 1985.9, Diff: 0.0]
   [Code Root Fixup: 0.0 ms]
   [Code Root Purge: 0.0 ms]
   [Clear CT: 0.0 ms]
   [Other: 0.3 ms]
      [Choose CSet: 0.0 ms]
      [Ref Proc: 0.1 ms]
      [Ref Enq: 0.0 ms]
      [Redirty Cards: 0.1 ms]
      [Humongous Register: 0.1 ms]
      [Humongous Reclaim: 0.0 ms]
      [Free CSet: 0.0 ms]
   [Eden: 24576.0K(24576.0K)->0.0B(21504.0K) Survivors: 1024.0K->4096.0K Heap: 394.9M(512.0M)->373.2M(512.0M)]
 [Times: user=0.00 sys=0.02, real=0.00 secs] 
1.991: [GC pause (G1 Evacuation Pause) (mixed) (to-space exhausted), 0.0023512 secs]
   [Parallel Time: 1.8 ms, GC Workers: 8]
      [GC Worker Start (ms): Min: 1990.9, Avg: 1991.0, Max: 1991.1, Diff: 0.2]
      [Ext Root Scanning (ms): Min: 0.0, Avg: 0.1, Max: 0.1, Diff: 0.1, Sum: 0.9]
      [Update RS (ms): Min: 0.5, Avg: 0.6, Max: 0.6, Diff: 0.0, Sum: 4.6]
         [Processed Buffers: Min: 7, Avg: 7.9, Max: 8, Diff: 1, Sum: 63]
      [Scan RS (ms): Min: 0.0, Avg: 0.0, Max: 0.0, Diff: 0.0, Sum: 0.1]
      [Code Root Scanning (ms): Min: 0.0, Avg: 0.0, Max: 0.0, Diff: 0.0, Sum: 0.0]
      [Object Copy (ms): Min: 1.0, Avg: 1.0, Max: 1.0, Diff: 0.0, Sum: 8.2]
      [Termination (ms): Min: 0.0, Avg: 0.0, Max: 0.0, Diff: 0.0, Sum: 0.2]
         [Termination Attempts: Min: 1, Avg: 1.1, Max: 2, Diff: 1, Sum: 9]
      [GC Worker Other (ms): Min: 0.0, Avg: 0.0, Max: 0.0, Diff: 0.0, Sum: 0.1]
      [GC Worker Total (ms): Min: 1.6, Avg: 1.7, Max: 1.8, Diff: 0.2, Sum: 13.9]
      [GC Worker End (ms): Min: 1992.7, Avg: 1992.7, Max: 1992.7, Diff: 0.0]
   [Code Root Fixup: 0.0 ms]
   [Code Root Purge: 0.0 ms]
   [Clear CT: 0.1 ms]
   [Other: 0.5 ms]
      [Evacuation Failure: 0.1 ms]
      [Choose CSet: 0.0 ms]
      [Ref Proc: 0.1 ms]
      [Ref Enq: 0.0 ms]
      [Redirty Cards: 0.1 ms]
      [Humongous Register: 0.1 ms]
      [Humongous Reclaim: 0.0 ms]
      [Free CSet: 0.0 ms]
   [Eden: 21504.0K(21504.0K)->0.0B(22528.0K) Survivors: 4096.0K->3072.0K Heap: 400.9M(512.0M)->397.8M(512.0M)]
 [Times: user=0.00 sys=0.00, real=0.00 secs] 
1.994: [GC pause (G1 Humongous Allocation) (young) (initial-mark), 0.0010400 secs]
   [Parallel Time: 0.7 ms, GC Workers: 8]
      [GC Worker Start (ms): Min: 1994.2, Avg: 1994.3, Max: 1994.3, Diff: 0.1]
      [Ext Root Scanning (ms): Min: 0.1, Avg: 0.1, Max: 0.2, Diff: 0.1, Sum: 0.9]
      [Update RS (ms): Min: 0.0, Avg: 0.0, Max: 0.1, Diff: 0.0, Sum: 0.4]
         [Processed Buffers: Min: 1, Avg: 2.1, Max: 4, Diff: 3, Sum: 17]
      [Scan RS (ms): Min: 0.0, Avg: 0.0, Max: 0.0, Diff: 0.0, Sum: 0.0]
      [Code Root Scanning (ms): Min: 0.0, Avg: 0.0, Max: 0.0, Diff: 0.0, Sum: 0.0]
      [Object Copy (ms): Min: 0.3, Avg: 0.4, Max: 0.4, Diff: 0.1, Sum: 3.1]
      [Termination (ms): Min: 0.0, Avg: 0.1, Max: 0.1, Diff: 0.1, Sum: 0.5]
         [Termination Attempts: Min: 1, Avg: 1.0, Max: 1, Diff: 0, Sum: 8]
      [GC Worker Other (ms): Min: 0.0, Avg: 0.0, Max: 0.0, Diff: 0.0, Sum: 0.0]
      [GC Worker Total (ms): Min: 0.6, Avg: 0.6, Max: 0.7, Diff: 0.1, Sum: 5.0]
      [GC Worker End (ms): Min: 1994.9, Avg: 1994.9, Max: 1994.9, Diff: 0.0]
   [Code Root Fixup: 0.0 ms]
   [Code Root Purge: 0.0 ms]
   [Clear CT: 0.1 ms]
   [Other: 0.3 ms]
      [Choose CSet: 0.0 ms]
      [Ref Proc: 0.1 ms]
      [Ref Enq: 0.0 ms]
      [Redirty Cards: 0.1 ms]
      [Humongous Register: 0.1 ms]
      [Humongous Reclaim: 0.0 ms]
      [Free CSet: 0.0 ms]
   [Eden: 5120.0K(22528.0K)->0.0B(23552.0K) Survivors: 3072.0K->2048.0K Heap: 402.2M(512.0M)->397.6M(512.0M)]
 [Times: user=0.00 sys=0.00, real=0.00 secs] 
1.995: [GC concurrent-root-region-scan-start]
1.996: [GC concurrent-root-region-scan-end, 0.0000919 secs]
1.996: [GC concurrent-mark-start]
1.997: [GC concurrent-mark-end, 0.0012080 secs]
1.997: [GC remark 1.997: [Finalize Marking, 0.0000720 secs] 1.997: [GC ref-proc, 0.0000872 secs] 1.997: [Unloading, 0.0004465 secs], 0.0016289 secs]
 [Times: user=0.00 sys=0.00, real=0.00 secs] 
1.999: [GC cleanup 408M->408M(512M), 0.0003905 secs]
 [Times: user=0.00 sys=0.00, real=0.00 secs] 
1.999: [GC pause (G1 Evacuation Pause) (young) (to-space exhausted), 0.0009633 secs]
   [Parallel Time: 0.6 ms, GC Workers: 8]
      [GC Worker Start (ms): Min: 1999.5, Avg: 1999.5, Max: 1999.5, Diff: 0.0]
      [Ext Root Scanning (ms): Min: 0.1, Avg: 0.1, Max: 0.1, Diff: 0.0, Sum: 0.9]
      [Update RS (ms): Min: 0.3, Avg: 0.3, Max: 0.4, Diff: 0.0, Sum: 2.6]
         [Processed Buffers: Min: 0, Avg: 4.6, Max: 6, Diff: 6, Sum: 37]
      [Scan RS (ms): Min: 0.0, Avg: 0.0, Max: 0.0, Diff: 0.0, Sum: 0.0]
      [Code Root Scanning (ms): Min: 0.0, Avg: 0.0, Max: 0.0, Diff: 0.0, Sum: 0.0]
      [Object Copy (ms): Min: 0.0, Avg: 0.1, Max: 0.1, Diff: 0.1, Sum: 0.5]
      [Termination (ms): Min: 0.0, Avg: 0.0, Max: 0.0, Diff: 0.0, Sum: 0.1]
         [Termination Attempts: Min: 1, Avg: 1.0, Max: 1, Diff: 0, Sum: 8]
      [GC Worker Other (ms): Min: 0.0, Avg: 0.0, Max: 0.0, Diff: 0.0, Sum: 0.0]
      [GC Worker Total (ms): Min: 0.5, Avg: 0.5, Max: 0.5, Diff: 0.0, Sum: 4.1]
      [GC Worker End (ms): Min: 2000.0, Avg: 2000.0, Max: 2000.0, Diff: 0.0]
   [Code Root Fixup: 0.0 ms]
   [Code Root Purge: 0.0 ms]
   [Clear CT: 0.1 ms]
   [Other: 0.3 ms]
      [Evacuation Failure: 0.1 ms]
      [Choose CSet: 0.0 ms]
      [Ref Proc: 0.1 ms]
      [Ref Enq: 0.0 ms]
      [Redirty Cards: 0.1 ms]
      [Humongous Register: 0.1 ms]
      [Humongous Reclaim: 0.0 ms]
      [Free CSet: 0.0 ms]
   [Eden: 8192.0K(23552.0K)->0.0B(25600.0K) Survivors: 2048.0K->0.0B Heap: 409.0M(512.0M)->407.2M(512.0M)]
 [Times: user=0.00 sys=0.00, real=0.00 secs] 
2.001: [GC pause (G1 Evacuation Pause) (mixed) (to-space exhausted), 0.0008925 secs]
   [Parallel Time: 0.5 ms, GC Workers: 8]
      [GC Worker Start (ms): Min: 2001.5, Avg: 2001.5, Max: 2001.5, Diff: 0.0]
      [Ext Root Scanning (ms): Min: 0.1, Avg: 0.1, Max: 0.1, Diff: 0.0, Sum: 0.9]
      [Update RS (ms): Min: 0.1, Avg: 0.1, Max: 0.1, Diff: 0.1, Sum: 0.8]
         [Processed Buffers: Min: 2, Avg: 2.5, Max: 3, Diff: 1, Sum: 20]
      [Scan RS (ms): Min: 0.0, Avg: 0.0, Max: 0.0, Diff: 0.0, Sum: 0.1]
      [Code Root Scanning (ms): Min: 0.0, Avg: 0.0, Max: 0.0, Diff: 0.0, Sum: 0.0]
      [Object Copy (ms): Min: 0.2, Avg: 0.2, Max: 0.2, Diff: 0.0, Sum: 1.7]
      [Termination (ms): Min: 0.0, Avg: 0.0, Max: 0.0, Diff: 0.0, Sum: 0.1]
         [Termination Attempts: Min: 1, Avg: 1.1, Max: 2, Diff: 1, Sum: 9]
      [GC Worker Other (ms): Min: 0.0, Avg: 0.0, Max: 0.0, Diff: 0.0, Sum: 0.0]
      [GC Worker Total (ms): Min: 0.4, Avg: 0.4, Max: 0.5, Diff: 0.0, Sum: 3.6]
      [GC Worker End (ms): Min: 2002.0, Avg: 2002.0, Max: 2002.0, Diff: 0.0]
   [Code Root Fixup: 0.0 ms]
   [Code Root Purge: 0.0 ms]
   [Clear CT: 0.1 ms]
   [Other: 0.3 ms]
      [Evacuation Failure: 0.1 ms]
      [Choose CSet: 0.0 ms]
      [Ref Proc: 0.1 ms]
      [Ref Enq: 0.0 ms]
      [Redirty Cards: 0.1 ms]
      [Humongous Register: 0.1 ms]
      [Humongous Reclaim: 0.0 ms]
      [Free CSet: 0.0 ms]
   [Eden: 3072.0K(25600.0K)->0.0B(25600.0K) Survivors: 0.0B->0.0B Heap: 411.0M(512.0M)->409.2M(512.0M)]
 [Times: user=0.00 sys=0.02, real=0.00 secs] 
2.003: [GC pause (G1 Evacuation Pause) (mixed) (to-space exhausted), 0.0008452 secs]
   [Parallel Time: 0.4 ms, GC Workers: 8]
      [GC Worker Start (ms): Min: 2003.3, Avg: 2003.4, Max: 2003.5, Diff: 0.2]
      [Ext Root Scanning (ms): Min: 0.0, Avg: 0.1, Max: 0.1, Diff: 0.1, Sum: 0.8]
      [Update RS (ms): Min: 0.0, Avg: 0.1, Max: 0.1, Diff: 0.1, Sum: 0.6]
         [Processed Buffers: Min: 1, Avg: 2.6, Max: 4, Diff: 3, Sum: 21]
      [Scan RS (ms): Min: 0.0, Avg: 0.0, Max: 0.0, Diff: 0.0, Sum: 0.1]
      [Code Root Scanning (ms): Min: 0.0, Avg: 0.0, Max: 0.0, Diff: 0.0, Sum: 0.0]
      [Object Copy (ms): Min: 0.1, Avg: 0.1, Max: 0.1, Diff: 0.0, Sum: 0.9]
      [Termination (ms): Min: 0.0, Avg: 0.0, Max: 0.0, Diff: 0.0, Sum: 0.1]
         [Termination Attempts: Min: 1, Avg: 1.0, Max: 1, Diff: 0, Sum: 8]
      [GC Worker Other (ms): Min: 0.0, Avg: 0.0, Max: 0.0, Diff: 0.0, Sum: 0.0]
      [GC Worker Total (ms): Min: 0.2, Avg: 0.3, Max: 0.4, Diff: 0.2, Sum: 2.6]
      [GC Worker End (ms): Min: 2003.7, Avg: 2003.7, Max: 2003.7, Diff: 0.0]
   [Code Root Fixup: 0.0 ms]
   [Code Root Purge: 0.0 ms]
   [Clear CT: 0.1 ms]
   [Other: 0.4 ms]
      [Evacuation Failure: 0.1 ms]
      [Choose CSet: 0.0 ms]
      [Ref Proc: 0.0 ms]
      [Ref Enq: 0.0 ms]
      [Redirty Cards: 0.1 ms]
      [Humongous Register: 0.1 ms]
      [Humongous Reclaim: 0.0 ms]
      [Free CSet: 0.0 ms]
   [Eden: 2048.0K(25600.0K)->0.0B(25600.0K) Survivors: 0.0B->0.0B Heap: 411.2M(512.0M)->411.2M(512.0M)]
 [Times: user=0.00 sys=0.00, real=0.00 secs] 
2.004: [Full GC (Allocation Failure)  411M->357M(512M), 0.0354914 secs]
   [Eden: 0.0B(25600.0K)->0.0B(25600.0K) Survivors: 0.0B->0.0B Heap: 411.2M(512.0M)->357.5M(512.0M)], [Metaspace: 3130K->3130K(1056768K)]
 [Times: user=0.03 sys=0.00, real=0.04 secs] 
2.040: [GC pause (G1 Humongous Allocation) (young) (initial-mark), 0.0006817 secs]
   [Parallel Time: 0.4 ms, GC Workers: 8]
      [GC Worker Start (ms): Min: 2040.1, Avg: 2040.2, Max: 2040.2, Diff: 0.0]
      [Ext Root Scanning (ms): Min: 0.1, Avg: 0.1, Max: 0.1, Diff: 0.0, Sum: 0.9]
      [Update RS (ms): Min: 0.0, Avg: 0.0, Max: 0.2, Diff: 0.2, Sum: 0.3]
         [Processed Buffers: Min: 0, Avg: 0.3, Max: 1, Diff: 1, Sum: 2]
      [Scan RS (ms): Min: 0.0, Avg: 0.0, Max: 0.0, Diff: 0.0, Sum: 0.0]
      [Code Root Scanning (ms): Min: 0.0, Avg: 0.0, Max: 0.0, Diff: 0.0, Sum: 0.0]
      [Object Copy (ms): Min: 0.0, Avg: 0.0, Max: 0.0, Diff: 0.0, Sum: 0.1]
      [Termination (ms): Min: 0.0, Avg: 0.2, Max: 0.2, Diff: 0.2, Sum: 1.4]
         [Termination Attempts: Min: 1, Avg: 2.0, Max: 3, Diff: 2, Sum: 16]
      [GC Worker Other (ms): Min: 0.0, Avg: 0.0, Max: 0.0, Diff: 0.0, Sum: 0.0]
      [GC Worker Total (ms): Min: 0.3, Avg: 0.3, Max: 0.4, Diff: 0.0, Sum: 2.7]
      [GC Worker End (ms): Min: 2040.5, Avg: 2040.5, Max: 2040.5, Diff: 0.0]
   [Code Root Fixup: 0.0 ms]
   [Code Root Purge: 0.0 ms]
   [Clear CT: 0.1 ms]
   [Other: 0.2 ms]
      [Choose CSet: 0.0 ms]
      [Ref Proc: 0.1 ms]
      [Ref Enq: 0.0 ms]
      [Redirty Cards: 0.1 ms]
      [Humongous Register: 0.1 ms]
      [Humongous Reclaim: 0.0 ms]
      [Free CSet: 0.0 ms]
   [Eden: 1024.0K(25600.0K)->0.0B(24576.0K) Survivors: 0.0B->1024.0K Heap: 358.0M(512.0M)->357.9M(512.0M)]
 [Times: user=0.00 sys=0.00, real=0.00 secs] 
2.041: [GC concurrent-root-region-scan-start]
2.041: [GC concurrent-root-region-scan-end, 0.0000715 secs]
2.041: [GC concurrent-mark-start]
2.042: [GC concurrent-mark-end, 0.0012328 secs]
2.042: [GC remark 2.042: [Finalize Marking, 0.0001129 secs] 2.043: [GC ref-proc, 0.0000889 secs] 2.043: [Unloading, 0.0004139 secs], 0.0014894 secs]
 [Times: user=0.00 sys=0.00, real=0.00 secs] 
2.044: [GC cleanup 369M->369M(512M), 0.0003552 secs]
 [Times: user=0.00 sys=0.00, real=0.00 secs] 
2.047: [GC pause (G1 Evacuation Pause) (young), 0.0022954 secs]
   [Parallel Time: 1.9 ms, GC Workers: 8]
      [GC Worker Start (ms): Min: 2047.6, Avg: 2047.6, Max: 2047.6, Diff: 0.0]
      [Ext Root Scanning (ms): Min: 0.1, Avg: 0.1, Max: 0.1, Diff: 0.0, Sum: 0.9]
      [Update RS (ms): Min: 0.5, Avg: 0.5, Max: 0.6, Diff: 0.1, Sum: 4.2]
         [Processed Buffers: Min: 6, Avg: 7.0, Max: 8, Diff: 2, Sum: 56]
      [Scan RS (ms): Min: 0.0, Avg: 0.0, Max: 0.0, Diff: 0.0, Sum: 0.0]
      [Code Root Scanning (ms): Min: 0.0, Avg: 0.0, Max: 0.0, Diff: 0.0, Sum: 0.0]
      [Object Copy (ms): Min: 1.0, Avg: 1.1, Max: 1.2, Diff: 0.2, Sum: 8.8]
      [Termination (ms): Min: 0.0, Avg: 0.1, Max: 0.1, Diff: 0.1, Sum: 0.5]
         [Termination Attempts: Min: 1, Avg: 1.0, Max: 1, Diff: 0, Sum: 8]
      [GC Worker Other (ms): Min: 0.0, Avg: 0.0, Max: 0.0, Diff: 0.0, Sum: 0.1]
      [GC Worker Total (ms): Min: 1.8, Avg: 1.8, Max: 1.8, Diff: 0.0, Sum: 14.5]
      [GC Worker End (ms): Min: 2049.4, Avg: 2049.4, Max: 2049.4, Diff: 0.0]
   [Code Root Fixup: 0.0 ms]
   [Code Root Purge: 0.0 ms]
   [Clear CT: 0.1 ms]
   [Other: 0.4 ms]
      [Choose CSet: 0.0 ms]
      [Ref Proc: 0.1 ms]
      [Ref Enq: 0.0 ms]
      [Redirty Cards: 0.1 ms]
      [Humongous Register: 0.1 ms]
      [Humongous Reclaim: 0.0 ms]
      [Free CSet: 0.0 ms]
   [Eden: 24576.0K(24576.0K)->0.0B(21504.0K) Survivors: 1024.0K->4096.0K Heap: 388.3M(512.0M)->367.6M(512.0M)]
 [Times: user=0.13 sys=0.00, real=0.00 secs] 
2.051: [GC pause (G1 Humongous Allocation) (young) (initial-mark), 0.0010535 secs]
   [Parallel Time: 0.7 ms, GC Workers: 8]
      [GC Worker Start (ms): Min: 2050.7, Avg: 2050.8, Max: 2050.9, Diff: 0.1]
      [Ext Root Scanning (ms): Min: 0.0, Avg: 0.2, Max: 0.4, Diff: 0.4, Sum: 1.3]
      [Update RS (ms): Min: 0.0, Avg: 0.1, Max: 0.1, Diff: 0.1, Sum: 0.5]
         [Processed Buffers: Min: 0, Avg: 1.1, Max: 2, Diff: 2, Sum: 9]
      [Scan RS (ms): Min: 0.0, Avg: 0.0, Max: 0.0, Diff: 0.0, Sum: 0.0]
      [Code Root Scanning (ms): Min: 0.0, Avg: 0.0, Max: 0.0, Diff: 0.0, Sum: 0.0]
      [Object Copy (ms): Min: 0.1, Avg: 0.3, Max: 0.4, Diff: 0.4, Sum: 2.5]
      [Termination (ms): Min: 0.0, Avg: 0.1, Max: 0.1, Diff: 0.1, Sum: 0.6]
         [Termination Attempts: Min: 1, Avg: 1.0, Max: 1, Diff: 0, Sum: 8]
      [GC Worker Other (ms): Min: 0.0, Avg: 0.0, Max: 0.0, Diff: 0.0, Sum: 0.0]
      [GC Worker Total (ms): Min: 0.5, Avg: 0.6, Max: 0.7, Diff: 0.2, Sum: 5.0]
      [GC Worker End (ms): Min: 2051.4, Avg: 2051.4, Max: 2051.4, Diff: 0.0]
   [Code Root Fixup: 0.0 ms]
   [Code Root Purge: 0.0 ms]
   [Clear CT: 0.1 ms]
   [Other: 0.3 ms]
      [Choose CSet: 0.0 ms]
      [Ref Proc: 0.1 ms]
      [Ref Enq: 0.0 ms]
      [Redirty Cards: 0.1 ms]
      [Humongous Register: 0.1 ms]
      [Humongous Reclaim: 0.0 ms]
      [Free CSet: 0.0 ms]
   [Eden: 2048.0K(21504.0K)->0.0B(24576.0K) Survivors: 4096.0K->1024.0K Heap: 369.4M(512.0M)->368.0M(512.0M)]
 [Times: user=0.00 sys=0.00, real=0.00 secs] 
2.052: [GC concurrent-root-region-scan-start]
2.052: [GC concurrent-root-region-scan-end, 0.0000465 secs]
2.052: [GC concurrent-mark-start]
2.053: [GC concurrent-mark-end, 0.0011889 secs]
2.053: [GC remark 2.053: [Finalize Marking, 0.0000821 secs] 2.053: [GC ref-proc, 0.0000888 secs] 2.054: [Unloading, 0.0004400 secs], 0.0016243 secs]
 [Times: user=0.00 sys=0.00, real=0.00 secs] 
2.055: [GC cleanup 374M->374M(512M), 0.0004381 secs]
 [Times: user=0.00 sys=0.00, real=0.00 secs] 
2.059: [GC pause (G1 Evacuation Pause) (young) (to-space exhausted), 0.0021168 secs]
   [Parallel Time: 1.7 ms, GC Workers: 8]
      [GC Worker Start (ms): Min: 2058.8, Avg: 2058.9, Max: 2059.0, Diff: 0.2]
      [Ext Root Scanning (ms): Min: 0.0, Avg: 0.1, Max: 0.1, Diff: 0.1, Sum: 0.9]
      [Update RS (ms): Min: 0.5, Avg: 0.6, Max: 1.5, Diff: 1.0, Sum: 5.0]
         [Processed Buffers: Min: 0, Avg: 6.3, Max: 8, Diff: 8, Sum: 50]
      [Scan RS (ms): Min: 0.0, Avg: 0.0, Max: 0.0, Diff: 0.0, Sum: 0.0]
      [Code Root Scanning (ms): Min: 0.0, Avg: 0.0, Max: 0.0, Diff: 0.0, Sum: 0.0]
      [Object Copy (ms): Min: 0.0, Avg: 0.8, Max: 1.0, Diff: 1.0, Sum: 6.7]
      [Termination (ms): Min: 0.0, Avg: 0.0, Max: 0.1, Diff: 0.1, Sum: 0.2]
         [Termination Attempts: Min: 1, Avg: 1.0, Max: 1, Diff: 0, Sum: 8]
      [GC Worker Other (ms): Min: 0.0, Avg: 0.0, Max: 0.0, Diff: 0.0, Sum: 0.1]
      [GC Worker Total (ms): Min: 1.5, Avg: 1.6, Max: 1.6, Diff: 0.2, Sum: 12.9]
      [GC Worker End (ms): Min: 2060.5, Avg: 2060.5, Max: 2060.5, Diff: 0.0]
   [Code Root Fixup: 0.0 ms]
   [Code Root Purge: 0.0 ms]
   [Clear CT: 0.1 ms]
   [Other: 0.4 ms]
      [Evacuation Failure: 0.1 ms]
      [Choose CSet: 0.0 ms]
      [Ref Proc: 0.1 ms]
      [Ref Enq: 0.0 ms]
      [Redirty Cards: 0.1 ms]
      [Humongous Register: 0.1 ms]
      [Humongous Reclaim: 0.0 ms]
      [Free CSet: 0.0 ms]
   [Eden: 24576.0K(24576.0K)->0.0B(21504.0K) Survivors: 1024.0K->4096.0K Heap: 397.3M(512.0M)->377.6M(512.0M)]
 [Times: user=0.00 sys=0.00, real=0.00 secs] 
2.065: [GC pause (G1 Evacuation Pause) (mixed) (to-space exhausted), 0.0014653 secs]
   [Parallel Time: 1.0 ms, GC Workers: 8]
      [GC Worker Start (ms): Min: 2065.0, Avg: 2065.0, Max: 2065.1, Diff: 0.0]
      [Ext Root Scanning (ms): Min: 0.1, Avg: 0.1, Max: 0.1, Diff: 0.0, Sum: 1.0]
      [Update RS (ms): Min: 0.5, Avg: 0.6, Max: 0.6, Diff: 0.1, Sum: 4.7]
         [Processed Buffers: Min: 8, Avg: 8.8, Max: 10, Diff: 2, Sum: 70]
      [Scan RS (ms): Min: 0.0, Avg: 0.0, Max: 0.0, Diff: 0.0, Sum: 0.1]
      [Code Root Scanning (ms): Min: 0.0, Avg: 0.0, Max: 0.0, Diff: 0.0, Sum: 0.0]
      [Object Copy (ms): Min: 0.2, Avg: 0.2, Max: 0.2, Diff: 0.0, Sum: 1.9]
      [Termination (ms): Min: 0.0, Avg: 0.0, Max: 0.0, Diff: 0.0, Sum: 0.1]
         [Termination Attempts: Min: 1, Avg: 1.1, Max: 2, Diff: 1, Sum: 9]
      [GC Worker Other (ms): Min: 0.0, Avg: 0.0, Max: 0.0, Diff: 0.0, Sum: 0.0]
      [GC Worker Total (ms): Min: 0.9, Avg: 1.0, Max: 1.0, Diff: 0.0, Sum: 7.8]
      [GC Worker End (ms): Min: 2066.0, Avg: 2066.0, Max: 2066.0, Diff: 0.0]
   [Code Root Fixup: 0.0 ms]
   [Code Root Purge: 0.0 ms]
   [Clear CT: 0.1 ms]
   [Other: 0.4 ms]
      [Evacuation Failure: 0.1 ms]
      [Choose CSet: 0.0 ms]
      [Ref Proc: 0.1 ms]
      [Ref Enq: 0.0 ms]
      [Redirty Cards: 0.1 ms]
      [Humongous Register: 0.1 ms]
      [Humongous Reclaim: 0.0 ms]
      [Free CSet: 0.0 ms]
   [Eden: 21504.0K(21504.0K)->0.0B(24576.0K) Survivors: 4096.0K->1024.0K Heap: 405.5M(512.0M)->397.5M(512.0M)]
 [Times: user=0.13 sys=0.00, real=0.00 secs] 
2.067: [GC pause (G1 Humongous Allocation) (young) (initial-mark), 0.0008500 secs]
   [Parallel Time: 0.5 ms, GC Workers: 8]
      [GC Worker Start (ms): Min: 2067.2, Avg: 2067.2, Max: 2067.4, Diff: 0.1]
      [Ext Root Scanning (ms): Min: 0.0, Avg: 0.1, Max: 0.2, Diff: 0.2, Sum: 1.0]
      [Update RS (ms): Min: 0.0, Avg: 0.1, Max: 0.1, Diff: 0.0, Sum: 0.4]
         [Processed Buffers: Min: 1, Avg: 3.0, Max: 6, Diff: 5, Sum: 24]
      [Scan RS (ms): Min: 0.0, Avg: 0.0, Max: 0.0, Diff: 0.0, Sum: 0.0]
      [Code Root Scanning (ms): Min: 0.0, Avg: 0.0, Max: 0.0, Diff: 0.0, Sum: 0.0]
      [Object Copy (ms): Min: 0.1, Avg: 0.2, Max: 0.2, Diff: 0.1, Sum: 1.5]
      [Termination (ms): Min: 0.0, Avg: 0.1, Max: 0.1, Diff: 0.1, Sum: 0.5]
         [Termination Attempts: Min: 1, Avg: 1.0, Max: 1, Diff: 0, Sum: 8]
      [GC Worker Other (ms): Min: 0.0, Avg: 0.0, Max: 0.0, Diff: 0.0, Sum: 0.0]
      [GC Worker Total (ms): Min: 0.3, Avg: 0.4, Max: 0.5, Diff: 0.1, Sum: 3.5]
      [GC Worker End (ms): Min: 2067.7, Avg: 2067.7, Max: 2067.7, Diff: 0.0]
   [Code Root Fixup: 0.0 ms]
   [Code Root Purge: 0.0 ms]
   [Clear CT: 0.1 ms]
   [Other: 0.3 ms]
      [Choose CSet: 0.0 ms]
      [Ref Proc: 0.1 ms]
      [Ref Enq: 0.0 ms]
      [Redirty Cards: 0.1 ms]
      [Humongous Register: 0.1 ms]
      [Humongous Reclaim: 0.0 ms]
      [Free CSet: 0.0 ms]
   [Eden: 4096.0K(24576.0K)->0.0B(23552.0K) Survivors: 1024.0K->2048.0K Heap: 400.6M(512.0M)->397.8M(512.0M)]
 [Times: user=0.00 sys=0.00, real=0.00 secs] 
2.068: [GC concurrent-root-region-scan-start]
2.068: [GC concurrent-root-region-scan-end, 0.0001319 secs]
2.068: [GC concurrent-mark-start]
2.070: [GC concurrent-mark-end, 0.0012749 secs]
2.070: [GC remark 2.070: [Finalize Marking, 0.0000883 secs] 2.070: [GC ref-proc, 0.0000915 secs] 2.070: [Unloading, 0.0004121 secs], 0.0015032 secs]
 [Times: user=0.00 sys=0.00, real=0.00 secs] 
2.071: [GC cleanup 407M->407M(512M), 0.0003740 secs]
 [Times: user=0.00 sys=0.00, real=0.00 secs] 
2.072: [GC pause (G1 Humongous Allocation) (young) (to-space exhausted), 0.0007680 secs]
   [Parallel Time: 0.4 ms, GC Workers: 8]
      [GC Worker Start (ms): Min: 2072.3, Avg: 2072.3, Max: 2072.4, Diff: 0.0]
      [Ext Root Scanning (ms): Min: 0.1, Avg: 0.1, Max: 0.1, Diff: 0.0, Sum: 0.9]
      [Update RS (ms): Min: 0.1, Avg: 0.1, Max: 0.2, Diff: 0.1, Sum: 1.0]
         [Processed Buffers: Min: 2, Avg: 2.3, Max: 3, Diff: 1, Sum: 18]
      [Scan RS (ms): Min: 0.0, Avg: 0.0, Max: 0.0, Diff: 0.0, Sum: 0.0]
      [Code Root Scanning (ms): Min: 0.0, Avg: 0.0, Max: 0.0, Diff: 0.0, Sum: 0.0]
      [Object Copy (ms): Min: 0.0, Avg: 0.0, Max: 0.1, Diff: 0.1, Sum: 0.4]
      [Termination (ms): Min: 0.0, Avg: 0.0, Max: 0.0, Diff: 0.0, Sum: 0.1]
         [Termination Attempts: Min: 1, Avg: 1.0, Max: 1, Diff: 0, Sum: 8]
      [GC Worker Other (ms): Min: 0.0, Avg: 0.0, Max: 0.0, Diff: 0.0, Sum: 0.0]
      [GC Worker Total (ms): Min: 0.3, Avg: 0.3, Max: 0.3, Diff: 0.0, Sum: 2.4]
      [GC Worker End (ms): Min: 2072.6, Avg: 2072.6, Max: 2072.6, Diff: 0.0]
   [Code Root Fixup: 0.0 ms]
   [Code Root Purge: 0.0 ms]
   [Clear CT: 0.1 ms]
   [Other: 0.4 ms]
      [Evacuation Failure: 0.1 ms]
      [Choose CSet: 0.0 ms]
      [Ref Proc: 0.1 ms]
      [Ref Enq: 0.0 ms]
      [Redirty Cards: 0.1 ms]
      [Humongous Register: 0.1 ms]
      [Humongous Reclaim: 0.0 ms]
      [Free CSet: 0.0 ms]
   [Eden: 11264.0K(23552.0K)->0.0B(25600.0K) Survivors: 2048.0K->0.0B Heap: 409.1M(512.0M)->405.3M(512.0M)]
 [Times: user=0.00 sys=0.00, real=0.00 secs] 
2.074: [GC pause (G1 Evacuation Pause) (mixed) (to-space exhausted), 0.0008458 secs]
   [Parallel Time: 0.4 ms, GC Workers: 8]
      [GC Worker Start (ms): Min: 2074.2, Avg: 2074.2, Max: 2074.2, Diff: 0.0]
      [Ext Root Scanning (ms): Min: 0.1, Avg: 0.1, Max: 0.1, Diff: 0.0, Sum: 0.9]
      [Update RS (ms): Min: 0.0, Avg: 0.1, Max: 0.1, Diff: 0.1, Sum: 0.6]
         [Processed Buffers: Min: 1, Avg: 3.0, Max: 5, Diff: 4, Sum: 24]
      [Scan RS (ms): Min: 0.0, Avg: 0.0, Max: 0.1, Diff: 0.1, Sum: 0.1]
      [Code Root Scanning (ms): Min: 0.0, Avg: 0.0, Max: 0.0, Diff: 0.0, Sum: 0.0]
      [Object Copy (ms): Min: 0.1, Avg: 0.2, Max: 0.2, Diff: 0.0, Sum: 1.3]
      [Termination (ms): Min: 0.0, Avg: 0.0, Max: 0.0, Diff: 0.0, Sum: 0.1]
         [Termination Attempts: Min: 1, Avg: 2.0, Max: 3, Diff: 2, Sum: 16]
      [GC Worker Other (ms): Min: 0.0, Avg: 0.0, Max: 0.0, Diff: 0.0, Sum: 0.0]
      [GC Worker Total (ms): Min: 0.4, Avg: 0.4, Max: 0.4, Diff: 0.0, Sum: 3.1]
      [GC Worker End (ms): Min: 2074.6, Avg: 2074.6, Max: 2074.6, Diff: 0.0]
   [Code Root Fixup: 0.0 ms]
   [Code Root Purge: 0.0 ms]
   [Clear CT: 0.1 ms]
   [Other: 0.3 ms]
      [Evacuation Failure: 0.1 ms]
      [Choose CSet: 0.0 ms]
      [Ref Proc: 0.1 ms]
      [Ref Enq: 0.0 ms]
      [Redirty Cards: 0.1 ms]
      [Humongous Register: 0.1 ms]
      [Humongous Reclaim: 0.0 ms]
      [Free CSet: 0.0 ms]
   [Eden: 4096.0K(25600.0K)->0.0B(25600.0K) Survivors: 0.0B->0.0B Heap: 409.9M(512.0M)->409.9M(512.0M)]
 [Times: user=0.00 sys=0.00, real=0.00 secs] 
2.075: [Full GC (Allocation Failure)  409M->359M(512M), 0.0362369 secs]
   [Eden: 0.0B(25600.0K)->0.0B(25600.0K) Survivors: 0.0B->0.0B Heap: 409.9M(512.0M)->359.7M(512.0M)], [Metaspace: 3130K->3130K(1056768K)]
 [Times: user=0.03 sys=0.00, real=0.04 secs] 
2.112: [GC pause (G1 Humongous Allocation) (young) (initial-mark), 0.0010806 secs]
   [Parallel Time: 0.5 ms, GC Workers: 8]
      [GC Worker Start (ms): Min: 2112.2, Avg: 2112.2, Max: 2112.2, Diff: 0.0]
      [Ext Root Scanning (ms): Min: 0.1, Avg: 0.1, Max: 0.1, Diff: 0.0, Sum: 0.9]
      [Update RS (ms): Min: 0.0, Avg: 0.0, Max: 0.2, Diff: 0.2, Sum: 0.3]
         [Processed Buffers: Min: 0, Avg: 0.3, Max: 1, Diff: 1, Sum: 2]
      [Scan RS (ms): Min: 0.0, Avg: 0.0, Max: 0.0, Diff: 0.0, Sum: 0.0]
      [Code Root Scanning (ms): Min: 0.0, Avg: 0.0, Max: 0.0, Diff: 0.0, Sum: 0.0]
      [Object Copy (ms): Min: 0.0, Avg: 0.0, Max: 0.1, Diff: 0.0, Sum: 0.1]
      [Termination (ms): Min: 0.0, Avg: 0.1, Max: 0.2, Diff: 0.2, Sum: 1.0]
         [Termination Attempts: Min: 1, Avg: 2.5, Max: 5, Diff: 4, Sum: 20]
      [GC Worker Other (ms): Min: 0.0, Avg: 0.0, Max: 0.0, Diff: 0.0, Sum: 0.0]
      [GC Worker Total (ms): Min: 0.3, Avg: 0.3, Max: 0.3, Diff: 0.0, Sum: 2.4]
      [GC Worker End (ms): Min: 2112.5, Avg: 2112.5, Max: 2112.5, Diff: 0.0]
   [Code Root Fixup: 0.0 ms]
   [Code Root Purge: 0.0 ms]
   [Clear CT: 0.2 ms]
   [Other: 0.4 ms]
      [Choose CSet: 0.0 ms]
      [Ref Proc: 0.1 ms]
      [Ref Enq: 0.0 ms]
      [Redirty Cards: 0.2 ms]
      [Humongous Register: 0.1 ms]
      [Humongous Reclaim: 0.0 ms]
      [Free CSet: 0.0 ms]
   [Eden: 3072.0K(25600.0K)->0.0B(24576.0K) Survivors: 0.0B->1024.0K Heap: 361.9M(512.0M)->360.4M(512.0M)]
 [Times: user=0.00 sys=0.00, real=0.00 secs] 
2.113: [GC concurrent-root-region-scan-start]
2.113: [GC concurrent-root-region-scan-end, 0.0000790 secs]
2.113: [GC concurrent-mark-start]
2.115: [GC concurrent-mark-end, 0.0011095 secs]
2.115: [GC remark 2.115: [Finalize Marking, 0.0001542 secs] 2.115: [GC ref-proc, 0.0000899 secs] 2.115: [Unloading, 0.0004955 secs], 0.0016808 secs]
 [Times: user=0.00 sys=0.00, real=0.00 secs] 
2.116: [GC cleanup 369M->369M(512M), 0.0003595 secs]
 [Times: user=0.00 sys=0.00, real=0.00 secs] 
2.120: [GC pause (G1 Evacuation Pause) (young), 0.0023653 secs]
   [Parallel Time: 2.0 ms, GC Workers: 8]
      [GC Worker Start (ms): Min: 2120.3, Avg: 2120.3, Max: 2120.3, Diff: 0.0]
      [Ext Root Scanning (ms): Min: 0.1, Avg: 0.1, Max: 0.1, Diff: 0.0, Sum: 0.9]
      [Update RS (ms): Min: 0.7, Avg: 0.7, Max: 0.7, Diff: 0.0, Sum: 5.7]
         [Processed Buffers: Min: 9, Avg: 10.0, Max: 12, Diff: 3, Sum: 80]
      [Scan RS (ms): Min: 0.0, Avg: 0.0, Max: 0.0, Diff: 0.0, Sum: 0.0]
      [Code Root Scanning (ms): Min: 0.0, Avg: 0.0, Max: 0.0, Diff: 0.0, Sum: 0.0]
      [Object Copy (ms): Min: 0.9, Avg: 1.0, Max: 1.1, Diff: 0.1, Sum: 7.9]
      [Termination (ms): Min: 0.0, Avg: 0.1, Max: 0.2, Diff: 0.2, Sum: 0.6]
         [Termination Attempts: Min: 1, Avg: 1.0, Max: 1, Diff: 0, Sum: 8]
      [GC Worker Other (ms): Min: 0.0, Avg: 0.0, Max: 0.0, Diff: 0.0, Sum: 0.1]
      [GC Worker Total (ms): Min: 1.9, Avg: 1.9, Max: 1.9, Diff: 0.0, Sum: 15.2]
      [GC Worker End (ms): Min: 2122.2, Avg: 2122.2, Max: 2122.2, Diff: 0.0]
   [Code Root Fixup: 0.0 ms]
   [Code Root Purge: 0.0 ms]
   [Clear CT: 0.1 ms]
   [Other: 0.3 ms]
      [Choose CSet: 0.0 ms]
      [Ref Proc: 0.1 ms]
      [Ref Enq: 0.0 ms]
      [Redirty Cards: 0.1 ms]
      [Humongous Register: 0.1 ms]
      [Humongous Reclaim: 0.0 ms]
      [Free CSet: 0.0 ms]
   [Eden: 24576.0K(24576.0K)->0.0B(21504.0K) Survivors: 1024.0K->4096.0K Heap: 393.6M(512.0M)->370.9M(512.0M)]
 [Times: user=0.00 sys=0.00, real=0.00 secs] 
2.123: [GC pause (G1 Humongous Allocation) (young) (initial-mark), 0.0009921 secs]
   [Parallel Time: 0.7 ms, GC Workers: 8]
      [GC Worker Start (ms): Min: 2122.9, Avg: 2123.0, Max: 2123.0, Diff: 0.0]
      [Ext Root Scanning (ms): Min: 0.1, Avg: 0.1, Max: 0.1, Diff: 0.0, Sum: 0.9]
      [Update RS (ms): Min: 0.0, Avg: 0.0, Max: 0.1, Diff: 0.0, Sum: 0.3]
         [Processed Buffers: Min: 1, Avg: 1.3, Max: 2, Diff: 1, Sum: 10]
      [Scan RS (ms): Min: 0.0, Avg: 0.0, Max: 0.0, Diff: 0.0, Sum: 0.0]
      [Code Root Scanning (ms): Min: 0.0, Avg: 0.0, Max: 0.0, Diff: 0.0, Sum: 0.0]
      [Object Copy (ms): Min: 0.4, Avg: 0.4, Max: 0.5, Diff: 0.1, Sum: 3.4]
      [Termination (ms): Min: 0.0, Avg: 0.0, Max: 0.1, Diff: 0.1, Sum: 0.3]
         [Termination Attempts: Min: 1, Avg: 1.0, Max: 1, Diff: 0, Sum: 8]
      [GC Worker Other (ms): Min: 0.0, Avg: 0.0, Max: 0.0, Diff: 0.0, Sum: 0.0]
      [GC Worker Total (ms): Min: 0.6, Avg: 0.6, Max: 0.6, Diff: 0.0, Sum: 5.0]
      [GC Worker End (ms): Min: 2123.6, Avg: 2123.6, Max: 2123.6, Diff: 0.0]
   [Code Root Fixup: 0.0 ms]
   [Code Root Purge: 0.0 ms]
   [Clear CT: 0.1 ms]
   [Other: 0.3 ms]
      [Choose CSet: 0.0 ms]
      [Ref Proc: 0.1 ms]
      [Ref Enq: 0.0 ms]
      [Redirty Cards: 0.1 ms]
      [Humongous Register: 0.1 ms]
      [Humongous Reclaim: 0.0 ms]
      [Free CSet: 0.0 ms]
   [Eden: 1024.0K(21504.0K)->0.0B(24576.0K) Survivors: 4096.0K->1024.0K Heap: 371.7M(512.0M)->371.4M(512.0M)]
 [Times: user=0.00 sys=0.00, real=0.00 secs] 
2.124: [GC concurrent-root-region-scan-start]
2.124: [GC concurrent-root-region-scan-end, 0.0000480 secs]
2.124: [GC concurrent-mark-start]
2.125: [GC concurrent-mark-end, 0.0011760 secs]
2.125: [GC remark 2.125: [Finalize Marking, 0.0000996 secs] 2.126: [GC ref-proc, 0.0000854 secs] 2.126: [Unloading, 0.0003902 secs], 0.0014432 secs]
 [Times: user=0.00 sys=0.00, real=0.00 secs] 
2.127: [GC cleanup 380M->380M(512M), 0.0004303 secs]
 [Times: user=0.00 sys=0.00, real=0.00 secs] 
2.131: [GC pause (G1 Evacuation Pause) (young), 0.0019370 secs]
   [Parallel Time: 1.6 ms, GC Workers: 8]
      [GC Worker Start (ms): Min: 2131.3, Avg: 2131.3, Max: 2131.3, Diff: 0.0]
      [Ext Root Scanning (ms): Min: 0.1, Avg: 0.1, Max: 0.1, Diff: 0.0, Sum: 0.9]
      [Update RS (ms): Min: 0.4, Avg: 0.4, Max: 0.5, Diff: 0.1, Sum: 3.5]
         [Processed Buffers: Min: 6, Avg: 6.4, Max: 7, Diff: 1, Sum: 51]
      [Scan RS (ms): Min: 0.0, Avg: 0.0, Max: 0.0, Diff: 0.0, Sum: 0.0]
      [Code Root Scanning (ms): Min: 0.0, Avg: 0.0, Max: 0.0, Diff: 0.0, Sum: 0.0]
      [Object Copy (ms): Min: 0.8, Avg: 0.9, Max: 0.9, Diff: 0.1, Sum: 7.0]
      [Termination (ms): Min: 0.0, Avg: 0.1, Max: 0.1, Diff: 0.1, Sum: 0.5]
         [Termination Attempts: Min: 1, Avg: 1.0, Max: 1, Diff: 0, Sum: 8]
      [GC Worker Other (ms): Min: 0.0, Avg: 0.0, Max: 0.0, Diff: 0.0, Sum: 0.1]
      [GC Worker Total (ms): Min: 1.5, Avg: 1.5, Max: 1.5, Diff: 0.0, Sum: 11.9]
      [GC Worker End (ms): Min: 2132.8, Avg: 2132.8, Max: 2132.8, Diff: 0.0]
   [Code Root Fixup: 0.0 ms]
   [Code Root Purge: 0.0 ms]
   [Clear CT: 0.1 ms]
   [Other: 0.3 ms]
      [Choose CSet: 0.0 ms]
      [Ref Proc: 0.1 ms]
      [Ref Enq: 0.0 ms]
      [Redirty Cards: 0.1 ms]
      [Humongous Register: 0.1 ms]
      [Humongous Reclaim: 0.0 ms]
      [Free CSet: 0.0 ms]
   [Eden: 24576.0K(24576.0K)->0.0B(21504.0K) Survivors: 1024.0K->4096.0K Heap: 400.5M(512.0M)->373.8M(512.0M)]
 [Times: user=0.00 sys=0.00, real=0.00 secs] 
2.137: [GC pause (G1 Evacuation Pause) (mixed) (to-space exhausted), 0.0025016 secs]
   [Parallel Time: 2.0 ms, GC Workers: 8]
      [GC Worker Start (ms): Min: 2137.0, Avg: 2137.0, Max: 2137.1, Diff: 0.0]
      [Ext Root Scanning (ms): Min: 0.1, Avg: 0.1, Max: 0.1, Diff: 0.0, Sum: 0.9]
      [Update RS (ms): Min: 0.6, Avg: 0.6, Max: 0.6, Diff: 0.1, Sum: 4.7]
         [Processed Buffers: Min: 8, Avg: 8.4, Max: 10, Diff: 2, Sum: 67]
      [Scan RS (ms): Min: 0.0, Avg: 0.0, Max: 0.0, Diff: 0.0, Sum: 0.1]
      [Code Root Scanning (ms): Min: 0.0, Avg: 0.0, Max: 0.0, Diff: 0.0, Sum: 0.0]
      [Object Copy (ms): Min: 1.2, Avg: 1.2, Max: 1.3, Diff: 0.1, Sum: 9.8]
      [Termination (ms): Min: 0.0, Avg: 0.0, Max: 0.1, Diff: 0.1, Sum: 0.3]
         [Termination Attempts: Min: 1, Avg: 1.0, Max: 1, Diff: 0, Sum: 8]
      [GC Worker Other (ms): Min: 0.0, Avg: 0.0, Max: 0.0, Diff: 0.0, Sum: 0.1]
      [GC Worker Total (ms): Min: 1.9, Avg: 2.0, Max: 2.0, Diff: 0.0, Sum: 15.8]
      [GC Worker End (ms): Min: 2139.0, Avg: 2139.0, Max: 2139.0, Diff: 0.0]
   [Code Root Fixup: 0.0 ms]
   [Code Root Purge: 0.0 ms]
   [Clear CT: 0.1 ms]
   [Other: 0.4 ms]
      [Evacuation Failure: 0.1 ms]
      [Choose CSet: 0.0 ms]
      [Ref Proc: 0.1 ms]
      [Ref Enq: 0.0 ms]
      [Redirty Cards: 0.1 ms]
      [Humongous Register: 0.1 ms]
      [Humongous Reclaim: 0.0 ms]
      [Free CSet: 0.0 ms]
   [Eden: 21504.0K(21504.0K)->0.0B(22528.0K) Survivors: 4096.0K->3072.0K Heap: 401.9M(512.0M)->394.8M(512.0M)]
 [Times: user=0.00 sys=0.00, real=0.00 secs] 
2.140: [GC pause (G1 Humongous Allocation) (young) (initial-mark), 0.0009852 secs]
   [Parallel Time: 0.7 ms, GC Workers: 8]
      [GC Worker Start (ms): Min: 2139.8, Avg: 2139.9, Max: 2139.9, Diff: 0.0]
      [Ext Root Scanning (ms): Min: 0.1, Avg: 0.1, Max: 0.1, Diff: 0.0, Sum: 0.9]
      [Update RS (ms): Min: 0.0, Avg: 0.0, Max: 0.1, Diff: 0.0, Sum: 0.3]
         [Processed Buffers: Min: 1, Avg: 2.1, Max: 6, Diff: 5, Sum: 17]
      [Scan RS (ms): Min: 0.0, Avg: 0.0, Max: 0.0, Diff: 0.0, Sum: 0.0]
      [Code Root Scanning (ms): Min: 0.0, Avg: 0.0, Max: 0.0, Diff: 0.0, Sum: 0.0]
      [Object Copy (ms): Min: 0.3, Avg: 0.4, Max: 0.5, Diff: 0.2, Sum: 2.9]
      [Termination (ms): Min: 0.0, Avg: 0.1, Max: 0.2, Diff: 0.2, Sum: 0.8]
         [Termination Attempts: Min: 1, Avg: 1.0, Max: 1, Diff: 0, Sum: 8]
      [GC Worker Other (ms): Min: 0.0, Avg: 0.0, Max: 0.0, Diff: 0.0, Sum: 0.0]
      [GC Worker Total (ms): Min: 0.6, Avg: 0.6, Max: 0.6, Diff: 0.0, Sum: 5.0]
      [GC Worker End (ms): Min: 2140.5, Avg: 2140.5, Max: 2140.5, Diff: 0.0]
   [Code Root Fixup: 0.0 ms]
   [Code Root Purge: 0.0 ms]
   [Clear CT: 0.1 ms]
   [Other: 0.3 ms]
      [Choose CSet: 0.0 ms]
      [Ref Proc: 0.1 ms]
      [Ref Enq: 0.0 ms]
      [Redirty Cards: 0.1 ms]
      [Humongous Register: 0.1 ms]
      [Humongous Reclaim: 0.0 ms]
      [Free CSet: 0.0 ms]
   [Eden: 2048.0K(22528.0K)->0.0B(24576.0K) Survivors: 3072.0K->1024.0K Heap: 395.9M(512.0M)->395.0M(512.0M)]
 [Times: user=0.00 sys=0.00, real=0.00 secs] 
2.141: [GC concurrent-root-region-scan-start]
2.141: [GC concurrent-root-region-scan-end, 0.0000519 secs]
2.141: [GC concurrent-mark-start]
2.142: [GC concurrent-mark-end, 0.0012443 secs]
2.142: [GC remark 2.142: [Finalize Marking, 0.0000868 secs] 2.143: [GC ref-proc, 0.0000845 secs] 2.143: [Unloading, 0.0004245 secs], 0.0014846 secs]
 [Times: user=0.13 sys=0.00, real=0.00 secs] 
2.144: [GC cleanup 408M->408M(512M), 0.0004310 secs]
 [Times: user=0.00 sys=0.00, real=0.00 secs] 
2.146: [GC pause (G1 Evacuation Pause) (young) (to-space exhausted), 0.0010878 secs]
   [Parallel Time: 0.6 ms, GC Workers: 8]
      [GC Worker Start (ms): Min: 2146.3, Avg: 2146.4, Max: 2146.4, Diff: 0.0]
      [Ext Root Scanning (ms): Min: 0.1, Avg: 0.1, Max: 0.1, Diff: 0.0, Sum: 0.9]
      [Update RS (ms): Min: 0.4, Avg: 0.4, Max: 0.4, Diff: 0.1, Sum: 3.2]
         [Processed Buffers: Min: 5, Avg: 5.9, Max: 7, Diff: 2, Sum: 47]
      [Scan RS (ms): Min: 0.0, Avg: 0.0, Max: 0.0, Diff: 0.0, Sum: 0.0]
      [Code Root Scanning (ms): Min: 0.0, Avg: 0.0, Max: 0.0, Diff: 0.0, Sum: 0.0]
      [Object Copy (ms): Min: 0.0, Avg: 0.1, Max: 0.1, Diff: 0.1, Sum: 0.5]
      [Termination (ms): Min: 0.0, Avg: 0.0, Max: 0.0, Diff: 0.0, Sum: 0.1]
         [Termination Attempts: Min: 1, Avg: 1.0, Max: 1, Diff: 0, Sum: 8]
      [GC Worker Other (ms): Min: 0.0, Avg: 0.0, Max: 0.0, Diff: 0.0, Sum: 0.0]
      [GC Worker Total (ms): Min: 0.6, Avg: 0.6, Max: 0.6, Diff: 0.0, Sum: 4.7]
      [GC Worker End (ms): Min: 2146.9, Avg: 2146.9, Max: 2147.0, Diff: 0.0]
   [Code Root Fixup: 0.0 ms]
   [Code Root Purge: 0.0 ms]
   [Clear CT: 0.1 ms]
   [Other: 0.4 ms]
      [Evacuation Failure: 0.1 ms]
      [Choose CSet: 0.0 ms]
      [Ref Proc: 0.1 ms]
      [Ref Enq: 0.0 ms]
      [Redirty Cards: 0.1 ms]
      [Humongous Register: 0.1 ms]
      [Humongous Reclaim: 0.0 ms]
      [Free CSet: 0.0 ms]
   [Eden: 14336.0K(24576.0K)->0.0B(25600.0K) Survivors: 1024.0K->0.0B Heap: 413.6M(512.0M)->405.8M(512.0M)]
 [Times: user=0.00 sys=0.00, real=0.00 secs] 
2.149: [GC pause (G1 Evacuation Pause) (mixed) (to-space exhausted), 0.0009775 secs]
   [Parallel Time: 0.5 ms, GC Workers: 8]
      [GC Worker Start (ms): Min: 2149.2, Avg: 2149.3, Max: 2149.3, Diff: 0.0]
      [Ext Root Scanning (ms): Min: 0.1, Avg: 0.1, Max: 0.1, Diff: 0.0, Sum: 0.9]
      [Update RS (ms): Min: 0.1, Avg: 0.1, Max: 0.2, Diff: 0.1, Sum: 1.1]
         [Processed Buffers: Min: 2, Avg: 3.3, Max: 8, Diff: 6, Sum: 26]
      [Scan RS (ms): Min: 0.0, Avg: 0.0, Max: 0.0, Diff: 0.0, Sum: 0.1]
      [Code Root Scanning (ms): Min: 0.0, Avg: 0.0, Max: 0.0, Diff: 0.0, Sum: 0.0]
      [Object Copy (ms): Min: 0.1, Avg: 0.1, Max: 0.2, Diff: 0.0, Sum: 1.1]
      [Termination (ms): Min: 0.0, Avg: 0.0, Max: 0.0, Diff: 0.0, Sum: 0.1]
         [Termination Attempts: Min: 1, Avg: 1.0, Max: 1, Diff: 0, Sum: 8]
      [GC Worker Other (ms): Min: 0.0, Avg: 0.0, Max: 0.0, Diff: 0.0, Sum: 0.0]
      [GC Worker Total (ms): Min: 0.4, Avg: 0.4, Max: 0.5, Diff: 0.0, Sum: 3.5]
      [GC Worker End (ms): Min: 2149.7, Avg: 2149.7, Max: 2149.7, Diff: 0.0]
   [Code Root Fixup: 0.0 ms]
   [Code Root Purge: 0.0 ms]
   [Clear CT: 0.1 ms]
   [Other: 0.4 ms]
      [Evacuation Failure: 0.1 ms]
      [Choose CSet: 0.0 ms]
      [Ref Proc: 0.1 ms]
      [Ref Enq: 0.0 ms]
      [Redirty Cards: 0.1 ms]
      [Humongous Register: 0.1 ms]
      [Humongous Reclaim: 0.0 ms]
      [Free CSet: 0.0 ms]
   [Eden: 9216.0K(25600.0K)->0.0B(25600.0K) Survivors: 0.0B->0.0B Heap: 416.0M(512.0M)->413.9M(512.0M)]
 [Times: user=0.00 sys=0.00, real=0.00 secs] 
2.151: [GC pause (G1 Evacuation Pause) (mixed) (to-space exhausted), 0.0006897 secs]
   [Parallel Time: 0.4 ms, GC Workers: 8]
      [GC Worker Start (ms): Min: 2150.8, Avg: 2150.8, Max: 2150.8, Diff: 0.0]
      [Ext Root Scanning (ms): Min: 0.1, Avg: 0.1, Max: 0.1, Diff: 0.0, Sum: 0.9]
      [Update RS (ms): Min: 0.0, Avg: 0.1, Max: 0.1, Diff: 0.1, Sum: 0.8]
         [Processed Buffers: Min: 1, Avg: 3.4, Max: 6, Diff: 5, Sum: 27]
      [Scan RS (ms): Min: 0.0, Avg: 0.0, Max: 0.0, Diff: 0.0, Sum: 0.1]
      [Code Root Scanning (ms): Min: 0.0, Avg: 0.0, Max: 0.0, Diff: 0.0, Sum: 0.0]
      [Object Copy (ms): Min: 0.0, Avg: 0.1, Max: 0.1, Diff: 0.1, Sum: 0.6]
      [Termination (ms): Min: 0.0, Avg: 0.0, Max: 0.0, Diff: 0.0, Sum: 0.1]
         [Termination Attempts: Min: 1, Avg: 1.0, Max: 1, Diff: 0, Sum: 8]
      [GC Worker Other (ms): Min: 0.0, Avg: 0.0, Max: 0.0, Diff: 0.0, Sum: 0.0]
      [GC Worker Total (ms): Min: 0.3, Avg: 0.3, Max: 0.3, Diff: 0.0, Sum: 2.4]
      [GC Worker End (ms): Min: 2151.1, Avg: 2151.1, Max: 2151.1, Diff: 0.0]
   [Code Root Fixup: 0.0 ms]
   [Code Root Purge: 0.0 ms]
   [Clear CT: 0.1 ms]
   [Other: 0.3 ms]
      [Evacuation Failure: 0.1 ms]
      [Choose CSet: 0.0 ms]
      [Ref Proc: 0.1 ms]
      [Ref Enq: 0.0 ms]
      [Redirty Cards: 0.1 ms]
      [Humongous Register: 0.1 ms]
      [Humongous Reclaim: 0.0 ms]
      [Free CSet: 0.0 ms]
   [Eden: 2048.0K(25600.0K)->0.0B(25600.0K) Survivors: 0.0B->0.0B Heap: 416.6M(512.0M)->416.6M(512.0M)]
 [Times: user=0.00 sys=0.00, real=0.00 secs] 
2.152: [Full GC (Allocation Failure)  416M->356M(512M), 0.0351016 secs]
   [Eden: 0.0B(25600.0K)->0.0B(25600.0K) Survivors: 0.0B->0.0B Heap: 416.6M(512.0M)->356.4M(512.0M)], [Metaspace: 3130K->3130K(1056768K)]
 [Times: user=0.03 sys=0.00, real=0.04 secs] 
2.188: [GC pause (G1 Humongous Allocation) (young) (initial-mark), 0.0011368 secs]
   [Parallel Time: 0.4 ms, GC Workers: 8]
      [GC Worker Start (ms): Min: 2187.6, Avg: 2187.7, Max: 2187.7, Diff: 0.0]
      [Ext Root Scanning (ms): Min: 0.1, Avg: 0.1, Max: 0.1, Diff: 0.0, Sum: 0.9]
      [Update RS (ms): Min: 0.0, Avg: 0.0, Max: 0.2, Diff: 0.2, Sum: 0.3]
         [Processed Buffers: Min: 0, Avg: 0.3, Max: 1, Diff: 1, Sum: 2]
      [Scan RS (ms): Min: 0.0, Avg: 0.0, Max: 0.0, Diff: 0.0, Sum: 0.0]
      [Code Root Scanning (ms): Min: 0.0, Avg: 0.0, Max: 0.0, Diff: 0.0, Sum: 0.0]
      [Object Copy (ms): Min: 0.0, Avg: 0.0, Max: 0.1, Diff: 0.1, Sum: 0.2]
      [Termination (ms): Min: 0.0, Avg: 0.2, Max: 0.2, Diff: 0.2, Sum: 1.2]
         [Termination Attempts: Min: 1, Avg: 1.8, Max: 3, Diff: 2, Sum: 14]
      [GC Worker Other (ms): Min: 0.0, Avg: 0.0, Max: 0.0, Diff: 0.0, Sum: 0.0]
      [GC Worker Total (ms): Min: 0.3, Avg: 0.3, Max: 0.3, Diff: 0.0, Sum: 2.7]
      [GC Worker End (ms): Min: 2188.0, Avg: 2188.0, Max: 2188.0, Diff: 0.0]
   [Code Root Fixup: 0.0 ms]
   [Code Root Purge: 0.0 ms]
   [Clear CT: 0.2 ms]
   [Other: 0.5 ms]
      [Choose CSet: 0.0 ms]
      [Ref Proc: 0.1 ms]
      [Ref Enq: 0.0 ms]
      [Redirty Cards: 0.2 ms]
      [Humongous Register: 0.1 ms]
      [Humongous Reclaim: 0.0 ms]
      [Free CSet: 0.0 ms]
   [Eden: 5120.0K(25600.0K)->0.0B(24576.0K) Survivors: 0.0B->1024.0K Heap: 360.7M(512.0M)->356.6M(512.0M)]
 [Times: user=0.00 sys=0.00, real=0.00 secs] 
2.189: [GC concurrent-root-region-scan-start]
2.189: [GC concurrent-root-region-scan-end, 0.0000678 secs]
2.189: [GC concurrent-mark-start]
2.190: [GC concurrent-mark-end, 0.0011280 secs]
2.190: [GC remark 2.190: [Finalize Marking, 0.0001085 secs] 2.190: [GC ref-proc, 0.0000868 secs] 2.191: [Unloading, 0.0003954 secs], 0.0014616 secs]
 [Times: user=0.00 sys=0.00, real=0.00 secs] 
2.192: [GC cleanup 367M->367M(512M), 0.0004107 secs]
 [Times: user=0.00 sys=0.00, real=0.00 secs] 
2.196: [GC pause (G1 Evacuation Pause) (young), 0.0019433 secs]
   [Parallel Time: 1.6 ms, GC Workers: 8]
      [GC Worker Start (ms): Min: 2195.7, Avg: 2195.7, Max: 2195.7, Diff: 0.0]
      [Ext Root Scanning (ms): Min: 0.1, Avg: 0.1, Max: 0.1, Diff: 0.0, Sum: 1.0]
      [Update RS (ms): Min: 0.5, Avg: 0.5, Max: 0.5, Diff: 0.0, Sum: 3.8]
         [Processed Buffers: Min: 6, Avg: 6.6, Max: 7, Diff: 1, Sum: 53]
      [Scan RS (ms): Min: 0.0, Avg: 0.0, Max: 0.0, Diff: 0.0, Sum: 0.0]
      [Code Root Scanning (ms): Min: 0.0, Avg: 0.0, Max: 0.0, Diff: 0.0, Sum: 0.0]
      [Object Copy (ms): Min: 0.8, Avg: 0.8, Max: 0.9, Diff: 0.1, Sum: 6.7]
      [Termination (ms): Min: 0.0, Avg: 0.0, Max: 0.1, Diff: 0.1, Sum: 0.4]
         [Termination Attempts: Min: 1, Avg: 1.0, Max: 1, Diff: 0, Sum: 8]
      [GC Worker Other (ms): Min: 0.0, Avg: 0.0, Max: 0.0, Diff: 0.0, Sum: 0.1]
      [GC Worker Total (ms): Min: 1.5, Avg: 1.5, Max: 1.5, Diff: 0.0, Sum: 11.9]
      [GC Worker End (ms): Min: 2197.2, Avg: 2197.2, Max: 2197.2, Diff: 0.0]
   [Code Root Fixup: 0.0 ms]
   [Code Root Purge: 0.0 ms]
   [Clear CT: 0.1 ms]
   [Other: 0.3 ms]
      [Choose CSet: 0.0 ms]
      [Ref Proc: 0.1 ms]
      [Ref Enq: 0.0 ms]
      [Redirty Cards: 0.1 ms]
      [Humongous Register: 0.1 ms]
      [Humongous Reclaim: 0.0 ms]
      [Free CSet: 0.0 ms]
   [Eden: 24576.0K(24576.0K)->0.0B(21504.0K) Survivors: 1024.0K->4096.0K Heap: 386.6M(512.0M)->362.6M(512.0M)]
 [Times: user=0.00 sys=0.00, real=0.00 secs] 
2.198: [GC pause (G1 Humongous Allocation) (young) (initial-mark), 0.0010899 secs]
   [Parallel Time: 0.8 ms, GC Workers: 8]
      [GC Worker Start (ms): Min: 2198.1, Avg: 2198.1, Max: 2198.1, Diff: 0.0]
      [Ext Root Scanning (ms): Min: 0.1, Avg: 0.1, Max: 0.1, Diff: 0.0, Sum: 0.9]
      [Update RS (ms): Min: 0.0, Avg: 0.0, Max: 0.1, Diff: 0.0, Sum: 0.3]
         [Processed Buffers: Min: 1, Avg: 1.3, Max: 2, Diff: 1, Sum: 10]
      [Scan RS (ms): Min: 0.0, Avg: 0.0, Max: 0.0, Diff: 0.0, Sum: 0.0]
      [Code Root Scanning (ms): Min: 0.0, Avg: 0.0, Max: 0.0, Diff: 0.0, Sum: 0.0]
      [Object Copy (ms): Min: 0.5, Avg: 0.5, Max: 0.6, Diff: 0.1, Sum: 4.3]
      [Termination (ms): Min: 0.0, Avg: 0.0, Max: 0.0, Diff: 0.0, Sum: 0.2]
         [Termination Attempts: Min: 1, Avg: 1.0, Max: 1, Diff: 0, Sum: 8]
      [GC Worker Other (ms): Min: 0.0, Avg: 0.0, Max: 0.0, Diff: 0.0, Sum: 0.0]
      [GC Worker Total (ms): Min: 0.7, Avg: 0.7, Max: 0.7, Diff: 0.0, Sum: 5.7]
      [GC Worker End (ms): Min: 2198.8, Avg: 2198.8, Max: 2198.8, Diff: 0.0]
   [Code Root Fixup: 0.0 ms]
   [Code Root Purge: 0.0 ms]
   [Clear CT: 0.1 ms]
   [Other: 0.3 ms]
      [Choose CSet: 0.0 ms]
      [Ref Proc: 0.1 ms]
      [Ref Enq: 0.0 ms]
      [Redirty Cards: 0.1 ms]
      [Humongous Register: 0.1 ms]
      [Humongous Reclaim: 0.0 ms]
      [Free CSet: 0.0 ms]
   [Eden: 2048.0K(21504.0K)->0.0B(24576.0K) Survivors: 4096.0K->1024.0K Heap: 363.9M(512.0M)->362.7M(512.0M)]
 [Times: user=0.00 sys=0.00, real=0.00 secs] 
2.199: [GC concurrent-root-region-scan-start]
2.199: [GC concurrent-root-region-scan-end, 0.0000870 secs]
2.199: [GC concurrent-mark-start]
2.201: [GC concurrent-mark-end, 0.0011067 secs]
2.201: [GC remark 2.201: [Finalize Marking, 0.0001170 secs] 2.201: [GC ref-proc, 0.0000862 secs] 2.201: [Unloading, 0.0004014 secs], 0.0015090 secs]
 [Times: user=0.00 sys=0.00, real=0.00 secs] 
2.202: [GC cleanup 371M->371M(512M), 0.0004125 secs]
 [Times: user=0.00 sys=0.00, real=0.00 secs] 
2.206: [GC pause (G1 Evacuation Pause) (young), 0.0020600 secs]
   [Parallel Time: 1.7 ms, GC Workers: 8]
      [GC Worker Start (ms): Min: 2206.0, Avg: 2206.0, Max: 2206.0, Diff: 0.0]
      [Ext Root Scanning (ms): Min: 0.1, Avg: 0.1, Max: 0.1, Diff: 0.0, Sum: 0.9]
      [Update RS (ms): Min: 0.5, Avg: 0.5, Max: 0.6, Diff: 0.1, Sum: 4.3]
         [Processed Buffers: Min: 7, Avg: 8.0, Max: 9, Diff: 2, Sum: 64]
      [Scan RS (ms): Min: 0.0, Avg: 0.0, Max: 0.0, Diff: 0.0, Sum: 0.0]
      [Code Root Scanning (ms): Min: 0.0, Avg: 0.0, Max: 0.0, Diff: 0.0, Sum: 0.0]
      [Object Copy (ms): Min: 0.8, Avg: 0.9, Max: 0.9, Diff: 0.1, Sum: 7.0]
      [Termination (ms): Min: 0.0, Avg: 0.1, Max: 0.1, Diff: 0.1, Sum: 0.6]
         [Termination Attempts: Min: 1, Avg: 1.0, Max: 1, Diff: 0, Sum: 8]
      [GC Worker Other (ms): Min: 0.0, Avg: 0.0, Max: 0.0, Diff: 0.0, Sum: 0.1]
      [GC Worker Total (ms): Min: 1.6, Avg: 1.6, Max: 1.6, Diff: 0.0, Sum: 12.9]
      [GC Worker End (ms): Min: 2207.6, Avg: 2207.6, Max: 2207.6, Diff: 0.0]
   [Code Root Fixup: 0.0 ms]
   [Code Root Purge: 0.0 ms]
   [Clear CT: 0.1 ms]
   [Other: 0.3 ms]
      [Choose CSet: 0.0 ms]
      [Ref Proc: 0.1 ms]
      [Ref Enq: 0.0 ms]
      [Redirty Cards: 0.1 ms]
      [Humongous Register: 0.1 ms]
      [Humongous Reclaim: 0.0 ms]
      [Free CSet: 0.0 ms]
   [Eden: 24576.0K(24576.0K)->0.0B(21504.0K) Survivors: 1024.0K->4096.0K Heap: 393.3M(512.0M)->372.3M(512.0M)]
 [Times: user=0.00 sys=0.00, real=0.00 secs] 
2.212: [GC pause (G1 Evacuation Pause) (mixed) (to-space exhausted), 0.0025550 secs]
   [Parallel Time: 2.1 ms, GC Workers: 8]
      [GC Worker Start (ms): Min: 2211.7, Avg: 2211.7, Max: 2211.8, Diff: 0.0]
      [Ext Root Scanning (ms): Min: 0.1, Avg: 0.1, Max: 0.1, Diff: 0.0, Sum: 0.9]
      [Update RS (ms): Min: 0.5, Avg: 0.6, Max: 0.6, Diff: 0.0, Sum: 4.4]
         [Processed Buffers: Min: 8, Avg: 8.3, Max: 9, Diff: 1, Sum: 66]
      [Scan RS (ms): Min: 0.0, Avg: 0.0, Max: 0.0, Diff: 0.0, Sum: 0.1]
      [Code Root Scanning (ms): Min: 0.0, Avg: 0.0, Max: 0.0, Diff: 0.0, Sum: 0.0]
      [Object Copy (ms): Min: 1.3, Avg: 1.4, Max: 1.4, Diff: 0.1, Sum: 10.8]
      [Termination (ms): Min: 0.0, Avg: 0.0, Max: 0.0, Diff: 0.0, Sum: 0.2]
         [Termination Attempts: Min: 1, Avg: 1.3, Max: 2, Diff: 1, Sum: 10]
      [GC Worker Other (ms): Min: 0.0, Avg: 0.0, Max: 0.0, Diff: 0.0, Sum: 0.1]
      [GC Worker Total (ms): Min: 2.0, Avg: 2.1, Max: 2.1, Diff: 0.0, Sum: 16.5]
      [GC Worker End (ms): Min: 2213.8, Avg: 2213.8, Max: 2213.8, Diff: 0.0]
   [Code Root Fixup: 0.0 ms]
   [Code Root Purge: 0.0 ms]
   [Clear CT: 0.1 ms]
   [Other: 0.4 ms]
      [Evacuation Failure: 0.1 ms]
      [Choose CSet: 0.0 ms]
      [Ref Proc: 0.1 ms]
      [Ref Enq: 0.0 ms]
      [Redirty Cards: 0.0 ms]
      [Humongous Register: 0.1 ms]
      [Humongous Reclaim: 0.0 ms]
      [Free CSet: 0.0 ms]
   [Eden: 21504.0K(21504.0K)->0.0B(21504.0K) Survivors: 4096.0K->4096.0K Heap: 400.2M(512.0M)->398.1M(512.0M)]
 [Times: user=0.00 sys=0.00, real=0.00 secs] 
2.215: [GC pause (G1 Humongous Allocation) (young) (initial-mark), 0.0012231 secs]
   [Parallel Time: 0.9 ms, GC Workers: 8]
      [GC Worker Start (ms): Min: 2215.0, Avg: 2215.0, Max: 2215.1, Diff: 0.1]
      [Ext Root Scanning (ms): Min: 0.0, Avg: 0.1, Max: 0.2, Diff: 0.2, Sum: 1.0]
      [Update RS (ms): Min: 0.0, Avg: 0.0, Max: 0.1, Diff: 0.0, Sum: 0.3]
         [Processed Buffers: Min: 1, Avg: 2.4, Max: 5, Diff: 4, Sum: 19]
      [Scan RS (ms): Min: 0.0, Avg: 0.0, Max: 0.0, Diff: 0.0, Sum: 0.0]
      [Code Root Scanning (ms): Min: 0.0, Avg: 0.0, Max: 0.0, Diff: 0.0, Sum: 0.0]
      [Object Copy (ms): Min: 0.5, Avg: 0.6, Max: 0.6, Diff: 0.1, Sum: 4.7]
      [Termination (ms): Min: 0.0, Avg: 0.1, Max: 0.2, Diff: 0.2, Sum: 0.5]
         [Termination Attempts: Min: 1, Avg: 1.0, Max: 1, Diff: 0, Sum: 8]
      [GC Worker Other (ms): Min: 0.0, Avg: 0.0, Max: 0.0, Diff: 0.0, Sum: 0.0]
      [GC Worker Total (ms): Min: 0.7, Avg: 0.8, Max: 0.8, Diff: 0.1, Sum: 6.6]
      [GC Worker End (ms): Min: 2215.8, Avg: 2215.8, Max: 2215.8, Diff: 0.0]
   [Code Root Fixup: 0.0 ms]
   [Code Root Purge: 0.0 ms]
   [Clear CT: 0.1 ms]
   [Other: 0.3 ms]
      [Choose CSet: 0.0 ms]
      [Ref Proc: 0.1 ms]
      [Ref Enq: 0.0 ms]
      [Redirty Cards: 0.1 ms]
      [Humongous Register: 0.1 ms]
      [Humongous Reclaim: 0.0 ms]
      [Free CSet: 0.0 ms]
   [Eden: 3072.0K(21504.0K)->0.0B(23552.0K) Survivors: 4096.0K->2048.0K Heap: 400.8M(512.0M)->399.3M(512.0M)]
 [Times: user=0.00 sys=0.00, real=0.00 secs] 
2.216: [GC concurrent-root-region-scan-start]
2.216: [GC concurrent-root-region-scan-end, 0.0000909 secs]
2.216: [GC concurrent-mark-start]
2.218: [GC concurrent-mark-end, 0.0013079 secs]
2.218: [GC remark 2.218: [Finalize Marking, 0.0000799 secs] 2.218: [GC ref-proc, 0.0000849 secs] 2.218: [Unloading, 0.0004114 secs], 0.0014346 secs]
 [Times: user=0.00 sys=0.00, real=0.00 secs] 
2.219: [GC cleanup 410M->410M(512M), 0.0004207 secs]
 [Times: user=0.00 sys=0.00, real=0.00 secs] 
2.220: [GC pause (G1 Evacuation Pause) (young) (to-space exhausted), 0.0009155 secs]
   [Parallel Time: 0.5 ms, GC Workers: 8]
      [GC Worker Start (ms): Min: 2220.4, Avg: 2220.4, Max: 2220.4, Diff: 0.0]
      [Ext Root Scanning (ms): Min: 0.1, Avg: 0.1, Max: 0.1, Diff: 0.0, Sum: 0.9]
      [Update RS (ms): Min: 0.3, Avg: 0.3, Max: 0.3, Diff: 0.1, Sum: 2.3]
         [Processed Buffers: Min: 3, Avg: 4.4, Max: 6, Diff: 3, Sum: 35]
      [Scan RS (ms): Min: 0.0, Avg: 0.0, Max: 0.0, Diff: 0.0, Sum: 0.0]
      [Code Root Scanning (ms): Min: 0.0, Avg: 0.0, Max: 0.0, Diff: 0.0, Sum: 0.0]
      [Object Copy (ms): Min: 0.0, Avg: 0.1, Max: 0.1, Diff: 0.1, Sum: 0.6]
      [Termination (ms): Min: 0.0, Avg: 0.0, Max: 0.0, Diff: 0.0, Sum: 0.1]
         [Termination Attempts: Min: 1, Avg: 1.0, Max: 1, Diff: 0, Sum: 8]
      [GC Worker Other (ms): Min: 0.0, Avg: 0.0, Max: 0.0, Diff: 0.0, Sum: 0.0]
      [GC Worker Total (ms): Min: 0.5, Avg: 0.5, Max: 0.5, Diff: 0.0, Sum: 3.9]
      [GC Worker End (ms): Min: 2220.9, Avg: 2220.9, Max: 2220.9, Diff: 0.0]
   [Code Root Fixup: 0.0 ms]
   [Code Root Purge: 0.0 ms]
   [Clear CT: 0.1 ms]
   [Other: 0.3 ms]
      [Evacuation Failure: 0.1 ms]
      [Choose CSet: 0.0 ms]
      [Ref Proc: 0.1 ms]
      [Ref Enq: 0.0 ms]
      [Redirty Cards: 0.1 ms]
      [Humongous Register: 0.1 ms]
      [Humongous Reclaim: 0.0 ms]
      [Free CSet: 0.0 ms]
   [Eden: 9216.0K(23552.0K)->0.0B(25600.0K) Survivors: 2048.0K->0.0B Heap: 411.6M(512.0M)->407.2M(512.0M)]
 [Times: user=0.13 sys=0.00, real=0.00 secs] 
2.223: [GC pause (G1 Evacuation Pause) (mixed) (to-space exhausted), 0.0009129 secs]
   [Parallel Time: 0.5 ms, GC Workers: 8]
      [GC Worker Start (ms): Min: 2222.7, Avg: 2222.7, Max: 2222.8, Diff: 0.1]
      [Ext Root Scanning (ms): Min: 0.0, Avg: 0.1, Max: 0.1, Diff: 0.1, Sum: 0.8]
      [Update RS (ms): Min: 0.0, Avg: 0.1, Max: 0.1, Diff: 0.0, Sum: 0.4]
         [Processed Buffers: Min: 0, Avg: 2.1, Max: 4, Diff: 4, Sum: 17]
      [Scan RS (ms): Min: 0.0, Avg: 0.0, Max: 0.0, Diff: 0.0, Sum: 0.2]
      [Code Root Scanning (ms): Min: 0.0, Avg: 0.0, Max: 0.0, Diff: 0.0, Sum: 0.0]
      [Object Copy (ms): Min: 0.2, Avg: 0.2, Max: 0.2, Diff: 0.0, Sum: 1.8]
      [Termination (ms): Min: 0.0, Avg: 0.0, Max: 0.0, Diff: 0.0, Sum: 0.1]
         [Termination Attempts: Min: 1, Avg: 1.4, Max: 2, Diff: 1, Sum: 11]
      [GC Worker Other (ms): Min: 0.0, Avg: 0.0, Max: 0.0, Diff: 0.0, Sum: 0.0]
      [GC Worker Total (ms): Min: 0.3, Avg: 0.4, Max: 0.5, Diff: 0.1, Sum: 3.4]
      [GC Worker End (ms): Min: 2223.1, Avg: 2223.1, Max: 2223.1, Diff: 0.0]
   [Code Root Fixup: 0.0 ms]
   [Code Root Purge: 0.0 ms]
   [Clear CT: 0.1 ms]
   [Other: 0.4 ms]
      [Evacuation Failure: 0.1 ms]
      [Choose CSet: 0.0 ms]
      [Ref Proc: 0.1 ms]
      [Ref Enq: 0.0 ms]
      [Redirty Cards: 0.1 ms]
      [Humongous Register: 0.1 ms]
      [Humongous Reclaim: 0.0 ms]
      [Free CSet: 0.0 ms]
   [Eden: 7168.0K(25600.0K)->0.0B(25600.0K) Survivors: 0.0B->0.0B Heap: 414.2M(512.0M)->414.2M(512.0M)]
 [Times: user=0.00 sys=0.00, real=0.00 secs] 
2.224: [Full GC (Allocation Failure)  414M->357M(512M), 0.0359844 secs]
   [Eden: 0.0B(25600.0K)->0.0B(25600.0K) Survivors: 0.0B->0.0B Heap: 414.2M(512.0M)->358.0M(512.0M)], [Metaspace: 3130K->3130K(1056768K)]
 [Times: user=0.03 sys=0.00, real=0.04 secs] 
2.260: [GC pause (G1 Humongous Allocation) (young) (initial-mark), 0.0007059 secs]
   [Parallel Time: 0.4 ms, GC Workers: 8]
      [GC Worker Start (ms): Min: 2260.5, Avg: 2260.5, Max: 2260.5, Diff: 0.0]
      [Ext Root Scanning (ms): Min: 0.1, Avg: 0.1, Max: 0.1, Diff: 0.0, Sum: 0.9]
      [Update RS (ms): Min: 0.0, Avg: 0.0, Max: 0.2, Diff: 0.2, Sum: 0.2]
         [Processed Buffers: Min: 0, Avg: 0.3, Max: 1, Diff: 1, Sum: 2]
      [Scan RS (ms): Min: 0.0, Avg: 0.0, Max: 0.0, Diff: 0.0, Sum: 0.0]
      [Code Root Scanning (ms): Min: 0.0, Avg: 0.0, Max: 0.0, Diff: 0.0, Sum: 0.0]
      [Object Copy (ms): Min: 0.0, Avg: 0.0, Max: 0.0, Diff: 0.0, Sum: 0.1]
      [Termination (ms): Min: 0.0, Avg: 0.2, Max: 0.2, Diff: 0.2, Sum: 1.4]
         [Termination Attempts: Min: 1, Avg: 1.5, Max: 2, Diff: 1, Sum: 12]
      [GC Worker Other (ms): Min: 0.0, Avg: 0.0, Max: 0.0, Diff: 0.0, Sum: 0.0]
      [GC Worker Total (ms): Min: 0.3, Avg: 0.3, Max: 0.4, Diff: 0.0, Sum: 2.7]
      [GC Worker End (ms): Min: 2260.9, Avg: 2260.9, Max: 2260.9, Diff: 0.0]
   [Code Root Fixup: 0.0 ms]
   [Code Root Purge: 0.0 ms]
   [Clear CT: 0.1 ms]
   [Other: 0.3 ms]
      [Choose CSet: 0.0 ms]
      [Ref Proc: 0.1 ms]
      [Ref Enq: 0.0 ms]
      [Redirty Cards: 0.1 ms]
      [Humongous Register: 0.1 ms]
      [Humongous Reclaim: 0.0 ms]
      [Free CSet: 0.0 ms]
   [Eden: 3072.0K(25600.0K)->0.0B(24576.0K) Survivors: 0.0B->1024.0K Heap: 360.6M(512.0M)->358.1M(512.0M)]
 [Times: user=0.00 sys=0.00, real=0.00 secs] 
2.261: [GC concurrent-root-region-scan-start]
2.261: [GC concurrent-root-region-scan-end, 0.0000498 secs]
2.261: [GC concurrent-mark-start]
2.263: [GC concurrent-mark-end, 0.0011875 secs]
2.263: [GC remark 2.263: [Finalize Marking, 0.0001338 secs] 2.263: [GC ref-proc, 0.0000869 secs] 2.263: [Unloading, 0.0004140 secs], 0.0015106 secs]
 [Times: user=0.00 sys=0.00, real=0.00 secs] 
2.264: [GC cleanup 368M->368M(512M), 0.0004153 secs]
 [Times: user=0.00 sys=0.00, real=0.00 secs] 
2.268: [GC pause (G1 Evacuation Pause) (young), 0.0021522 secs]
   [Parallel Time: 1.7 ms, GC Workers: 8]
      [GC Worker Start (ms): Min: 2267.9, Avg: 2268.1, Max: 2269.5, Diff: 1.6]
      [Ext Root Scanning (ms): Min: 0.0, Avg: 0.1, Max: 0.2, Diff: 0.1, Sum: 0.9]
      [Update RS (ms): Min: 0.0, Avg: 0.4, Max: 0.4, Diff: 0.4, Sum: 2.9]
         [Processed Buffers: Min: 0, Avg: 5.0, Max: 7, Diff: 7, Sum: 40]
      [Scan RS (ms): Min: 0.0, Avg: 0.0, Max: 0.0, Diff: 0.0, Sum: 0.0]
      [Code Root Scanning (ms): Min: 0.0, Avg: 0.0, Max: 0.0, Diff: 0.0, Sum: 0.0]
      [Object Copy (ms): Min: 0.0, Avg: 0.9, Max: 1.1, Diff: 1.1, Sum: 7.1]
      [Termination (ms): Min: 0.0, Avg: 0.0, Max: 0.1, Diff: 0.1, Sum: 0.3]
         [Termination Attempts: Min: 1, Avg: 1.0, Max: 1, Diff: 0, Sum: 8]
      [GC Worker Other (ms): Min: 0.0, Avg: 0.0, Max: 0.0, Diff: 0.0, Sum: 0.1]
      [GC Worker Total (ms): Min: 0.0, Avg: 1.4, Max: 1.6, Diff: 1.6, Sum: 11.2]
      [GC Worker End (ms): Min: 2269.5, Avg: 2269.5, Max: 2269.5, Diff: 0.0]
   [Code Root Fixup: 0.0 ms]
   [Code Root Purge: 0.0 ms]
   [Clear CT: 0.1 ms]
   [Other: 0.4 ms]
      [Choose CSet: 0.0 ms]
      [Ref Proc: 0.1 ms]
      [Ref Enq: 0.0 ms]
      [Redirty Cards: 0.1 ms]
      [Humongous Register: 0.1 ms]
      [Humongous Reclaim: 0.0 ms]
      [Free CSet: 0.0 ms]
   [Eden: 24576.0K(24576.0K)->0.0B(21504.0K) Survivors: 1024.0K->4096.0K Heap: 386.7M(512.0M)->366.5M(512.0M)]
 [Times: user=0.00 sys=0.00, real=0.00 secs] 
2.270: [GC pause (G1 Humongous Allocation) (young) (initial-mark), 0.0011154 secs]
   [Parallel Time: 0.8 ms, GC Workers: 8]
      [GC Worker Start (ms): Min: 2270.4, Avg: 2270.4, Max: 2270.5, Diff: 0.1]
      [Ext Root Scanning (ms): Min: 0.0, Avg: 0.2, Max: 0.7, Diff: 0.7, Sum: 1.5]
      [Update RS (ms): Min: 0.0, Avg: 0.1, Max: 0.1, Diff: 0.1, Sum: 0.5]
         [Processed Buffers: Min: 0, Avg: 1.0, Max: 2, Diff: 2, Sum: 8]
      [Scan RS (ms): Min: 0.0, Avg: 0.0, Max: 0.0, Diff: 0.0, Sum: 0.0]
      [Code Root Scanning (ms): Min: 0.0, Avg: 0.0, Max: 0.0, Diff: 0.0, Sum: 0.0]
      [Object Copy (ms): Min: 0.0, Avg: 0.4, Max: 0.5, Diff: 0.5, Sum: 3.2]
      [Termination (ms): Min: 0.0, Avg: 0.0, Max: 0.1, Diff: 0.1, Sum: 0.3]
         [Termination Attempts: Min: 1, Avg: 1.0, Max: 1, Diff: 0, Sum: 8]
      [GC Worker Other (ms): Min: 0.0, Avg: 0.0, Max: 0.0, Diff: 0.0, Sum: 0.0]
      [GC Worker Total (ms): Min: 0.6, Avg: 0.7, Max: 0.7, Diff: 0.1, Sum: 5.6]
      [GC Worker End (ms): Min: 2271.1, Avg: 2271.1, Max: 2271.1, Diff: 0.0]
   [Code Root Fixup: 0.0 ms]
   [Code Root Purge: 0.0 ms]
   [Clear CT: 0.1 ms]
   [Other: 0.3 ms]
      [Choose CSet: 0.0 ms]
      [Ref Proc: 0.1 ms]
      [Ref Enq: 0.0 ms]
      [Redirty Cards: 0.1 ms]
      [Humongous Register: 0.1 ms]
      [Humongous Reclaim: 0.0 ms]
      [Free CSet: 0.0 ms]
   [Eden: 1024.0K(21504.0K)->0.0B(24576.0K) Survivors: 4096.0K->1024.0K Heap: 367.3M(512.0M)->367.1M(512.0M)]
 [Times: user=0.00 sys=0.00, real=0.00 secs] 
2.272: [GC concurrent-root-region-scan-start]
2.272: [GC concurrent-root-region-scan-end, 0.0000502 secs]
2.272: [GC concurrent-mark-start]
2.273: [GC concurrent-mark-end, 0.0014226 secs]
2.273: [GC remark 2.273: [Finalize Marking, 0.0001099 secs] 2.273: [GC ref-proc, 0.0000887 secs] 2.273: [Unloading, 0.0004236 secs], 0.0015131 secs]
 [Times: user=0.00 sys=0.00, real=0.00 secs] 
2.275: [GC cleanup 376M->376M(512M), 0.0003462 secs]
 [Times: user=0.00 sys=0.00, real=0.00 secs] 
2.278: [GC pause (G1 Evacuation Pause) (young), 0.0021756 secs]
   [Parallel Time: 1.8 ms, GC Workers: 8]
      [GC Worker Start (ms): Min: 2278.0, Avg: 2278.0, Max: 2278.0, Diff: 0.0]
      [Ext Root Scanning (ms): Min: 0.1, Avg: 0.1, Max: 0.1, Diff: 0.0, Sum: 0.9]
      [Update RS (ms): Min: 0.6, Avg: 0.6, Max: 0.6, Diff: 0.0, Sum: 4.5]
         [Processed Buffers: Min: 0, Avg: 7.1, Max: 10, Diff: 10, Sum: 57]
      [Scan RS (ms): Min: 0.0, Avg: 0.0, Max: 0.0, Diff: 0.0, Sum: 0.0]
      [Code Root Scanning (ms): Min: 0.0, Avg: 0.0, Max: 0.0, Diff: 0.0, Sum: 0.0]
      [Object Copy (ms): Min: 0.9, Avg: 1.0, Max: 1.0, Diff: 0.1, Sum: 7.7]
      [Termination (ms): Min: 0.0, Avg: 0.1, Max: 0.1, Diff: 0.1, Sum: 0.5]
         [Termination Attempts: Min: 1, Avg: 1.0, Max: 1, Diff: 0, Sum: 8]
      [GC Worker Other (ms): Min: 0.0, Avg: 0.0, Max: 0.0, Diff: 0.0, Sum: 0.1]
      [GC Worker Total (ms): Min: 1.7, Avg: 1.7, Max: 1.7, Diff: 0.0, Sum: 13.8]
      [GC Worker End (ms): Min: 2279.7, Avg: 2279.7, Max: 2279.7, Diff: 0.0]
   [Code Root Fixup: 0.0 ms]
   [Code Root Purge: 0.0 ms]
   [Clear CT: 0.1 ms]
   [Other: 0.3 ms]
      [Choose CSet: 0.0 ms]
      [Ref Proc: 0.1 ms]
      [Ref Enq: 0.0 ms]
      [Redirty Cards: 0.1 ms]
      [Humongous Register: 0.1 ms]
      [Humongous Reclaim: 0.0 ms]
      [Free CSet: 0.0 ms]
   [Eden: 24576.0K(24576.0K)->0.0B(21504.0K) Survivors: 1024.0K->4096.0K Heap: 397.0M(512.0M)->377.1M(512.0M)]
 [Times: user=0.00 sys=0.00, real=0.00 secs] 
2.283: [GC pause (G1 Evacuation Pause) (mixed) (to-space exhausted), 0.0022124 secs]
   [Parallel Time: 1.7 ms, GC Workers: 8]
      [GC Worker Start (ms): Min: 2283.6, Avg: 2283.6, Max: 2283.7, Diff: 0.2]
      [Ext Root Scanning (ms): Min: 0.0, Avg: 0.1, Max: 0.1, Diff: 0.1, Sum: 0.9]
      [Update RS (ms): Min: 0.3, Avg: 0.3, Max: 0.4, Diff: 0.1, Sum: 2.6]
         [Processed Buffers: Min: 4, Avg: 4.8, Max: 5, Diff: 1, Sum: 38]
      [Scan RS (ms): Min: 0.0, Avg: 0.0, Max: 0.0, Diff: 0.0, Sum: 0.1]
      [Code Root Scanning (ms): Min: 0.0, Avg: 0.0, Max: 0.0, Diff: 0.0, Sum: 0.0]
      [Object Copy (ms): Min: 1.1, Avg: 1.1, Max: 1.1, Diff: 0.0, Sum: 8.7]
      [Termination (ms): Min: 0.0, Avg: 0.0, Max: 0.0, Diff: 0.0, Sum: 0.1]
         [Termination Attempts: Min: 1, Avg: 1.4, Max: 2, Diff: 1, Sum: 11]
      [GC Worker Other (ms): Min: 0.0, Avg: 0.0, Max: 0.0, Diff: 0.0, Sum: 0.1]
      [GC Worker Total (ms): Min: 1.5, Avg: 1.6, Max: 1.6, Diff: 0.1, Sum: 12.5]
      [GC Worker End (ms): Min: 2285.2, Avg: 2285.2, Max: 2285.2, Diff: 0.0]
   [Code Root Fixup: 0.0 ms]
   [Code Root Purge: 0.0 ms]
   [Clear CT: 0.1 ms]
   [Other: 0.5 ms]
      [Evacuation Failure: 0.1 ms]
      [Choose CSet: 0.0 ms]
      [Ref Proc: 0.1 ms]
      [Ref Enq: 0.0 ms]
      [Redirty Cards: 0.1 ms]
      [Humongous Register: 0.1 ms]
      [Humongous Reclaim: 0.0 ms]
      [Free CSet: 0.0 ms]
   [Eden: 21504.0K(21504.0K)->0.0B(21504.0K) Survivors: 4096.0K->4096.0K Heap: 401.8M(512.0M)->401.7M(512.0M)]
 [Times: user=0.02 sys=0.00, real=0.00 secs] 
2.286: [GC pause (G1 Humongous Allocation) (young) (initial-mark), 0.0012709 secs]
   [Parallel Time: 0.8 ms, GC Workers: 8]
      [GC Worker Start (ms): Min: 2286.5, Avg: 2286.6, Max: 2286.7, Diff: 0.2]
      [Ext Root Scanning (ms): Min: 0.0, Avg: 0.1, Max: 0.2, Diff: 0.2, Sum: 1.1]
      [Update RS (ms): Min: 0.0, Avg: 0.1, Max: 0.5, Diff: 0.5, Sum: 0.9]
         [Processed Buffers: Min: 0, Avg: 2.1, Max: 5, Diff: 5, Sum: 17]
      [Scan RS (ms): Min: 0.0, Avg: 0.0, Max: 0.0, Diff: 0.0, Sum: 0.0]
      [Code Root Scanning (ms): Min: 0.0, Avg: 0.0, Max: 0.0, Diff: 0.0, Sum: 0.0]
      [Object Copy (ms): Min: 0.0, Avg: 0.4, Max: 0.5, Diff: 0.5, Sum: 3.2]
      [Termination (ms): Min: 0.0, Avg: 0.1, Max: 0.1, Diff: 0.1, Sum: 0.4]
         [Termination Attempts: Min: 1, Avg: 1.0, Max: 1, Diff: 0, Sum: 8]
      [GC Worker Other (ms): Min: 0.0, Avg: 0.0, Max: 0.0, Diff: 0.0, Sum: 0.0]
      [GC Worker Total (ms): Min: 0.6, Avg: 0.7, Max: 0.8, Diff: 0.2, Sum: 5.7]
      [GC Worker End (ms): Min: 2287.3, Avg: 2287.3, Max: 2287.3, Diff: 0.0]
   [Code Root Fixup: 0.0 ms]
   [Code Root Purge: 0.0 ms]
   [Clear CT: 0.1 ms]
   [Other: 0.4 ms]
      [Choose CSet: 0.0 ms]
      [Ref Proc: 0.1 ms]
      [Ref Enq: 0.0 ms]
      [Redirty Cards: 0.1 ms]
      [Humongous Register: 0.1 ms]
      [Humongous Reclaim: 0.0 ms]
      [Free CSet: 0.0 ms]
   [Eden: 2048.0K(21504.0K)->0.0B(24576.0K) Survivors: 4096.0K->1024.0K Heap: 403.5M(512.0M)->401.6M(512.0M)]
 [Times: user=0.00 sys=0.00, real=0.00 secs] 
2.288: [GC concurrent-root-region-scan-start]
2.288: [GC concurrent-root-region-scan-end, 0.0001053 secs]
2.288: [GC concurrent-mark-start]
2.289: [GC concurrent-mark-end, 0.0011830 secs]
2.289: [GC remark 2.289: [Finalize Marking, 0.0001013 secs] 2.290: [GC ref-proc, 0.0000944 secs] 2.290: [Unloading, 0.0004409 secs], 0.0016371 secs]
 [Times: user=0.00 sys=0.00, real=0.00 secs] 
2.291: [GC cleanup 408M->408M(512M), 0.0004064 secs]
 [Times: user=0.00 sys=0.00, real=0.00 secs] 
2.292: [GC pause (G1 Evacuation Pause) (young) (to-space exhausted), 0.0008380 secs]
   [Parallel Time: 0.4 ms, GC Workers: 8]
      [GC Worker Start (ms): Min: 2292.3, Avg: 2292.4, Max: 2292.7, Diff: 0.3]
      [Ext Root Scanning (ms): Min: 0.0, Avg: 0.1, Max: 0.1, Diff: 0.1, Sum: 0.8]
      [Update RS (ms): Min: 0.0, Avg: 0.1, Max: 0.2, Diff: 0.2, Sum: 1.1]
         [Processed Buffers: Min: 0, Avg: 2.5, Max: 4, Diff: 4, Sum: 20]
      [Scan RS (ms): Min: 0.0, Avg: 0.0, Max: 0.0, Diff: 0.0, Sum: 0.0]
      [Code Root Scanning (ms): Min: 0.0, Avg: 0.0, Max: 0.0, Diff: 0.0, Sum: 0.0]
      [Object Copy (ms): Min: 0.0, Avg: 0.1, Max: 0.1, Diff: 0.0, Sum: 0.5]
      [Termination (ms): Min: 0.0, Avg: 0.0, Max: 0.0, Diff: 0.0, Sum: 0.1]
         [Termination Attempts: Min: 1, Avg: 1.0, Max: 1, Diff: 0, Sum: 8]
      [GC Worker Other (ms): Min: 0.0, Avg: 0.0, Max: 0.0, Diff: 0.0, Sum: 0.0]
      [GC Worker Total (ms): Min: 0.1, Avg: 0.3, Max: 0.4, Diff: 0.3, Sum: 2.6]
      [GC Worker End (ms): Min: 2292.8, Avg: 2292.8, Max: 2292.8, Diff: 0.0]
   [Code Root Fixup: 0.0 ms]
   [Code Root Purge: 0.0 ms]
   [Clear CT: 0.1 ms]
   [Other: 0.3 ms]
      [Evacuation Failure: 0.1 ms]
      [Choose CSet: 0.0 ms]
      [Ref Proc: 0.1 ms]
      [Ref Enq: 0.0 ms]
      [Redirty Cards: 0.1 ms]
      [Humongous Register: 0.1 ms]
      [Humongous Reclaim: 0.0 ms]
      [Free CSet: 0.0 ms]
   [Eden: 9216.0K(24576.0K)->0.0B(25600.0K) Survivors: 1024.0K->0.0B Heap: 411.9M(512.0M)->409.3M(512.0M)]
 [Times: user=0.00 sys=0.00, real=0.00 secs] 
2.294: [GC pause (G1 Humongous Allocation) (mixed) (to-space exhausted), 0.0008913 secs]
   [Parallel Time: 0.5 ms, GC Workers: 8]
      [GC Worker Start (ms): Min: 2294.0, Avg: 2294.1, Max: 2294.1, Diff: 0.0]
      [Ext Root Scanning (ms): Min: 0.1, Avg: 0.1, Max: 0.1, Diff: 0.0, Sum: 0.9]
      [Update RS (ms): Min: 0.1, Avg: 0.1, Max: 0.2, Diff: 0.1, Sum: 1.1]
         [Processed Buffers: Min: 1, Avg: 3.3, Max: 6, Diff: 5, Sum: 26]
      [Scan RS (ms): Min: 0.0, Avg: 0.0, Max: 0.0, Diff: 0.0, Sum: 0.1]
      [Code Root Scanning (ms): Min: 0.0, Avg: 0.0, Max: 0.0, Diff: 0.0, Sum: 0.0]
      [Object Copy (ms): Min: 0.1, Avg: 0.1, Max: 0.1, Diff: 0.0, Sum: 1.0]
      [Termination (ms): Min: 0.0, Avg: 0.0, Max: 0.0, Diff: 0.0, Sum: 0.2]
         [Termination Attempts: Min: 1, Avg: 1.0, Max: 1, Diff: 0, Sum: 8]
      [GC Worker Other (ms): Min: 0.0, Avg: 0.0, Max: 0.0, Diff: 0.0, Sum: 0.0]
      [GC Worker Total (ms): Min: 0.4, Avg: 0.4, Max: 0.4, Diff: 0.0, Sum: 3.5]
      [GC Worker End (ms): Min: 2294.5, Avg: 2294.5, Max: 2294.5, Diff: 0.0]
   [Code Root Fixup: 0.0 ms]
   [Code Root Purge: 0.0 ms]
   [Clear CT: 0.1 ms]
   [Other: 0.3 ms]
      [Evacuation Failure: 0.1 ms]
      [Choose CSet: 0.0 ms]
      [Ref Proc: 0.1 ms]
      [Ref Enq: 0.0 ms]
      [Redirty Cards: 0.1 ms]
      [Humongous Register: 0.1 ms]
      [Humongous Reclaim: 0.0 ms]
      [Free CSet: 0.0 ms]
   [Eden: 2048.0K(25600.0K)->0.0B(25600.0K) Survivors: 0.0B->0.0B Heap: 412.2M(512.0M)->411.6M(512.0M)]
 [Times: user=0.00 sys=0.00, real=0.00 secs] 
2.295: [GC pause (G1 Evacuation Pause) (mixed) (to-space exhausted), 0.0007693 secs]
   [Parallel Time: 0.4 ms, GC Workers: 8]
      [GC Worker Start (ms): Min: 2295.3, Avg: 2295.3, Max: 2295.5, Diff: 0.2]
      [Ext Root Scanning (ms): Min: 0.0, Avg: 0.1, Max: 0.1, Diff: 0.1, Sum: 0.7]
      [Update RS (ms): Min: 0.0, Avg: 0.1, Max: 0.1, Diff: 0.1, Sum: 0.8]
         [Processed Buffers: Min: 0, Avg: 3.3, Max: 6, Diff: 6, Sum: 26]
      [Scan RS (ms): Min: 0.0, Avg: 0.0, Max: 0.0, Diff: 0.0, Sum: 0.0]
      [Code Root Scanning (ms): Min: 0.0, Avg: 0.0, Max: 0.0, Diff: 0.0, Sum: 0.0]
      [Object Copy (ms): Min: 0.0, Avg: 0.1, Max: 0.1, Diff: 0.1, Sum: 0.5]
      [Termination (ms): Min: 0.0, Avg: 0.0, Max: 0.0, Diff: 0.0, Sum: 0.2]
         [Termination Attempts: Min: 1, Avg: 1.0, Max: 1, Diff: 0, Sum: 8]
      [GC Worker Other (ms): Min: 0.0, Avg: 0.0, Max: 0.0, Diff: 0.0, Sum: 0.0]
      [GC Worker Total (ms): Min: 0.1, Avg: 0.3, Max: 0.3, Diff: 0.2, Sum: 2.3]
      [GC Worker End (ms): Min: 2295.6, Avg: 2295.6, Max: 2295.6, Diff: 0.0]
   [Code Root Fixup: 0.0 ms]
   [Code Root Purge: 0.0 ms]
   [Clear CT: 0.1 ms]
   [Other: 0.3 ms]
      [Evacuation Failure: 0.1 ms]
      [Choose CSet: 0.0 ms]
      [Ref Proc: 0.1 ms]
      [Ref Enq: 0.0 ms]
      [Redirty Cards: 0.1 ms]
      [Humongous Register: 0.1 ms]
      [Humongous Reclaim: 0.0 ms]
      [Free CSet: 0.0 ms]
   [Eden: 0.0B(25600.0K)->0.0B(25600.0K) Survivors: 0.0B->0.0B Heap: 412.3M(512.0M)->411.6M(512.0M)]
 [Times: user=0.00 sys=0.00, real=0.00 secs] 
2.296: [GC pause (G1 Humongous Allocation) (young) (initial-mark) (to-space exhausted), 0.0005963 secs]
   [Parallel Time: 0.2 ms, GC Workers: 8]
      [GC Worker Start (ms): Min: 2296.4, Avg: 2296.4, Max: 2296.4, Diff: 0.0]
      [Ext Root Scanning (ms): Min: 0.1, Avg: 0.1, Max: 0.1, Diff: 0.0, Sum: 0.9]
      [Update RS (ms): Min: 0.0, Avg: 0.0, Max: 0.0, Diff: 0.0, Sum: 0.3]
         [Processed Buffers: Min: 1, Avg: 2.0, Max: 4, Diff: 3, Sum: 16]
      [Scan RS (ms): Min: 0.0, Avg: 0.0, Max: 0.0, Diff: 0.0, Sum: 0.0]
      [Code Root Scanning (ms): Min: 0.0, Avg: 0.0, Max: 0.0, Diff: 0.0, Sum: 0.0]
      [Object Copy (ms): Min: 0.0, Avg: 0.0, Max: 0.0, Diff: 0.0, Sum: 0.0]
      [Termination (ms): Min: 0.0, Avg: 0.0, Max: 0.0, Diff: 0.0, Sum: 0.1]
         [Termination Attempts: Min: 1, Avg: 1.0, Max: 1, Diff: 0, Sum: 8]
      [GC Worker Other (ms): Min: 0.0, Avg: 0.0, Max: 0.0, Diff: 0.0, Sum: 0.0]
      [GC Worker Total (ms): Min: 0.2, Avg: 0.2, Max: 0.2, Diff: 0.0, Sum: 1.4]
      [GC Worker End (ms): Min: 2296.6, Avg: 2296.6, Max: 2296.6, Diff: 0.0]
   [Code Root Fixup: 0.0 ms]
   [Code Root Purge: 0.0 ms]
   [Clear CT: 0.1 ms]
   [Other: 0.3 ms]
      [Evacuation Failure: 0.1 ms]
      [Choose CSet: 0.0 ms]
      [Ref Proc: 0.1 ms]
      [Ref Enq: 0.0 ms]
      [Redirty Cards: 0.1 ms]
      [Humongous Register: 0.1 ms]
      [Humongous Reclaim: 0.0 ms]
      [Free CSet: 0.0 ms]
   [Eden: 1024.0K(25600.0K)->0.0B(25600.0K) Survivors: 0.0B->0.0B Heap: 412.1M(512.0M)->412.1M(512.0M)]
 [Times: user=0.00 sys=0.00, real=0.00 secs] 
2.297: [GC concurrent-root-region-scan-start]
2.297: [GC concurrent-root-region-scan-end, 0.0000296 secs]
2.297: [GC concurrent-mark-start]
2.297: [GC pause (G1 Humongous Allocation) (young), 0.0005504 secs]
   [Parallel Time: 0.2 ms, GC Workers: 8]
      [GC Worker Start (ms): Min: 2297.4, Avg: 2297.4, Max: 2297.4, Diff: 0.0]
      [Ext Root Scanning (ms): Min: 0.1, Avg: 0.1, Max: 0.2, Diff: 0.1, Sum: 0.9]
      [Update RS (ms): Min: 0.0, Avg: 0.0, Max: 0.1, Diff: 0.1, Sum: 0.3]
         [Processed Buffers: Min: 0, Avg: 1.3, Max: 2, Diff: 2, Sum: 10]
      [Scan RS (ms): Min: 0.0, Avg: 0.0, Max: 0.0, Diff: 0.0, Sum: 0.0]
      [Code Root Scanning (ms): Min: 0.0, Avg: 0.0, Max: 0.0, Diff: 0.0, Sum: 0.0]
      [Object Copy (ms): Min: 0.0, Avg: 0.0, Max: 0.0, Diff: 0.0, Sum: 0.0]
      [Termination (ms): Min: 0.0, Avg: 0.0, Max: 0.0, Diff: 0.0, Sum: 0.2]
         [Termination Attempts: Min: 1, Avg: 1.0, Max: 1, Diff: 0, Sum: 8]
      [GC Worker Other (ms): Min: 0.0, Avg: 0.0, Max: 0.0, Diff: 0.0, Sum: 0.0]
      [GC Worker Total (ms): Min: 0.2, Avg: 0.2, Max: 0.2, Diff: 0.0, Sum: 1.5]
      [GC Worker End (ms): Min: 2297.5, Avg: 2297.5, Max: 2297.6, Diff: 0.0]
   [Code Root Fixup: 0.0 ms]
   [Code Root Purge: 0.0 ms]
   [Clear CT: 0.1 ms]
   [Other: 0.3 ms]
      [Choose CSet: 0.0 ms]
      [Ref Proc: 0.1 ms]
      [Ref Enq: 0.0 ms]
      [Redirty Cards: 0.1 ms]
      [Humongous Register: 0.1 ms]
      [Humongous Reclaim: 0.0 ms]
      [Free CSet: 0.0 ms]
   [Eden: 0.0B(25600.0K)->0.0B(25600.0K) Survivors: 0.0B->0.0B Heap: 412.1M(512.0M)->412.1M(512.0M)]
 [Times: user=0.00 sys=0.00, real=0.00 secs] 
2.298: [Full GC (Allocation Failure)  412M->359M(512M), 0.0363632 secs]
   [Eden: 0.0B(25600.0K)->0.0B(25600.0K) Survivors: 0.0B->0.0B Heap: 412.1M(512.0M)->359.4M(512.0M)], [Metaspace: 3130K->3130K(1056768K)]
 [Times: user=0.05 sys=0.00, real=0.04 secs] 
2.335: [GC concurrent-mark-abort]
2.335: [GC pause (G1 Humongous Allocation) (young) (initial-mark), 0.0007792 secs]
   [Parallel Time: 0.5 ms, GC Workers: 8]
      [GC Worker Start (ms): Min: 2334.9, Avg: 2334.9, Max: 2335.0, Diff: 0.2]
      [Ext Root Scanning (ms): Min: 0.0, Avg: 0.1, Max: 0.2, Diff: 0.2, Sum: 1.1]
      [Update RS (ms): Min: 0.0, Avg: 0.1, Max: 0.2, Diff: 0.2, Sum: 0.5]
         [Processed Buffers: Min: 0, Avg: 0.8, Max: 1, Diff: 1, Sum: 6]
      [Scan RS (ms): Min: 0.0, Avg: 0.0, Max: 0.0, Diff: 0.0, Sum: 0.0]
      [Code Root Scanning (ms): Min: 0.0, Avg: 0.0, Max: 0.0, Diff: 0.0, Sum: 0.0]
      [Object Copy (ms): Min: 0.0, Avg: 0.0, Max: 0.0, Diff: 0.0, Sum: 0.0]
      [Termination (ms): Min: 0.0, Avg: 0.2, Max: 0.2, Diff: 0.2, Sum: 1.3]
         [Termination Attempts: Min: 1, Avg: 1.0, Max: 1, Diff: 0, Sum: 8]
      [GC Worker Other (ms): Min: 0.0, Avg: 0.0, Max: 0.0, Diff: 0.0, Sum: 0.0]
      [GC Worker Total (ms): Min: 0.2, Avg: 0.4, Max: 0.4, Diff: 0.1, Sum: 3.0]
      [GC Worker End (ms): Min: 2335.3, Avg: 2335.3, Max: 2335.3, Diff: 0.0]
   [Code Root Fixup: 0.0 ms]
   [Code Root Purge: 0.0 ms]
   [Clear CT: 0.1 ms]
   [Other: 0.3 ms]
      [Choose CSet: 0.0 ms]
      [Ref Proc: 0.1 ms]
      [Ref Enq: 0.0 ms]
      [Redirty Cards: 0.1 ms]
      [Humongous Register: 0.1 ms]
      [Humongous Reclaim: 0.0 ms]
      [Free CSet: 0.0 ms]
   [Eden: 1024.0K(25600.0K)->0.0B(25600.0K) Survivors: 0.0B->0.0B Heap: 360.5M(512.0M)->359.4M(512.0M)]
 [Times: user=0.00 sys=0.00, real=0.00 secs] 
2.336: [GC concurrent-root-region-scan-start]
2.336: [GC concurrent-root-region-scan-end, 0.0000299 secs]
2.336: [GC concurrent-mark-start]
2.337: [GC concurrent-mark-end, 0.0014429 secs]
2.337: [GC remark 2.337: [Finalize Marking, 0.0002362 secs] 2.338: [GC ref-proc, 0.0000882 secs] 2.338: [Unloading, 0.0004271 secs], 0.0017249 secs]
 [Times: user=0.00 sys=0.00, real=0.00 secs] 
2.339: [GC cleanup 369M->369M(512M), 0.0004407 secs]
 [Times: user=0.00 sys=0.00, real=0.00 secs] 
2.343: [GC pause (G1 Evacuation Pause) (young), 0.0023211 secs]
   [Parallel Time: 1.7 ms, GC Workers: 8]
      [GC Worker Start (ms): Min: 2343.1, Avg: 2343.2, Max: 2343.2, Diff: 0.1]
      [Ext Root Scanning (ms): Min: 0.1, Avg: 0.1, Max: 0.2, Diff: 0.1, Sum: 0.9]
      [Update RS (ms): Min: 0.5, Avg: 0.6, Max: 0.6, Diff: 0.0, Sum: 4.5]
         [Processed Buffers: Min: 6, Avg: 7.5, Max: 8, Diff: 2, Sum: 60]
      [Scan RS (ms): Min: 0.0, Avg: 0.0, Max: 0.0, Diff: 0.0, Sum: 0.0]
      [Code Root Scanning (ms): Min: 0.0, Avg: 0.0, Max: 0.0, Diff: 0.0, Sum: 0.0]
      [Object Copy (ms): Min: 0.9, Avg: 0.9, Max: 0.9, Diff: 0.1, Sum: 7.2]
      [Termination (ms): Min: 0.0, Avg: 0.0, Max: 0.1, Diff: 0.1, Sum: 0.2]
         [Termination Attempts: Min: 1, Avg: 1.0, Max: 1, Diff: 0, Sum: 8]
      [GC Worker Other (ms): Min: 0.0, Avg: 0.0, Max: 0.0, Diff: 0.0, Sum: 0.1]
      [GC Worker Total (ms): Min: 1.6, Avg: 1.6, Max: 1.7, Diff: 0.1, Sum: 13.0]
      [GC Worker End (ms): Min: 2344.8, Avg: 2344.8, Max: 2344.8, Diff: 0.0]
   [Code Root Fixup: 0.0 ms]
   [Code Root Purge: 0.0 ms]
   [Clear CT: 0.2 ms]
   [Other: 0.4 ms]
      [Choose CSet: 0.0 ms]
      [Ref Proc: 0.1 ms]
      [Ref Enq: 0.0 ms]
      [Redirty Cards: 0.1 ms]
      [Humongous Register: 0.1 ms]
      [Humongous Reclaim: 0.0 ms]
      [Free CSet: 0.0 ms]
   [Eden: 25600.0K(25600.0K)->0.0B(21504.0K) Survivors: 0.0B->4096.0K Heap: 391.6M(512.0M)->365.7M(512.0M)]
 [Times: user=0.00 sys=0.00, real=0.00 secs] 
2.346: [GC pause (G1 Humongous Allocation) (young) (initial-mark), 0.0011283 secs]
   [Parallel Time: 0.8 ms, GC Workers: 8]
      [GC Worker Start (ms): Min: 2345.8, Avg: 2345.8, Max: 2345.9, Diff: 0.1]
      [Ext Root Scanning (ms): Min: 0.0, Avg: 0.1, Max: 0.2, Diff: 0.2, Sum: 1.0]
      [Update RS (ms): Min: 0.0, Avg: 0.0, Max: 0.1, Diff: 0.1, Sum: 0.3]
         [Processed Buffers: Min: 1, Avg: 1.1, Max: 2, Diff: 1, Sum: 9]
      [Scan RS (ms): Min: 0.0, Avg: 0.0, Max: 0.0, Diff: 0.0, Sum: 0.0]
      [Code Root Scanning (ms): Min: 0.0, Avg: 0.0, Max: 0.0, Diff: 0.0, Sum: 0.0]
      [Object Copy (ms): Min: 0.5, Avg: 0.5, Max: 0.5, Diff: 0.1, Sum: 4.0]
      [Termination (ms): Min: 0.0, Avg: 0.0, Max: 0.1, Diff: 0.1, Sum: 0.2]
         [Termination Attempts: Min: 1, Avg: 1.0, Max: 1, Diff: 0, Sum: 8]
      [GC Worker Other (ms): Min: 0.0, Avg: 0.0, Max: 0.0, Diff: 0.0, Sum: 0.0]
      [GC Worker Total (ms): Min: 0.6, Avg: 0.7, Max: 0.7, Diff: 0.1, Sum: 5.5]
      [GC Worker End (ms): Min: 2346.5, Avg: 2346.5, Max: 2346.5, Diff: 0.0]
   [Code Root Fixup: 0.0 ms]
   [Code Root Purge: 0.0 ms]
   [Clear CT: 0.1 ms]
   [Other: 0.3 ms]
      [Choose CSet: 0.0 ms]
      [Ref Proc: 0.1 ms]
      [Ref Enq: 0.0 ms]
      [Redirty Cards: 0.1 ms]
      [Humongous Register: 0.1 ms]
      [Humongous Reclaim: 0.0 ms]
      [Free CSet: 0.0 ms]
   [Eden: 1024.0K(21504.0K)->0.0B(24576.0K) Survivors: 4096.0K->1024.0K Heap: 366.5M(512.0M)->366.5M(512.0M)]
 [Times: user=0.13 sys=0.00, real=0.00 secs] 
2.347: [GC concurrent-root-region-scan-start]
2.347: [GC concurrent-root-region-scan-end, 0.0000459 secs]
2.347: [GC concurrent-mark-start]
2.349: [GC concurrent-mark-end, 0.0019057 secs]
2.349: [GC remark 2.349: [Finalize Marking, 0.0000738 secs] 2.349: [GC ref-proc, 0.0000888 secs] 2.349: [Unloading, 0.0004047 secs], 0.0014720 secs]
 [Times: user=0.00 sys=0.00, real=0.00 secs] 
2.351: [GC cleanup 377M->377M(512M), 0.0003915 secs]
 [Times: user=0.00 sys=0.00, real=0.00 secs] 
2.355: [GC pause (G1 Evacuation Pause) (young), 0.0022199 secs]
   [Parallel Time: 1.8 ms, GC Workers: 8]
      [GC Worker Start (ms): Min: 2354.7, Avg: 2354.8, Max: 2354.9, Diff: 0.2]
      [Ext Root Scanning (ms): Min: 0.0, Avg: 0.1, Max: 0.1, Diff: 0.1, Sum: 0.9]
      [Update RS (ms): Min: 0.7, Avg: 0.8, Max: 1.1, Diff: 0.5, Sum: 6.2]
         [Processed Buffers: Min: 0, Avg: 9.3, Max: 12, Diff: 12, Sum: 74]
      [Scan RS (ms): Min: 0.0, Avg: 0.0, Max: 0.0, Diff: 0.0, Sum: 0.0]
      [Code Root Scanning (ms): Min: 0.0, Avg: 0.0, Max: 0.0, Diff: 0.0, Sum: 0.0]
      [Object Copy (ms): Min: 0.5, Avg: 0.8, Max: 1.0, Diff: 0.5, Sum: 6.6]
      [Termination (ms): Min: 0.0, Avg: 0.0, Max: 0.1, Diff: 0.1, Sum: 0.2]
         [Termination Attempts: Min: 1, Avg: 1.0, Max: 1, Diff: 0, Sum: 8]
      [GC Worker Other (ms): Min: 0.0, Avg: 0.0, Max: 0.0, Diff: 0.0, Sum: 0.1]
      [GC Worker Total (ms): Min: 1.6, Avg: 1.8, Max: 1.8, Diff: 0.2, Sum: 14.0]
      [GC Worker End (ms): Min: 2356.5, Avg: 2356.5, Max: 2356.5, Diff: 0.0]
   [Code Root Fixup: 0.0 ms]
   [Code Root Purge: 0.0 ms]
   [Clear CT: 0.1 ms]
   [Other: 0.3 ms]
      [Choose CSet: 0.0 ms]
      [Ref Proc: 0.1 ms]
      [Ref Enq: 0.0 ms]
      [Redirty Cards: 0.1 ms]
      [Humongous Register: 0.1 ms]
      [Humongous Reclaim: 0.0 ms]
      [Free CSet: 0.0 ms]
   [Eden: 24576.0K(24576.0K)->0.0B(21504.0K) Survivors: 1024.0K->4096.0K Heap: 398.4M(512.0M)->376.2M(512.0M)]
 [Times: user=0.00 sys=0.00, real=0.00 secs] 
2.360: [GC pause (G1 Evacuation Pause) (mixed), 0.0022797 secs]
   [Parallel Time: 1.9 ms, GC Workers: 8]
      [GC Worker Start (ms): Min: 2360.1, Avg: 2360.1, Max: 2360.2, Diff: 0.2]
      [Ext Root Scanning (ms): Min: 0.0, Avg: 0.1, Max: 0.1, Diff: 0.1, Sum: 0.9]
      [Update RS (ms): Min: 0.2, Avg: 0.2, Max: 0.2, Diff: 0.0, Sum: 1.4]
         [Processed Buffers: Min: 2, Avg: 2.8, Max: 4, Diff: 2, Sum: 22]
      [Scan RS (ms): Min: 0.0, Avg: 0.0, Max: 0.0, Diff: 0.0, Sum: 0.0]
      [Code Root Scanning (ms): Min: 0.0, Avg: 0.0, Max: 0.0, Diff: 0.0, Sum: 0.0]
      [Object Copy (ms): Min: 1.4, Avg: 1.5, Max: 1.5, Diff: 0.1, Sum: 11.7]
      [Termination (ms): Min: 0.0, Avg: 0.0, Max: 0.1, Diff: 0.1, Sum: 0.4]
         [Termination Attempts: Min: 1, Avg: 1.3, Max: 3, Diff: 2, Sum: 10]
      [GC Worker Other (ms): Min: 0.0, Avg: 0.0, Max: 0.0, Diff: 0.0, Sum: 0.1]
      [GC Worker Total (ms): Min: 1.7, Avg: 1.8, Max: 1.8, Diff: 0.2, Sum: 14.4]
      [GC Worker End (ms): Min: 2361.9, Avg: 2361.9, Max: 2361.9, Diff: 0.0]
   [Code Root Fixup: 0.0 ms]
   [Code Root Purge: 0.0 ms]
   [Clear CT: 0.1 ms]
   [Other: 0.3 ms]
      [Choose CSet: 0.0 ms]
      [Ref Proc: 0.1 ms]
      [Ref Enq: 0.0 ms]
      [Redirty Cards: 0.1 ms]
      [Humongous Register: 0.1 ms]
      [Humongous Reclaim: 0.0 ms]
      [Free CSet: 0.0 ms]
   [Eden: 21504.0K(21504.0K)->0.0B(21504.0K) Survivors: 4096.0K->4096.0K Heap: 398.6M(512.0M)->381.0M(512.0M)]
 [Times: user=0.13 sys=0.00, real=0.00 secs] 
2.363: [GC pause (G1 Humongous Allocation) (young) (initial-mark), 0.0009877 secs]
   [Parallel Time: 0.6 ms, GC Workers: 8]
      [GC Worker Start (ms): Min: 2362.7, Avg: 2362.7, Max: 2362.8, Diff: 0.1]
      [Ext Root Scanning (ms): Min: 0.0, Avg: 0.1, Max: 0.2, Diff: 0.2, Sum: 1.0]
      [Update RS (ms): Min: 0.0, Avg: 0.0, Max: 0.1, Diff: 0.0, Sum: 0.3]
         [Processed Buffers: Min: 1, Avg: 1.3, Max: 2, Diff: 1, Sum: 10]
      [Scan RS (ms): Min: 0.0, Avg: 0.0, Max: 0.0, Diff: 0.0, Sum: 0.0]
      [Code Root Scanning (ms): Min: 0.0, Avg: 0.0, Max: 0.0, Diff: 0.0, Sum: 0.0]
      [Object Copy (ms): Min: 0.3, Avg: 0.3, Max: 0.4, Diff: 0.1, Sum: 2.4]
      [Termination (ms): Min: 0.0, Avg: 0.1, Max: 0.1, Diff: 0.1, Sum: 0.4]
         [Termination Attempts: Min: 1, Avg: 1.0, Max: 1, Diff: 0, Sum: 8]
      [GC Worker Other (ms): Min: 0.0, Avg: 0.0, Max: 0.0, Diff: 0.0, Sum: 0.0]
      [GC Worker Total (ms): Min: 0.4, Avg: 0.5, Max: 0.6, Diff: 0.1, Sum: 4.2]
      [GC Worker End (ms): Min: 2363.3, Avg: 2363.3, Max: 2363.3, Diff: 0.0]
   [Code Root Fixup: 0.0 ms]
   [Code Root Purge: 0.0 ms]
   [Clear CT: 0.1 ms]
   [Other: 0.3 ms]
      [Choose CSet: 0.0 ms]
      [Ref Proc: 0.1 ms]
      [Ref Enq: 0.0 ms]
      [Redirty Cards: 0.1 ms]
      [Humongous Register: 0.1 ms]
      [Humongous Reclaim: 0.0 ms]
      [Free CSet: 0.0 ms]
   [Eden: 2048.0K(21504.0K)->0.0B(24576.0K) Survivors: 4096.0K->1024.0K Heap: 382.5M(512.0M)->380.9M(512.0M)]
 [Times: user=0.00 sys=0.00, real=0.00 secs] 
2.364: [GC concurrent-root-region-scan-start]
2.364: [GC concurrent-root-region-scan-end, 0.0000596 secs]
2.364: [GC concurrent-mark-start]
2.365: [GC concurrent-mark-end, 0.0013365 secs]
2.366: [GC remark 2.366: [Finalize Marking, 0.0000987 secs] 2.366: [GC ref-proc, 0.0000908 secs] 2.366: [Unloading, 0.0004119 secs], 0.0015725 secs]
 [Times: user=0.00 sys=0.00, real=0.00 secs] 
2.367: [GC cleanup 391M->391M(512M), 0.0003711 secs]
 [Times: user=0.00 sys=0.00, real=0.00 secs] 
2.370: [GC pause (G1 Humongous Allocation) (young) (to-space exhausted), 0.0013990 secs]
   [Parallel Time: 0.9 ms, GC Workers: 8]
      [GC Worker Start (ms): Min: 2370.3, Avg: 2370.3, Max: 2370.4, Diff: 0.0]
      [Ext Root Scanning (ms): Min: 0.1, Avg: 0.1, Max: 0.1, Diff: 0.0, Sum: 0.9]
      [Update RS (ms): Min: 0.6, Avg: 0.6, Max: 0.7, Diff: 0.0, Sum: 5.1]
         [Processed Buffers: Min: 8, Avg: 9.3, Max: 11, Diff: 3, Sum: 74]
      [Scan RS (ms): Min: 0.0, Avg: 0.0, Max: 0.0, Diff: 0.0, Sum: 0.0]
      [Code Root Scanning (ms): Min: 0.0, Avg: 0.0, Max: 0.0, Diff: 0.0, Sum: 0.0]
      [Object Copy (ms): Min: 0.1, Avg: 0.1, Max: 0.1, Diff: 0.1, Sum: 0.7]
      [Termination (ms): Min: 0.0, Avg: 0.0, Max: 0.0, Diff: 0.0, Sum: 0.2]
         [Termination Attempts: Min: 1, Avg: 1.0, Max: 1, Diff: 0, Sum: 8]
      [GC Worker Other (ms): Min: 0.0, Avg: 0.0, Max: 0.0, Diff: 0.0, Sum: 0.1]
      [GC Worker Total (ms): Min: 0.8, Avg: 0.9, Max: 0.9, Diff: 0.0, Sum: 7.0]
      [GC Worker End (ms): Min: 2371.2, Avg: 2371.2, Max: 2371.2, Diff: 0.0]
   [Code Root Fixup: 0.0 ms]
   [Code Root Purge: 0.0 ms]
   [Clear CT: 0.1 ms]
   [Other: 0.4 ms]
      [Evacuation Failure: 0.1 ms]
      [Choose CSet: 0.0 ms]
      [Ref Proc: 0.1 ms]
      [Ref Enq: 0.0 ms]
      [Redirty Cards: 0.1 ms]
      [Humongous Register: 0.1 ms]
      [Humongous Reclaim: 0.0 ms]
      [Free CSet: 0.0 ms]
   [Eden: 21504.0K(24576.0K)->0.0B(25600.0K) Survivors: 1024.0K->0.0B Heap: 409.2M(512.0M)->404.0M(512.0M)]
 [Times: user=0.00 sys=0.00, real=0.00 secs] 
2.373: [GC pause (G1 Humongous Allocation) (mixed) (to-space exhausted), 0.0011942 secs]
   [Parallel Time: 0.8 ms, GC Workers: 8]
      [GC Worker Start (ms): Min: 2373.1, Avg: 2373.1, Max: 2373.5, Diff: 0.4]
      [Ext Root Scanning (ms): Min: 0.0, Avg: 0.1, Max: 0.1, Diff: 0.1, Sum: 0.8]
      [Update RS (ms): Min: 0.0, Avg: 0.2, Max: 0.3, Diff: 0.3, Sum: 1.9]
         [Processed Buffers: Min: 0, Avg: 5.3, Max: 7, Diff: 7, Sum: 42]
      [Scan RS (ms): Min: 0.0, Avg: 0.0, Max: 0.0, Diff: 0.0, Sum: 0.2]
      [Code Root Scanning (ms): Min: 0.0, Avg: 0.0, Max: 0.0, Diff: 0.0, Sum: 0.0]
      [Object Copy (ms): Min: 0.3, Avg: 0.3, Max: 0.3, Diff: 0.0, Sum: 2.2]
      [Termination (ms): Min: 0.0, Avg: 0.0, Max: 0.0, Diff: 0.0, Sum: 0.1]
         [Termination Attempts: Min: 1, Avg: 1.1, Max: 2, Diff: 1, Sum: 9]
      [GC Worker Other (ms): Min: 0.0, Avg: 0.0, Max: 0.0, Diff: 0.0, Sum: 0.0]
      [GC Worker Total (ms): Min: 0.3, Avg: 0.7, Max: 0.7, Diff: 0.4, Sum: 5.2]
      [GC Worker End (ms): Min: 2373.8, Avg: 2373.8, Max: 2373.8, Diff: 0.0]
   [Code Root Fixup: 0.0 ms]
   [Code Root Purge: 0.0 ms]
   [Clear CT: 0.1 ms]
   [Other: 0.4 ms]
      [Evacuation Failure: 0.1 ms]
      [Choose CSet: 0.0 ms]
      [Ref Proc: 0.1 ms]
      [Ref Enq: 0.0 ms]
      [Redirty Cards: 0.1 ms]
      [Humongous Register: 0.1 ms]
      [Humongous Reclaim: 0.0 ms]
      [Free CSet: 0.0 ms]
   [Eden: 6144.0K(25600.0K)->0.0B(25600.0K) Survivors: 0.0B->0.0B Heap: 411.8M(512.0M)->409.8M(512.0M)]
 [Times: user=0.00 sys=0.00, real=0.00 secs] 
2.375: [GC pause (G1 Humongous Allocation) (young) (initial-mark), 0.0006607 secs]
   [Parallel Time: 0.3 ms, GC Workers: 8]
      [GC Worker Start (ms): Min: 2374.7, Avg: 2374.7, Max: 2374.8, Diff: 0.1]
      [Ext Root Scanning (ms): Min: 0.0, Avg: 0.1, Max: 0.2, Diff: 0.2, Sum: 1.0]
      [Update RS (ms): Min: 0.1, Avg: 0.1, Max: 0.1, Diff: 0.1, Sum: 0.9]
         [Processed Buffers: Min: 2, Avg: 3.6, Max: 10, Diff: 8, Sum: 29]
      [Scan RS (ms): Min: 0.0, Avg: 0.0, Max: 0.0, Diff: 0.0, Sum: 0.0]
      [Code Root Scanning (ms): Min: 0.0, Avg: 0.0, Max: 0.0, Diff: 0.0, Sum: 0.0]
      [Object Copy (ms): Min: 0.0, Avg: 0.0, Max: 0.1, Diff: 0.1, Sum: 0.1]
      [Termination (ms): Min: 0.0, Avg: 0.0, Max: 0.0, Diff: 0.0, Sum: 0.1]
         [Termination Attempts: Min: 1, Avg: 1.0, Max: 1, Diff: 0, Sum: 8]
      [GC Worker Other (ms): Min: 0.0, Avg: 0.0, Max: 0.0, Diff: 0.0, Sum: 0.0]
      [GC Worker Total (ms): Min: 0.2, Avg: 0.3, Max: 0.3, Diff: 0.1, Sum: 2.1]
      [GC Worker End (ms): Min: 2375.0, Avg: 2375.0, Max: 2375.0, Diff: 0.0]
   [Code Root Fixup: 0.0 ms]
   [Code Root Purge: 0.0 ms]
   [Clear CT: 0.1 ms]
   [Other: 0.3 ms]
      [Choose CSet: 0.0 ms]
      [Ref Proc: 0.1 ms]
      [Ref Enq: 0.0 ms]
      [Redirty Cards: 0.1 ms]
      [Humongous Register: 0.1 ms]
      [Humongous Reclaim: 0.0 ms]
      [Free CSet: 0.0 ms]
   [Eden: 2048.0K(25600.0K)->0.0B(24576.0K) Survivors: 0.0B->1024.0K Heap: 412.3M(512.0M)->409.0M(512.0M)]
 [Times: user=0.00 sys=0.00, real=0.00 secs] 
2.376: [GC concurrent-root-region-scan-start]
2.376: [GC concurrent-root-region-scan-end, 0.0000831 secs]
2.376: [GC concurrent-mark-start]
2.377: [GC pause (G1 Evacuation Pause) (young) (to-space exhausted), 0.0007911 secs]
   [Parallel Time: 0.4 ms, GC Workers: 8]
      [GC Worker Start (ms): Min: 2376.8, Avg: 2376.8, Max: 2376.9, Diff: 0.1]
      [Ext Root Scanning (ms): Min: 0.0, Avg: 0.1, Max: 0.1, Diff: 0.1, Sum: 0.8]
      [Update RS (ms): Min: 0.1, Avg: 0.2, Max: 0.2, Diff: 0.1, Sum: 1.3]
         [Processed Buffers: Min: 0, Avg: 2.1, Max: 3, Diff: 3, Sum: 17]
      [Scan RS (ms): Min: 0.0, Avg: 0.0, Max: 0.0, Diff: 0.0, Sum: 0.0]
      [Code Root Scanning (ms): Min: 0.0, Avg: 0.0, Max: 0.0, Diff: 0.0, Sum: 0.0]
      [Object Copy (ms): Min: 0.0, Avg: 0.0, Max: 0.0, Diff: 0.0, Sum: 0.1]
      [Termination (ms): Min: 0.0, Avg: 0.1, Max: 0.1, Diff: 0.1, Sum: 0.5]
         [Termination Attempts: Min: 1, Avg: 1.0, Max: 1, Diff: 0, Sum: 8]
      [GC Worker Other (ms): Min: 0.0, Avg: 0.0, Max: 0.0, Diff: 0.0, Sum: 0.0]
      [GC Worker Total (ms): Min: 0.2, Avg: 0.3, Max: 0.4, Diff: 0.1, Sum: 2.7]
      [GC Worker End (ms): Min: 2377.1, Avg: 2377.1, Max: 2377.1, Diff: 0.0]
   [Code Root Fixup: 0.0 ms]
   [Code Root Purge: 0.0 ms]
   [Clear CT: 0.1 ms]
   [Other: 0.3 ms]
      [Evacuation Failure: 0.1 ms]
      [Choose CSet: 0.0 ms]
      [Ref Proc: 0.1 ms]
      [Ref Enq: 0.0 ms]
      [Redirty Cards: 0.1 ms]
      [Humongous Register: 0.1 ms]
      [Humongous Reclaim: 0.0 ms]
      [Free CSet: 0.0 ms]
   [Eden: 3072.0K(24576.0K)->0.0B(25600.0K) Survivors: 1024.0K->0.0B Heap: 413.5M(512.0M)->412.7M(512.0M)]
 [Times: user=0.00 sys=0.02, real=0.00 secs] 
2.378: [GC pause (G1 Evacuation Pause) (young) (to-space exhausted), 0.0006296 secs]
   [Parallel Time: 0.2 ms, GC Workers: 8]
      [GC Worker Start (ms): Min: 2377.9, Avg: 2377.9, Max: 2378.0, Diff: 0.0]
      [Ext Root Scanning (ms): Min: 0.1, Avg: 0.1, Max: 0.1, Diff: 0.0, Sum: 0.8]
      [Update RS (ms): Min: 0.0, Avg: 0.0, Max: 0.1, Diff: 0.1, Sum: 0.3]
         [Processed Buffers: Min: 1, Avg: 1.3, Max: 3, Diff: 2, Sum: 10]
      [Scan RS (ms): Min: 0.0, Avg: 0.0, Max: 0.0, Diff: 0.0, Sum: 0.0]
      [Code Root Scanning (ms): Min: 0.0, Avg: 0.0, Max: 0.0, Diff: 0.0, Sum: 0.0]
      [Object Copy (ms): Min: 0.0, Avg: 0.0, Max: 0.0, Diff: 0.0, Sum: 0.0]
      [Termination (ms): Min: 0.0, Avg: 0.1, Max: 0.1, Diff: 0.1, Sum: 0.5]
         [Termination Attempts: Min: 1, Avg: 1.0, Max: 1, Diff: 0, Sum: 8]
      [GC Worker Other (ms): Min: 0.0, Avg: 0.0, Max: 0.0, Diff: 0.0, Sum: 0.0]
      [GC Worker Total (ms): Min: 0.2, Avg: 0.2, Max: 0.2, Diff: 0.0, Sum: 1.7]
      [GC Worker End (ms): Min: 2378.2, Avg: 2378.2, Max: 2378.2, Diff: 0.0]
   [Code Root Fixup: 0.0 ms]
   [Code Root Purge: 0.0 ms]
   [Clear CT: 0.1 ms]
   [Other: 0.3 ms]
      [Evacuation Failure: 0.1 ms]
      [Choose CSet: 0.0 ms]
      [Ref Proc: 0.1 ms]
      [Ref Enq: 0.0 ms]
      [Redirty Cards: 0.1 ms]
      [Humongous Register: 0.1 ms]
      [Humongous Reclaim: 0.0 ms]
      [Free CSet: 0.0 ms]
   [Eden: 1024.0K(25600.0K)->0.0B(25600.0K) Survivors: 0.0B->0.0B Heap: 413.7M(512.0M)->413.7M(512.0M)]
 [Times: user=0.00 sys=0.00, real=0.00 secs] 
2.379: [Full GC (Allocation Failure)  413M->359M(512M), 0.0377983 secs]
   [Eden: 0.0B(25600.0K)->0.0B(25600.0K) Survivors: 0.0B->0.0B Heap: 413.7M(512.0M)->359.0M(512.0M)], [Metaspace: 3130K->3130K(1056768K)]
 [Times: user=0.03 sys=0.00, real=0.04 secs] 
2.417: [GC concurrent-mark-abort]
2.418: [GC pause (G1 Humongous Allocation) (young) (initial-mark), 0.0010055 secs]
   [Parallel Time: 0.6 ms, GC Workers: 8]
      [GC Worker Start (ms): Min: 2418.0, Avg: 2418.1, Max: 2418.2, Diff: 0.2]
      [Ext Root Scanning (ms): Min: 0.0, Avg: 0.1, Max: 0.2, Diff: 0.2, Sum: 1.0]
      [Update RS (ms): Min: 0.0, Avg: 0.0, Max: 0.2, Diff: 0.2, Sum: 0.4]
         [Processed Buffers: Min: 0, Avg: 0.3, Max: 1, Diff: 1, Sum: 2]
      [Scan RS (ms): Min: 0.0, Avg: 0.0, Max: 0.0, Diff: 0.0, Sum: 0.0]
      [Code Root Scanning (ms): Min: 0.0, Avg: 0.0, Max: 0.0, Diff: 0.0, Sum: 0.0]
      [Object Copy (ms): Min: 0.0, Avg: 0.2, Max: 0.3, Diff: 0.3, Sum: 1.6]
      [Termination (ms): Min: 0.0, Avg: 0.2, Max: 0.4, Diff: 0.4, Sum: 1.3]
         [Termination Attempts: Min: 1, Avg: 2.6, Max: 5, Diff: 4, Sum: 21]
      [GC Worker Other (ms): Min: 0.0, Avg: 0.0, Max: 0.0, Diff: 0.0, Sum: 0.0]
      [GC Worker Total (ms): Min: 0.4, Avg: 0.5, Max: 0.6, Diff: 0.2, Sum: 4.4]
      [GC Worker End (ms): Min: 2418.6, Avg: 2418.6, Max: 2418.6, Diff: 0.0]
   [Code Root Fixup: 0.0 ms]
   [Code Root Purge: 0.0 ms]
   [Clear CT: 0.1 ms]
   [Other: 0.3 ms]
      [Choose CSet: 0.0 ms]
      [Ref Proc: 0.1 ms]
      [Ref Enq: 0.0 ms]
      [Redirty Cards: 0.1 ms]
      [Humongous Register: 0.1 ms]
      [Humongous Reclaim: 0.0 ms]
      [Free CSet: 0.0 ms]
   [Eden: 6144.0K(25600.0K)->0.0B(22528.0K) Survivors: 0.0B->3072.0K Heap: 364.8M(512.0M)->361.7M(512.0M)]
 [Times: user=0.00 sys=0.00, real=0.00 secs] 
2.419: [GC concurrent-root-region-scan-start]
2.419: [GC concurrent-root-region-scan-end, 0.0000997 secs]
2.419: [GC concurrent-mark-start]
2.421: [GC concurrent-mark-end, 0.0012053 secs]
2.421: [GC remark 2.421: [Finalize Marking, 0.0000928 secs] 2.421: [GC ref-proc, 0.0000893 secs] 2.421: [Unloading, 0.0004008 secs], 0.0015552 secs]
 [Times: user=0.00 sys=0.00, real=0.00 secs] 
2.422: [GC cleanup 370M->370M(512M), 0.0004244 secs]
 [Times: user=0.00 sys=0.00, real=0.00 secs] 
2.426: [GC pause (G1 Evacuation Pause) (young), 0.0025507 secs]
   [Parallel Time: 2.0 ms, GC Workers: 8]
      [GC Worker Start (ms): Min: 2426.5, Avg: 2426.6, Max: 2426.6, Diff: 0.1]
      [Ext Root Scanning (ms): Min: 0.1, Avg: 0.1, Max: 0.1, Diff: 0.1, Sum: 1.0]
      [Update RS (ms): Min: 0.6, Avg: 0.9, Max: 1.7, Diff: 1.0, Sum: 7.5]
         [Processed Buffers: Min: 0, Avg: 7.3, Max: 10, Diff: 10, Sum: 58]
      [Scan RS (ms): Min: 0.0, Avg: 0.0, Max: 0.0, Diff: 0.0, Sum: 0.0]
      [Code Root Scanning (ms): Min: 0.0, Avg: 0.0, Max: 0.0, Diff: 0.0, Sum: 0.0]
      [Object Copy (ms): Min: 0.0, Avg: 0.8, Max: 1.0, Diff: 1.0, Sum: 6.1]
      [Termination (ms): Min: 0.0, Avg: 0.1, Max: 0.1, Diff: 0.1, Sum: 0.7]
         [Termination Attempts: Min: 1, Avg: 1.0, Max: 1, Diff: 0, Sum: 8]
      [GC Worker Other (ms): Min: 0.0, Avg: 0.0, Max: 0.0, Diff: 0.0, Sum: 0.1]
      [GC Worker Total (ms): Min: 1.9, Avg: 1.9, Max: 1.9, Diff: 0.1, Sum: 15.3]
      [GC Worker End (ms): Min: 2428.5, Avg: 2428.5, Max: 2428.5, Diff: 0.0]
   [Code Root Fixup: 0.0 ms]
   [Code Root Purge: 0.0 ms]
   [Clear CT: 0.1 ms]
   [Other: 0.5 ms]
      [Choose CSet: 0.0 ms]
      [Ref Proc: 0.1 ms]
      [Ref Enq: 0.0 ms]
      [Redirty Cards: 0.0 ms]
      [Humongous Register: 0.2 ms]
      [Humongous Reclaim: 0.0 ms]
      [Free CSet: 0.0 ms]
   [Eden: 22528.0K(22528.0K)->0.0B(21504.0K) Survivors: 3072.0K->4096.0K Heap: 390.1M(512.0M)->368.2M(512.0M)]
 [Times: user=0.00 sys=0.00, real=0.00 secs] 
2.429: [GC pause (G1 Humongous Allocation) (young) (initial-mark), 0.0011468 secs]
   [Parallel Time: 0.7 ms, GC Workers: 8]
      [GC Worker Start (ms): Min: 2429.6, Avg: 2429.6, Max: 2429.7, Diff: 0.2]
      [Ext Root Scanning (ms): Min: 0.0, Avg: 0.1, Max: 0.2, Diff: 0.2, Sum: 1.1]
      [Update RS (ms): Min: 0.0, Avg: 0.1, Max: 0.1, Diff: 0.1, Sum: 0.5]
         [Processed Buffers: Min: 0, Avg: 1.0, Max: 2, Diff: 2, Sum: 8]
      [Scan RS (ms): Min: 0.0, Avg: 0.0, Max: 0.0, Diff: 0.0, Sum: 0.0]
      [Code Root Scanning (ms): Min: 0.0, Avg: 0.0, Max: 0.0, Diff: 0.0, Sum: 0.0]
      [Object Copy (ms): Min: 0.3, Avg: 0.3, Max: 0.4, Diff: 0.1, Sum: 2.8]
      [Termination (ms): Min: 0.0, Avg: 0.1, Max: 0.1, Diff: 0.1, Sum: 0.4]
         [Termination Attempts: Min: 1, Avg: 1.0, Max: 1, Diff: 0, Sum: 8]
      [GC Worker Other (ms): Min: 0.0, Avg: 0.0, Max: 0.0, Diff: 0.0, Sum: 0.0]
      [GC Worker Total (ms): Min: 0.5, Avg: 0.6, Max: 0.6, Diff: 0.2, Sum: 4.8]
      [GC Worker End (ms): Min: 2430.2, Avg: 2430.2, Max: 2430.2, Diff: 0.0]
   [Code Root Fixup: 0.0 ms]
   [Code Root Purge: 0.0 ms]
   [Clear CT: 0.1 ms]
   [Other: 0.4 ms]
      [Choose CSet: 0.0 ms]
      [Ref Proc: 0.1 ms]
      [Ref Enq: 0.0 ms]
      [Redirty Cards: 0.1 ms]
      [Humongous Register: 0.1 ms]
      [Humongous Reclaim: 0.0 ms]
      [Free CSet: 0.0 ms]
   [Eden: 1024.0K(21504.0K)->0.0B(25600.0K) Survivors: 4096.0K->0.0B Heap: 369.2M(512.0M)->368.1M(512.0M)]
 [Times: user=0.00 sys=0.00, real=0.00 secs] 
2.431: [GC concurrent-root-region-scan-start]
2.431: [GC concurrent-root-region-scan-end, 0.0000408 secs]
2.431: [GC concurrent-mark-start]
2.433: [GC concurrent-mark-end, 0.0019628 secs]
2.433: [GC remark 2.433: [Finalize Marking, 0.0001220 secs] 2.433: [GC ref-proc, 0.0001054 secs] 2.433: [Unloading, 0.0004330 secs], 0.0016143 secs]
 [Times: user=0.00 sys=0.00, real=0.00 secs] 
2.435: [GC cleanup 379M->379M(512M), 0.0003940 secs]
 [Times: user=0.00 sys=0.00, real=0.00 secs] 
2.438: [GC pause (G1 Evacuation Pause) (young) (to-space exhausted), 0.0023642 secs]
   [Parallel Time: 1.8 ms, GC Workers: 8]
      [GC Worker Start (ms): Min: 2438.5, Avg: 2438.5, Max: 2438.6, Diff: 0.0]
      [Ext Root Scanning (ms): Min: 0.1, Avg: 0.1, Max: 0.1, Diff: 0.0, Sum: 1.0]
      [Update RS (ms): Min: 0.6, Avg: 0.6, Max: 0.7, Diff: 0.0, Sum: 5.1]
         [Processed Buffers: Min: 8, Avg: 8.9, Max: 9, Diff: 1, Sum: 71]
      [Scan RS (ms): Min: 0.0, Avg: 0.0, Max: 0.0, Diff: 0.0, Sum: 0.0]
      [Code Root Scanning (ms): Min: 0.0, Avg: 0.0, Max: 0.0, Diff: 0.0, Sum: 0.0]
      [Object Copy (ms): Min: 0.8, Avg: 0.9, Max: 0.9, Diff: 0.1, Sum: 6.9]
      [Termination (ms): Min: 0.0, Avg: 0.1, Max: 0.1, Diff: 0.1, Sum: 0.6]
         [Termination Attempts: Min: 1, Avg: 1.0, Max: 1, Diff: 0, Sum: 8]
      [GC Worker Other (ms): Min: 0.0, Avg: 0.0, Max: 0.0, Diff: 0.0, Sum: 0.1]
      [GC Worker Total (ms): Min: 1.7, Avg: 1.7, Max: 1.7, Diff: 0.1, Sum: 13.7]
      [GC Worker End (ms): Min: 2440.2, Avg: 2440.2, Max: 2440.3, Diff: 0.0]
   [Code Root Fixup: 0.0 ms]
   [Code Root Purge: 0.0 ms]
   [Clear CT: 0.1 ms]
   [Other: 0.5 ms]
      [Evacuation Failure: 0.1 ms]
      [Choose CSet: 0.0 ms]
      [Ref Proc: 0.1 ms]
      [Ref Enq: 0.0 ms]
      [Redirty Cards: 0.1 ms]
      [Humongous Register: 0.1 ms]
      [Humongous Reclaim: 0.0 ms]
      [Free CSet: 0.0 ms]
   [Eden: 25600.0K(25600.0K)->0.0B(21504.0K) Survivors: 0.0B->4096.0K Heap: 400.8M(512.0M)->380.8M(512.0M)]
 [Times: user=0.13 sys=0.00, real=0.00 secs] 
2.444: [GC pause (G1 Evacuation Pause) (mixed) (to-space exhausted), 0.0018386 secs]
   [Parallel Time: 1.3 ms, GC Workers: 8]
      [GC Worker Start (ms): Min: 2444.6, Avg: 2444.7, Max: 2444.7, Diff: 0.0]
      [Ext Root Scanning (ms): Min: 0.1, Avg: 0.1, Max: 0.1, Diff: 0.0, Sum: 1.0]
      [Update RS (ms): Min: 0.1, Avg: 0.2, Max: 0.2, Diff: 0.1, Sum: 1.3]
         [Processed Buffers: Min: 2, Avg: 3.5, Max: 7, Diff: 5, Sum: 28]
      [Scan RS (ms): Min: 0.0, Avg: 0.0, Max: 0.0, Diff: 0.0, Sum: 0.1]
      [Code Root Scanning (ms): Min: 0.0, Avg: 0.0, Max: 0.0, Diff: 0.0, Sum: 0.0]
      [Object Copy (ms): Min: 0.9, Avg: 1.0, Max: 1.0, Diff: 0.1, Sum: 7.6]
      [Termination (ms): Min: 0.0, Avg: 0.0, Max: 0.0, Diff: 0.0, Sum: 0.1]
         [Termination Attempts: Min: 1, Avg: 1.0, Max: 1, Diff: 0, Sum: 8]
      [GC Worker Other (ms): Min: 0.0, Avg: 0.0, Max: 0.0, Diff: 0.0, Sum: 0.1]
      [GC Worker Total (ms): Min: 1.2, Avg: 1.3, Max: 1.3, Diff: 0.0, Sum: 10.1]
      [GC Worker End (ms): Min: 2445.9, Avg: 2445.9, Max: 2445.9, Diff: 0.0]
   [Code Root Fixup: 0.0 ms]
   [Code Root Purge: 0.0 ms]
   [Clear CT: 0.1 ms]
   [Other: 0.4 ms]
      [Evacuation Failure: 0.1 ms]
      [Choose CSet: 0.0 ms]
      [Ref Proc: 0.1 ms]
      [Ref Enq: 0.0 ms]
      [Redirty Cards: 0.1 ms]
      [Humongous Register: 0.1 ms]
      [Humongous Reclaim: 0.0 ms]
      [Free CSet: 0.0 ms]
   [Eden: 21504.0K(21504.0K)->0.0B(21504.0K) Survivors: 4096.0K->4096.0K Heap: 403.0M(512.0M)->404.4M(512.0M)]
 [Times: user=0.00 sys=0.00, real=0.00 secs] 
2.448: [GC pause (G1 Humongous Allocation) (young) (initial-mark) (to-space exhausted), 0.0010691 secs]
   [Parallel Time: 0.6 ms, GC Workers: 8]
      [GC Worker Start (ms): Min: 2448.0, Avg: 2448.1, Max: 2448.1, Diff: 0.1]
      [Ext Root Scanning (ms): Min: 0.1, Avg: 0.1, Max: 0.1, Diff: 0.1, Sum: 1.0]
      [Update RS (ms): Min: 0.1, Avg: 0.1, Max: 0.1, Diff: 0.0, Sum: 0.5]
         [Processed Buffers: Min: 1, Avg: 2.5, Max: 6, Diff: 5, Sum: 20]
      [Scan RS (ms): Min: 0.0, Avg: 0.0, Max: 0.0, Diff: 0.0, Sum: 0.0]
      [Code Root Scanning (ms): Min: 0.0, Avg: 0.0, Max: 0.0, Diff: 0.0, Sum: 0.0]
      [Object Copy (ms): Min: 0.3, Avg: 0.3, Max: 0.4, Diff: 0.1, Sum: 2.7]
      [Termination (ms): Min: 0.0, Avg: 0.1, Max: 0.1, Diff: 0.1, Sum: 0.5]
         [Termination Attempts: Min: 1, Avg: 1.0, Max: 1, Diff: 0, Sum: 8]
      [GC Worker Other (ms): Min: 0.0, Avg: 0.0, Max: 0.0, Diff: 0.0, Sum: 0.0]
      [GC Worker Total (ms): Min: 0.5, Avg: 0.6, Max: 0.6, Diff: 0.1, Sum: 4.7]
      [GC Worker End (ms): Min: 2448.6, Avg: 2448.6, Max: 2448.6, Diff: 0.0]
   [Code Root Fixup: 0.0 ms]
   [Code Root Purge: 0.0 ms]
   [Clear CT: 0.1 ms]
   [Other: 0.4 ms]
      [Evacuation Failure: 0.1 ms]
      [Choose CSet: 0.0 ms]
      [Ref Proc: 0.1 ms]
      [Ref Enq: 0.0 ms]
      [Redirty Cards: 0.0 ms]
      [Humongous Register: 0.1 ms]
      [Humongous Reclaim: 0.0 ms]
      [Free CSet: 0.0 ms]
   [Eden: 6144.0K(21504.0K)->0.0B(24576.0K) Survivors: 4096.0K->1024.0K Heap: 410.3M(512.0M)->408.2M(512.0M)]
 [Times: user=0.00 sys=0.00, real=0.00 secs] 
2.449: [GC concurrent-root-region-scan-start]
2.449: [GC concurrent-root-region-scan-end, 0.0001052 secs]
2.449: [GC concurrent-mark-start]
2.451: [GC concurrent-mark-end, 0.0011800 secs]
2.451: [GC remark 2.451: [Finalize Marking, 0.0000891 secs] 2.451: [GC ref-proc, 0.0000915 secs] 2.451: [Unloading, 0.0004386 secs], 0.0015396 secs]
 [Times: user=0.00 sys=0.00, real=0.00 secs] 
2.452: [GC cleanup 413M->413M(512M), 0.0003700 secs]
 [Times: user=0.00 sys=0.00, real=0.00 secs] 
2.453: [GC pause (G1 Evacuation Pause) (young) (to-space exhausted), 0.0007228 secs]
   [Parallel Time: 0.3 ms, GC Workers: 8]
      [GC Worker Start (ms): Min: 2452.9, Avg: 2452.9, Max: 2453.0, Diff: 0.0]
      [Ext Root Scanning (ms): Min: 0.1, Avg: 0.1, Max: 0.1, Diff: 0.0, Sum: 0.9]
      [Update RS (ms): Min: 0.1, Avg: 0.1, Max: 0.1, Diff: 0.1, Sum: 0.9]
         [Processed Buffers: Min: 0, Avg: 2.6, Max: 4, Diff: 4, Sum: 21]
      [Scan RS (ms): Min: 0.0, Avg: 0.0, Max: 0.0, Diff: 0.0, Sum: 0.0]
      [Code Root Scanning (ms): Min: 0.0, Avg: 0.0, Max: 0.0, Diff: 0.0, Sum: 0.0]
      [Object Copy (ms): Min: 0.0, Avg: 0.0, Max: 0.0, Diff: 0.0, Sum: 0.0]
      [Termination (ms): Min: 0.0, Avg: 0.0, Max: 0.0, Diff: 0.0, Sum: 0.1]
         [Termination Attempts: Min: 1, Avg: 1.0, Max: 1, Diff: 0, Sum: 8]
      [GC Worker Other (ms): Min: 0.0, Avg: 0.0, Max: 0.0, Diff: 0.0, Sum: 0.0]
      [GC Worker Total (ms): Min: 0.2, Avg: 0.3, Max: 0.3, Diff: 0.0, Sum: 2.0]
      [GC Worker End (ms): Min: 2453.2, Avg: 2453.2, Max: 2453.2, Diff: 0.0]
   [Code Root Fixup: 0.0 ms]
   [Code Root Purge: 0.0 ms]
   [Clear CT: 0.1 ms]
   [Other: 0.3 ms]
      [Evacuation Failure: 0.1 ms]
      [Choose CSet: 0.0 ms]
      [Ref Proc: 0.1 ms]
      [Ref Enq: 0.0 ms]
      [Redirty Cards: 0.1 ms]
      [Humongous Register: 0.1 ms]
      [Humongous Reclaim: 0.0 ms]
      [Free CSet: 0.0 ms]
   [Eden: 5120.0K(24576.0K)->0.0B(25600.0K) Survivors: 1024.0K->0.0B Heap: 413.9M(512.0M)->411.4M(512.0M)]
 [Times: user=0.00 sys=0.00, real=0.00 secs] 
2.454: [GC pause (G1 Evacuation Pause) (mixed) (to-space exhausted), 0.0009114 secs]
   [Parallel Time: 0.5 ms, GC Workers: 8]
      [GC Worker Start (ms): Min: 2454.5, Avg: 2454.6, Max: 2454.6, Diff: 0.0]
      [Ext Root Scanning (ms): Min: 0.1, Avg: 0.1, Max: 0.1, Diff: 0.1, Sum: 0.9]
      [Update RS (ms): Min: 0.1, Avg: 0.1, Max: 0.1, Diff: 0.1, Sum: 0.7]
         [Processed Buffers: Min: 1, Avg: 1.9, Max: 3, Diff: 2, Sum: 15]
      [Scan RS (ms): Min: 0.0, Avg: 0.0, Max: 0.0, Diff: 0.0, Sum: 0.1]
      [Code Root Scanning (ms): Min: 0.0, Avg: 0.0, Max: 0.0, Diff: 0.0, Sum: 0.0]
      [Object Copy (ms): Min: 0.1, Avg: 0.2, Max: 0.2, Diff: 0.1, Sum: 1.3]
      [Termination (ms): Min: 0.0, Avg: 0.0, Max: 0.1, Diff: 0.1, Sum: 0.3]
         [Termination Attempts: Min: 1, Avg: 1.3, Max: 3, Diff: 2, Sum: 10]
      [GC Worker Other (ms): Min: 0.0, Avg: 0.0, Max: 0.0, Diff: 0.0, Sum: 0.0]
      [GC Worker Total (ms): Min: 0.4, Avg: 0.4, Max: 0.5, Diff: 0.1, Sum: 3.3]
      [GC Worker End (ms): Min: 2455.0, Avg: 2455.0, Max: 2455.0, Diff: 0.0]
   [Code Root Fixup: 0.0 ms]
   [Code Root Purge: 0.0 ms]
   [Clear CT: 0.1 ms]
   [Other: 0.4 ms]
      [Evacuation Failure: 0.1 ms]
      [Choose CSet: 0.0 ms]
      [Ref Proc: 0.1 ms]
      [Ref Enq: 0.0 ms]
      [Redirty Cards: 0.1 ms]
      [Humongous Register: 0.1 ms]
      [Humongous Reclaim: 0.0 ms]
      [Free CSet: 0.0 ms]
   [Eden: 2048.0K(25600.0K)->0.0B(25600.0K) Survivors: 0.0B->0.0B Heap: 414.0M(512.0M)->411.9M(512.0M)]
 [Times: user=0.02 sys=0.00, real=0.00 secs] 
2.456: [GC pause (G1 Evacuation Pause) (mixed) (to-space exhausted), 0.0008162 secs]
   [Parallel Time: 0.4 ms, GC Workers: 8]
      [GC Worker Start (ms): Min: 2456.5, Avg: 2456.5, Max: 2456.7, Diff: 0.1]
      [Ext Root Scanning (ms): Min: 0.0, Avg: 0.1, Max: 0.1, Diff: 0.1, Sum: 0.8]
      [Update RS (ms): Min: 0.1, Avg: 0.1, Max: 0.1, Diff: 0.0, Sum: 0.5]
         [Processed Buffers: Min: 1, Avg: 2.6, Max: 6, Diff: 5, Sum: 21]
      [Scan RS (ms): Min: 0.0, Avg: 0.0, Max: 0.0, Diff: 0.0, Sum: 0.1]
      [Code Root Scanning (ms): Min: 0.0, Avg: 0.0, Max: 0.0, Diff: 0.0, Sum: 0.0]
      [Object Copy (ms): Min: 0.1, Avg: 0.1, Max: 0.2, Diff: 0.0, Sum: 1.0]
      [Termination (ms): Min: 0.0, Avg: 0.0, Max: 0.0, Diff: 0.0, Sum: 0.2]
         [Termination Attempts: Min: 1, Avg: 1.0, Max: 1, Diff: 0, Sum: 8]
      [GC Worker Other (ms): Min: 0.0, Avg: 0.0, Max: 0.0, Diff: 0.0, Sum: 0.0]
      [GC Worker Total (ms): Min: 0.2, Avg: 0.3, Max: 0.4, Diff: 0.1, Sum: 2.7]
      [GC Worker End (ms): Min: 2456.9, Avg: 2456.9, Max: 2456.9, Diff: 0.0]
   [Code Root Fixup: 0.0 ms]
   [Code Root Purge: 0.0 ms]
   [Clear CT: 0.1 ms]
   [Other: 0.4 ms]
      [Evacuation Failure: 0.1 ms]
      [Choose CSet: 0.0 ms]
      [Ref Proc: 0.1 ms]
      [Ref Enq: 0.0 ms]
      [Redirty Cards: 0.1 ms]
      [Humongous Register: 0.1 ms]
      [Humongous Reclaim: 0.0 ms]
      [Free CSet: 0.0 ms]
   [Eden: 3072.0K(25600.0K)->0.0B(25600.0K) Survivors: 0.0B->0.0B Heap: 414.9M(512.0M)->413.9M(512.0M)]
 [Times: user=0.00 sys=0.00, real=0.00 secs] 
2.458: [GC pause (G1 Evacuation Pause) (young) (to-space exhausted), 0.0007137 secs]
   [Parallel Time: 0.3 ms, GC Workers: 8]
      [GC Worker Start (ms): Min: 2457.9, Avg: 2457.9, Max: 2458.1, Diff: 0.2]
      [Ext Root Scanning (ms): Min: 0.0, Avg: 0.1, Max: 0.1, Diff: 0.1, Sum: 0.8]
      [Update RS (ms): Min: 0.0, Avg: 0.1, Max: 0.1, Diff: 0.1, Sum: 0.4]
         [Processed Buffers: Min: 0, Avg: 2.5, Max: 5, Diff: 5, Sum: 20]
      [Scan RS (ms): Min: 0.0, Avg: 0.0, Max: 0.0, Diff: 0.0, Sum: 0.0]
      [Code Root Scanning (ms): Min: 0.0, Avg: 0.0, Max: 0.0, Diff: 0.0, Sum: 0.0]
      [Object Copy (ms): Min: 0.0, Avg: 0.0, Max: 0.0, Diff: 0.0, Sum: 0.1]
      [Termination (ms): Min: 0.0, Avg: 0.0, Max: 0.0, Diff: 0.0, Sum: 0.3]
         [Termination Attempts: Min: 1, Avg: 1.3, Max: 2, Diff: 1, Sum: 10]
      [GC Worker Other (ms): Min: 0.0, Avg: 0.0, Max: 0.0, Diff: 0.0, Sum: 0.0]
      [GC Worker Total (ms): Min: 0.0, Avg: 0.2, Max: 0.2, Diff: 0.2, Sum: 1.7]
      [GC Worker End (ms): Min: 2458.1, Avg: 2458.1, Max: 2458.1, Diff: 0.0]
   [Code Root Fixup: 0.0 ms]
   [Code Root Purge: 0.0 ms]
   [Clear CT: 0.1 ms]
   [Other: 0.3 ms]
      [Evacuation Failure: 0.1 ms]
      [Choose CSet: 0.0 ms]
      [Ref Proc: 0.1 ms]
      [Ref Enq: 0.0 ms]
      [Redirty Cards: 0.1 ms]
      [Humongous Register: 0.1 ms]
      [Humongous Reclaim: 0.0 ms]
      [Free CSet: 0.0 ms]
   [Eden: 1024.0K(25600.0K)->0.0B(25600.0K) Survivors: 0.0B->0.0B Heap: 414.9M(512.0M)->414.9M(512.0M)]
 [Times: user=0.00 sys=0.00, real=0.00 secs] 
2.459: [Full GC (Allocation Failure)  414M->358M(512M), 0.0394955 secs]
   [Eden: 0.0B(25600.0K)->0.0B(25600.0K) Survivors: 0.0B->0.0B Heap: 414.9M(512.0M)->358.1M(512.0M)], [Metaspace: 3130K->3130K(1056768K)]
 [Times: user=0.03 sys=0.00, real=0.04 secs] 
2.499: [GC pause (G1 Humongous Allocation) (young) (initial-mark), 0.0009143 secs]
   [Parallel Time: 0.5 ms, GC Workers: 8]
      [GC Worker Start (ms): Min: 2499.1, Avg: 2499.2, Max: 2499.3, Diff: 0.2]
      [Ext Root Scanning (ms): Min: 0.0, Avg: 0.2, Max: 0.3, Diff: 0.3, Sum: 1.4]
      [Update RS (ms): Min: 0.0, Avg: 0.0, Max: 0.3, Diff: 0.3, Sum: 0.3]
         [Processed Buffers: Min: 0, Avg: 0.3, Max: 1, Diff: 1, Sum: 2]
      [Scan RS (ms): Min: 0.0, Avg: 0.0, Max: 0.0, Diff: 0.0, Sum: 0.0]
      [Code Root Scanning (ms): Min: 0.0, Avg: 0.0, Max: 0.0, Diff: 0.0, Sum: 0.0]
      [Object Copy (ms): Min: 0.0, Avg: 0.1, Max: 0.1, Diff: 0.1, Sum: 0.4]
      [Termination (ms): Min: 0.0, Avg: 0.1, Max: 0.2, Diff: 0.2, Sum: 0.9]
         [Termination Attempts: Min: 1, Avg: 1.0, Max: 1, Diff: 0, Sum: 8]
      [GC Worker Other (ms): Min: 0.0, Avg: 0.0, Max: 0.0, Diff: 0.0, Sum: 0.0]
      [GC Worker Total (ms): Min: 0.3, Avg: 0.4, Max: 0.4, Diff: 0.2, Sum: 3.1]
      [GC Worker End (ms): Min: 2499.6, Avg: 2499.6, Max: 2499.6, Diff: 0.0]
   [Code Root Fixup: 0.0 ms]
   [Code Root Purge: 0.0 ms]
   [Clear CT: 0.1 ms]
   [Other: 0.3 ms]
      [Choose CSet: 0.0 ms]
      [Ref Proc: 0.1 ms]
      [Ref Enq: 0.0 ms]
      [Redirty Cards: 0.1 ms]
      [Humongous Register: 0.1 ms]
      [Humongous Reclaim: 0.0 ms]
      [Free CSet: 0.0 ms]
   [Eden: 4096.0K(25600.0K)->0.0B(24576.0K) Survivors: 0.0B->1024.0K Heap: 361.6M(512.0M)->359.0M(512.0M)]
 [Times: user=0.00 sys=0.00, real=0.00 secs] 
2.500: [GC concurrent-root-region-scan-start]
2.500: [GC concurrent-root-region-scan-end, 0.0001091 secs]
2.500: [GC concurrent-mark-start]
2.502: [GC concurrent-mark-end, 0.0012947 secs]
2.502: [GC remark 2.502: [Finalize Marking, 0.0002022 secs] 2.502: [GC ref-proc, 0.0001022 secs] 2.502: [Unloading, 0.0004973 secs], 0.0018178 secs]
 [Times: user=0.00 sys=0.02, real=0.00 secs] 
2.504: [GC cleanup 368M->368M(512M), 0.0003995 secs]
 [Times: user=0.00 sys=0.00, real=0.00 secs] 
2.508: [GC pause (G1 Evacuation Pause) (young), 0.0021687 secs]
   [Parallel Time: 1.8 ms, GC Workers: 8]
      [GC Worker Start (ms): Min: 2507.7, Avg: 2507.7, Max: 2507.8, Diff: 0.0]
      [Ext Root Scanning (ms): Min: 0.1, Avg: 0.1, Max: 0.1, Diff: 0.0, Sum: 1.0]
      [Update RS (ms): Min: 0.7, Avg: 0.8, Max: 0.8, Diff: 0.1, Sum: 6.0]
         [Processed Buffers: Min: 9, Avg: 10.0, Max: 11, Diff: 2, Sum: 80]
      [Scan RS (ms): Min: 0.0, Avg: 0.0, Max: 0.0, Diff: 0.0, Sum: 0.0]
      [Code Root Scanning (ms): Min: 0.0, Avg: 0.0, Max: 0.0, Diff: 0.0, Sum: 0.0]
      [Object Copy (ms): Min: 0.7, Avg: 0.8, Max: 0.8, Diff: 0.1, Sum: 6.3]
      [Termination (ms): Min: 0.0, Avg: 0.1, Max: 0.1, Diff: 0.1, Sum: 0.5]
         [Termination Attempts: Min: 1, Avg: 1.0, Max: 1, Diff: 0, Sum: 8]
      [GC Worker Other (ms): Min: 0.0, Avg: 0.0, Max: 0.0, Diff: 0.0, Sum: 0.1]
      [GC Worker Total (ms): Min: 1.7, Avg: 1.7, Max: 1.7, Diff: 0.0, Sum: 13.8]
      [GC Worker End (ms): Min: 2509.5, Avg: 2509.5, Max: 2509.5, Diff: 0.0]
   [Code Root Fixup: 0.0 ms]
   [Code Root Purge: 0.0 ms]
   [Clear CT: 0.1 ms]
   [Other: 0.3 ms]
      [Choose CSet: 0.0 ms]
      [Ref Proc: 0.1 ms]
      [Ref Enq: 0.0 ms]
      [Redirty Cards: 0.1 ms]
      [Humongous Register: 0.1 ms]
      [Humongous Reclaim: 0.0 ms]
      [Free CSet: 0.0 ms]
   [Eden: 24576.0K(24576.0K)->0.0B(21504.0K) Survivors: 1024.0K->4096.0K Heap: 392.3M(512.0M)->367.4M(512.0M)]
 [Times: user=0.00 sys=0.00, real=0.00 secs] 
2.511: [GC pause (G1 Humongous Allocation) (young) (initial-mark), 0.0013517 secs]
   [Parallel Time: 1.0 ms, GC Workers: 8]
      [GC Worker Start (ms): Min: 2511.1, Avg: 2511.1, Max: 2511.3, Diff: 0.1]
      [Ext Root Scanning (ms): Min: 0.0, Avg: 0.1, Max: 0.2, Diff: 0.2, Sum: 1.0]
      [Update RS (ms): Min: 0.0, Avg: 0.1, Max: 0.1, Diff: 0.1, Sum: 0.4]
         [Processed Buffers: Min: 1, Avg: 1.1, Max: 2, Diff: 1, Sum: 9]
      [Scan RS (ms): Min: 0.0, Avg: 0.0, Max: 0.0, Diff: 0.0, Sum: 0.0]
      [Code Root Scanning (ms): Min: 0.0, Avg: 0.0, Max: 0.0, Diff: 0.0, Sum: 0.0]
      [Object Copy (ms): Min: 0.6, Avg: 0.7, Max: 0.7, Diff: 0.1, Sum: 5.6]
      [Termination (ms): Min: 0.0, Avg: 0.0, Max: 0.0, Diff: 0.0, Sum: 0.2]
         [Termination Attempts: Min: 1, Avg: 1.0, Max: 1, Diff: 0, Sum: 8]
      [GC Worker Other (ms): Min: 0.0, Avg: 0.0, Max: 0.0, Diff: 0.0, Sum: 0.0]
      [GC Worker Total (ms): Min: 0.8, Avg: 0.9, Max: 0.9, Diff: 0.1, Sum: 7.3]
      [GC Worker End (ms): Min: 2512.1, Avg: 2512.1, Max: 2512.1, Diff: 0.0]
   [Code Root Fixup: 0.0 ms]
   [Code Root Purge: 0.0 ms]
   [Clear CT: 0.0 ms]
   [Other: 0.3 ms]
      [Choose CSet: 0.0 ms]
      [Ref Proc: 0.1 ms]
      [Ref Enq: 0.0 ms]
      [Redirty Cards: 0.1 ms]
      [Humongous Register: 0.1 ms]
      [Humongous Reclaim: 0.0 ms]
      [Free CSet: 0.0 ms]
   [Eden: 7168.0K(21504.0K)->0.0B(22528.0K) Survivors: 4096.0K->3072.0K Heap: 373.6M(512.0M)->370.2M(512.0M)]
 [Times: user=0.00 sys=0.00, real=0.00 secs] 
2.513: [GC concurrent-root-region-scan-start]
2.513: [GC concurrent-root-region-scan-end, 0.0001002 secs]
2.513: [GC concurrent-mark-start]
2.514: [GC concurrent-mark-end, 0.0017893 secs]
2.515: [GC remark 2.515: [Finalize Marking, 0.0000889 secs] 2.515: [GC ref-proc, 0.0000917 secs] 2.515: [Unloading, 0.0004749 secs], 0.0018438 secs]
 [Times: user=0.00 sys=0.00, real=0.00 secs] 
2.517: [GC cleanup 379M->379M(512M), 0.0004653 secs]
 [Times: user=0.00 sys=0.00, real=0.00 secs] 
2.520: [GC pause (G1 Evacuation Pause) (young), 0.0022042 secs]
   [Parallel Time: 1.7 ms, GC Workers: 8]
      [GC Worker Start (ms): Min: 2520.1, Avg: 2520.2, Max: 2520.3, Diff: 0.2]
      [Ext Root Scanning (ms): Min: 0.0, Avg: 0.1, Max: 0.1, Diff: 0.1, Sum: 0.8]
      [Update RS (ms): Min: 0.4, Avg: 0.5, Max: 1.4, Diff: 1.0, Sum: 4.3]
         [Processed Buffers: Min: 1, Avg: 5.6, Max: 8, Diff: 7, Sum: 45]
      [Scan RS (ms): Min: 0.0, Avg: 0.0, Max: 0.0, Diff: 0.0, Sum: 0.0]
      [Code Root Scanning (ms): Min: 0.0, Avg: 0.0, Max: 0.0, Diff: 0.0, Sum: 0.0]
      [Object Copy (ms): Min: 0.1, Avg: 0.8, Max: 1.0, Diff: 0.9, Sum: 6.5]
      [Termination (ms): Min: 0.0, Avg: 0.1, Max: 0.2, Diff: 0.2, Sum: 1.0]
         [Termination Attempts: Min: 1, Avg: 1.5, Max: 2, Diff: 1, Sum: 12]
      [GC Worker Other (ms): Min: 0.0, Avg: 0.0, Max: 0.0, Diff: 0.0, Sum: 0.1]
      [GC Worker Total (ms): Min: 1.4, Avg: 1.6, Max: 1.6, Diff: 0.2, Sum: 12.6]
      [GC Worker End (ms): Min: 2521.8, Avg: 2521.8, Max: 2521.8, Diff: 0.0]
   [Code Root Fixup: 0.0 ms]
   [Code Root Purge: 0.0 ms]
   [Clear CT: 0.1 ms]
   [Other: 0.5 ms]
      [Choose CSet: 0.0 ms]
      [Ref Proc: 0.1 ms]
      [Ref Enq: 0.0 ms]
      [Redirty Cards: 0.1 ms]
      [Humongous Register: 0.2 ms]
      [Humongous Reclaim: 0.0 ms]
      [Free CSet: 0.0 ms]
   [Eden: 22528.0K(22528.0K)->0.0B(21504.0K) Survivors: 3072.0K->4096.0K Heap: 396.5M(512.0M)->375.7M(512.0M)]
 [Times: user=0.00 sys=0.00, real=0.00 secs] 
2.526: [GC pause (G1 Evacuation Pause) (mixed) (to-space exhausted), 0.0022209 secs]
   [Parallel Time: 1.7 ms, GC Workers: 8]
      [GC Worker Start (ms): Min: 2526.0, Avg: 2526.0, Max: 2526.1, Diff: 0.2]
      [Ext Root Scanning (ms): Min: 0.0, Avg: 0.1, Max: 0.2, Diff: 0.2, Sum: 0.8]
      [Update RS (ms): Min: 0.5, Avg: 0.5, Max: 0.6, Diff: 0.1, Sum: 4.1]
         [Processed Buffers: Min: 0, Avg: 6.4, Max: 8, Diff: 8, Sum: 51]
      [Scan RS (ms): Min: 0.0, Avg: 0.0, Max: 0.0, Diff: 0.0, Sum: 0.1]
      [Code Root Scanning (ms): Min: 0.0, Avg: 0.0, Max: 0.0, Diff: 0.0, Sum: 0.0]
      [Object Copy (ms): Min: 0.9, Avg: 0.9, Max: 1.0, Diff: 0.0, Sum: 7.4]
      [Termination (ms): Min: 0.0, Avg: 0.0, Max: 0.0, Diff: 0.0, Sum: 0.1]
         [Termination Attempts: Min: 1, Avg: 1.0, Max: 1, Diff: 0, Sum: 8]
      [GC Worker Other (ms): Min: 0.0, Avg: 0.0, Max: 0.0, Diff: 0.0, Sum: 0.1]
      [GC Worker Total (ms): Min: 1.5, Avg: 1.6, Max: 1.6, Diff: 0.2, Sum: 12.6]
      [GC Worker End (ms): Min: 2527.6, Avg: 2527.6, Max: 2527.6, Diff: 0.0]
   [Code Root Fixup: 0.0 ms]
   [Code Root Purge: 0.0 ms]
   [Clear CT: 0.1 ms]
   [Other: 0.5 ms]
      [Evacuation Failure: 0.1 ms]
      [Choose CSet: 0.0 ms]
      [Ref Proc: 0.1 ms]
      [Ref Enq: 0.0 ms]
      [Redirty Cards: 0.1 ms]
      [Humongous Register: 0.1 ms]
      [Humongous Reclaim: 0.0 ms]
      [Free CSet: 0.0 ms]
   [Eden: 21504.0K(21504.0K)->0.0B(22528.0K) Survivors: 4096.0K->3072.0K Heap: 402.1M(512.0M)->399.8M(512.0M)]
 [Times: user=0.00 sys=0.00, real=0.00 secs] 
2.529: [GC pause (G1 Humongous Allocation) (young) (initial-mark), 0.0011712 secs]
   [Parallel Time: 0.8 ms, GC Workers: 8]
      [GC Worker Start (ms): Min: 2529.2, Avg: 2529.2, Max: 2529.4, Diff: 0.1]
      [Ext Root Scanning (ms): Min: 0.0, Avg: 0.1, Max: 0.2, Diff: 0.2, Sum: 1.1]
      [Update RS (ms): Min: 0.0, Avg: 0.1, Max: 0.1, Diff: 0.1, Sum: 0.5]
         [Processed Buffers: Min: 1, Avg: 2.4, Max: 5, Diff: 4, Sum: 19]
      [Scan RS (ms): Min: 0.0, Avg: 0.0, Max: 0.0, Diff: 0.0, Sum: 0.0]
      [Code Root Scanning (ms): Min: 0.0, Avg: 0.0, Max: 0.0, Diff: 0.0, Sum: 0.0]
      [Object Copy (ms): Min: 0.5, Avg: 0.5, Max: 0.5, Diff: 0.1, Sum: 4.1]
      [Termination (ms): Min: 0.0, Avg: 0.0, Max: 0.1, Diff: 0.1, Sum: 0.2]
         [Termination Attempts: Min: 1, Avg: 1.0, Max: 1, Diff: 0, Sum: 8]
      [GC Worker Other (ms): Min: 0.0, Avg: 0.0, Max: 0.0, Diff: 0.0, Sum: 0.0]
      [GC Worker Total (ms): Min: 0.6, Avg: 0.7, Max: 0.8, Diff: 0.1, Sum: 6.0]
      [GC Worker End (ms): Min: 2530.0, Avg: 2530.0, Max: 2530.0, Diff: 0.0]
   [Code Root Fixup: 0.0 ms]
   [Code Root Purge: 0.0 ms]
   [Clear CT: 0.1 ms]
   [Other: 0.3 ms]
      [Choose CSet: 0.0 ms]
      [Ref Proc: 0.1 ms]
      [Ref Enq: 0.0 ms]
      [Redirty Cards: 0.0 ms]
      [Humongous Register: 0.1 ms]
      [Humongous Reclaim: 0.0 ms]
      [Free CSet: 0.0 ms]
   [Eden: 6144.0K(22528.0K)->0.0B(22528.0K) Survivors: 3072.0K->3072.0K Heap: 405.4M(512.0M)->401.1M(512.0M)]
 [Times: user=0.00 sys=0.00, real=0.00 secs] 
2.531: [GC concurrent-root-region-scan-start]
2.531: [GC concurrent-root-region-scan-end, 0.0000946 secs]
2.531: [GC concurrent-mark-start]
2.532: [GC pause (G1 Humongous Allocation) (young) (to-space exhausted), 0.0008275 secs]
   [Parallel Time: 0.4 ms, GC Workers: 8]
      [GC Worker Start (ms): Min: 2532.0, Avg: 2532.0, Max: 2532.0, Diff: 0.0]
      [Ext Root Scanning (ms): Min: 0.1, Avg: 0.1, Max: 0.1, Diff: 0.0, Sum: 0.9]
      [Update RS (ms): Min: 0.2, Avg: 0.2, Max: 0.2, Diff: 0.1, Sum: 1.7]
         [Processed Buffers: Min: 3, Avg: 3.4, Max: 4, Diff: 1, Sum: 27]
      [Scan RS (ms): Min: 0.0, Avg: 0.0, Max: 0.0, Diff: 0.0, Sum: 0.0]
      [Code Root Scanning (ms): Min: 0.0, Avg: 0.0, Max: 0.0, Diff: 0.0, Sum: 0.0]
      [Object Copy (ms): Min: 0.0, Avg: 0.0, Max: 0.1, Diff: 0.1, Sum: 0.3]
      [Termination (ms): Min: 0.0, Avg: 0.0, Max: 0.0, Diff: 0.0, Sum: 0.2]
         [Termination Attempts: Min: 1, Avg: 1.0, Max: 1, Diff: 0, Sum: 8]
      [GC Worker Other (ms): Min: 0.0, Avg: 0.0, Max: 0.0, Diff: 0.0, Sum: 0.1]
      [GC Worker Total (ms): Min: 0.4, Avg: 0.4, Max: 0.4, Diff: 0.0, Sum: 3.2]
      [GC Worker End (ms): Min: 2532.4, Avg: 2532.4, Max: 2532.4, Diff: 0.0]
   [Code Root Fixup: 0.0 ms]
   [Code Root Purge: 0.0 ms]
   [Clear CT: 0.0 ms]
   [Other: 0.3 ms]
      [Evacuation Failure: 0.1 ms]
      [Choose CSet: 0.0 ms]
      [Ref Proc: 0.1 ms]
      [Ref Enq: 0.0 ms]
      [Redirty Cards: 0.1 ms]
      [Humongous Register: 0.1 ms]
      [Humongous Reclaim: 0.0 ms]
      [Free CSet: 0.0 ms]
   [Eden: 8192.0K(22528.0K)->0.0B(25600.0K) Survivors: 3072.0K->0.0B Heap: 411.1M(512.0M)->407.2M(512.0M)]
 [Times: user=0.00 sys=0.00, real=0.00 secs] 
2.533: [GC concurrent-mark-end, 0.0025386 secs]
2.533: [GC remark 2.533: [Finalize Marking, 0.0000958 secs] 2.533: [GC ref-proc, 0.0000869 secs] 2.533: [Unloading, 0.0004265 secs], 0.0016277 secs]
 [Times: user=0.13 sys=0.00, real=0.00 secs] 
2.535: [GC cleanup 409M->409M(512M), 0.0005440 secs]
 [Times: user=0.00 sys=0.00, real=0.00 secs] 
2.536: [GC pause (G1 Evacuation Pause) (young) (to-space exhausted), 0.0010327 secs]
   [Parallel Time: 0.4 ms, GC Workers: 8]
      [GC Worker Start (ms): Min: 2536.6, Avg: 2536.6, Max: 2536.8, Diff: 0.2]
      [Ext Root Scanning (ms): Min: 0.0, Avg: 0.1, Max: 0.1, Diff: 0.1, Sum: 0.9]
      [Update RS (ms): Min: 0.1, Avg: 0.1, Max: 0.1, Diff: 0.1, Sum: 0.8]
         [Processed Buffers: Min: 1, Avg: 2.6, Max: 5, Diff: 4, Sum: 21]
      [Scan RS (ms): Min: 0.0, Avg: 0.0, Max: 0.0, Diff: 0.0, Sum: 0.0]
      [Code Root Scanning (ms): Min: 0.0, Avg: 0.0, Max: 0.0, Diff: 0.0, Sum: 0.0]
      [Object Copy (ms): Min: 0.0, Avg: 0.0, Max: 0.0, Diff: 0.0, Sum: 0.1]
      [Termination (ms): Min: 0.0, Avg: 0.0, Max: 0.0, Diff: 0.0, Sum: 0.2]
         [Termination Attempts: Min: 1, Avg: 1.0, Max: 1, Diff: 0, Sum: 8]
      [GC Worker Other (ms): Min: 0.0, Avg: 0.0, Max: 0.0, Diff: 0.0, Sum: 0.0]
      [GC Worker Total (ms): Min: 0.1, Avg: 0.3, Max: 0.3, Diff: 0.2, Sum: 2.0]
      [GC Worker End (ms): Min: 2536.9, Avg: 2536.9, Max: 2536.9, Diff: 0.0]
   [Code Root Fixup: 0.0 ms]
   [Code Root Purge: 0.0 ms]
   [Clear CT: 0.2 ms]
   [Other: 0.5 ms]
      [Evacuation Failure: 0.1 ms]
      [Choose CSet: 0.0 ms]
      [Ref Proc: 0.1 ms]
      [Ref Enq: 0.0 ms]
      [Redirty Cards: 0.1 ms]
      [Humongous Register: 0.2 ms]
      [Humongous Reclaim: 0.0 ms]
      [Free CSet: 0.0 ms]
   [Eden: 5120.0K(25600.0K)->0.0B(25600.0K) Survivors: 0.0B->0.0B Heap: 412.8M(512.0M)->412.0M(512.0M)]
 [Times: user=0.00 sys=0.00, real=0.00 secs] 
2.538: [GC pause (G1 Evacuation Pause) (mixed) (to-space exhausted), 0.0009447 secs]
   [Parallel Time: 0.5 ms, GC Workers: 8]
      [GC Worker Start (ms): Min: 2538.1, Avg: 2538.2, Max: 2538.4, Diff: 0.2]
      [Ext Root Scanning (ms): Min: 0.0, Avg: 0.1, Max: 0.1, Diff: 0.1, Sum: 0.8]
      [Update RS (ms): Min: 0.0, Avg: 0.0, Max: 0.1, Diff: 0.1, Sum: 0.4]
         [Processed Buffers: Min: 0, Avg: 1.6, Max: 5, Diff: 5, Sum: 13]
      [Scan RS (ms): Min: 0.0, Avg: 0.0, Max: 0.0, Diff: 0.0, Sum: 0.2]
      [Code Root Scanning (ms): Min: 0.0, Avg: 0.0, Max: 0.0, Diff: 0.0, Sum: 0.0]
      [Object Copy (ms): Min: 0.2, Avg: 0.2, Max: 0.2, Diff: 0.1, Sum: 1.7]
      [Termination (ms): Min: 0.0, Avg: 0.0, Max: 0.0, Diff: 0.0, Sum: 0.3]
         [Termination Attempts: Min: 1, Avg: 1.0, Max: 1, Diff: 0, Sum: 8]
      [GC Worker Other (ms): Min: 0.0, Avg: 0.0, Max: 0.0, Diff: 0.0, Sum: 0.0]
      [GC Worker Total (ms): Min: 0.2, Avg: 0.4, Max: 0.5, Diff: 0.2, Sum: 3.4]
      [GC Worker End (ms): Min: 2538.6, Avg: 2538.6, Max: 2538.6, Diff: 0.0]
   [Code Root Fixup: 0.0 ms]
   [Code Root Purge: 0.0 ms]
   [Clear CT: 0.1 ms]
   [Other: 0.4 ms]
      [Evacuation Failure: 0.1 ms]
      [Choose CSet: 0.0 ms]
      [Ref Proc: 0.1 ms]
      [Ref Enq: 0.0 ms]
      [Redirty Cards: 0.1 ms]
      [Humongous Register: 0.1 ms]
      [Humongous Reclaim: 0.0 ms]
      [Free CSet: 0.0 ms]
   [Eden: 1024.0K(25600.0K)->0.0B(25600.0K) Survivors: 0.0B->0.0B Heap: 413.0M(512.0M)->413.0M(512.0M)]
 [Times: user=0.00 sys=0.00, real=0.00 secs] 
2.539: [Full GC (Allocation Failure)  413M->360M(512M), 0.0367859 secs]
   [Eden: 0.0B(25600.0K)->0.0B(25600.0K) Survivors: 0.0B->0.0B Heap: 413.0M(512.0M)->360.0M(512.0M)], [Metaspace: 3130K->3130K(1056768K)]
 [Times: user=0.03 sys=0.00, real=0.04 secs] 
2.576: [GC pause (G1 Humongous Allocation) (young) (initial-mark), 0.0007386 secs]
   [Parallel Time: 0.4 ms, GC Workers: 8]
      [GC Worker Start (ms): Min: 2576.4, Avg: 2576.4, Max: 2576.5, Diff: 0.1]
      [Ext Root Scanning (ms): Min: 0.0, Avg: 0.1, Max: 0.2, Diff: 0.2, Sum: 1.1]
      [Update RS (ms): Min: 0.0, Avg: 0.0, Max: 0.2, Diff: 0.2, Sum: 0.3]
         [Processed Buffers: Min: 0, Avg: 0.3, Max: 1, Diff: 1, Sum: 2]
      [Scan RS (ms): Min: 0.0, Avg: 0.0, Max: 0.0, Diff: 0.0, Sum: 0.0]
      [Code Root Scanning (ms): Min: 0.0, Avg: 0.0, Max: 0.0, Diff: 0.0, Sum: 0.0]
      [Object Copy (ms): Min: 0.0, Avg: 0.0, Max: 0.0, Diff: 0.0, Sum: 0.1]
      [Termination (ms): Min: 0.0, Avg: 0.2, Max: 0.2, Diff: 0.2, Sum: 1.4]
         [Termination Attempts: Min: 1, Avg: 1.4, Max: 2, Diff: 1, Sum: 11]
      [GC Worker Other (ms): Min: 0.0, Avg: 0.0, Max: 0.0, Diff: 0.0, Sum: 0.0]
      [GC Worker Total (ms): Min: 0.2, Avg: 0.4, Max: 0.4, Diff: 0.1, Sum: 2.8]
      [GC Worker End (ms): Min: 2576.8, Avg: 2576.8, Max: 2576.8, Diff: 0.0]
   [Code Root Fixup: 0.0 ms]
   [Code Root Purge: 0.0 ms]
   [Clear CT: 0.1 ms]
   [Other: 0.3 ms]
      [Choose CSet: 0.0 ms]
      [Ref Proc: 0.1 ms]
      [Ref Enq: 0.0 ms]
      [Redirty Cards: 0.0 ms]
      [Humongous Register: 0.1 ms]
      [Humongous Reclaim: 0.0 ms]
      [Free CSet: 0.0 ms]
   [Eden: 1024.0K(25600.0K)->0.0B(24576.0K) Survivors: 0.0B->1024.0K Heap: 360.7M(512.0M)->359.6M(512.0M)]
 [Times: user=0.00 sys=0.00, real=0.00 secs] 
2.577: [GC concurrent-root-region-scan-start]
2.577: [GC concurrent-root-region-scan-end, 0.0000877 secs]
2.577: [GC concurrent-mark-start]
2.579: [GC concurrent-mark-end, 0.0011214 secs]
2.579: [GC remark 2.579: [Finalize Marking, 0.0001023 secs] 2.579: [GC ref-proc, 0.0000901 secs] 2.579: [Unloading, 0.0004138 secs], 0.0015948 secs]
 [Times: user=0.00 sys=0.00, real=0.00 secs] 
2.580: [GC cleanup 367M->367M(512M), 0.0003703 secs]
 [Times: user=0.01 sys=0.00, real=0.00 secs] 
2.585: [GC pause (G1 Evacuation Pause) (young), 0.0019276 secs]
   [Parallel Time: 1.4 ms, GC Workers: 8]
      [GC Worker Start (ms): Min: 2584.9, Avg: 2584.9, Max: 2585.0, Diff: 0.1]
      [Ext Root Scanning (ms): Min: 0.1, Avg: 0.1, Max: 0.2, Diff: 0.0, Sum: 1.0]
      [Update RS (ms): Min: 0.3, Avg: 0.3, Max: 0.3, Diff: 0.0, Sum: 2.5]
         [Processed Buffers: Min: 2, Avg: 4.1, Max: 5, Diff: 3, Sum: 33]
      [Scan RS (ms): Min: 0.0, Avg: 0.0, Max: 0.0, Diff: 0.0, Sum: 0.0]
      [Code Root Scanning (ms): Min: 0.0, Avg: 0.0, Max: 0.0, Diff: 0.0, Sum: 0.0]
      [Object Copy (ms): Min: 0.8, Avg: 0.9, Max: 0.9, Diff: 0.1, Sum: 6.8]
      [Termination (ms): Min: 0.0, Avg: 0.1, Max: 0.2, Diff: 0.2, Sum: 0.5]
         [Termination Attempts: Min: 1, Avg: 1.0, Max: 1, Diff: 0, Sum: 8]
      [GC Worker Other (ms): Min: 0.0, Avg: 0.0, Max: 0.0, Diff: 0.0, Sum: 0.1]
      [GC Worker Total (ms): Min: 1.3, Avg: 1.4, Max: 1.4, Diff: 0.1, Sum: 10.9]
      [GC Worker End (ms): Min: 2586.3, Avg: 2586.3, Max: 2586.3, Diff: 0.0]
   [Code Root Fixup: 0.0 ms]
   [Code Root Purge: 0.0 ms]
   [Clear CT: 0.1 ms]
   [Other: 0.4 ms]
      [Choose CSet: 0.0 ms]
      [Ref Proc: 0.1 ms]
      [Ref Enq: 0.0 ms]
      [Redirty Cards: 0.1 ms]
      [Humongous Register: 0.2 ms]
      [Humongous Reclaim: 0.0 ms]
      [Free CSet: 0.0 ms]
   [Eden: 24576.0K(24576.0K)->0.0B(21504.0K) Survivors: 1024.0K->4096.0K Heap: 387.1M(512.0M)->368.3M(512.0M)]
 [Times: user=0.00 sys=0.00, real=0.00 secs] 
2.587: [GC pause (G1 Humongous Allocation) (young) (initial-mark), 0.0011333 secs]
   [Parallel Time: 0.8 ms, GC Workers: 8]
      [GC Worker Start (ms): Min: 2587.1, Avg: 2587.1, Max: 2587.2, Diff: 0.1]
      [Ext Root Scanning (ms): Min: 0.0, Avg: 0.2, Max: 0.7, Diff: 0.7, Sum: 2.0]
      [Update RS (ms): Min: 0.0, Avg: 0.0, Max: 0.1, Diff: 0.1, Sum: 0.3]
         [Processed Buffers: Min: 0, Avg: 1.3, Max: 2, Diff: 2, Sum: 10]
      [Scan RS (ms): Min: 0.0, Avg: 0.0, Max: 0.0, Diff: 0.0, Sum: 0.0]
      [Code Root Scanning (ms): Min: 0.0, Avg: 0.0, Max: 0.0, Diff: 0.0, Sum: 0.0]
      [Object Copy (ms): Min: 0.0, Avg: 0.3, Max: 0.5, Diff: 0.5, Sum: 2.7]
      [Termination (ms): Min: 0.0, Avg: 0.0, Max: 0.1, Diff: 0.1, Sum: 0.3]
         [Termination Attempts: Min: 1, Avg: 1.0, Max: 1, Diff: 0, Sum: 8]
      [GC Worker Other (ms): Min: 0.0, Avg: 0.0, Max: 0.0, Diff: 0.0, Sum: 0.0]
      [GC Worker Total (ms): Min: 0.6, Avg: 0.7, Max: 0.7, Diff: 0.1, Sum: 5.4]
      [GC Worker End (ms): Min: 2587.8, Avg: 2587.8, Max: 2587.8, Diff: 0.0]
   [Code Root Fixup: 0.0 ms]
   [Code Root Purge: 0.0 ms]
   [Clear CT: 0.1 ms]
   [Other: 0.3 ms]
      [Choose CSet: 0.0 ms]
      [Ref Proc: 0.1 ms]
      [Ref Enq: 0.0 ms]
      [Redirty Cards: 0.0 ms]
      [Humongous Register: 0.1 ms]
      [Humongous Reclaim: 0.0 ms]
      [Free CSet: 0.0 ms]
   [Eden: 1024.0K(21504.0K)->0.0B(24576.0K) Survivors: 4096.0K->1024.0K Heap: 369.0M(512.0M)->368.2M(512.0M)]
 [Times: user=0.00 sys=0.00, real=0.00 secs] 
2.588: [GC concurrent-root-region-scan-start]
2.588: [GC concurrent-root-region-scan-end, 0.0001253 secs]
2.588: [GC concurrent-mark-start]
2.591: [GC concurrent-mark-end, 0.0021449 secs]
2.591: [GC remark 2.591: [Finalize Marking, 0.0000990 secs] 2.591: [GC ref-proc, 0.0000962 secs] 2.591: [Unloading, 0.0004144 secs], 0.0015247 secs]
 [Times: user=0.00 sys=0.00, real=0.00 secs] 
2.592: [GC cleanup 381M->381M(512M), 0.0004338 secs]
 [Times: user=0.00 sys=0.00, real=0.00 secs] 
2.597: [GC pause (G1 Evacuation Pause) (young) (to-space exhausted), 0.0019773 secs]
   [Parallel Time: 1.5 ms, GC Workers: 8]
      [GC Worker Start (ms): Min: 2597.5, Avg: 2597.6, Max: 2597.6, Diff: 0.1]
      [Ext Root Scanning (ms): Min: 0.1, Avg: 0.1, Max: 0.1, Diff: 0.1, Sum: 1.0]
      [Update RS (ms): Min: 0.8, Avg: 0.9, Max: 0.9, Diff: 0.1, Sum: 6.8]
         [Processed Buffers: Min: 11, Avg: 11.5, Max: 12, Diff: 1, Sum: 92]
      [Scan RS (ms): Min: 0.0, Avg: 0.0, Max: 0.0, Diff: 0.0, Sum: 0.0]
      [Code Root Scanning (ms): Min: 0.0, Avg: 0.0, Max: 0.0, Diff: 0.0, Sum: 0.0]
      [Object Copy (ms): Min: 0.4, Avg: 0.4, Max: 0.4, Diff: 0.1, Sum: 3.1]
      [Termination (ms): Min: 0.0, Avg: 0.0, Max: 0.0, Diff: 0.0, Sum: 0.1]
         [Termination Attempts: Min: 1, Avg: 1.0, Max: 1, Diff: 0, Sum: 8]
      [GC Worker Other (ms): Min: 0.0, Avg: 0.0, Max: 0.0, Diff: 0.0, Sum: 0.1]
      [GC Worker Total (ms): Min: 1.4, Avg: 1.4, Max: 1.4, Diff: 0.1, Sum: 11.1]
      [GC Worker End (ms): Min: 2599.0, Avg: 2599.0, Max: 2599.0, Diff: 0.0]
   [Code Root Fixup: 0.0 ms]
   [Code Root Purge: 0.0 ms]
   [Clear CT: 0.1 ms]
   [Other: 0.4 ms]
      [Evacuation Failure: 0.1 ms]
      [Choose CSet: 0.0 ms]
      [Ref Proc: 0.1 ms]
      [Ref Enq: 0.0 ms]
      [Redirty Cards: 0.1 ms]
      [Humongous Register: 0.1 ms]
      [Humongous Reclaim: 0.0 ms]
      [Free CSet: 0.0 ms]
   [Eden: 24576.0K(24576.0K)->0.0B(21504.0K) Survivors: 1024.0K->4096.0K Heap: 402.7M(512.0M)->392.6M(512.0M)]
 [Times: user=0.00 sys=0.00, real=0.00 secs] 
2.602: [GC pause (G1 Evacuation Pause) (mixed) (to-space exhausted), 0.0009645 secs]
   [Parallel Time: 0.5 ms, GC Workers: 8]
      [GC Worker Start (ms): Min: 2602.4, Avg: 2602.4, Max: 2602.7, Diff: 0.3]
      [Ext Root Scanning (ms): Min: 0.0, Avg: 0.1, Max: 0.1, Diff: 0.1, Sum: 0.8]
      [Update RS (ms): Min: 0.0, Avg: 0.1, Max: 0.2, Diff: 0.2, Sum: 1.1]
         [Processed Buffers: Min: 0, Avg: 3.4, Max: 8, Diff: 8, Sum: 27]
      [Scan RS (ms): Min: 0.0, Avg: 0.0, Max: 0.0, Diff: 0.0, Sum: 0.0]
      [Code Root Scanning (ms): Min: 0.0, Avg: 0.0, Max: 0.0, Diff: 0.0, Sum: 0.0]
      [Object Copy (ms): Min: 0.1, Avg: 0.1, Max: 0.2, Diff: 0.1, Sum: 1.0]
      [Termination (ms): Min: 0.0, Avg: 0.0, Max: 0.0, Diff: 0.0, Sum: 0.2]
         [Termination Attempts: Min: 1, Avg: 1.0, Max: 1, Diff: 0, Sum: 8]
      [GC Worker Other (ms): Min: 0.0, Avg: 0.0, Max: 0.0, Diff: 0.0, Sum: 0.1]
      [GC Worker Total (ms): Min: 0.2, Avg: 0.4, Max: 0.5, Diff: 0.3, Sum: 3.2]
      [GC Worker End (ms): Min: 2602.8, Avg: 2602.8, Max: 2602.8, Diff: 0.0]
   [Code Root Fixup: 0.0 ms]
   [Code Root Purge: 0.0 ms]
   [Clear CT: 0.1 ms]
   [Other: 0.4 ms]
      [Evacuation Failure: 0.1 ms]
      [Choose CSet: 0.0 ms]
      [Ref Proc: 0.1 ms]
      [Ref Enq: 0.0 ms]
      [Redirty Cards: 0.0 ms]
      [Humongous Register: 0.1 ms]
      [Humongous Reclaim: 0.0 ms]
      [Free CSet: 0.0 ms]
   [Eden: 16384.0K(21504.0K)->0.0B(25600.0K) Survivors: 4096.0K->0.0B Heap: 409.6M(512.0M)->406.7M(512.0M)]
 [Times: user=0.00 sys=0.00, real=0.00 secs] 
2.604: [GC pause (G1 Humongous Allocation) (young) (initial-mark), 0.0007172 secs]
   [Parallel Time: 0.4 ms, GC Workers: 8]
      [GC Worker Start (ms): Min: 2604.2, Avg: 2604.3, Max: 2604.4, Diff: 0.1]
      [Ext Root Scanning (ms): Min: 0.0, Avg: 0.1, Max: 0.2, Diff: 0.2, Sum: 1.1]
      [Update RS (ms): Min: 0.0, Avg: 0.1, Max: 0.1, Diff: 0.0, Sum: 0.4]
         [Processed Buffers: Min: 1, Avg: 2.6, Max: 9, Diff: 8, Sum: 21]
      [Scan RS (ms): Min: 0.0, Avg: 0.0, Max: 0.0, Diff: 0.0, Sum: 0.0]
      [Code Root Scanning (ms): Min: 0.0, Avg: 0.0, Max: 0.0, Diff: 0.0, Sum: 0.0]
      [Object Copy (ms): Min: 0.0, Avg: 0.1, Max: 0.1, Diff: 0.1, Sum: 0.5]
      [Termination (ms): Min: 0.0, Avg: 0.0, Max: 0.1, Diff: 0.1, Sum: 0.3]
         [Termination Attempts: Min: 1, Avg: 1.0, Max: 1, Diff: 0, Sum: 8]
      [GC Worker Other (ms): Min: 0.0, Avg: 0.0, Max: 0.0, Diff: 0.0, Sum: 0.0]
      [GC Worker Total (ms): Min: 0.2, Avg: 0.3, Max: 0.3, Diff: 0.1, Sum: 2.3]
      [GC Worker End (ms): Min: 2604.6, Avg: 2604.6, Max: 2604.6, Diff: 0.0]
   [Code Root Fixup: 0.0 ms]
   [Code Root Purge: 0.0 ms]
   [Clear CT: 0.1 ms]
   [Other: 0.3 ms]
      [Choose CSet: 0.0 ms]
      [Ref Proc: 0.1 ms]
      [Ref Enq: 0.0 ms]
      [Redirty Cards: 0.1 ms]
      [Humongous Register: 0.1 ms]
      [Humongous Reclaim: 0.0 ms]
      [Free CSet: 0.0 ms]
   [Eden: 3072.0K(25600.0K)->0.0B(24576.0K) Survivors: 0.0B->1024.0K Heap: 409.4M(512.0M)->407.4M(512.0M)]
 [Times: user=0.00 sys=0.00, real=0.00 secs] 
2.605: [GC concurrent-root-region-scan-start]
2.605: [GC concurrent-root-region-scan-end, 0.0001035 secs]
2.605: [GC concurrent-mark-start]
2.606: [GC pause (G1 Evacuation Pause) (young) (to-space exhausted), 0.0008279 secs]
   [Parallel Time: 0.5 ms, GC Workers: 8]
      [GC Worker Start (ms): Min: 2605.6, Avg: 2605.6, Max: 2605.7, Diff: 0.0]
      [Ext Root Scanning (ms): Min: 0.1, Avg: 0.1, Max: 0.1, Diff: 0.0, Sum: 0.9]
      [Update RS (ms): Min: 0.2, Avg: 0.2, Max: 0.3, Diff: 0.1, Sum: 1.5]
         [Processed Buffers: Min: 3, Avg: 3.3, Max: 4, Diff: 1, Sum: 26]
      [Scan RS (ms): Min: 0.0, Avg: 0.0, Max: 0.0, Diff: 0.0, Sum: 0.0]
      [Code Root Scanning (ms): Min: 0.0, Avg: 0.0, Max: 0.0, Diff: 0.0, Sum: 0.0]
      [Object Copy (ms): Min: 0.0, Avg: 0.0, Max: 0.1, Diff: 0.0, Sum: 0.2]
      [Termination (ms): Min: 0.0, Avg: 0.1, Max: 0.1, Diff: 0.1, Sum: 0.5]
         [Termination Attempts: Min: 1, Avg: 1.0, Max: 1, Diff: 0, Sum: 8]
      [GC Worker Other (ms): Min: 0.0, Avg: 0.0, Max: 0.0, Diff: 0.0, Sum: 0.0]
      [GC Worker Total (ms): Min: 0.4, Avg: 0.4, Max: 0.4, Diff: 0.0, Sum: 3.2]
      [GC Worker End (ms): Min: 2606.0, Avg: 2606.0, Max: 2606.0, Diff: 0.0]
   [Code Root Fixup: 0.0 ms]
   [Code Root Purge: 0.0 ms]
   [Clear CT: 0.1 ms]
   [Other: 0.3 ms]
      [Evacuation Failure: 0.1 ms]
      [Choose CSet: 0.0 ms]
      [Ref Proc: 0.1 ms]
      [Ref Enq: 0.0 ms]
      [Redirty Cards: 0.1 ms]
      [Humongous Register: 0.1 ms]
      [Humongous Reclaim: 0.0 ms]
      [Free CSet: 0.0 ms]
   [Eden: 1024.0K(24576.0K)->0.0B(25600.0K) Survivors: 1024.0K->0.0B Heap: 410.5M(512.0M)->409.9M(512.0M)]
 [Times: user=0.00 sys=0.00, real=0.00 secs] 
2.607: [GC pause (G1 Humongous Allocation) (young) (to-space exhausted), 0.0006583 secs]
   [Parallel Time: 0.3 ms, GC Workers: 8]
      [GC Worker Start (ms): Min: 2607.0, Avg: 2607.0, Max: 2607.1, Diff: 0.1]
      [Ext Root Scanning (ms): Min: 0.0, Avg: 0.1, Max: 0.1, Diff: 0.1, Sum: 0.8]
      [Update RS (ms): Min: 0.0, Avg: 0.0, Max: 0.1, Diff: 0.1, Sum: 0.3]
         [Processed Buffers: Min: 0, Avg: 1.8, Max: 4, Diff: 4, Sum: 14]
      [Scan RS (ms): Min: 0.0, Avg: 0.0, Max: 0.0, Diff: 0.0, Sum: 0.0]
      [Code Root Scanning (ms): Min: 0.0, Avg: 0.0, Max: 0.0, Diff: 0.0, Sum: 0.0]
      [Object Copy (ms): Min: 0.0, Avg: 0.0, Max: 0.0, Diff: 0.0, Sum: 0.0]
      [Termination (ms): Min: 0.0, Avg: 0.1, Max: 0.1, Diff: 0.1, Sum: 0.7]
         [Termination Attempts: Min: 1, Avg: 1.1, Max: 2, Diff: 1, Sum: 9]
      [GC Worker Other (ms): Min: 0.0, Avg: 0.0, Max: 0.0, Diff: 0.0, Sum: 0.0]
      [GC Worker Total (ms): Min: 0.1, Avg: 0.2, Max: 0.3, Diff: 0.1, Sum: 2.0]
      [GC Worker End (ms): Min: 2607.2, Avg: 2607.2, Max: 2607.2, Diff: 0.0]
   [Code Root Fixup: 0.0 ms]
   [Code Root Purge: 0.0 ms]
   [Clear CT: 0.1 ms]
   [Other: 0.3 ms]
      [Evacuation Failure: 0.1 ms]
      [Choose CSet: 0.0 ms]
      [Ref Proc: 0.1 ms]
      [Ref Enq: 0.0 ms]
      [Redirty Cards: 0.1 ms]
      [Humongous Register: 0.1 ms]
      [Humongous Reclaim: 0.0 ms]
      [Free CSet: 0.0 ms]
   [Eden: 1024.0K(25600.0K)->0.0B(25600.0K) Survivors: 0.0B->0.0B Heap: 410.6M(512.0M)->410.6M(512.0M)]
 [Times: user=0.00 sys=0.00, real=0.00 secs] 
2.608: [Full GC (Allocation Failure)  410M->365M(512M), 0.0396230 secs]
   [Eden: 0.0B(25600.0K)->0.0B(25600.0K) Survivors: 0.0B->0.0B Heap: 410.6M(512.0M)->365.0M(512.0M)], [Metaspace: 3130K->3130K(1056768K)]
 [Times: user=0.05 sys=0.00, real=0.04 secs] 
2.648: [GC concurrent-mark-abort]
2.648: [GC pause (G1 Humongous Allocation) (young) (initial-mark), 0.0010529 secs]
   [Parallel Time: 0.4 ms, GC Workers: 8]
      [GC Worker Start (ms): Min: 2648.5, Avg: 2648.5, Max: 2648.6, Diff: 0.0]
      [Ext Root Scanning (ms): Min: 0.1, Avg: 0.1, Max: 0.1, Diff: 0.0, Sum: 1.0]
      [Update RS (ms): Min: 0.0, Avg: 0.1, Max: 0.2, Diff: 0.2, Sum: 0.7]
         [Processed Buffers: Min: 0, Avg: 0.8, Max: 1, Diff: 1, Sum: 6]
      [Scan RS (ms): Min: 0.0, Avg: 0.0, Max: 0.0, Diff: 0.0, Sum: 0.0]
      [Code Root Scanning (ms): Min: 0.0, Avg: 0.0, Max: 0.0, Diff: 0.0, Sum: 0.0]
      [Object Copy (ms): Min: 0.0, Avg: 0.0, Max: 0.1, Diff: 0.1, Sum: 0.2]
      [Termination (ms): Min: 0.0, Avg: 0.1, Max: 0.2, Diff: 0.2, Sum: 0.9]
         [Termination Attempts: Min: 1, Avg: 2.4, Max: 4, Diff: 3, Sum: 19]
      [GC Worker Other (ms): Min: 0.0, Avg: 0.0, Max: 0.0, Diff: 0.0, Sum: 0.0]
      [GC Worker Total (ms): Min: 0.3, Avg: 0.3, Max: 0.4, Diff: 0.0, Sum: 2.8]
      [GC Worker End (ms): Min: 2648.9, Avg: 2648.9, Max: 2648.9, Diff: 0.0]
   [Code Root Fixup: 0.0 ms]
   [Code Root Purge: 0.0 ms]
   [Clear CT: 0.2 ms]
   [Other: 0.4 ms]
      [Choose CSet: 0.0 ms]
      [Ref Proc: 0.1 ms]
      [Ref Enq: 0.0 ms]
      [Redirty Cards: 0.2 ms]
      [Humongous Register: 0.1 ms]
      [Humongous Reclaim: 0.0 ms]
      [Free CSet: 0.0 ms]
   [Eden: 3072.0K(25600.0K)->0.0B(24576.0K) Survivors: 0.0B->1024.0K Heap: 368.4M(512.0M)->364.1M(512.0M)]
 [Times: user=0.00 sys=0.00, real=0.00 secs] 
2.650: [GC concurrent-root-region-scan-start]
2.650: [GC concurrent-root-region-scan-end, 0.0001227 secs]
2.650: [GC concurrent-mark-start]
2.651: [GC concurrent-mark-end, 0.0015721 secs]
2.652: [GC remark 2.652: [Finalize Marking, 0.0001255 secs] 2.652: [GC ref-proc, 0.0001262 secs] 2.652: [Unloading, 0.0004209 secs], 0.0016647 secs]
 [Times: user=0.00 sys=0.00, real=0.00 secs] 
2.653: [GC cleanup 377M->377M(512M), 0.0003790 secs]
 [Times: user=0.00 sys=0.00, real=0.00 secs] 
2.657: [GC pause (G1 Evacuation Pause) (young), 0.0025285 secs]
   [Parallel Time: 2.0 ms, GC Workers: 8]
      [GC Worker Start (ms): Min: 2657.1, Avg: 2657.2, Max: 2657.2, Diff: 0.0]
      [Ext Root Scanning (ms): Min: 0.1, Avg: 0.1, Max: 0.1, Diff: 0.0, Sum: 1.0]
      [Update RS (ms): Min: 0.7, Avg: 0.8, Max: 0.8, Diff: 0.0, Sum: 6.0]
         [Processed Buffers: Min: 9, Avg: 10.1, Max: 11, Diff: 2, Sum: 81]
      [Scan RS (ms): Min: 0.0, Avg: 0.0, Max: 0.0, Diff: 0.0, Sum: 0.0]
      [Code Root Scanning (ms): Min: 0.0, Avg: 0.0, Max: 0.0, Diff: 0.0, Sum: 0.0]
      [Object Copy (ms): Min: 1.0, Avg: 1.0, Max: 1.1, Diff: 0.1, Sum: 8.3]
      [Termination (ms): Min: 0.0, Avg: 0.1, Max: 0.1, Diff: 0.1, Sum: 0.4]
         [Termination Attempts: Min: 1, Avg: 1.0, Max: 1, Diff: 0, Sum: 8]
      [GC Worker Other (ms): Min: 0.0, Avg: 0.0, Max: 0.0, Diff: 0.0, Sum: 0.1]
      [GC Worker Total (ms): Min: 1.9, Avg: 2.0, Max: 2.0, Diff: 0.1, Sum: 15.8]
      [GC Worker End (ms): Min: 2659.1, Avg: 2659.1, Max: 2659.1, Diff: 0.0]
   [Code Root Fixup: 0.0 ms]
   [Code Root Purge: 0.0 ms]
   [Clear CT: 0.1 ms]
   [Other: 0.4 ms]
      [Choose CSet: 0.0 ms]
      [Ref Proc: 0.1 ms]
      [Ref Enq: 0.0 ms]
      [Redirty Cards: 0.1 ms]
      [Humongous Register: 0.1 ms]
      [Humongous Reclaim: 0.0 ms]
      [Free CSet: 0.0 ms]
   [Eden: 24576.0K(24576.0K)->0.0B(21504.0K) Survivors: 1024.0K->4096.0K Heap: 397.3M(512.0M)->372.5M(512.0M)]
 [Times: user=0.13 sys=0.00, real=0.00 secs] 
2.660: [GC pause (G1 Humongous Allocation) (young) (initial-mark), 0.0010605 secs]
   [Parallel Time: 0.6 ms, GC Workers: 8]
      [GC Worker Start (ms): Min: 2660.2, Avg: 2660.2, Max: 2660.2, Diff: 0.0]
      [Ext Root Scanning (ms): Min: 0.1, Avg: 0.1, Max: 0.1, Diff: 0.0, Sum: 1.0]
      [Update RS (ms): Min: 0.0, Avg: 0.1, Max: 0.1, Diff: 0.0, Sum: 0.4]
         [Processed Buffers: Min: 1, Avg: 1.3, Max: 2, Diff: 1, Sum: 10]
      [Scan RS (ms): Min: 0.0, Avg: 0.0, Max: 0.0, Diff: 0.0, Sum: 0.0]
      [Code Root Scanning (ms): Min: 0.0, Avg: 0.0, Max: 0.0, Diff: 0.0, Sum: 0.0]
      [Object Copy (ms): Min: 0.3, Avg: 0.4, Max: 0.4, Diff: 0.1, Sum: 2.8]
      [Termination (ms): Min: 0.0, Avg: 0.0, Max: 0.1, Diff: 0.1, Sum: 0.3]
         [Termination Attempts: Min: 1, Avg: 1.0, Max: 1, Diff: 0, Sum: 8]
      [GC Worker Other (ms): Min: 0.0, Avg: 0.0, Max: 0.0, Diff: 0.0, Sum: 0.1]
      [GC Worker Total (ms): Min: 0.6, Avg: 0.6, Max: 0.6, Diff: 0.0, Sum: 4.6]
      [GC Worker End (ms): Min: 2660.8, Avg: 2660.8, Max: 2660.8, Diff: 0.0]
   [Code Root Fixup: 0.0 ms]
   [Code Root Purge: 0.0 ms]
   [Clear CT: 0.1 ms]
   [Other: 0.4 ms]
      [Choose CSet: 0.0 ms]
      [Ref Proc: 0.1 ms]
      [Ref Enq: 0.0 ms]
      [Redirty Cards: 0.1 ms]
      [Humongous Register: 0.1 ms]
      [Humongous Reclaim: 0.0 ms]
      [Free CSet: 0.0 ms]
   [Eden: 1024.0K(21504.0K)->0.0B(25600.0K) Survivors: 4096.0K->0.0B Heap: 373.1M(512.0M)->372.9M(512.0M)]
 [Times: user=0.00 sys=0.00, real=0.00 secs] 
2.661: [GC concurrent-root-region-scan-start]
2.661: [GC concurrent-root-region-scan-end, 0.0000342 secs]
2.661: [GC concurrent-mark-start]
2.663: [GC concurrent-mark-end, 0.0013604 secs]
2.663: [GC remark 2.663: [Finalize Marking, 0.0000939 secs] 2.663: [GC ref-proc, 0.0001056 secs] 2.663: [Unloading, 0.0004649 secs], 0.0016019 secs]
 [Times: user=0.00 sys=0.00, real=0.00 secs] 
2.665: [GC cleanup 381M->381M(512M), 0.0003947 secs]
 [Times: user=0.00 sys=0.00, real=0.00 secs] 
2.669: [GC pause (G1 Evacuation Pause) (young), 0.0020747 secs]
   [Parallel Time: 1.6 ms, GC Workers: 8]
      [GC Worker Start (ms): Min: 2669.0, Avg: 2669.0, Max: 2669.1, Diff: 0.2]
      [Ext Root Scanning (ms): Min: 0.0, Avg: 0.1, Max: 0.2, Diff: 0.2, Sum: 0.9]
      [Update RS (ms): Min: 0.5, Avg: 0.5, Max: 0.5, Diff: 0.0, Sum: 3.9]
         [Processed Buffers: Min: 3, Avg: 5.6, Max: 8, Diff: 5, Sum: 45]
      [Scan RS (ms): Min: 0.0, Avg: 0.0, Max: 0.0, Diff: 0.0, Sum: 0.0]
      [Code Root Scanning (ms): Min: 0.0, Avg: 0.0, Max: 0.0, Diff: 0.0, Sum: 0.0]
      [Object Copy (ms): Min: 0.8, Avg: 0.8, Max: 0.9, Diff: 0.1, Sum: 6.6]
      [Termination (ms): Min: 0.0, Avg: 0.1, Max: 0.1, Diff: 0.1, Sum: 0.6]
         [Termination Attempts: Min: 1, Avg: 1.0, Max: 1, Diff: 0, Sum: 8]
      [GC Worker Other (ms): Min: 0.0, Avg: 0.0, Max: 0.0, Diff: 0.0, Sum: 0.1]
      [GC Worker Total (ms): Min: 1.4, Avg: 1.5, Max: 1.5, Diff: 0.2, Sum: 12.1]
      [GC Worker End (ms): Min: 2670.5, Avg: 2670.5, Max: 2670.5, Diff: 0.0]
   [Code Root Fixup: 0.0 ms]
   [Code Root Purge: 0.0 ms]
   [Clear CT: 0.1 ms]
   [Other: 0.4 ms]
      [Choose CSet: 0.0 ms]
      [Ref Proc: 0.1 ms]
      [Ref Enq: 0.0 ms]
      [Redirty Cards: 0.1 ms]
      [Humongous Register: 0.1 ms]
      [Humongous Reclaim: 0.0 ms]
      [Free CSet: 0.0 ms]
   [Eden: 25600.0K(25600.0K)->0.0B(21504.0K) Survivors: 0.0B->4096.0K Heap: 402.5M(512.0M)->379.4M(512.0M)]
 [Times: user=0.00 sys=0.00, real=0.00 secs] 
2.675: [GC pause (G1 Evacuation Pause) (mixed) (to-space exhausted), 0.0022055 secs]
   [Parallel Time: 1.7 ms, GC Workers: 8]
      [GC Worker Start (ms): Min: 2674.9, Avg: 2674.9, Max: 2675.0, Diff: 0.2]
      [Ext Root Scanning (ms): Min: 0.0, Avg: 0.1, Max: 0.2, Diff: 0.2, Sum: 0.9]
      [Update RS (ms): Min: 0.3, Avg: 0.3, Max: 0.4, Diff: 0.1, Sum: 2.7]
         [Processed Buffers: Min: 4, Avg: 4.6, Max: 5, Diff: 1, Sum: 37]
      [Scan RS (ms): Min: 0.0, Avg: 0.0, Max: 0.0, Diff: 0.0, Sum: 0.1]
      [Code Root Scanning (ms): Min: 0.0, Avg: 0.0, Max: 0.0, Diff: 0.0, Sum: 0.0]
      [Object Copy (ms): Min: 1.1, Avg: 1.2, Max: 1.2, Diff: 0.1, Sum: 9.3]
      [Termination (ms): Min: 0.0, Avg: 0.0, Max: 0.0, Diff: 0.0, Sum: 0.2]
         [Termination Attempts: Min: 1, Avg: 1.0, Max: 1, Diff: 0, Sum: 8]
      [GC Worker Other (ms): Min: 0.0, Avg: 0.0, Max: 0.0, Diff: 0.0, Sum: 0.1]
      [GC Worker Total (ms): Min: 1.5, Avg: 1.7, Max: 1.7, Diff: 0.2, Sum: 13.3]
      [GC Worker End (ms): Min: 2676.6, Avg: 2676.6, Max: 2676.6, Diff: 0.0]
   [Code Root Fixup: 0.0 ms]
   [Code Root Purge: 0.0 ms]
   [Clear CT: 0.1 ms]
   [Other: 0.4 ms]
      [Evacuation Failure: 0.1 ms]
      [Choose CSet: 0.0 ms]
      [Ref Proc: 0.1 ms]
      [Ref Enq: 0.0 ms]
      [Redirty Cards: 0.1 ms]
      [Humongous Register: 0.1 ms]
      [Humongous Reclaim: 0.0 ms]
      [Free CSet: 0.0 ms]
   [Eden: 21504.0K(21504.0K)->0.0B(22528.0K) Survivors: 4096.0K->3072.0K Heap: 403.9M(512.0M)->402.5M(512.0M)]
 [Times: user=0.00 sys=0.00, real=0.00 secs] 
2.678: [GC pause (G1 Humongous Allocation) (young) (initial-mark), 0.0010113 secs]
   [Parallel Time: 0.6 ms, GC Workers: 8]
      [GC Worker Start (ms): Min: 2677.7, Avg: 2677.7, Max: 2677.7, Diff: 0.0]
      [Ext Root Scanning (ms): Min: 0.1, Avg: 0.1, Max: 0.1, Diff: 0.0, Sum: 1.0]
      [Update RS (ms): Min: 0.0, Avg: 0.0, Max: 0.1, Diff: 0.0, Sum: 0.4]
         [Processed Buffers: Min: 1, Avg: 1.9, Max: 5, Diff: 4, Sum: 15]
      [Scan RS (ms): Min: 0.0, Avg: 0.0, Max: 0.0, Diff: 0.0, Sum: 0.0]
      [Code Root Scanning (ms): Min: 0.0, Avg: 0.0, Max: 0.0, Diff: 0.0, Sum: 0.0]
      [Object Copy (ms): Min: 0.3, Avg: 0.3, Max: 0.4, Diff: 0.1, Sum: 2.7]
      [Termination (ms): Min: 0.0, Avg: 0.1, Max: 0.1, Diff: 0.1, Sum: 0.5]
         [Termination Attempts: Min: 1, Avg: 1.0, Max: 1, Diff: 0, Sum: 8]
      [GC Worker Other (ms): Min: 0.0, Avg: 0.0, Max: 0.0, Diff: 0.0, Sum: 0.0]
      [GC Worker Total (ms): Min: 0.6, Avg: 0.6, Max: 0.6, Diff: 0.0, Sum: 4.6]
      [GC Worker End (ms): Min: 2678.3, Avg: 2678.3, Max: 2678.3, Diff: 0.0]
   [Code Root Fixup: 0.0 ms]
   [Code Root Purge: 0.0 ms]
   [Clear CT: 0.1 ms]
   [Other: 0.3 ms]
      [Choose CSet: 0.0 ms]
      [Ref Proc: 0.1 ms]
      [Ref Enq: 0.0 ms]
      [Redirty Cards: 0.1 ms]
      [Humongous Register: 0.1 ms]
      [Humongous Reclaim: 0.0 ms]
      [Free CSet: 0.0 ms]
   [Eden: 2048.0K(22528.0K)->0.0B(24576.0K) Survivors: 3072.0K->1024.0K Heap: 404.2M(512.0M)->402.9M(512.0M)]
 [Times: user=0.00 sys=0.00, real=0.00 secs] 
2.679: [GC concurrent-root-region-scan-start]
2.679: [GC concurrent-root-region-scan-end, 0.0001086 secs]
2.679: [GC concurrent-mark-start]
2.681: [GC concurrent-mark-end, 0.0017443 secs]
2.681: [GC pause (G1 Evacuation Pause) (young) (to-space exhausted), 0.0009264 secs]
   [Parallel Time: 0.4 ms, GC Workers: 8]
      [GC Worker Start (ms): Min: 2680.9, Avg: 2681.0, Max: 2681.2, Diff: 0.3]
      [Ext Root Scanning (ms): Min: 0.0, Avg: 0.1, Max: 0.2, Diff: 0.2, Sum: 0.8]
      [Update RS (ms): Min: 0.0, Avg: 0.1, Max: 0.2, Diff: 0.2, Sum: 0.8]
         [Processed Buffers: Min: 0, Avg: 1.9, Max: 3, Diff: 3, Sum: 15]
      [Scan RS (ms): Min: 0.0, Avg: 0.0, Max: 0.0, Diff: 0.0, Sum: 0.0]
      [Code Root Scanning (ms): Min: 0.0, Avg: 0.0, Max: 0.0, Diff: 0.0, Sum: 0.0]
      [Object Copy (ms): Min: 0.0, Avg: 0.1, Max: 0.1, Diff: 0.1, Sum: 0.5]
      [Termination (ms): Min: 0.0, Avg: 0.0, Max: 0.0, Diff: 0.0, Sum: 0.2]
         [Termination Attempts: Min: 1, Avg: 1.0, Max: 1, Diff: 0, Sum: 8]
      [GC Worker Other (ms): Min: 0.0, Avg: 0.0, Max: 0.0, Diff: 0.0, Sum: 0.0]
      [GC Worker Total (ms): Min: 0.1, Avg: 0.3, Max: 0.4, Diff: 0.3, Sum: 2.3]
      [GC Worker End (ms): Min: 2681.3, Avg: 2681.3, Max: 2681.3, Diff: 0.0]
   [Code Root Fixup: 0.0 ms]
   [Code Root Purge: 0.0 ms]
   [Clear CT: 0.1 ms]
   [Other: 0.5 ms]
      [Evacuation Failure: 0.1 ms]
      [Choose CSet: 0.0 ms]
      [Ref Proc: 0.1 ms]
      [Ref Enq: 0.0 ms]
      [Redirty Cards: 0.2 ms]
      [Humongous Register: 0.1 ms]
      [Humongous Reclaim: 0.0 ms]
      [Free CSet: 0.0 ms]
   [Eden: 9216.0K(24576.0K)->0.0B(25600.0K) Survivors: 1024.0K->0.0B Heap: 412.4M(512.0M)->409.2M(512.0M)]
 [Times: user=0.00 sys=0.00, real=0.00 secs] 
2.682: [GC remark 2.682: [Finalize Marking, 0.0000933 secs] 2.682: [GC ref-proc, 0.0001064 secs] 2.682: [Unloading, 0.0004033 secs], 0.0015581 secs]
 [Times: user=0.00 sys=0.00, real=0.00 secs] 
2.684: [GC cleanup 409M->409M(512M), 0.0003701 secs]
 [Times: user=0.00 sys=0.00, real=0.00 secs] 
2.685: [GC pause (G1 Humongous Allocation) (young) (to-space exhausted), 0.0007400 secs]
   [Parallel Time: 0.3 ms, GC Workers: 8]
      [GC Worker Start (ms): Min: 2685.5, Avg: 2685.6, Max: 2685.7, Diff: 0.2]
      [Ext Root Scanning (ms): Min: 0.0, Avg: 0.1, Max: 0.1, Diff: 0.1, Sum: 0.8]
      [Update RS (ms): Min: 0.1, Avg: 0.1, Max: 0.1, Diff: 0.1, Sum: 0.8]
         [Processed Buffers: Min: 1, Avg: 2.6, Max: 4, Diff: 3, Sum: 21]
      [Scan RS (ms): Min: 0.0, Avg: 0.0, Max: 0.0, Diff: 0.0, Sum: 0.0]
      [Code Root Scanning (ms): Min: 0.0, Avg: 0.0, Max: 0.0, Diff: 0.0, Sum: 0.0]
      [Object Copy (ms): Min: 0.0, Avg: 0.0, Max: 0.0, Diff: 0.0, Sum: 0.1]
      [Termination (ms): Min: 0.0, Avg: 0.0, Max: 0.0, Diff: 0.0, Sum: 0.2]
         [Termination Attempts: Min: 1, Avg: 1.0, Max: 1, Diff: 0, Sum: 8]
      [GC Worker Other (ms): Min: 0.0, Avg: 0.0, Max: 0.0, Diff: 0.0, Sum: 0.0]
      [GC Worker Total (ms): Min: 0.1, Avg: 0.2, Max: 0.3, Diff: 0.2, Sum: 1.9]
      [GC Worker End (ms): Min: 2685.8, Avg: 2685.8, Max: 2685.8, Diff: 0.0]
   [Code Root Fixup: 0.0 ms]
   [Code Root Purge: 0.0 ms]
   [Clear CT: 0.0 ms]
   [Other: 0.4 ms]
      [Evacuation Failure: 0.1 ms]
      [Choose CSet: 0.0 ms]
      [Ref Proc: 0.1 ms]
      [Ref Enq: 0.0 ms]
      [Redirty Cards: 0.1 ms]
      [Humongous Register: 0.1 ms]
      [Humongous Reclaim: 0.0 ms]
      [Free CSet: 0.0 ms]
   [Eden: 5120.0K(25600.0K)->0.0B(25600.0K) Survivors: 0.0B->0.0B Heap: 414.2M(512.0M)->413.1M(512.0M)]
 [Times: user=0.00 sys=0.00, real=0.00 secs] 
2.687: [GC pause (G1 Evacuation Pause) (mixed) (to-space exhausted), 0.0007893 secs]
   [Parallel Time: 0.4 ms, GC Workers: 8]
      [GC Worker Start (ms): Min: 2686.6, Avg: 2686.7, Max: 2686.7, Diff: 0.0]
      [Ext Root Scanning (ms): Min: 0.1, Avg: 0.1, Max: 0.1, Diff: 0.0, Sum: 0.9]
      [Update RS (ms): Min: 0.1, Avg: 0.1, Max: 0.2, Diff: 0.0, Sum: 1.1]
         [Processed Buffers: Min: 2, Avg: 2.9, Max: 4, Diff: 2, Sum: 23]
      [Scan RS (ms): Min: 0.0, Avg: 0.0, Max: 0.0, Diff: 0.0, Sum: 0.1]
      [Code Root Scanning (ms): Min: 0.0, Avg: 0.0, Max: 0.0, Diff: 0.0, Sum: 0.0]
      [Object Copy (ms): Min: 0.0, Avg: 0.1, Max: 0.1, Diff: 0.0, Sum: 0.5]
      [Termination (ms): Min: 0.0, Avg: 0.0, Max: 0.0, Diff: 0.0, Sum: 0.2]
         [Termination Attempts: Min: 1, Avg: 1.0, Max: 1, Diff: 0, Sum: 8]
      [GC Worker Other (ms): Min: 0.0, Avg: 0.0, Max: 0.0, Diff: 0.0, Sum: 0.1]
      [GC Worker Total (ms): Min: 0.3, Avg: 0.4, Max: 0.4, Diff: 0.0, Sum: 2.8]
      [GC Worker End (ms): Min: 2687.0, Avg: 2687.0, Max: 2687.0, Diff: 0.0]
   [Code Root Fixup: 0.0 ms]
   [Code Root Purge: 0.0 ms]
   [Clear CT: 0.1 ms]
   [Other: 0.3 ms]
      [Evacuation Failure: 0.1 ms]
      [Choose CSet: 0.0 ms]
      [Ref Proc: 0.1 ms]
      [Ref Enq: 0.0 ms]
      [Redirty Cards: 0.1 ms]
      [Humongous Register: 0.1 ms]
      [Humongous Reclaim: 0.0 ms]
      [Free CSet: 0.0 ms]
   [Eden: 0.0B(25600.0K)->0.0B(25600.0K) Survivors: 0.0B->0.0B Heap: 414.3M(512.0M)->413.1M(512.0M)]
 [Times: user=0.00 sys=0.00, real=0.00 secs] 
2.688: [GC pause (G1 Evacuation Pause) (mixed) (to-space exhausted), 0.0007854 secs]
   [Parallel Time: 0.4 ms, GC Workers: 8]
      [GC Worker Start (ms): Min: 2688.0, Avg: 2688.1, Max: 2688.1, Diff: 0.0]
      [Ext Root Scanning (ms): Min: 0.1, Avg: 0.1, Max: 0.1, Diff: 0.0, Sum: 0.9]
      [Update RS (ms): Min: 0.0, Avg: 0.1, Max: 0.1, Diff: 0.0, Sum: 0.5]
         [Processed Buffers: Min: 0, Avg: 2.4, Max: 5, Diff: 5, Sum: 19]
      [Scan RS (ms): Min: 0.0, Avg: 0.0, Max: 0.0, Diff: 0.0, Sum: 0.1]
      [Code Root Scanning (ms): Min: 0.0, Avg: 0.0, Max: 0.0, Diff: 0.0, Sum: 0.0]
      [Object Copy (ms): Min: 0.1, Avg: 0.1, Max: 0.1, Diff: 0.0, Sum: 1.0]
      [Termination (ms): Min: 0.0, Avg: 0.0, Max: 0.0, Diff: 0.0, Sum: 0.2]
         [Termination Attempts: Min: 1, Avg: 1.1, Max: 2, Diff: 1, Sum: 9]
      [GC Worker Other (ms): Min: 0.0, Avg: 0.0, Max: 0.0, Diff: 0.0, Sum: 0.0]
      [GC Worker Total (ms): Min: 0.3, Avg: 0.3, Max: 0.3, Diff: 0.0, Sum: 2.7]
      [GC Worker End (ms): Min: 2688.4, Avg: 2688.4, Max: 2688.4, Diff: 0.0]
   [Code Root Fixup: 0.0 ms]
   [Code Root Purge: 0.0 ms]
   [Clear CT: 0.1 ms]
   [Other: 0.3 ms]
      [Evacuation Failure: 0.1 ms]
      [Choose CSet: 0.0 ms]
      [Ref Proc: 0.1 ms]
      [Ref Enq: 0.0 ms]
      [Redirty Cards: 0.1 ms]
      [Humongous Register: 0.1 ms]
      [Humongous Reclaim: 0.0 ms]
      [Free CSet: 0.0 ms]
   [Eden: 2048.0K(25600.0K)->0.0B(25600.0K) Survivors: 0.0B->0.0B Heap: 415.1M(512.0M)->415.1M(512.0M)]
 [Times: user=0.00 sys=0.00, real=0.00 secs] 
2.689: [Full GC (Allocation Failure)  415M->361M(512M), 0.0393141 secs]
   [Eden: 0.0B(25600.0K)->0.0B(25600.0K) Survivors: 0.0B->0.0B Heap: 415.1M(512.0M)->361.9M(512.0M)], [Metaspace: 3130K->3130K(1056768K)]
 [Times: user=0.05 sys=0.00, real=0.04 secs] 
2.729: [GC pause (G1 Humongous Allocation) (young) (initial-mark), 0.0007436 secs]
   [Parallel Time: 0.4 ms, GC Workers: 8]
      [GC Worker Start (ms): Min: 2729.2, Avg: 2729.3, Max: 2729.3, Diff: 0.0]
      [Ext Root Scanning (ms): Min: 0.1, Avg: 0.1, Max: 0.1, Diff: 0.0, Sum: 1.0]
      [Update RS (ms): Min: 0.0, Avg: 0.0, Max: 0.2, Diff: 0.2, Sum: 0.3]
         [Processed Buffers: Min: 0, Avg: 0.3, Max: 1, Diff: 1, Sum: 2]
      [Scan RS (ms): Min: 0.0, Avg: 0.0, Max: 0.0, Diff: 0.0, Sum: 0.0]
      [Code Root Scanning (ms): Min: 0.0, Avg: 0.0, Max: 0.0, Diff: 0.0, Sum: 0.0]
      [Object Copy (ms): Min: 0.0, Avg: 0.0, Max: 0.1, Diff: 0.1, Sum: 0.2]
      [Termination (ms): Min: 0.0, Avg: 0.2, Max: 0.2, Diff: 0.2, Sum: 1.5]
         [Termination Attempts: Min: 1, Avg: 2.3, Max: 3, Diff: 2, Sum: 18]
      [GC Worker Other (ms): Min: 0.0, Avg: 0.0, Max: 0.0, Diff: 0.0, Sum: 0.1]
      [GC Worker Total (ms): Min: 0.4, Avg: 0.4, Max: 0.4, Diff: 0.0, Sum: 3.1]
      [GC Worker End (ms): Min: 2729.6, Avg: 2729.6, Max: 2729.6, Diff: 0.0]
   [Code Root Fixup: 0.0 ms]
   [Code Root Purge: 0.0 ms]
   [Clear CT: 0.1 ms]
   [Other: 0.2 ms]
      [Choose CSet: 0.0 ms]
      [Ref Proc: 0.1 ms]
      [Ref Enq: 0.0 ms]
      [Redirty Cards: 0.1 ms]
      [Humongous Register: 0.1 ms]
      [Humongous Reclaim: 0.0 ms]
      [Free CSet: 0.0 ms]
   [Eden: 4096.0K(25600.0K)->0.0B(24576.0K) Survivors: 0.0B->1024.0K Heap: 365.1M(512.0M)->362.5M(512.0M)]
 [Times: user=0.00 sys=0.00, real=0.00 secs] 
2.730: [GC concurrent-root-region-scan-start]
2.730: [GC concurrent-root-region-scan-end, 0.0000570 secs]
2.730: [GC concurrent-mark-start]
2.732: [GC concurrent-mark-end, 0.0013413 secs]
2.732: [GC remark 2.732: [Finalize Marking, 0.0000967 secs] 2.732: [GC ref-proc, 0.0001001 secs] 2.732: [Unloading, 0.0004424 secs], 0.0016965 secs]
 [Times: user=0.00 sys=0.00, real=0.00 secs] 
2.733: [GC cleanup 377M->377M(512M), 0.0003832 secs]
 [Times: user=0.00 sys=0.00, real=0.00 secs] 
2.736: [GC pause (G1 Evacuation Pause) (young), 0.0023364 secs]
   [Parallel Time: 1.9 ms, GC Workers: 8]
      [GC Worker Start (ms): Min: 2736.6, Avg: 2736.6, Max: 2736.8, Diff: 0.2]
      [Ext Root Scanning (ms): Min: 0.0, Avg: 0.1, Max: 0.1, Diff: 0.1, Sum: 0.9]
      [Update RS (ms): Min: 0.7, Avg: 0.8, Max: 1.6, Diff: 0.9, Sum: 6.7]
         [Processed Buffers: Min: 0, Avg: 8.1, Max: 11, Diff: 11, Sum: 65]
      [Scan RS (ms): Min: 0.0, Avg: 0.0, Max: 0.0, Diff: 0.0, Sum: 0.0]
      [Code Root Scanning (ms): Min: 0.0, Avg: 0.0, Max: 0.0, Diff: 0.0, Sum: 0.0]
      [Object Copy (ms): Min: 0.0, Avg: 0.7, Max: 0.9, Diff: 0.9, Sum: 5.9]
      [Termination (ms): Min: 0.0, Avg: 0.1, Max: 0.1, Diff: 0.1, Sum: 0.5]
         [Termination Attempts: Min: 1, Avg: 1.0, Max: 1, Diff: 0, Sum: 8]
      [GC Worker Other (ms): Min: 0.0, Avg: 0.0, Max: 0.0, Diff: 0.0, Sum: 0.1]
      [GC Worker Total (ms): Min: 1.7, Avg: 1.8, Max: 1.8, Diff: 0.1, Sum: 14.2]
      [GC Worker End (ms): Min: 2738.4, Avg: 2738.4, Max: 2738.4, Diff: 0.0]
   [Code Root Fixup: 0.0 ms]
   [Code Root Purge: 0.0 ms]
   [Clear CT: 0.1 ms]
   [Other: 0.4 ms]
      [Choose CSet: 0.0 ms]
      [Ref Proc: 0.1 ms]
      [Ref Enq: 0.0 ms]
      [Redirty Cards: 0.1 ms]
      [Humongous Register: 0.1 ms]
      [Humongous Reclaim: 0.0 ms]
      [Free CSet: 0.0 ms]
   [Eden: 24576.0K(24576.0K)->0.0B(21504.0K) Survivors: 1024.0K->4096.0K Heap: 394.3M(512.0M)->371.8M(512.0M)]
 [Times: user=0.00 sys=0.00, real=0.00 secs] 
2.739: [GC pause (G1 Humongous Allocation) (young) (initial-mark), 0.0010158 secs]
   [Parallel Time: 0.7 ms, GC Workers: 8]
      [GC Worker Start (ms): Min: 2739.6, Avg: 2739.6, Max: 2739.7, Diff: 0.0]
      [Ext Root Scanning (ms): Min: 0.1, Avg: 0.1, Max: 0.1, Diff: 0.0, Sum: 0.9]
      [Update RS (ms): Min: 0.0, Avg: 0.0, Max: 0.1, Diff: 0.0, Sum: 0.4]
         [Processed Buffers: Min: 1, Avg: 1.1, Max: 2, Diff: 1, Sum: 9]
      [Scan RS (ms): Min: 0.0, Avg: 0.0, Max: 0.0, Diff: 0.0, Sum: 0.0]
      [Code Root Scanning (ms): Min: 0.0, Avg: 0.0, Max: 0.0, Diff: 0.0, Sum: 0.0]
      [Object Copy (ms): Min: 0.3, Avg: 0.4, Max: 0.4, Diff: 0.1, Sum: 3.1]
      [Termination (ms): Min: 0.0, Avg: 0.0, Max: 0.1, Diff: 0.1, Sum: 0.3]
         [Termination Attempts: Min: 1, Avg: 1.0, Max: 1, Diff: 0, Sum: 8]
      [GC Worker Other (ms): Min: 0.0, Avg: 0.0, Max: 0.0, Diff: 0.0, Sum: 0.0]
      [GC Worker Total (ms): Min: 0.6, Avg: 0.6, Max: 0.6, Diff: 0.0, Sum: 4.8]
      [GC Worker End (ms): Min: 2740.2, Avg: 2740.2, Max: 2740.2, Diff: 0.0]
   [Code Root Fixup: 0.0 ms]
   [Code Root Purge: 0.0 ms]
   [Clear CT: 0.1 ms]
   [Other: 0.3 ms]
      [Choose CSet: 0.0 ms]
      [Ref Proc: 0.1 ms]
      [Ref Enq: 0.0 ms]
      [Redirty Cards: 0.1 ms]
      [Humongous Register: 0.1 ms]
      [Humongous Reclaim: 0.0 ms]
      [Free CSet: 0.0 ms]
   [Eden: 3072.0K(21504.0K)->0.0B(24576.0K) Survivors: 4096.0K->1024.0K Heap: 374.8M(512.0M)->371.2M(512.0M)]
 [Times: user=0.00 sys=0.00, real=0.00 secs] 
2.741: [GC concurrent-root-region-scan-start]
2.741: [GC concurrent-root-region-scan-end, 0.0000950 secs]
2.741: [GC concurrent-mark-start]
2.742: [GC concurrent-mark-end, 0.0012146 secs]
2.742: [GC remark 2.742: [Finalize Marking, 0.0001054 secs] 2.742: [GC ref-proc, 0.0001051 secs] 2.742: [Unloading, 0.0004190 secs], 0.0015530 secs]
 [Times: user=0.00 sys=0.00, real=0.00 secs] 
2.744: [GC cleanup 382M->382M(512M), 0.0003945 secs]
 [Times: user=0.00 sys=0.00, real=0.00 secs] 
2.747: [GC pause (G1 Evacuation Pause) (young), 0.0021246 secs]
   [Parallel Time: 1.8 ms, GC Workers: 8]
      [GC Worker Start (ms): Min: 2746.9, Avg: 2746.9, Max: 2747.0, Diff: 0.0]
      [Ext Root Scanning (ms): Min: 0.1, Avg: 0.1, Max: 0.1, Diff: 0.0, Sum: 1.0]
      [Update RS (ms): Min: 0.4, Avg: 0.4, Max: 0.5, Diff: 0.1, Sum: 3.4]
         [Processed Buffers: Min: 5, Avg: 5.9, Max: 6, Diff: 1, Sum: 47]
      [Scan RS (ms): Min: 0.0, Avg: 0.0, Max: 0.0, Diff: 0.0, Sum: 0.0]
      [Code Root Scanning (ms): Min: 0.0, Avg: 0.0, Max: 0.0, Diff: 0.0, Sum: 0.0]
      [Object Copy (ms): Min: 1.0, Avg: 1.1, Max: 1.2, Diff: 0.2, Sum: 8.7]
      [Termination (ms): Min: 0.0, Avg: 0.1, Max: 0.1, Diff: 0.1, Sum: 0.4]
         [Termination Attempts: Min: 1, Avg: 1.0, Max: 1, Diff: 0, Sum: 8]
      [GC Worker Other (ms): Min: 0.0, Avg: 0.0, Max: 0.0, Diff: 0.0, Sum: 0.1]
      [GC Worker Total (ms): Min: 1.7, Avg: 1.7, Max: 1.7, Diff: 0.0, Sum: 13.6]
      [GC Worker End (ms): Min: 2748.6, Avg: 2748.6, Max: 2748.6, Diff: 0.0]
   [Code Root Fixup: 0.0 ms]
   [Code Root Purge: 0.0 ms]
   [Clear CT: 0.1 ms]
   [Other: 0.3 ms]
      [Choose CSet: 0.0 ms]
      [Ref Proc: 0.1 ms]
      [Ref Enq: 0.0 ms]
      [Redirty Cards: 0.1 ms]
      [Humongous Register: 0.1 ms]
      [Humongous Reclaim: 0.0 ms]
      [Free CSet: 0.0 ms]
   [Eden: 24576.0K(24576.0K)->0.0B(21504.0K) Survivors: 1024.0K->4096.0K Heap: 399.9M(512.0M)->381.8M(512.0M)]
 [Times: user=0.00 sys=0.00, real=0.00 secs] 
2.753: [GC pause (G1 Evacuation Pause) (mixed) (to-space exhausted), 0.0018414 secs]
   [Parallel Time: 1.3 ms, GC Workers: 8]
      [GC Worker Start (ms): Min: 2753.1, Avg: 2753.2, Max: 2753.3, Diff: 0.2]
      [Ext Root Scanning (ms): Min: 0.0, Avg: 0.1, Max: 0.2, Diff: 0.2, Sum: 1.0]
      [Update RS (ms): Min: 0.6, Avg: 0.6, Max: 0.6, Diff: 0.1, Sum: 4.7]
         [Processed Buffers: Min: 7, Avg: 7.9, Max: 8, Diff: 1, Sum: 63]
      [Scan RS (ms): Min: 0.0, Avg: 0.0, Max: 0.0, Diff: 0.0, Sum: 0.1]
      [Code Root Scanning (ms): Min: 0.0, Avg: 0.0, Max: 0.0, Diff: 0.0, Sum: 0.0]
      [Object Copy (ms): Min: 0.4, Avg: 0.4, Max: 0.5, Diff: 0.0, Sum: 3.5]
      [Termination (ms): Min: 0.0, Avg: 0.0, Max: 0.0, Diff: 0.0, Sum: 0.0]
         [Termination Attempts: Min: 1, Avg: 1.6, Max: 3, Diff: 2, Sum: 13]
      [GC Worker Other (ms): Min: 0.0, Avg: 0.0, Max: 0.0, Diff: 0.0, Sum: 0.1]
      [GC Worker Total (ms): Min: 1.0, Avg: 1.2, Max: 1.2, Diff: 0.2, Sum: 9.4]
      [GC Worker End (ms): Min: 2754.4, Avg: 2754.4, Max: 2754.4, Diff: 0.0]
   [Code Root Fixup: 0.0 ms]
   [Code Root Purge: 0.0 ms]
   [Clear CT: 0.1 ms]
   [Other: 0.5 ms]
      [Evacuation Failure: 0.1 ms]
      [Choose CSet: 0.0 ms]
      [Ref Proc: 0.1 ms]
      [Ref Enq: 0.0 ms]
      [Redirty Cards: 0.1 ms]
      [Humongous Register: 0.2 ms]
      [Humongous Reclaim: 0.0 ms]
      [Free CSet: 0.0 ms]
   [Eden: 21504.0K(21504.0K)->0.0B(23552.0K) Survivors: 4096.0K->2048.0K Heap: 409.5M(512.0M)->403.2M(512.0M)]
 [Times: user=0.00 sys=0.00, real=0.00 secs] 
2.756: [GC pause (G1 Humongous Allocation) (young) (initial-mark), 0.0012206 secs]
   [Parallel Time: 0.7 ms, GC Workers: 8]
      [GC Worker Start (ms): Min: 2756.0, Avg: 2756.0, Max: 2756.0, Diff: 0.0]
      [Ext Root Scanning (ms): Min: 0.1, Avg: 0.1, Max: 0.1, Diff: 0.0, Sum: 1.0]
      [Update RS (ms): Min: 0.1, Avg: 0.1, Max: 0.1, Diff: 0.0, Sum: 0.5]
         [Processed Buffers: Min: 1, Avg: 2.6, Max: 4, Diff: 3, Sum: 21]
      [Scan RS (ms): Min: 0.0, Avg: 0.0, Max: 0.0, Diff: 0.0, Sum: 0.0]
      [Code Root Scanning (ms): Min: 0.0, Avg: 0.0, Max: 0.0, Diff: 0.0, Sum: 0.0]
      [Object Copy (ms): Min: 0.3, Avg: 0.3, Max: 0.4, Diff: 0.1, Sum: 2.5]
      [Termination (ms): Min: 0.0, Avg: 0.0, Max: 0.1, Diff: 0.1, Sum: 0.3]
         [Termination Attempts: Min: 1, Avg: 1.0, Max: 1, Diff: 0, Sum: 8]
      [GC Worker Other (ms): Min: 0.0, Avg: 0.0, Max: 0.0, Diff: 0.0, Sum: 0.0]
      [GC Worker Total (ms): Min: 0.5, Avg: 0.5, Max: 0.6, Diff: 0.0, Sum: 4.3]
      [GC Worker End (ms): Min: 2756.5, Avg: 2756.5, Max: 2756.5, Diff: 0.0]
   [Code Root Fixup: 0.0 ms]
   [Code Root Purge: 0.0 ms]
   [Clear CT: 0.1 ms]
   [Other: 0.4 ms]
      [Choose CSet: 0.0 ms]
      [Ref Proc: 0.2 ms]
      [Ref Enq: 0.0 ms]
      [Redirty Cards: 0.1 ms]
      [Humongous Register: 0.1 ms]
      [Humongous Reclaim: 0.0 ms]
      [Free CSet: 0.0 ms]
   [Eden: 5120.0K(23552.0K)->0.0B(21504.0K) Survivors: 2048.0K->4096.0K Heap: 407.5M(512.0M)->404.9M(512.0M)]
 [Times: user=0.00 sys=0.00, real=0.00 secs] 
2.757: [GC concurrent-root-region-scan-start]
2.757: [GC concurrent-root-region-scan-end, 0.0000931 secs]
2.757: [GC concurrent-mark-start]
2.759: [GC pause (G1 Humongous Allocation) (young) (to-space exhausted), 0.0008694 secs]
   [Parallel Time: 0.5 ms, GC Workers: 8]
      [GC Worker Start (ms): Min: 2758.8, Avg: 2758.8, Max: 2758.8, Diff: 0.0]
      [Ext Root Scanning (ms): Min: 0.1, Avg: 0.1, Max: 0.1, Diff: 0.0, Sum: 0.9]
      [Update RS (ms): Min: 0.2, Avg: 0.2, Max: 0.3, Diff: 0.0, Sum: 1.9]
         [Processed Buffers: Min: 3, Avg: 3.8, Max: 4, Diff: 1, Sum: 30]
      [Scan RS (ms): Min: 0.0, Avg: 0.0, Max: 0.0, Diff: 0.0, Sum: 0.0]
      [Code Root Scanning (ms): Min: 0.0, Avg: 0.0, Max: 0.0, Diff: 0.0, Sum: 0.0]
      [Object Copy (ms): Min: 0.0, Avg: 0.0, Max: 0.1, Diff: 0.0, Sum: 0.3]
      [Termination (ms): Min: 0.0, Avg: 0.0, Max: 0.0, Diff: 0.0, Sum: 0.2]
         [Termination Attempts: Min: 1, Avg: 1.0, Max: 1, Diff: 0, Sum: 8]
      [GC Worker Other (ms): Min: 0.0, Avg: 0.0, Max: 0.0, Diff: 0.0, Sum: 0.0]
      [GC Worker Total (ms): Min: 0.4, Avg: 0.4, Max: 0.4, Diff: 0.0, Sum: 3.3]
      [GC Worker End (ms): Min: 2759.2, Avg: 2759.2, Max: 2759.2, Diff: 0.0]
   [Code Root Fixup: 0.0 ms]
   [Code Root Purge: 0.0 ms]
   [Clear CT: 0.1 ms]
   [Other: 0.3 ms]
      [Evacuation Failure: 0.1 ms]
      [Choose CSet: 0.0 ms]
      [Ref Proc: 0.1 ms]
      [Ref Enq: 0.0 ms]
      [Redirty Cards: 0.1 ms]
      [Humongous Register: 0.1 ms]
      [Humongous Reclaim: 0.0 ms]
      [Free CSet: 0.0 ms]
   [Eden: 8192.0K(21504.0K)->0.0B(25600.0K) Survivors: 4096.0K->0.0B Heap: 414.7M(512.0M)->412.7M(512.0M)]
 [Times: user=0.00 sys=0.00, real=0.00 secs] 
2.760: [GC concurrent-mark-end, 0.0025108 secs]
2.760: [GC remark 2.760: [Finalize Marking, 0.0000752 secs] 2.760: [GC ref-proc, 0.0001095 secs] 2.760: [Unloading, 0.0004028 secs], 0.0014962 secs]
 [Times: user=0.00 sys=0.00, real=0.00 secs] 
2.762: [GC cleanup 414M->414M(512M), 0.0004269 secs]
 [Times: user=0.00 sys=0.00, real=0.00 secs] 
2.762: [GC pause (G1 Evacuation Pause) (young) (to-space exhausted), 0.0008364 secs]
   [Parallel Time: 0.4 ms, GC Workers: 8]
      [GC Worker Start (ms): Min: 2762.6, Avg: 2762.6, Max: 2762.6, Diff: 0.0]
      [Ext Root Scanning (ms): Min: 0.1, Avg: 0.1, Max: 0.1, Diff: 0.0, Sum: 1.0]
      [Update RS (ms): Min: 0.1, Avg: 0.1, Max: 0.2, Diff: 0.0, Sum: 1.1]
         [Processed Buffers: Min: 2, Avg: 3.4, Max: 7, Diff: 5, Sum: 27]
      [Scan RS (ms): Min: 0.0, Avg: 0.0, Max: 0.0, Diff: 0.0, Sum: 0.0]
      [Code Root Scanning (ms): Min: 0.0, Avg: 0.0, Max: 0.0, Diff: 0.0, Sum: 0.0]
      [Object Copy (ms): Min: 0.0, Avg: 0.0, Max: 0.0, Diff: 0.0, Sum: 0.0]
      [Termination (ms): Min: 0.0, Avg: 0.0, Max: 0.1, Diff: 0.1, Sum: 0.3]
         [Termination Attempts: Min: 1, Avg: 1.0, Max: 1, Diff: 0, Sum: 8]
      [GC Worker Other (ms): Min: 0.0, Avg: 0.0, Max: 0.0, Diff: 0.0, Sum: 0.0]
      [GC Worker Total (ms): Min: 0.3, Avg: 0.3, Max: 0.4, Diff: 0.1, Sum: 2.5]
      [GC Worker End (ms): Min: 2762.9, Avg: 2762.9, Max: 2762.9, Diff: 0.1]
   [Code Root Fixup: 0.0 ms]
   [Code Root Purge: 0.0 ms]
   [Clear CT: 0.1 ms]
   [Other: 0.3 ms]
      [Evacuation Failure: 0.1 ms]
      [Choose CSet: 0.0 ms]
      [Ref Proc: 0.1 ms]
      [Ref Enq: 0.0 ms]
      [Redirty Cards: 0.1 ms]
      [Humongous Register: 0.1 ms]
      [Humongous Reclaim: 0.0 ms]
      [Free CSet: 0.0 ms]
   [Eden: 2048.0K(25600.0K)->0.0B(25600.0K) Survivors: 0.0B->0.0B Heap: 415.8M(512.0M)->414.7M(512.0M)]
 [Times: user=0.00 sys=0.00, real=0.00 secs] 
2.764: [GC pause (G1 Evacuation Pause) (mixed) (to-space exhausted), 0.0012000 secs]
   [Parallel Time: 0.8 ms, GC Workers: 8]
      [GC Worker Start (ms): Min: 2763.9, Avg: 2763.9, Max: 2763.9, Diff: 0.0]
      [Ext Root Scanning (ms): Min: 0.1, Avg: 0.1, Max: 0.1, Diff: 0.0, Sum: 0.9]
      [Update RS (ms): Min: 0.0, Avg: 0.1, Max: 0.1, Diff: 0.1, Sum: 0.7]
         [Processed Buffers: Min: 1, Avg: 2.0, Max: 3, Diff: 2, Sum: 16]
      [Scan RS (ms): Min: 0.0, Avg: 0.0, Max: 0.1, Diff: 0.1, Sum: 0.3]
      [Code Root Scanning (ms): Min: 0.0, Avg: 0.0, Max: 0.0, Diff: 0.0, Sum: 0.0]
      [Object Copy (ms): Min: 0.4, Avg: 0.5, Max: 0.5, Diff: 0.1, Sum: 3.8]
      [Termination (ms): Min: 0.0, Avg: 0.0, Max: 0.0, Diff: 0.0, Sum: 0.1]
         [Termination Attempts: Min: 1, Avg: 1.1, Max: 2, Diff: 1, Sum: 9]
      [GC Worker Other (ms): Min: 0.0, Avg: 0.0, Max: 0.0, Diff: 0.0, Sum: 0.0]
      [GC Worker Total (ms): Min: 0.7, Avg: 0.7, Max: 0.7, Diff: 0.0, Sum: 5.8]
      [GC Worker End (ms): Min: 2764.6, Avg: 2764.6, Max: 2764.6, Diff: 0.0]
   [Code Root Fixup: 0.0 ms]
   [Code Root Purge: 0.0 ms]
   [Clear CT: 0.1 ms]
   [Other: 0.4 ms]
      [Evacuation Failure: 0.1 ms]
      [Choose CSet: 0.0 ms]
      [Ref Proc: 0.1 ms]
      [Ref Enq: 0.0 ms]
      [Redirty Cards: 0.1 ms]
      [Humongous Register: 0.1 ms]
      [Humongous Reclaim: 0.0 ms]
      [Free CSet: 0.0 ms]
   [Eden: 1024.0K(25600.0K)->0.0B(25600.0K) Survivors: 0.0B->0.0B Heap: 416.2M(512.0M)->416.2M(512.0M)]
 [Times: user=0.00 sys=0.00, real=0.00 secs] 
2.765: [Full GC (Allocation Failure)  416M->364M(512M), 0.0361469 secs]
   [Eden: 0.0B(25600.0K)->0.0B(25600.0K) Survivors: 0.0B->0.0B Heap: 416.2M(512.0M)->364.4M(512.0M)], [Metaspace: 3130K->3130K(1056768K)]
 [Times: user=0.05 sys=0.00, real=0.04 secs] 
2.803: [GC pause (G1 Humongous Allocation) (young) (initial-mark), 0.0010758 secs]
   [Parallel Time: 0.7 ms, GC Workers: 8]
      [GC Worker Start (ms): Min: 2803.2, Avg: 2803.2, Max: 2803.3, Diff: 0.0]
      [Ext Root Scanning (ms): Min: 0.1, Avg: 0.1, Max: 0.1, Diff: 0.0, Sum: 1.0]
      [Update RS (ms): Min: 0.0, Avg: 0.1, Max: 0.4, Diff: 0.4, Sum: 0.5]
         [Processed Buffers: Min: 0, Avg: 0.3, Max: 1, Diff: 1, Sum: 2]
      [Scan RS (ms): Min: 0.0, Avg: 0.0, Max: 0.0, Diff: 0.0, Sum: 0.0]
      [Code Root Scanning (ms): Min: 0.0, Avg: 0.0, Max: 0.0, Diff: 0.0, Sum: 0.0]
      [Object Copy (ms): Min: 0.0, Avg: 0.2, Max: 0.3, Diff: 0.3, Sum: 1.8]
      [Termination (ms): Min: 0.1, Avg: 0.2, Max: 0.3, Diff: 0.2, Sum: 1.5]
         [Termination Attempts: Min: 1, Avg: 5.4, Max: 9, Diff: 8, Sum: 43]
      [GC Worker Other (ms): Min: 0.0, Avg: 0.0, Max: 0.0, Diff: 0.0, Sum: 0.0]
      [GC Worker Total (ms): Min: 0.6, Avg: 0.6, Max: 0.6, Diff: 0.0, Sum: 4.8]
      [GC Worker End (ms): Min: 2803.8, Avg: 2803.8, Max: 2803.8, Diff: 0.0]
   [Code Root Fixup: 0.0 ms]
   [Code Root Purge: 0.0 ms]
   [Clear CT: 0.1 ms]
   [Other: 0.3 ms]
      [Choose CSet: 0.0 ms]
      [Ref Proc: 0.0 ms]
      [Ref Enq: 0.0 ms]
      [Redirty Cards: 0.1 ms]
      [Humongous Register: 0.1 ms]
      [Humongous Reclaim: 0.0 ms]
      [Free CSet: 0.0 ms]
   [Eden: 10240.0K(25600.0K)->0.0B(21504.0K) Survivors: 0.0B->4096.0K Heap: 373.8M(512.0M)->367.5M(512.0M)]
 [Times: user=0.00 sys=0.00, real=0.00 secs] 
2.804: [GC concurrent-root-region-scan-start]
2.804: [GC concurrent-root-region-scan-end, 0.0000920 secs]
2.805: [GC concurrent-mark-start]
2.806: [GC concurrent-mark-end, 0.0010335 secs]
2.806: [GC remark 2.806: [Finalize Marking, 0.0000825 secs] 2.806: [GC ref-proc, 0.0001021 secs] 2.806: [Unloading, 0.0004365 secs], 0.0017635 secs]
 [Times: user=0.00 sys=0.00, real=0.00 secs] 
2.807: [GC cleanup 375M->375M(512M), 0.0003921 secs]
 [Times: user=0.00 sys=0.00, real=0.00 secs] 
2.810: [GC pause (G1 Evacuation Pause) (young), 0.0020776 secs]
   [Parallel Time: 1.7 ms, GC Workers: 8]
      [GC Worker Start (ms): Min: 2810.5, Avg: 2810.5, Max: 2810.5, Diff: 0.0]
      [Ext Root Scanning (ms): Min: 0.1, Avg: 0.1, Max: 0.1, Diff: 0.0, Sum: 1.0]
      [Update RS (ms): Min: 0.3, Avg: 0.3, Max: 0.3, Diff: 0.1, Sum: 2.2]
         [Processed Buffers: Min: 4, Avg: 4.3, Max: 5, Diff: 1, Sum: 34]
      [Scan RS (ms): Min: 0.0, Avg: 0.0, Max: 0.0, Diff: 0.0, Sum: 0.0]
      [Code Root Scanning (ms): Min: 0.0, Avg: 0.0, Max: 0.0, Diff: 0.0, Sum: 0.0]
      [Object Copy (ms): Min: 1.1, Avg: 1.2, Max: 1.2, Diff: 0.2, Sum: 9.3]
      [Termination (ms): Min: 0.0, Avg: 0.1, Max: 0.1, Diff: 0.1, Sum: 0.5]
         [Termination Attempts: Min: 1, Avg: 1.0, Max: 1, Diff: 0, Sum: 8]
      [GC Worker Other (ms): Min: 0.0, Avg: 0.0, Max: 0.0, Diff: 0.0, Sum: 0.1]
      [GC Worker Total (ms): Min: 1.6, Avg: 1.6, Max: 1.6, Diff: 0.0, Sum: 13.1]
      [GC Worker End (ms): Min: 2812.1, Avg: 2812.1, Max: 2812.1, Diff: 0.0]
   [Code Root Fixup: 0.0 ms]
   [Code Root Purge: 0.0 ms]
   [Clear CT: 0.1 ms]
   [Other: 0.3 ms]
      [Choose CSet: 0.0 ms]
      [Ref Proc: 0.1 ms]
      [Ref Enq: 0.0 ms]
      [Redirty Cards: 0.1 ms]
      [Humongous Register: 0.1 ms]
      [Humongous Reclaim: 0.0 ms]
      [Free CSet: 0.0 ms]
   [Eden: 21504.0K(21504.0K)->0.0B(21504.0K) Survivors: 4096.0K->4096.0K Heap: 391.6M(512.0M)->372.0M(512.0M)]
 [Times: user=0.00 sys=0.00, real=0.00 secs] 
2.813: [GC pause (G1 Humongous Allocation) (young) (initial-mark), 0.0011248 secs]
   [Parallel Time: 0.7 ms, GC Workers: 8]
      [GC Worker Start (ms): Min: 2813.3, Avg: 2813.3, Max: 2813.3, Diff: 0.0]
      [Ext Root Scanning (ms): Min: 0.1, Avg: 0.1, Max: 0.1, Diff: 0.0, Sum: 0.9]
      [Update RS (ms): Min: 0.0, Avg: 0.1, Max: 0.1, Diff: 0.1, Sum: 0.4]
         [Processed Buffers: Min: 1, Avg: 1.1, Max: 2, Diff: 1, Sum: 9]
      [Scan RS (ms): Min: 0.0, Avg: 0.0, Max: 0.0, Diff: 0.0, Sum: 0.0]
      [Code Root Scanning (ms): Min: 0.0, Avg: 0.0, Max: 0.0, Diff: 0.0, Sum: 0.0]
      [Object Copy (ms): Min: 0.4, Avg: 0.5, Max: 0.5, Diff: 0.1, Sum: 3.6]
      [Termination (ms): Min: 0.0, Avg: 0.1, Max: 0.1, Diff: 0.1, Sum: 0.4]
         [Termination Attempts: Min: 1, Avg: 1.0, Max: 1, Diff: 0, Sum: 8]
      [GC Worker Other (ms): Min: 0.0, Avg: 0.0, Max: 0.0, Diff: 0.0, Sum: 0.0]
      [GC Worker Total (ms): Min: 0.7, Avg: 0.7, Max: 0.7, Diff: 0.0, Sum: 5.5]
      [GC Worker End (ms): Min: 2814.0, Avg: 2814.0, Max: 2814.0, Diff: 0.0]
   [Code Root Fixup: 0.0 ms]
   [Code Root Purge: 0.0 ms]
   [Clear CT: 0.1 ms]
   [Other: 0.3 ms]
      [Choose CSet: 0.0 ms]
      [Ref Proc: 0.1 ms]
      [Ref Enq: 0.0 ms]
      [Redirty Cards: 0.1 ms]
      [Humongous Register: 0.1 ms]
      [Humongous Reclaim: 0.0 ms]
      [Free CSet: 0.0 ms]
   [Eden: 4096.0K(21504.0K)->0.0B(24576.0K) Survivors: 4096.0K->1024.0K Heap: 375.6M(512.0M)->373.1M(512.0M)]
 [Times: user=0.00 sys=0.00, real=0.00 secs] 
2.815: [GC concurrent-root-region-scan-start]
2.815: [GC concurrent-root-region-scan-end, 0.0001426 secs]
2.815: [GC concurrent-mark-start]
2.816: [GC concurrent-mark-end, 0.0014617 secs]
2.816: [GC remark 2.816: [Finalize Marking, 0.0000749 secs] 2.817: [GC ref-proc, 0.0001142 secs] 2.817: [Unloading, 0.0004009 secs], 0.0015900 secs]
 [Times: user=0.00 sys=0.00, real=0.00 secs] 
2.818: [GC cleanup 382M->382M(512M), 0.0003809 secs]
 [Times: user=0.00 sys=0.00, real=0.00 secs] 
2.822: [GC pause (G1 Evacuation Pause) (young) (to-space exhausted), 0.0020385 secs]
   [Parallel Time: 1.6 ms, GC Workers: 8]
      [GC Worker Start (ms): Min: 2821.8, Avg: 2821.8, Max: 2821.8, Diff: 0.0]
      [Ext Root Scanning (ms): Min: 0.1, Avg: 0.1, Max: 0.1, Diff: 0.0, Sum: 0.9]
      [Update RS (ms): Min: 0.8, Avg: 0.8, Max: 0.9, Diff: 0.1, Sum: 6.7]
         [Processed Buffers: Min: 11, Avg: 11.5, Max: 12, Diff: 1, Sum: 92]
      [Scan RS (ms): Min: 0.0, Avg: 0.0, Max: 0.0, Diff: 0.0, Sum: 0.0]
      [Code Root Scanning (ms): Min: 0.0, Avg: 0.0, Max: 0.0, Diff: 0.0, Sum: 0.0]
      [Object Copy (ms): Min: 0.5, Avg: 0.5, Max: 0.6, Diff: 0.1, Sum: 4.3]
      [Termination (ms): Min: 0.0, Avg: 0.0, Max: 0.0, Diff: 0.0, Sum: 0.2]
         [Termination Attempts: Min: 1, Avg: 1.1, Max: 2, Diff: 1, Sum: 9]
      [GC Worker Other (ms): Min: 0.0, Avg: 0.0, Max: 0.0, Diff: 0.0, Sum: 0.1]
      [GC Worker Total (ms): Min: 1.5, Avg: 1.5, Max: 1.5, Diff: 0.0, Sum: 12.2]
      [GC Worker End (ms): Min: 2823.3, Avg: 2823.3, Max: 2823.3, Diff: 0.0]
   [Code Root Fixup: 0.0 ms]
   [Code Root Purge: 0.0 ms]
   [Clear CT: 0.1 ms]
   [Other: 0.4 ms]
      [Evacuation Failure: 0.1 ms]
      [Choose CSet: 0.0 ms]
      [Ref Proc: 0.1 ms]
      [Ref Enq: 0.0 ms]
      [Redirty Cards: 0.1 ms]
      [Humongous Register: 0.1 ms]
      [Humongous Reclaim: 0.0 ms]
      [Free CSet: 0.0 ms]
   [Eden: 24576.0K(24576.0K)->0.0B(21504.0K) Survivors: 1024.0K->4096.0K Heap: 407.4M(512.0M)->391.7M(512.0M)]
 [Times: user=0.00 sys=0.00, real=0.00 secs] 
2.827: [GC pause (G1 Evacuation Pause) (mixed) (to-space exhausted), 0.0012154 secs]
   [Parallel Time: 0.8 ms, GC Workers: 8]
      [GC Worker Start (ms): Min: 2827.0, Avg: 2827.0, Max: 2827.1, Diff: 0.0]
      [Ext Root Scanning (ms): Min: 0.1, Avg: 0.1, Max: 0.1, Diff: 0.0, Sum: 1.0]
      [Update RS (ms): Min: 0.4, Avg: 0.4, Max: 0.4, Diff: 0.1, Sum: 3.4]
         [Processed Buffers: Min: 6, Avg: 7.1, Max: 9, Diff: 3, Sum: 57]
      [Scan RS (ms): Min: 0.0, Avg: 0.0, Max: 0.0, Diff: 0.0, Sum: 0.1]
      [Code Root Scanning (ms): Min: 0.0, Avg: 0.0, Max: 0.0, Diff: 0.0, Sum: 0.0]
      [Object Copy (ms): Min: 0.1, Avg: 0.2, Max: 0.2, Diff: 0.0, Sum: 1.2]
      [Termination (ms): Min: 0.0, Avg: 0.0, Max: 0.0, Diff: 0.0, Sum: 0.1]
         [Termination Attempts: Min: 1, Avg: 1.0, Max: 1, Diff: 0, Sum: 8]
      [GC Worker Other (ms): Min: 0.0, Avg: 0.0, Max: 0.0, Diff: 0.0, Sum: 0.0]
      [GC Worker Total (ms): Min: 0.7, Avg: 0.7, Max: 0.7, Diff: 0.0, Sum: 5.8]
      [GC Worker End (ms): Min: 2827.8, Avg: 2827.8, Max: 2827.8, Diff: 0.0]
   [Code Root Fixup: 0.0 ms]
   [Code Root Purge: 0.0 ms]
   [Clear CT: 0.1 ms]
   [Other: 0.4 ms]
      [Evacuation Failure: 0.1 ms]
      [Choose CSet: 0.0 ms]
      [Ref Proc: 0.1 ms]
      [Ref Enq: 0.0 ms]
      [Redirty Cards: 0.1 ms]
      [Humongous Register: 0.1 ms]
      [Humongous Reclaim: 0.0 ms]
      [Free CSet: 0.0 ms]
   [Eden: 18432.0K(21504.0K)->0.0B(25600.0K) Survivors: 4096.0K->0.0B Heap: 414.5M(512.0M)->405.8M(512.0M)]
 [Times: user=0.00 sys=0.00, real=0.00 secs] 
2.829: [GC pause (G1 Humongous Allocation) (young) (initial-mark), 0.0006901 secs]
   [Parallel Time: 0.4 ms, GC Workers: 8]
      [GC Worker Start (ms): Min: 2829.0, Avg: 2829.1, Max: 2829.1, Diff: 0.0]
      [Ext Root Scanning (ms): Min: 0.1, Avg: 0.1, Max: 0.1, Diff: 0.0, Sum: 0.9]
      [Update RS (ms): Min: 0.0, Avg: 0.0, Max: 0.1, Diff: 0.0, Sum: 0.4]
         [Processed Buffers: Min: 1, Avg: 3.0, Max: 4, Diff: 3, Sum: 24]
      [Scan RS (ms): Min: 0.0, Avg: 0.0, Max: 0.0, Diff: 0.0, Sum: 0.0]
      [Code Root Scanning (ms): Min: 0.0, Avg: 0.0, Max: 0.0, Diff: 0.0, Sum: 0.0]
      [Object Copy (ms): Min: 0.0, Avg: 0.1, Max: 0.1, Diff: 0.1, Sum: 0.6]
      [Termination (ms): Min: 0.0, Avg: 0.1, Max: 0.1, Diff: 0.1, Sum: 0.5]
         [Termination Attempts: Min: 1, Avg: 1.3, Max: 2, Diff: 1, Sum: 10]
      [GC Worker Other (ms): Min: 0.0, Avg: 0.0, Max: 0.0, Diff: 0.0, Sum: 0.0]
      [GC Worker Total (ms): Min: 0.3, Avg: 0.3, Max: 0.3, Diff: 0.0, Sum: 2.4]
      [GC Worker End (ms): Min: 2829.4, Avg: 2829.4, Max: 2829.4, Diff: 0.0]
   [Code Root Fixup: 0.0 ms]
   [Code Root Purge: 0.0 ms]
   [Clear CT: 0.1 ms]
   [Other: 0.3 ms]
      [Choose CSet: 0.0 ms]
      [Ref Proc: 0.1 ms]
      [Ref Enq: 0.0 ms]
      [Redirty Cards: 0.1 ms]
      [Humongous Register: 0.1 ms]
      [Humongous Reclaim: 0.0 ms]
      [Free CSet: 0.0 ms]
   [Eden: 4096.0K(25600.0K)->0.0B(23552.0K) Survivors: 0.0B->2048.0K Heap: 409.8M(512.0M)->407.1M(512.0M)]
 [Times: user=0.00 sys=0.00, real=0.00 secs] 
2.830: [GC concurrent-root-region-scan-start]
2.830: [GC concurrent-root-region-scan-end, 0.0000725 secs]
2.830: [GC concurrent-mark-start]
2.831: [GC pause (G1 Evacuation Pause) (young) (to-space exhausted), 0.0009068 secs]
   [Parallel Time: 0.5 ms, GC Workers: 8]
      [GC Worker Start (ms): Min: 2831.4, Avg: 2831.5, Max: 2831.6, Diff: 0.2]
      [Ext Root Scanning (ms): Min: 0.0, Avg: 0.1, Max: 0.1, Diff: 0.1, Sum: 0.9]
      [Update RS (ms): Min: 0.2, Avg: 0.3, Max: 0.3, Diff: 0.1, Sum: 2.0]
         [Processed Buffers: Min: 2, Avg: 3.6, Max: 5, Diff: 3, Sum: 29]
      [Scan RS (ms): Min: 0.0, Avg: 0.0, Max: 0.0, Diff: 0.0, Sum: 0.0]
      [Code Root Scanning (ms): Min: 0.0, Avg: 0.0, Max: 0.0, Diff: 0.0, Sum: 0.0]
      [Object Copy (ms): Min: 0.0, Avg: 0.0, Max: 0.0, Diff: 0.0, Sum: 0.2]
      [Termination (ms): Min: 0.0, Avg: 0.0, Max: 0.0, Diff: 0.0, Sum: 0.1]
         [Termination Attempts: Min: 1, Avg: 1.0, Max: 1, Diff: 0, Sum: 8]
      [GC Worker Other (ms): Min: 0.0, Avg: 0.0, Max: 0.0, Diff: 0.0, Sum: 0.0]
      [GC Worker Total (ms): Min: 0.2, Avg: 0.4, Max: 0.4, Diff: 0.2, Sum: 3.2]
      [GC Worker End (ms): Min: 2831.9, Avg: 2831.9, Max: 2831.9, Diff: 0.0]
   [Code Root Fixup: 0.0 ms]
   [Code Root Purge: 0.0 ms]
   [Clear CT: 0.1 ms]
   [Other: 0.3 ms]
      [Evacuation Failure: 0.1 ms]
      [Choose CSet: 0.0 ms]
      [Ref Proc: 0.1 ms]
      [Ref Enq: 0.0 ms]
      [Redirty Cards: 0.1 ms]
      [Humongous Register: 0.1 ms]
      [Humongous Reclaim: 0.0 ms]
      [Free CSet: 0.0 ms]
   [Eden: 7168.0K(23552.0K)->0.0B(25600.0K) Survivors: 2048.0K->0.0B Heap: 416.6M(512.0M)->413.8M(512.0M)]
 [Times: user=0.00 sys=0.00, real=0.00 secs] 
2.833: [GC concurrent-mark-end, 0.0025409 secs]
2.833: [GC remark 2.833: [Finalize Marking, 0.0000877 secs] 2.833: [GC ref-proc, 0.0000881 secs] 2.833: [Unloading, 0.0003766 secs], 0.0014387 secs]
 [Times: user=0.00 sys=0.00, real=0.00 secs] 
2.834: [GC cleanup 414M->414M(512M), 0.0003350 secs]
 [Times: user=0.00 sys=0.00, real=0.00 secs] 
2.835: [GC pause (G1 Evacuation Pause) (young) (to-space exhausted), 0.0007030 secs]
   [Parallel Time: 0.3 ms, GC Workers: 8]
      [GC Worker Start (ms): Min: 2835.2, Avg: 2835.2, Max: 2835.2, Diff: 0.0]
      [Ext Root Scanning (ms): Min: 0.1, Avg: 0.1, Max: 0.1, Diff: 0.0, Sum: 0.9]
      [Update RS (ms): Min: 0.0, Avg: 0.1, Max: 0.1, Diff: 0.1, Sum: 0.7]
         [Processed Buffers: Min: 1, Avg: 2.4, Max: 4, Diff: 3, Sum: 19]
      [Scan RS (ms): Min: 0.0, Avg: 0.0, Max: 0.0, Diff: 0.0, Sum: 0.0]
      [Code Root Scanning (ms): Min: 0.0, Avg: 0.0, Max: 0.0, Diff: 0.0, Sum: 0.0]
      [Object Copy (ms): Min: 0.0, Avg: 0.0, Max: 0.0, Diff: 0.0, Sum: 0.0]
      [Termination (ms): Min: 0.0, Avg: 0.0, Max: 0.1, Diff: 0.1, Sum: 0.2]
         [Termination Attempts: Min: 1, Avg: 1.0, Max: 1, Diff: 0, Sum: 8]
      [GC Worker Other (ms): Min: 0.0, Avg: 0.0, Max: 0.0, Diff: 0.0, Sum: 0.0]
      [GC Worker Total (ms): Min: 0.2, Avg: 0.2, Max: 0.2, Diff: 0.0, Sum: 1.9]
      [GC Worker End (ms): Min: 2835.4, Avg: 2835.4, Max: 2835.4, Diff: 0.0]
   [Code Root Fixup: 0.0 ms]
   [Code Root Purge: 0.0 ms]
   [Clear CT: 0.1 ms]
   [Other: 0.3 ms]
      [Evacuation Failure: 0.1 ms]
      [Choose CSet: 0.0 ms]
      [Ref Proc: 0.1 ms]
      [Ref Enq: 0.0 ms]
      [Redirty Cards: 0.1 ms]
      [Humongous Register: 0.1 ms]
      [Humongous Reclaim: 0.0 ms]
      [Free CSet: 0.0 ms]
   [Eden: 3072.0K(25600.0K)->0.0B(25600.0K) Survivors: 0.0B->0.0B Heap: 417.4M(512.0M)->417.4M(512.0M)]
 [Times: user=0.00 sys=0.00, real=0.00 secs] 
2.836: [Full GC (Allocation Failure)  417M->361M(512M), 0.0356514 secs]
   [Eden: 0.0B(25600.0K)->0.0B(25600.0K) Survivors: 0.0B->0.0B Heap: 417.4M(512.0M)->361.1M(512.0M)], [Metaspace: 3130K->3130K(1056768K)]
 [Times: user=0.03 sys=0.00, real=0.04 secs] 
2.873: [GC pause (G1 Humongous Allocation) (young) (initial-mark), 0.0007057 secs]
   [Parallel Time: 0.4 ms, GC Workers: 8]
      [GC Worker Start (ms): Min: 2872.7, Avg: 2872.7, Max: 2872.8, Diff: 0.0]
      [Ext Root Scanning (ms): Min: 0.1, Avg: 0.1, Max: 0.1, Diff: 0.0, Sum: 1.0]
      [Update RS (ms): Min: 0.0, Avg: 0.0, Max: 0.2, Diff: 0.2, Sum: 0.3]
         [Processed Buffers: Min: 0, Avg: 0.3, Max: 1, Diff: 1, Sum: 2]
      [Scan RS (ms): Min: 0.0, Avg: 0.0, Max: 0.0, Diff: 0.0, Sum: 0.0]
      [Code Root Scanning (ms): Min: 0.0, Avg: 0.0, Max: 0.0, Diff: 0.0, Sum: 0.0]
      [Object Copy (ms): Min: 0.0, Avg: 0.0, Max: 0.1, Diff: 0.1, Sum: 0.2]
      [Termination (ms): Min: 0.0, Avg: 0.1, Max: 0.2, Diff: 0.2, Sum: 1.2]
         [Termination Attempts: Min: 1, Avg: 2.9, Max: 5, Diff: 4, Sum: 23]
      [GC Worker Other (ms): Min: 0.0, Avg: 0.0, Max: 0.0, Diff: 0.0, Sum: 0.0]
      [GC Worker Total (ms): Min: 0.3, Avg: 0.3, Max: 0.3, Diff: 0.0, Sum: 2.6]
      [GC Worker End (ms): Min: 2873.1, Avg: 2873.1, Max: 2873.1, Diff: 0.0]
   [Code Root Fixup: 0.0 ms]
   [Code Root Purge: 0.0 ms]
   [Clear CT: 0.1 ms]
   [Other: 0.2 ms]
      [Choose CSet: 0.0 ms]
      [Ref Proc: 0.1 ms]
      [Ref Enq: 0.0 ms]
      [Redirty Cards: 0.1 ms]
      [Humongous Register: 0.1 ms]
      [Humongous Reclaim: 0.0 ms]
      [Free CSet: 0.0 ms]
   [Eden: 5120.0K(25600.0K)->0.0B(24576.0K) Survivors: 0.0B->1024.0K Heap: 365.3M(512.0M)->361.9M(512.0M)]
 [Times: user=0.00 sys=0.00, real=0.00 secs] 
2.874: [GC concurrent-root-region-scan-start]
2.874: [GC concurrent-root-region-scan-end, 0.0000862 secs]
2.874: [GC concurrent-mark-start]
2.875: [GC concurrent-mark-end, 0.0013480 secs]
2.875: [GC remark 2.875: [Finalize Marking, 0.0000758 secs] 2.875: [GC ref-proc, 0.0000902 secs] 2.875: [Unloading, 0.0004270 secs], 0.0014930 secs]
 [Times: user=0.00 sys=0.00, real=0.00 secs] 
2.877: [GC cleanup 376M->376M(512M), 0.0003772 secs]
 [Times: user=0.00 sys=0.00, real=0.00 secs] 
2.880: [GC pause (G1 Evacuation Pause) (young), 0.0024181 secs]
   [Parallel Time: 2.0 ms, GC Workers: 8]
      [GC Worker Start (ms): Min: 2880.1, Avg: 2880.1, Max: 2880.2, Diff: 0.0]
      [Ext Root Scanning (ms): Min: 0.1, Avg: 0.1, Max: 0.1, Diff: 0.0, Sum: 1.0]
      [Update RS (ms): Min: 0.9, Avg: 1.0, Max: 1.0, Diff: 0.1, Sum: 7.7]
         [Processed Buffers: Min: 12, Avg: 13.0, Max: 14, Diff: 2, Sum: 104]
      [Scan RS (ms): Min: 0.0, Avg: 0.0, Max: 0.0, Diff: 0.0, Sum: 0.0]
      [Code Root Scanning (ms): Min: 0.0, Avg: 0.0, Max: 0.0, Diff: 0.0, Sum: 0.0]
      [Object Copy (ms): Min: 0.8, Avg: 0.8, Max: 0.9, Diff: 0.1, Sum: 6.7]
      [Termination (ms): Min: 0.0, Avg: 0.0, Max: 0.1, Diff: 0.1, Sum: 0.4]
         [Termination Attempts: Min: 1, Avg: 1.0, Max: 1, Diff: 0, Sum: 8]
      [GC Worker Other (ms): Min: 0.0, Avg: 0.0, Max: 0.0, Diff: 0.0, Sum: 0.1]
      [GC Worker Total (ms): Min: 1.9, Avg: 2.0, Max: 2.0, Diff: 0.0, Sum: 15.8]
      [GC Worker End (ms): Min: 2882.1, Avg: 2882.1, Max: 2882.1, Diff: 0.0]
   [Code Root Fixup: 0.0 ms]
   [Code Root Purge: 0.0 ms]
   [Clear CT: 0.1 ms]
   [Other: 0.3 ms]
      [Choose CSet: 0.0 ms]
      [Ref Proc: 0.1 ms]
      [Ref Enq: 0.0 ms]
      [Redirty Cards: 0.1 ms]
      [Humongous Register: 0.1 ms]
      [Humongous Reclaim: 0.0 ms]
      [Free CSet: 0.0 ms]
   [Eden: 24576.0K(24576.0K)->0.0B(21504.0K) Survivors: 1024.0K->4096.0K Heap: 398.2M(512.0M)->374.0M(512.0M)]
 [Times: user=0.00 sys=0.00, real=0.00 secs] 
2.883: [GC pause (G1 Humongous Allocation) (young) (initial-mark), 0.0010945 secs]
   [Parallel Time: 0.8 ms, GC Workers: 8]
      [GC Worker Start (ms): Min: 2883.3, Avg: 2883.3, Max: 2883.3, Diff: 0.0]
      [Ext Root Scanning (ms): Min: 0.1, Avg: 0.1, Max: 0.1, Diff: 0.0, Sum: 1.0]
      [Update RS (ms): Min: 0.0, Avg: 0.0, Max: 0.1, Diff: 0.1, Sum: 0.3]
         [Processed Buffers: Min: 1, Avg: 1.3, Max: 2, Diff: 1, Sum: 10]
      [Scan RS (ms): Min: 0.0, Avg: 0.0, Max: 0.0, Diff: 0.0, Sum: 0.0]
      [Code Root Scanning (ms): Min: 0.0, Avg: 0.0, Max: 0.0, Diff: 0.0, Sum: 0.0]
      [Object Copy (ms): Min: 0.5, Avg: 0.6, Max: 0.6, Diff: 0.1, Sum: 4.4]
      [Termination (ms): Min: 0.0, Avg: 0.0, Max: 0.1, Diff: 0.1, Sum: 0.2]
         [Termination Attempts: Min: 1, Avg: 1.0, Max: 1, Diff: 0, Sum: 8]
      [GC Worker Other (ms): Min: 0.0, Avg: 0.0, Max: 0.0, Diff: 0.0, Sum: 0.0]
      [GC Worker Total (ms): Min: 0.7, Avg: 0.7, Max: 0.8, Diff: 0.0, Sum: 6.0]
      [GC Worker End (ms): Min: 2884.1, Avg: 2884.1, Max: 2884.1, Diff: 0.0]
   [Code Root Fixup: 0.0 ms]
   [Code Root Purge: 0.0 ms]
   [Clear CT: 0.1 ms]
   [Other: 0.2 ms]
      [Choose CSet: 0.0 ms]
      [Ref Proc: 0.1 ms]
      [Ref Enq: 0.0 ms]
      [Redirty Cards: 0.1 ms]
      [Humongous Register: 0.1 ms]
      [Humongous Reclaim: 0.0 ms]
      [Free CSet: 0.0 ms]
   [Eden: 5120.0K(21504.0K)->0.0B(23552.0K) Survivors: 4096.0K->2048.0K Heap: 378.2M(512.0M)->374.4M(512.0M)]
 [Times: user=0.00 sys=0.00, real=0.00 secs] 
2.885: [GC concurrent-root-region-scan-start]
2.885: [GC concurrent-root-region-scan-end, 0.0000891 secs]
2.885: [GC concurrent-mark-start]
2.886: [GC concurrent-mark-end, 0.0013822 secs]
2.886: [GC remark 2.886: [Finalize Marking, 0.0000757 secs] 2.886: [GC ref-proc, 0.0000893 secs] 2.886: [Unloading, 0.0004035 secs], 0.0014570 secs]
 [Times: user=0.00 sys=0.00, real=0.00 secs] 
2.888: [GC cleanup 387M->387M(512M), 0.0003649 secs]
 [Times: user=0.00 sys=0.00, real=0.00 secs] 
2.891: [GC pause (G1 Evacuation Pause) (young) (to-space exhausted), 0.0016716 secs]
   [Parallel Time: 1.2 ms, GC Workers: 8]
      [GC Worker Start (ms): Min: 2890.8, Avg: 2890.8, Max: 2890.8, Diff: 0.0]
      [Ext Root Scanning (ms): Min: 0.1, Avg: 0.1, Max: 0.1, Diff: 0.0, Sum: 0.9]
      [Update RS (ms): Min: 0.7, Avg: 0.7, Max: 0.7, Diff: 0.1, Sum: 5.6]
         [Processed Buffers: Min: 9, Avg: 9.8, Max: 10, Diff: 1, Sum: 78]
      [Scan RS (ms): Min: 0.0, Avg: 0.0, Max: 0.0, Diff: 0.0, Sum: 0.0]
      [Code Root Scanning (ms): Min: 0.0, Avg: 0.0, Max: 0.0, Diff: 0.0, Sum: 0.0]
      [Object Copy (ms): Min: 0.3, Avg: 0.3, Max: 0.4, Diff: 0.1, Sum: 2.6]
      [Termination (ms): Min: 0.0, Avg: 0.0, Max: 0.0, Diff: 0.0, Sum: 0.3]
         [Termination Attempts: Min: 1, Avg: 1.0, Max: 1, Diff: 0, Sum: 8]
      [GC Worker Other (ms): Min: 0.0, Avg: 0.0, Max: 0.0, Diff: 0.0, Sum: 0.0]
      [GC Worker Total (ms): Min: 1.2, Avg: 1.2, Max: 1.2, Diff: 0.0, Sum: 9.5]
      [GC Worker End (ms): Min: 2892.0, Avg: 2892.0, Max: 2892.0, Diff: 0.0]
   [Code Root Fixup: 0.0 ms]
   [Code Root Purge: 0.0 ms]
   [Clear CT: 0.1 ms]
   [Other: 0.4 ms]
      [Evacuation Failure: 0.1 ms]
      [Choose CSet: 0.0 ms]
      [Ref Proc: 0.1 ms]
      [Ref Enq: 0.0 ms]
      [Redirty Cards: 0.1 ms]
      [Humongous Register: 0.1 ms]
      [Humongous Reclaim: 0.0 ms]
      [Free CSet: 0.0 ms]
   [Eden: 23552.0K(23552.0K)->0.0B(22528.0K) Survivors: 2048.0K->3072.0K Heap: 406.0M(512.0M)->396.9M(512.0M)]
 [Times: user=0.00 sys=0.00, real=0.00 secs] 
2.895: [GC pause (G1 Evacuation Pause) (mixed) (to-space exhausted), 0.0009465 secs]
   [Parallel Time: 0.5 ms, GC Workers: 8]
      [GC Worker Start (ms): Min: 2894.6, Avg: 2894.6, Max: 2894.7, Diff: 0.0]
      [Ext Root Scanning (ms): Min: 0.1, Avg: 0.1, Max: 0.1, Diff: 0.0, Sum: 0.9]
      [Update RS (ms): Min: 0.2, Avg: 0.2, Max: 0.3, Diff: 0.1, Sum: 1.9]
         [Processed Buffers: Min: 3, Avg: 4.9, Max: 6, Diff: 3, Sum: 39]
      [Scan RS (ms): Min: 0.0, Avg: 0.0, Max: 0.0, Diff: 0.0, Sum: 0.1]
      [Code Root Scanning (ms): Min: 0.0, Avg: 0.0, Max: 0.0, Diff: 0.0, Sum: 0.0]
      [Object Copy (ms): Min: 0.1, Avg: 0.1, Max: 0.1, Diff: 0.0, Sum: 0.8]
      [Termination (ms): Min: 0.0, Avg: 0.0, Max: 0.0, Diff: 0.0, Sum: 0.1]
         [Termination Attempts: Min: 1, Avg: 1.0, Max: 1, Diff: 0, Sum: 8]
      [GC Worker Other (ms): Min: 0.0, Avg: 0.0, Max: 0.0, Diff: 0.0, Sum: 0.0]
      [GC Worker Total (ms): Min: 0.5, Avg: 0.5, Max: 0.5, Diff: 0.0, Sum: 3.8]
      [GC Worker End (ms): Min: 2895.1, Avg: 2895.1, Max: 2895.1, Diff: 0.0]
   [Code Root Fixup: 0.0 ms]
   [Code Root Purge: 0.0 ms]
   [Clear CT: 0.1 ms]
   [Other: 0.4 ms]
      [Evacuation Failure: 0.1 ms]
      [Choose CSet: 0.0 ms]
      [Ref Proc: 0.1 ms]
      [Ref Enq: 0.0 ms]
      [Redirty Cards: 0.1 ms]
      [Humongous Register: 0.1 ms]
      [Humongous Reclaim: 0.0 ms]
      [Free CSet: 0.0 ms]
   [Eden: 14336.0K(22528.0K)->0.0B(25600.0K) Survivors: 3072.0K->0.0B Heap: 413.4M(512.0M)->408.1M(512.0M)]
 [Times: user=0.00 sys=0.00, real=0.00 secs] 
2.896: [GC pause (G1 Humongous Allocation) (young) (initial-mark), 0.0007297 secs]
   [Parallel Time: 0.4 ms, GC Workers: 8]
      [GC Worker Start (ms): Min: 2896.2, Avg: 2896.3, Max: 2896.4, Diff: 0.1]
      [Ext Root Scanning (ms): Min: 0.0, Avg: 0.1, Max: 0.2, Diff: 0.2, Sum: 1.1]
      [Update RS (ms): Min: 0.0, Avg: 0.1, Max: 0.1, Diff: 0.1, Sum: 0.4]
         [Processed Buffers: Min: 0, Avg: 2.6, Max: 6, Diff: 6, Sum: 21]
      [Scan RS (ms): Min: 0.0, Avg: 0.0, Max: 0.0, Diff: 0.0, Sum: 0.0]
      [Code Root Scanning (ms): Min: 0.0, Avg: 0.0, Max: 0.0, Diff: 0.0, Sum: 0.0]
      [Object Copy (ms): Min: 0.0, Avg: 0.0, Max: 0.1, Diff: 0.1, Sum: 0.4]
      [Termination (ms): Min: 0.0, Avg: 0.1, Max: 0.1, Diff: 0.1, Sum: 0.5]
         [Termination Attempts: Min: 1, Avg: 1.0, Max: 1, Diff: 0, Sum: 8]
      [GC Worker Other (ms): Min: 0.0, Avg: 0.0, Max: 0.0, Diff: 0.0, Sum: 0.0]
      [GC Worker Total (ms): Min: 0.2, Avg: 0.3, Max: 0.3, Diff: 0.1, Sum: 2.5]
      [GC Worker End (ms): Min: 2896.6, Avg: 2896.6, Max: 2896.6, Diff: 0.0]
   [Code Root Fixup: 0.0 ms]
   [Code Root Purge: 0.0 ms]
   [Clear CT: 0.1 ms]
   [Other: 0.3 ms]
      [Choose CSet: 0.0 ms]
      [Ref Proc: 0.1 ms]
      [Ref Enq: 0.0 ms]
      [Redirty Cards: 0.1 ms]
      [Humongous Register: 0.1 ms]
      [Humongous Reclaim: 0.0 ms]
      [Free CSet: 0.0 ms]
   [Eden: 3072.0K(25600.0K)->0.0B(24576.0K) Survivors: 0.0B->1024.0K Heap: 410.2M(512.0M)->409.0M(512.0M)]
 [Times: user=0.00 sys=0.00, real=0.00 secs] 
2.897: [GC concurrent-root-region-scan-start]
2.897: [GC concurrent-root-region-scan-end, 0.0000994 secs]
2.897: [GC concurrent-mark-start]
2.899: [GC pause (G1 Evacuation Pause) (young) (to-space exhausted), 0.0007360 secs]
   [Parallel Time: 0.4 ms, GC Workers: 8]
      [GC Worker Start (ms): Min: 2898.8, Avg: 2898.8, Max: 2898.8, Diff: 0.0]
      [Ext Root Scanning (ms): Min: 0.1, Avg: 0.1, Max: 0.1, Diff: 0.0, Sum: 0.9]
      [Update RS (ms): Min: 0.1, Avg: 0.1, Max: 0.2, Diff: 0.1, Sum: 0.8]
         [Processed Buffers: Min: 1, Avg: 1.6, Max: 3, Diff: 2, Sum: 13]
      [Scan RS (ms): Min: 0.0, Avg: 0.0, Max: 0.0, Diff: 0.0, Sum: 0.0]
      [Code Root Scanning (ms): Min: 0.0, Avg: 0.0, Max: 0.0, Diff: 0.0, Sum: 0.0]
      [Object Copy (ms): Min: 0.0, Avg: 0.0, Max: 0.0, Diff: 0.0, Sum: 0.2]
      [Termination (ms): Min: 0.0, Avg: 0.1, Max: 0.1, Diff: 0.1, Sum: 0.6]
         [Termination Attempts: Min: 1, Avg: 1.0, Max: 1, Diff: 0, Sum: 8]
      [GC Worker Other (ms): Min: 0.0, Avg: 0.0, Max: 0.0, Diff: 0.0, Sum: 0.0]
      [GC Worker Total (ms): Min: 0.3, Avg: 0.3, Max: 0.3, Diff: 0.0, Sum: 2.5]
      [GC Worker End (ms): Min: 2899.1, Avg: 2899.1, Max: 2899.1, Diff: 0.0]
   [Code Root Fixup: 0.0 ms]
   [Code Root Purge: 0.0 ms]
   [Clear CT: 0.1 ms]
   [Other: 0.3 ms]
      [Evacuation Failure: 0.1 ms]
      [Choose CSet: 0.0 ms]
      [Ref Proc: 0.1 ms]
      [Ref Enq: 0.0 ms]
      [Redirty Cards: 0.1 ms]
      [Humongous Register: 0.1 ms]
      [Humongous Reclaim: 0.0 ms]
      [Free CSet: 0.0 ms]
   [Eden: 5120.0K(24576.0K)->0.0B(25600.0K) Survivors: 1024.0K->0.0B Heap: 414.8M(512.0M)->414.1M(512.0M)]
 [Times: user=0.00 sys=0.00, real=0.00 secs] 
2.900: [GC pause (G1 Humongous Allocation) (young) (to-space exhausted), 0.0006284 secs]
   [Parallel Time: 0.3 ms, GC Workers: 8]
      [GC Worker Start (ms): Min: 2899.9, Avg: 2899.9, Max: 2899.9, Diff: 0.0]
      [Ext Root Scanning (ms): Min: 0.1, Avg: 0.1, Max: 0.1, Diff: 0.0, Sum: 0.8]
      [Update RS (ms): Min: 0.0, Avg: 0.0, Max: 0.1, Diff: 0.1, Sum: 0.3]
         [Processed Buffers: Min: 1, Avg: 1.3, Max: 2, Diff: 1, Sum: 10]
      [Scan RS (ms): Min: 0.0, Avg: 0.0, Max: 0.0, Diff: 0.0, Sum: 0.0]
      [Code Root Scanning (ms): Min: 0.0, Avg: 0.0, Max: 0.0, Diff: 0.0, Sum: 0.0]
      [Object Copy (ms): Min: 0.0, Avg: 0.0, Max: 0.0, Diff: 0.0, Sum: 0.0]
      [Termination (ms): Min: 0.0, Avg: 0.1, Max: 0.1, Diff: 0.1, Sum: 0.8]
         [Termination Attempts: Min: 1, Avg: 1.0, Max: 1, Diff: 0, Sum: 8]
      [GC Worker Other (ms): Min: 0.0, Avg: 0.0, Max: 0.0, Diff: 0.0, Sum: 0.0]
      [GC Worker Total (ms): Min: 0.2, Avg: 0.2, Max: 0.3, Diff: 0.0, Sum: 2.0]
      [GC Worker End (ms): Min: 2900.1, Avg: 2900.1, Max: 2900.1, Diff: 0.0]
   [Code Root Fixup: 0.0 ms]
   [Code Root Purge: 0.0 ms]
   [Clear CT: 0.1 ms]
   [Other: 0.3 ms]
      [Evacuation Failure: 0.1 ms]
      [Choose CSet: 0.0 ms]
      [Ref Proc: 0.1 ms]
      [Ref Enq: 0.0 ms]
      [Redirty Cards: 0.1 ms]
      [Humongous Register: 0.0 ms]
      [Humongous Reclaim: 0.0 ms]
      [Free CSet: 0.0 ms]
   [Eden: 1024.0K(25600.0K)->0.0B(25600.0K) Survivors: 0.0B->0.0B Heap: 414.4M(512.0M)->414.4M(512.0M)]
 [Times: user=0.00 sys=0.00, real=0.00 secs] 
2.901: [Full GC (Allocation Failure)  414M->366M(512M), 0.0362257 secs]
   [Eden: 0.0B(25600.0K)->0.0B(25600.0K) Survivors: 0.0B->0.0B Heap: 414.4M(512.0M)->366.5M(512.0M)], [Metaspace: 3130K->3130K(1056768K)]
 [Times: user=0.03 sys=0.00, real=0.04 secs] 
2.937: [GC concurrent-mark-abort]
2.937: [GC pause (G1 Humongous Allocation) (young) (initial-mark), 0.0006782 secs]
   [Parallel Time: 0.4 ms, GC Workers: 8]
      [GC Worker Start (ms): Min: 2937.3, Avg: 2937.3, Max: 2937.3, Diff: 0.0]
      [Ext Root Scanning (ms): Min: 0.1, Avg: 0.1, Max: 0.1, Diff: 0.0, Sum: 0.9]
      [Update RS (ms): Min: 0.0, Avg: 0.1, Max: 0.2, Diff: 0.2, Sum: 0.7]
         [Processed Buffers: Min: 1, Avg: 1.0, Max: 1, Diff: 0, Sum: 8]
      [Scan RS (ms): Min: 0.0, Avg: 0.0, Max: 0.0, Diff: 0.0, Sum: 0.0]
      [Code Root Scanning (ms): Min: 0.0, Avg: 0.0, Max: 0.0, Diff: 0.0, Sum: 0.0]
      [Object Copy (ms): Min: 0.0, Avg: 0.0, Max: 0.0, Diff: 0.0, Sum: 0.1]
      [Termination (ms): Min: 0.0, Avg: 0.1, Max: 0.1, Diff: 0.1, Sum: 0.9]
         [Termination Attempts: Min: 1, Avg: 1.0, Max: 1, Diff: 0, Sum: 8]
      [GC Worker Other (ms): Min: 0.0, Avg: 0.0, Max: 0.0, Diff: 0.0, Sum: 0.0]
      [GC Worker Total (ms): Min: 0.3, Avg: 0.3, Max: 0.3, Diff: 0.0, Sum: 2.6]
      [GC Worker End (ms): Min: 2937.6, Avg: 2937.6, Max: 2937.6, Diff: 0.0]
   [Code Root Fixup: 0.0 ms]
   [Code Root Purge: 0.0 ms]
   [Clear CT: 0.1 ms]
   [Other: 0.3 ms]
      [Choose CSet: 0.0 ms]
      [Ref Proc: 0.1 ms]
      [Ref Enq: 0.0 ms]
      [Redirty Cards: 0.1 ms]
      [Humongous Register: 0.1 ms]
      [Humongous Reclaim: 0.0 ms]
      [Free CSet: 0.0 ms]
   [Eden: 1024.0K(25600.0K)->0.0B(24576.0K) Survivors: 0.0B->1024.0K Heap: 367.8M(512.0M)->367.0M(512.0M)]
 [Times: user=0.00 sys=0.00, real=0.00 secs] 
2.938: [GC concurrent-root-region-scan-start]
2.938: [GC concurrent-root-region-scan-end, 0.0000496 secs]
2.938: [GC concurrent-mark-start]
2.939: [GC concurrent-mark-end, 0.0011453 secs]
2.939: [GC remark 2.939: [Finalize Marking, 0.0000970 secs] 2.940: [GC ref-proc, 0.0000864 secs] 2.940: [Unloading, 0.0003840 secs], 0.0014592 secs]
 [Times: user=0.13 sys=0.00, real=0.00 secs] 
2.941: [GC cleanup 377M->377M(512M), 0.0003557 secs]
 [Times: user=0.00 sys=0.00, real=0.00 secs] 
2.945: [GC pause (G1 Evacuation Pause) (young), 0.0020628 secs]
   [Parallel Time: 1.7 ms, GC Workers: 8]
      [GC Worker Start (ms): Min: 2945.0, Avg: 2945.0, Max: 2945.0, Diff: 0.0]
      [Ext Root Scanning (ms): Min: 0.1, Avg: 0.1, Max: 0.2, Diff: 0.1, Sum: 1.0]
      [Update RS (ms): Min: 0.7, Avg: 0.7, Max: 0.8, Diff: 0.1, Sum: 5.9]
         [Processed Buffers: Min: 9, Avg: 9.6, Max: 10, Diff: 1, Sum: 77]
      [Scan RS (ms): Min: 0.0, Avg: 0.0, Max: 0.0, Diff: 0.0, Sum: 0.0]
      [Code Root Scanning (ms): Min: 0.0, Avg: 0.0, Max: 0.0, Diff: 0.0, Sum: 0.0]
      [Object Copy (ms): Min: 0.6, Avg: 0.7, Max: 0.7, Diff: 0.1, Sum: 5.2]
      [Termination (ms): Min: 0.0, Avg: 0.0, Max: 0.1, Diff: 0.1, Sum: 0.4]
         [Termination Attempts: Min: 1, Avg: 1.0, Max: 1, Diff: 0, Sum: 8]
      [GC Worker Other (ms): Min: 0.0, Avg: 0.0, Max: 0.0, Diff: 0.0, Sum: 0.1]
      [GC Worker Total (ms): Min: 1.6, Avg: 1.6, Max: 1.6, Diff: 0.0, Sum: 12.7]
      [GC Worker End (ms): Min: 2946.6, Avg: 2946.6, Max: 2946.6, Diff: 0.0]
   [Code Root Fixup: 0.0 ms]
   [Code Root Purge: 0.0 ms]
   [Clear CT: 0.1 ms]
   [Other: 0.3 ms]
      [Choose CSet: 0.0 ms]
      [Ref Proc: 0.1 ms]
      [Ref Enq: 0.0 ms]
      [Redirty Cards: 0.1 ms]
      [Humongous Register: 0.1 ms]
      [Humongous Reclaim: 0.0 ms]
      [Free CSet: 0.0 ms]
   [Eden: 24576.0K(24576.0K)->0.0B(21504.0K) Survivors: 1024.0K->4096.0K Heap: 400.2M(512.0M)->375.5M(512.0M)]
 [Times: user=0.00 sys=0.00, real=0.00 secs] 
2.948: [GC pause (G1 Humongous Allocation) (young) (initial-mark), 0.0011251 secs]
   [Parallel Time: 0.8 ms, GC Workers: 8]
      [GC Worker Start (ms): Min: 2947.8, Avg: 2947.8, Max: 2947.8, Diff: 0.0]
      [Ext Root Scanning (ms): Min: 0.1, Avg: 0.1, Max: 0.1, Diff: 0.0, Sum: 0.9]
      [Update RS (ms): Min: 0.0, Avg: 0.0, Max: 0.1, Diff: 0.0, Sum: 0.3]
         [Processed Buffers: Min: 1, Avg: 1.1, Max: 2, Diff: 1, Sum: 9]
      [Scan RS (ms): Min: 0.0, Avg: 0.0, Max: 0.0, Diff: 0.0, Sum: 0.0]
      [Code Root Scanning (ms): Min: 0.0, Avg: 0.0, Max: 0.0, Diff: 0.0, Sum: 0.0]
      [Object Copy (ms): Min: 0.4, Avg: 0.5, Max: 0.6, Diff: 0.1, Sum: 4.1]
      [Termination (ms): Min: 0.0, Avg: 0.0, Max: 0.1, Diff: 0.1, Sum: 0.4]
         [Termination Attempts: Min: 1, Avg: 1.0, Max: 1, Diff: 0, Sum: 8]
      [GC Worker Other (ms): Min: 0.0, Avg: 0.0, Max: 0.0, Diff: 0.0, Sum: 0.0]
      [GC Worker Total (ms): Min: 0.7, Avg: 0.7, Max: 0.7, Diff: 0.0, Sum: 5.8]
      [GC Worker End (ms): Min: 2948.5, Avg: 2948.5, Max: 2948.5, Diff: 0.0]
   [Code Root Fixup: 0.0 ms]
   [Code Root Purge: 0.0 ms]
   [Clear CT: 0.1 ms]
   [Other: 0.3 ms]
      [Choose CSet: 0.0 ms]
      [Ref Proc: 0.1 ms]
      [Ref Enq: 0.0 ms]
      [Redirty Cards: 0.1 ms]
      [Humongous Register: 0.1 ms]
      [Humongous Reclaim: 0.0 ms]
      [Free CSet: 0.0 ms]
   [Eden: 4096.0K(21504.0K)->0.0B(23552.0K) Survivors: 4096.0K->2048.0K Heap: 379.0M(512.0M)->377.1M(512.0M)]
 [Times: user=0.00 sys=0.00, real=0.00 secs] 
2.949: [GC concurrent-root-region-scan-start]
2.949: [GC concurrent-root-region-scan-end, 0.0001461 secs]
2.949: [GC concurrent-mark-start]
2.951: [GC concurrent-mark-end, 0.0013197 secs]
2.951: [GC remark 2.951: [Finalize Marking, 0.0000765 secs] 2.951: [GC ref-proc, 0.0000899 secs] 2.951: [Unloading, 0.0004090 secs], 0.0014937 secs]
 [Times: user=0.00 sys=0.00, real=0.00 secs] 
2.952: [GC cleanup 387M->387M(512M), 0.0004192 secs]
 [Times: user=0.00 sys=0.00, real=0.00 secs] 
2.955: [GC pause (G1 Evacuation Pause) (young) (to-space exhausted), 0.0013344 secs]
   [Parallel Time: 0.8 ms, GC Workers: 8]
      [GC Worker Start (ms): Min: 2955.3, Avg: 2955.3, Max: 2955.3, Diff: 0.0]
      [Ext Root Scanning (ms): Min: 0.1, Avg: 0.1, Max: 0.1, Diff: 0.0, Sum: 0.9]
      [Update RS (ms): Min: 0.5, Avg: 0.6, Max: 0.6, Diff: 0.1, Sum: 4.6]
         [Processed Buffers: Min: 8, Avg: 8.3, Max: 9, Diff: 1, Sum: 66]
      [Scan RS (ms): Min: 0.0, Avg: 0.0, Max: 0.0, Diff: 0.0, Sum: 0.0]
      [Code Root Scanning (ms): Min: 0.0, Avg: 0.0, Max: 0.0, Diff: 0.0, Sum: 0.0]
      [Object Copy (ms): Min: 0.0, Avg: 0.1, Max: 0.1, Diff: 0.1, Sum: 0.6]
      [Termination (ms): Min: 0.0, Avg: 0.0, Max: 0.0, Diff: 0.0, Sum: 0.1]
         [Termination Attempts: Min: 1, Avg: 1.0, Max: 1, Diff: 0, Sum: 8]
      [GC Worker Other (ms): Min: 0.0, Avg: 0.0, Max: 0.0, Diff: 0.0, Sum: 0.0]
      [GC Worker Total (ms): Min: 0.8, Avg: 0.8, Max: 0.8, Diff: 0.0, Sum: 6.4]
      [GC Worker End (ms): Min: 2956.1, Avg: 2956.1, Max: 2956.1, Diff: 0.0]
   [Code Root Fixup: 0.0 ms]
   [Code Root Purge: 0.0 ms]
   [Clear CT: 0.1 ms]
   [Other: 0.4 ms]
      [Evacuation Failure: 0.1 ms]
      [Choose CSet: 0.0 ms]
      [Ref Proc: 0.1 ms]
      [Ref Enq: 0.0 ms]
      [Redirty Cards: 0.1 ms]
      [Humongous Register: 0.1 ms]
      [Humongous Reclaim: 0.0 ms]
      [Free CSet: 0.0 ms]
   [Eden: 22528.0K(23552.0K)->0.0B(25600.0K) Survivors: 2048.0K->0.0B Heap: 406.1M(512.0M)->395.5M(512.0M)]
 [Times: user=0.02 sys=0.00, real=0.00 secs] 
2.959: [GC pause (G1 Evacuation Pause) (mixed) (to-space exhausted), 0.0011583 secs]
   [Parallel Time: 0.7 ms, GC Workers: 8]
      [GC Worker Start (ms): Min: 2958.9, Avg: 2958.9, Max: 2958.9, Diff: 0.0]
      [Ext Root Scanning (ms): Min: 0.1, Avg: 0.1, Max: 0.1, Diff: 0.0, Sum: 0.9]
      [Update RS (ms): Min: 0.2, Avg: 0.3, Max: 0.3, Diff: 0.1, Sum: 2.1]
         [Processed Buffers: Min: 3, Avg: 5.4, Max: 7, Diff: 4, Sum: 43]
      [Scan RS (ms): Min: 0.0, Avg: 0.0, Max: 0.0, Diff: 0.0, Sum: 0.1]
      [Code Root Scanning (ms): Min: 0.0, Avg: 0.0, Max: 0.0, Diff: 0.0, Sum: 0.0]
      [Object Copy (ms): Min: 0.2, Avg: 0.3, Max: 0.3, Diff: 0.0, Sum: 2.0]
      [Termination (ms): Min: 0.0, Avg: 0.0, Max: 0.0, Diff: 0.0, Sum: 0.1]
         [Termination Attempts: Min: 1, Avg: 1.1, Max: 2, Diff: 1, Sum: 9]
      [GC Worker Other (ms): Min: 0.0, Avg: 0.0, Max: 0.0, Diff: 0.0, Sum: 0.0]
      [GC Worker Total (ms): Min: 0.6, Avg: 0.7, Max: 0.7, Diff: 0.0, Sum: 5.3]
      [GC Worker End (ms): Min: 2959.5, Avg: 2959.5, Max: 2959.5, Diff: 0.0]
   [Code Root Fixup: 0.0 ms]
   [Code Root Purge: 0.0 ms]
   [Clear CT: 0.1 ms]
   [Other: 0.4 ms]
      [Evacuation Failure: 0.1 ms]
      [Choose CSet: 0.0 ms]
      [Ref Proc: 0.1 ms]
      [Ref Enq: 0.0 ms]
      [Redirty Cards: 0.1 ms]
      [Humongous Register: 0.1 ms]
      [Humongous Reclaim: 0.0 ms]
      [Free CSet: 0.0 ms]
   [Eden: 12288.0K(25600.0K)->0.0B(25600.0K) Survivors: 0.0B->0.0B Heap: 410.1M(512.0M)->408.3M(512.0M)]
 [Times: user=0.00 sys=0.00, real=0.00 secs] 
2.961: [GC pause (G1 Humongous Allocation) (young) (initial-mark) (to-space exhausted), 0.0006359 secs]
   [Parallel Time: 0.2 ms, GC Workers: 8]
      [GC Worker Start (ms): Min: 2960.8, Avg: 2960.9, Max: 2960.9, Diff: 0.0]
      [Ext Root Scanning (ms): Min: 0.1, Avg: 0.1, Max: 0.1, Diff: 0.0, Sum: 0.9]
      [Update RS (ms): Min: 0.1, Avg: 0.1, Max: 0.1, Diff: 0.0, Sum: 0.4]
         [Processed Buffers: Min: 1, Avg: 3.0, Max: 6, Diff: 5, Sum: 24]
      [Scan RS (ms): Min: 0.0, Avg: 0.0, Max: 0.0, Diff: 0.0, Sum: 0.0]
      [Code Root Scanning (ms): Min: 0.0, Avg: 0.0, Max: 0.0, Diff: 0.0, Sum: 0.0]
      [Object Copy (ms): Min: 0.0, Avg: 0.0, Max: 0.0, Diff: 0.0, Sum: 0.1]
      [Termination (ms): Min: 0.0, Avg: 0.0, Max: 0.0, Diff: 0.0, Sum: 0.1]
         [Termination Attempts: Min: 1, Avg: 1.0, Max: 1, Diff: 0, Sum: 8]
      [GC Worker Other (ms): Min: 0.0, Avg: 0.0, Max: 0.0, Diff: 0.0, Sum: 0.0]
      [GC Worker Total (ms): Min: 0.2, Avg: 0.2, Max: 0.2, Diff: 0.0, Sum: 1.6]
      [GC Worker End (ms): Min: 2961.0, Avg: 2961.0, Max: 2961.1, Diff: 0.0]
   [Code Root Fixup: 0.0 ms]
   [Code Root Purge: 0.0 ms]
   [Clear CT: 0.1 ms]
   [Other: 0.3 ms]
      [Evacuation Failure: 0.1 ms]
      [Choose CSet: 0.0 ms]
      [Ref Proc: 0.1 ms]
      [Ref Enq: 0.0 ms]
      [Redirty Cards: 0.1 ms]
      [Humongous Register: 0.1 ms]
      [Humongous Reclaim: 0.0 ms]
      [Free CSet: 0.0 ms]
   [Eden: 3072.0K(25600.0K)->0.0B(25600.0K) Survivors: 0.0B->0.0B Heap: 411.1M(512.0M)->411.1M(512.0M)]
 [Times: user=0.00 sys=0.00, real=0.00 secs] 
2.962: [GC concurrent-root-region-scan-start]
2.962: [GC concurrent-root-region-scan-end, 0.0000326 secs]
2.962: [GC concurrent-mark-start]
2.962: [GC pause (G1 Humongous Allocation) (young), 0.0005863 secs]
   [Parallel Time: 0.2 ms, GC Workers: 8]
      [GC Worker Start (ms): Min: 2961.8, Avg: 2961.8, Max: 2961.8, Diff: 0.0]
      [Ext Root Scanning (ms): Min: 0.1, Avg: 0.1, Max: 0.1, Diff: 0.0, Sum: 0.9]
      [Update RS (ms): Min: 0.0, Avg: 0.0, Max: 0.1, Diff: 0.0, Sum: 0.3]
         [Processed Buffers: Min: 0, Avg: 1.6, Max: 3, Diff: 3, Sum: 13]
      [Scan RS (ms): Min: 0.0, Avg: 0.0, Max: 0.0, Diff: 0.0, Sum: 0.0]
      [Code Root Scanning (ms): Min: 0.0, Avg: 0.0, Max: 0.0, Diff: 0.0, Sum: 0.0]
      [Object Copy (ms): Min: 0.0, Avg: 0.0, Max: 0.0, Diff: 0.0, Sum: 0.0]
      [Termination (ms): Min: 0.0, Avg: 0.0, Max: 0.0, Diff: 0.0, Sum: 0.2]
         [Termination Attempts: Min: 1, Avg: 1.0, Max: 1, Diff: 0, Sum: 8]
      [GC Worker Other (ms): Min: 0.0, Avg: 0.0, Max: 0.0, Diff: 0.0, Sum: 0.0]
      [GC Worker Total (ms): Min: 0.2, Avg: 0.2, Max: 0.2, Diff: 0.0, Sum: 1.5]
      [GC Worker End (ms): Min: 2962.0, Avg: 2962.0, Max: 2962.0, Diff: 0.0]
   [Code Root Fixup: 0.0 ms]
   [Code Root Purge: 0.0 ms]
   [Clear CT: 0.1 ms]
   [Other: 0.3 ms]
      [Choose CSet: 0.0 ms]
      [Ref Proc: 0.1 ms]
      [Ref Enq: 0.0 ms]
      [Redirty Cards: 0.1 ms]
      [Humongous Register: 0.1 ms]
      [Humongous Reclaim: 0.0 ms]
      [Free CSet: 0.0 ms]
   [Eden: 0.0B(25600.0K)->0.0B(25600.0K) Survivors: 0.0B->0.0B Heap: 411.1M(512.0M)->411.1M(512.0M)]
 [Times: user=0.00 sys=0.00, real=0.00 secs] 
2.963: [Full GC (Allocation Failure)  411M->366M(512M), 0.0402778 secs]
   [Eden: 0.0B(25600.0K)->0.0B(25600.0K) Survivors: 0.0B->0.0B Heap: 411.1M(512.0M)->366.3M(512.0M)], [Metaspace: 3130K->3130K(1056768K)]
 [Times: user=0.05 sys=0.00, real=0.04 secs] 
3.003: [GC concurrent-mark-abort]
3.004: [GC pause (G1 Humongous Allocation) (young) (initial-mark), 0.0008729 secs]
   [Parallel Time: 0.4 ms, GC Workers: 8]
      [GC Worker Start (ms): Min: 3004.0, Avg: 3004.0, Max: 3004.0, Diff: 0.0]
      [Ext Root Scanning (ms): Min: 0.1, Avg: 0.1, Max: 0.1, Diff: 0.0, Sum: 1.0]
      [Update RS (ms): Min: 0.0, Avg: 0.1, Max: 0.2, Diff: 0.2, Sum: 0.7]
         [Processed Buffers: Min: 0, Avg: 0.8, Max: 1, Diff: 1, Sum: 6]
      [Scan RS (ms): Min: 0.0, Avg: 0.0, Max: 0.0, Diff: 0.0, Sum: 0.0]
      [Code Root Scanning (ms): Min: 0.0, Avg: 0.0, Max: 0.0, Diff: 0.0, Sum: 0.0]
      [Object Copy (ms): Min: 0.0, Avg: 0.0, Max: 0.1, Diff: 0.1, Sum: 0.3]
      [Termination (ms): Min: 0.0, Avg: 0.1, Max: 0.2, Diff: 0.2, Sum: 1.0]
         [Termination Attempts: Min: 1, Avg: 1.6, Max: 4, Diff: 3, Sum: 13]
      [GC Worker Other (ms): Min: 0.0, Avg: 0.0, Max: 0.0, Diff: 0.0, Sum: 0.0]
      [GC Worker Total (ms): Min: 0.4, Avg: 0.4, Max: 0.4, Diff: 0.0, Sum: 3.0]
      [GC Worker End (ms): Min: 3004.4, Avg: 3004.4, Max: 3004.4, Diff: 0.0]
   [Code Root Fixup: 0.0 ms]
   [Code Root Purge: 0.0 ms]
   [Clear CT: 0.1 ms]
   [Other: 0.4 ms]
      [Choose CSet: 0.0 ms]
      [Ref Proc: 0.0 ms]
      [Ref Enq: 0.0 ms]
      [Redirty Cards: 0.1 ms]
      [Humongous Register: 0.1 ms]
      [Humongous Reclaim: 0.0 ms]
      [Free CSet: 0.0 ms]
   [Eden: 4096.0K(25600.0K)->0.0B(24576.0K) Survivors: 0.0B->1024.0K Heap: 370.3M(512.0M)->367.7M(512.0M)]
 [Times: user=0.00 sys=0.00, real=0.00 secs] 
3.005: [GC concurrent-root-region-scan-start]
3.005: [GC concurrent-root-region-scan-end, 0.0001034 secs]
3.005: [GC concurrent-mark-start]
3.006: [GC concurrent-mark-end, 0.0011874 secs]
3.006: [GC remark 3.006: [Finalize Marking, 0.0000979 secs] 3.006: [GC ref-proc, 0.0000855 secs] 3.007: [Unloading, 0.0004577 secs], 0.0017256 secs]
 [Times: user=0.00 sys=0.00, real=0.00 secs] 
3.008: [GC cleanup 377M->377M(512M), 0.0007208 secs]
 [Times: user=0.00 sys=0.00, real=0.00 secs] 
3.012: [GC pause (G1 Evacuation Pause) (young) (to-space exhausted), 0.0021173 secs]
   [Parallel Time: 1.7 ms, GC Workers: 8]
      [GC Worker Start (ms): Min: 3012.1, Avg: 3012.1, Max: 3012.1, Diff: 0.1]
      [Ext Root Scanning (ms): Min: 0.1, Avg: 0.1, Max: 0.1, Diff: 0.0, Sum: 1.0]
      [Update RS (ms): Min: 0.8, Avg: 0.8, Max: 0.8, Diff: 0.0, Sum: 6.3]
         [Processed Buffers: Min: 10, Avg: 10.6, Max: 12, Diff: 2, Sum: 85]
      [Scan RS (ms): Min: 0.0, Avg: 0.0, Max: 0.0, Diff: 0.0, Sum: 0.0]
      [Code Root Scanning (ms): Min: 0.0, Avg: 0.0, Max: 0.0, Diff: 0.0, Sum: 0.0]
      [Object Copy (ms): Min: 0.5, Avg: 0.6, Max: 0.7, Diff: 0.1, Sum: 4.9]
      [Termination (ms): Min: 0.0, Avg: 0.1, Max: 0.1, Diff: 0.1, Sum: 0.6]
         [Termination Attempts: Min: 1, Avg: 1.0, Max: 1, Diff: 0, Sum: 8]
      [GC Worker Other (ms): Min: 0.0, Avg: 0.0, Max: 0.0, Diff: 0.0, Sum: 0.1]
      [GC Worker Total (ms): Min: 1.6, Avg: 1.6, Max: 1.6, Diff: 0.1, Sum: 12.8]
      [GC Worker End (ms): Min: 3013.7, Avg: 3013.7, Max: 3013.7, Diff: 0.0]
   [Code Root Fixup: 0.0 ms]
   [Code Root Purge: 0.0 ms]
   [Clear CT: 0.1 ms]
   [Other: 0.4 ms]
      [Evacuation Failure: 0.1 ms]
      [Choose CSet: 0.0 ms]
      [Ref Proc: 0.1 ms]
      [Ref Enq: 0.0 ms]
      [Redirty Cards: 0.1 ms]
      [Humongous Register: 0.1 ms]
      [Humongous Reclaim: 0.0 ms]
      [Free CSet: 0.0 ms]
   [Eden: 24576.0K(24576.0K)->0.0B(21504.0K) Survivors: 1024.0K->4096.0K Heap: 401.6M(512.0M)->387.2M(512.0M)]
 [Times: user=0.00 sys=0.00, real=0.00 secs] 
3.015: [GC pause (G1 Humongous Allocation) (young) (initial-mark), 0.0011108 secs]
   [Parallel Time: 0.7 ms, GC Workers: 8]
      [GC Worker Start (ms): Min: 3014.7, Avg: 3014.7, Max: 3014.7, Diff: 0.0]
      [Ext Root Scanning (ms): Min: 0.1, Avg: 0.1, Max: 0.1, Diff: 0.0, Sum: 0.9]
      [Update RS (ms): Min: 0.0, Avg: 0.0, Max: 0.0, Diff: 0.0, Sum: 0.3]
         [Processed Buffers: Min: 1, Avg: 1.9, Max: 7, Diff: 6, Sum: 15]
      [Scan RS (ms): Min: 0.0, Avg: 0.0, Max: 0.0, Diff: 0.0, Sum: 0.0]
      [Code Root Scanning (ms): Min: 0.0, Avg: 0.0, Max: 0.0, Diff: 0.0, Sum: 0.0]
      [Object Copy (ms): Min: 0.5, Avg: 0.5, Max: 0.5, Diff: 0.1, Sum: 4.0]
      [Termination (ms): Min: 0.0, Avg: 0.0, Max: 0.1, Diff: 0.1, Sum: 0.3]
         [Termination Attempts: Min: 1, Avg: 1.0, Max: 1, Diff: 0, Sum: 8]
      [GC Worker Other (ms): Min: 0.0, Avg: 0.0, Max: 0.0, Diff: 0.0, Sum: 0.0]
      [GC Worker Total (ms): Min: 0.7, Avg: 0.7, Max: 0.7, Diff: 0.0, Sum: 5.5]
      [GC Worker End (ms): Min: 3015.4, Avg: 3015.4, Max: 3015.4, Diff: 0.0]
   [Code Root Fixup: 0.0 ms]
   [Code Root Purge: 0.0 ms]
   [Clear CT: 0.1 ms]
   [Other: 0.3 ms]
      [Choose CSet: 0.0 ms]
      [Ref Proc: 0.1 ms]
      [Ref Enq: 0.0 ms]
      [Redirty Cards: 0.1 ms]
      [Humongous Register: 0.1 ms]
      [Humongous Reclaim: 0.0 ms]
      [Free CSet: 0.0 ms]
   [Eden: 2048.0K(21504.0K)->0.0B(24576.0K) Survivors: 4096.0K->1024.0K Heap: 388.8M(512.0M)->387.5M(512.0M)]
 [Times: user=0.00 sys=0.00, real=0.00 secs] 
3.016: [GC concurrent-root-region-scan-start]
3.016: [GC concurrent-root-region-scan-end, 0.0000505 secs]
3.016: [GC concurrent-mark-start]
3.017: [GC concurrent-mark-end, 0.0013842 secs]
3.018: [GC remark 3.018: [Finalize Marking, 0.0000991 secs] 3.018: [GC ref-proc, 0.0000892 secs] 3.018: [Unloading, 0.0004102 secs], 0.0015934 secs]
 [Times: user=0.13 sys=0.00, real=0.00 secs] 
3.019: [GC cleanup 401M->401M(512M), 0.0004711 secs]
 [Times: user=0.00 sys=0.00, real=0.00 secs] 
3.021: [GC pause (G1 Evacuation Pause) (young) (to-space exhausted), 0.0012571 secs]
   [Parallel Time: 0.8 ms, GC Workers: 8]
      [GC Worker Start (ms): Min: 3021.1, Avg: 3021.2, Max: 3021.3, Diff: 0.2]
      [Ext Root Scanning (ms): Min: 0.0, Avg: 0.1, Max: 0.1, Diff: 0.1, Sum: 0.9]
      [Update RS (ms): Min: 0.5, Avg: 0.5, Max: 0.6, Diff: 0.1, Sum: 4.3]
         [Processed Buffers: Min: 7, Avg: 7.6, Max: 8, Diff: 1, Sum: 61]
      [Scan RS (ms): Min: 0.0, Avg: 0.0, Max: 0.0, Diff: 0.0, Sum: 0.0]
      [Code Root Scanning (ms): Min: 0.0, Avg: 0.0, Max: 0.0, Diff: 0.0, Sum: 0.0]
      [Object Copy (ms): Min: 0.0, Avg: 0.0, Max: 0.1, Diff: 0.1, Sum: 0.3]
      [Termination (ms): Min: 0.0, Avg: 0.0, Max: 0.0, Diff: 0.0, Sum: 0.1]
         [Termination Attempts: Min: 1, Avg: 1.0, Max: 1, Diff: 0, Sum: 8]
      [GC Worker Other (ms): Min: 0.0, Avg: 0.0, Max: 0.0, Diff: 0.0, Sum: 0.0]
      [GC Worker Total (ms): Min: 0.6, Avg: 0.7, Max: 0.7, Diff: 0.2, Sum: 5.6]
      [GC Worker End (ms): Min: 3021.9, Avg: 3021.9, Max: 3021.9, Diff: 0.0]
   [Code Root Fixup: 0.0 ms]
   [Code Root Purge: 0.0 ms]
   [Clear CT: 0.1 ms]
   [Other: 0.4 ms]
      [Evacuation Failure: 0.1 ms]
      [Choose CSet: 0.0 ms]
      [Ref Proc: 0.1 ms]
      [Ref Enq: 0.0 ms]
      [Redirty Cards: 0.1 ms]
      [Humongous Register: 0.1 ms]
      [Humongous Reclaim: 0.0 ms]
      [Free CSet: 0.0 ms]
   [Eden: 13312.0K(24576.0K)->0.0B(25600.0K) Survivors: 1024.0K->0.0B Heap: 407.0M(512.0M)->397.1M(512.0M)]
 [Times: user=0.00 sys=0.00, real=0.00 secs] 
3.025: [GC pause (G1 Evacuation Pause) (mixed) (to-space exhausted), 0.0009612 secs]
   [Parallel Time: 0.5 ms, GC Workers: 8]
      [GC Worker Start (ms): Min: 3025.0, Avg: 3025.0, Max: 3025.2, Diff: 0.2]
      [Ext Root Scanning (ms): Min: 0.0, Avg: 0.1, Max: 0.1, Diff: 0.1, Sum: 0.9]
      [Update RS (ms): Min: 0.1, Avg: 0.2, Max: 0.2, Diff: 0.1, Sum: 1.2]
         [Processed Buffers: Min: 1, Avg: 3.6, Max: 7, Diff: 6, Sum: 29]
      [Scan RS (ms): Min: 0.0, Avg: 0.0, Max: 0.0, Diff: 0.0, Sum: 0.1]
      [Code Root Scanning (ms): Min: 0.0, Avg: 0.0, Max: 0.0, Diff: 0.0, Sum: 0.0]
      [Object Copy (ms): Min: 0.1, Avg: 0.1, Max: 0.2, Diff: 0.0, Sum: 1.1]
      [Termination (ms): Min: 0.0, Avg: 0.0, Max: 0.0, Diff: 0.0, Sum: 0.1]
         [Termination Attempts: Min: 1, Avg: 1.0, Max: 1, Diff: 0, Sum: 8]
      [GC Worker Other (ms): Min: 0.0, Avg: 0.0, Max: 0.0, Diff: 0.0, Sum: 0.0]
      [GC Worker Total (ms): Min: 0.3, Avg: 0.4, Max: 0.5, Diff: 0.2, Sum: 3.5]
      [GC Worker End (ms): Min: 3025.4, Avg: 3025.4, Max: 3025.4, Diff: 0.0]
   [Code Root Fixup: 0.0 ms]
   [Code Root Purge: 0.0 ms]
   [Clear CT: 0.1 ms]
   [Other: 0.4 ms]
      [Evacuation Failure: 0.1 ms]
      [Choose CSet: 0.0 ms]
      [Ref Proc: 0.1 ms]
      [Ref Enq: 0.0 ms]
      [Redirty Cards: 0.1 ms]
      [Humongous Register: 0.1 ms]
      [Humongous Reclaim: 0.0 ms]
      [Free CSet: 0.0 ms]
   [Eden: 13312.0K(25600.0K)->0.0B(25600.0K) Survivors: 0.0B->0.0B Heap: 411.3M(512.0M)->407.4M(512.0M)]
 [Times: user=0.00 sys=0.00, real=0.00 secs] 
3.026: [GC pause (G1 Humongous Allocation) (young) (initial-mark), 0.0006625 secs]
   [Parallel Time: 0.3 ms, GC Workers: 8]
      [GC Worker Start (ms): Min: 3026.4, Avg: 3026.4, Max: 3026.4, Diff: 0.0]
      [Ext Root Scanning (ms): Min: 0.1, Avg: 0.1, Max: 0.1, Diff: 0.0, Sum: 0.9]
      [Update RS (ms): Min: 0.0, Avg: 0.0, Max: 0.1, Diff: 0.0, Sum: 0.4]
         [Processed Buffers: Min: 1, Avg: 2.5, Max: 5, Diff: 4, Sum: 20]
      [Scan RS (ms): Min: 0.0, Avg: 0.0, Max: 0.0, Diff: 0.0, Sum: 0.0]
      [Code Root Scanning (ms): Min: 0.0, Avg: 0.0, Max: 0.0, Diff: 0.0, Sum: 0.0]
      [Object Copy (ms): Min: 0.0, Avg: 0.1, Max: 0.1, Diff: 0.1, Sum: 0.6]
      [Termination (ms): Min: 0.0, Avg: 0.1, Max: 0.1, Diff: 0.1, Sum: 0.5]
         [Termination Attempts: Min: 1, Avg: 1.0, Max: 1, Diff: 0, Sum: 8]
      [GC Worker Other (ms): Min: 0.0, Avg: 0.0, Max: 0.0, Diff: 0.0, Sum: 0.0]
      [GC Worker Total (ms): Min: 0.3, Avg: 0.3, Max: 0.3, Diff: 0.0, Sum: 2.4]
      [GC Worker End (ms): Min: 3026.7, Avg: 3026.7, Max: 3026.7, Diff: 0.0]
   [Code Root Fixup: 0.0 ms]
   [Code Root Purge: 0.0 ms]
   [Clear CT: 0.1 ms]
   [Other: 0.3 ms]
      [Choose CSet: 0.0 ms]
      [Ref Proc: 0.1 ms]
      [Ref Enq: 0.0 ms]
      [Redirty Cards: 0.1 ms]
      [Humongous Register: 0.1 ms]
      [Humongous Reclaim: 0.0 ms]
      [Free CSet: 0.0 ms]
   [Eden: 3072.0K(25600.0K)->0.0B(23552.0K) Survivors: 0.0B->2048.0K Heap: 409.8M(512.0M)->408.2M(512.0M)]
 [Times: user=0.00 sys=0.00, real=0.00 secs] 
3.027: [GC concurrent-root-region-scan-start]
3.027: [GC concurrent-root-region-scan-end, 0.0000491 secs]
3.027: [GC concurrent-mark-start]
3.028: [GC pause (G1 Evacuation Pause) (young) (to-space exhausted), 0.0007445 secs]
   [Parallel Time: 0.4 ms, GC Workers: 8]
      [GC Worker Start (ms): Min: 3027.8, Avg: 3027.8, Max: 3027.9, Diff: 0.1]
      [Ext Root Scanning (ms): Min: 0.0, Avg: 0.1, Max: 0.1, Diff: 0.1, Sum: 0.8]
      [Update RS (ms): Min: 0.1, Avg: 0.1, Max: 0.2, Diff: 0.1, Sum: 1.2]
         [Processed Buffers: Min: 0, Avg: 2.3, Max: 3, Diff: 3, Sum: 18]
      [Scan RS (ms): Min: 0.0, Avg: 0.0, Max: 0.0, Diff: 0.0, Sum: 0.0]
      [Code Root Scanning (ms): Min: 0.0, Avg: 0.0, Max: 0.0, Diff: 0.0, Sum: 0.0]
      [Object Copy (ms): Min: 0.0, Avg: 0.0, Max: 0.0, Diff: 0.0, Sum: 0.0]
      [Termination (ms): Min: 0.0, Avg: 0.1, Max: 0.1, Diff: 0.1, Sum: 0.5]
         [Termination Attempts: Min: 1, Avg: 1.0, Max: 1, Diff: 0, Sum: 8]
      [GC Worker Other (ms): Min: 0.0, Avg: 0.0, Max: 0.0, Diff: 0.0, Sum: 0.0]
      [GC Worker Total (ms): Min: 0.2, Avg: 0.3, Max: 0.4, Diff: 0.1, Sum: 2.6]
      [GC Worker End (ms): Min: 3028.2, Avg: 3028.2, Max: 3028.2, Diff: 0.0]
   [Code Root Fixup: 0.0 ms]
   [Code Root Purge: 0.0 ms]
   [Clear CT: 0.1 ms]
   [Other: 0.3 ms]
      [Evacuation Failure: 0.1 ms]
      [Choose CSet: 0.0 ms]
      [Ref Proc: 0.1 ms]
      [Ref Enq: 0.0 ms]
      [Redirty Cards: 0.1 ms]
      [Humongous Register: 0.1 ms]
      [Humongous Reclaim: 0.0 ms]
      [Free CSet: 0.0 ms]
   [Eden: 2048.0K(23552.0K)->0.0B(25600.0K) Survivors: 2048.0K->0.0B Heap: 411.5M(512.0M)->410.7M(512.0M)]
 [Times: user=0.00 sys=0.00, real=0.00 secs] 
3.029: [GC pause (G1 Evacuation Pause) (young) (to-space exhausted), 0.0006301 secs]
   [Parallel Time: 0.3 ms, GC Workers: 8]
      [GC Worker Start (ms): Min: 3029.1, Avg: 3029.1, Max: 3029.1, Diff: 0.0]
      [Ext Root Scanning (ms): Min: 0.1, Avg: 0.1, Max: 0.1, Diff: 0.0, Sum: 0.9]
      [Update RS (ms): Min: 0.0, Avg: 0.0, Max: 0.1, Diff: 0.1, Sum: 0.3]
         [Processed Buffers: Min: 1, Avg: 1.0, Max: 1, Diff: 0, Sum: 8]
      [Scan RS (ms): Min: 0.0, Avg: 0.0, Max: 0.0, Diff: 0.0, Sum: 0.0]
      [Code Root Scanning (ms): Min: 0.0, Avg: 0.0, Max: 0.0, Diff: 0.0, Sum: 0.0]
      [Object Copy (ms): Min: 0.0, Avg: 0.0, Max: 0.0, Diff: 0.0, Sum: 0.0]
      [Termination (ms): Min: 0.0, Avg: 0.1, Max: 0.1, Diff: 0.1, Sum: 0.7]
         [Termination Attempts: Min: 1, Avg: 1.0, Max: 1, Diff: 0, Sum: 8]
      [GC Worker Other (ms): Min: 0.0, Avg: 0.0, Max: 0.0, Diff: 0.0, Sum: 0.0]
      [GC Worker Total (ms): Min: 0.2, Avg: 0.2, Max: 0.3, Diff: 0.0, Sum: 1.9]
      [GC Worker End (ms): Min: 3029.3, Avg: 3029.3, Max: 3029.3, Diff: 0.0]
   [Code Root Fixup: 0.0 ms]
   [Code Root Purge: 0.0 ms]
   [Clear CT: 0.1 ms]
   [Other: 0.3 ms]
      [Evacuation Failure: 0.1 ms]
      [Choose CSet: 0.0 ms]
      [Ref Proc: 0.1 ms]
      [Ref Enq: 0.0 ms]
      [Redirty Cards: 0.1 ms]
      [Humongous Register: 0.1 ms]
      [Humongous Reclaim: 0.0 ms]
      [Free CSet: 0.0 ms]
   [Eden: 1024.0K(25600.0K)->0.0B(25600.0K) Survivors: 0.0B->0.0B Heap: 411.7M(512.0M)->411.7M(512.0M)]
 [Times: user=0.00 sys=0.00, real=0.00 secs] 
3.030: [Full GC (Allocation Failure)  411M->364M(512M), 0.0355249 secs]
   [Eden: 0.0B(25600.0K)->0.0B(25600.0K) Survivors: 0.0B->0.0B Heap: 411.7M(512.0M)->364.4M(512.0M)], [Metaspace: 3130K->3130K(1056768K)]
 [Times: user=0.14 sys=0.00, real=0.04 secs] 
3.066: [GC concurrent-mark-abort]
3.066: [GC pause (G1 Humongous Allocation) (young) (initial-mark), 0.0008161 secs]
   [Parallel Time: 0.4 ms, GC Workers: 8]
      [GC Worker Start (ms): Min: 3066.0, Avg: 3066.0, Max: 3066.1, Diff: 0.2]
      [Ext Root Scanning (ms): Min: 0.0, Avg: 0.1, Max: 0.2, Diff: 0.2, Sum: 1.0]
      [Update RS (ms): Min: 0.0, Avg: 0.0, Max: 0.2, Diff: 0.2, Sum: 0.4]
         [Processed Buffers: Min: 0, Avg: 0.3, Max: 1, Diff: 1, Sum: 2]
      [Scan RS (ms): Min: 0.0, Avg: 0.0, Max: 0.0, Diff: 0.0, Sum: 0.0]
      [Code Root Scanning (ms): Min: 0.0, Avg: 0.0, Max: 0.0, Diff: 0.0, Sum: 0.0]
      [Object Copy (ms): Min: 0.0, Avg: 0.0, Max: 0.1, Diff: 0.1, Sum: 0.3]
      [Termination (ms): Min: 0.0, Avg: 0.1, Max: 0.2, Diff: 0.2, Sum: 0.9]
         [Termination Attempts: Min: 1, Avg: 1.8, Max: 4, Diff: 3, Sum: 14]
      [GC Worker Other (ms): Min: 0.0, Avg: 0.0, Max: 0.0, Diff: 0.0, Sum: 0.0]
      [GC Worker Total (ms): Min: 0.2, Avg: 0.3, Max: 0.4, Diff: 0.2, Sum: 2.6]
      [GC Worker End (ms): Min: 3066.3, Avg: 3066.3, Max: 3066.4, Diff: 0.0]
   [Code Root Fixup: 0.0 ms]
   [Code Root Purge: 0.0 ms]
   [Clear CT: 0.1 ms]
   [Other: 0.3 ms]
      [Choose CSet: 0.0 ms]
      [Ref Proc: 0.1 ms]
      [Ref Enq: 0.0 ms]
      [Redirty Cards: 0.1 ms]
      [Humongous Register: 0.1 ms]
      [Humongous Reclaim: 0.0 ms]
      [Free CSet: 0.0 ms]
   [Eden: 2048.0K(25600.0K)->0.0B(23552.0K) Survivors: 0.0B->2048.0K Heap: 366.0M(512.0M)->364.9M(512.0M)]
 [Times: user=0.00 sys=0.00, real=0.00 secs] 
3.067: [GC concurrent-root-region-scan-start]
3.067: [GC concurrent-root-region-scan-end, 0.0001648 secs]
3.067: [GC concurrent-mark-start]
3.069: [GC concurrent-mark-end, 0.0019595 secs]
3.069: [GC remark 3.069: [Finalize Marking, 0.0001928 secs] 3.070: [GC ref-proc, 0.0001207 secs] 3.070: [Unloading, 0.0005287 secs], 0.0019055 secs]
 [Times: user=0.00 sys=0.00, real=0.00 secs] 
3.071: [GC cleanup 375M->375M(512M), 0.0003978 secs]
 [Times: user=0.00 sys=0.00, real=0.00 secs] 
3.075: [GC pause (G1 Evacuation Pause) (young), 0.0018170 secs]
   [Parallel Time: 1.4 ms, GC Workers: 8]
      [GC Worker Start (ms): Min: 3075.0, Avg: 3075.0, Max: 3075.0, Diff: 0.1]
      [Ext Root Scanning (ms): Min: 0.1, Avg: 0.1, Max: 0.1, Diff: 0.1, Sum: 1.0]
      [Update RS (ms): Min: 0.4, Avg: 0.5, Max: 0.5, Diff: 0.0, Sum: 3.6]
         [Processed Buffers: Min: 0, Avg: 5.5, Max: 7, Diff: 7, Sum: 44]
      [Scan RS (ms): Min: 0.0, Avg: 0.0, Max: 0.0, Diff: 0.0, Sum: 0.0]
      [Code Root Scanning (ms): Min: 0.0, Avg: 0.0, Max: 0.0, Diff: 0.0, Sum: 0.0]
      [Object Copy (ms): Min: 0.6, Avg: 0.7, Max: 0.8, Diff: 0.1, Sum: 5.5]
      [Termination (ms): Min: 0.0, Avg: 0.1, Max: 0.1, Diff: 0.1, Sum: 0.5]
         [Termination Attempts: Min: 1, Avg: 1.0, Max: 1, Diff: 0, Sum: 8]
      [GC Worker Other (ms): Min: 0.0, Avg: 0.0, Max: 0.0, Diff: 0.0, Sum: 0.1]
      [GC Worker Total (ms): Min: 1.3, Avg: 1.3, Max: 1.4, Diff: 0.1, Sum: 10.6]
      [GC Worker End (ms): Min: 3076.3, Avg: 3076.3, Max: 3076.3, Diff: 0.0]
   [Code Root Fixup: 0.0 ms]
   [Code Root Purge: 0.0 ms]
   [Clear CT: 0.1 ms]
   [Other: 0.3 ms]
      [Choose CSet: 0.0 ms]
      [Ref Proc: 0.1 ms]
      [Ref Enq: 0.0 ms]
      [Redirty Cards: 0.1 ms]
      [Humongous Register: 0.1 ms]
      [Humongous Reclaim: 0.0 ms]
      [Free CSet: 0.0 ms]
   [Eden: 23552.0K(23552.0K)->0.0B(21504.0K) Survivors: 2048.0K->4096.0K Heap: 392.6M(512.0M)->369.3M(512.0M)]
 [Times: user=0.00 sys=0.00, real=0.00 secs] 
3.078: [GC pause (G1 Humongous Allocation) (young) (initial-mark), 0.0013787 secs]
   [Parallel Time: 1.0 ms, GC Workers: 8]
      [GC Worker Start (ms): Min: 3078.4, Avg: 3078.4, Max: 3078.5, Diff: 0.1]
      [Ext Root Scanning (ms): Min: 0.0, Avg: 0.1, Max: 0.2, Diff: 0.2, Sum: 1.0]
      [Update RS (ms): Min: 0.0, Avg: 0.0, Max: 0.1, Diff: 0.1, Sum: 0.4]
         [Processed Buffers: Min: 1, Avg: 1.1, Max: 2, Diff: 1, Sum: 9]
      [Scan RS (ms): Min: 0.0, Avg: 0.0, Max: 0.0, Diff: 0.0, Sum: 0.0]
      [Code Root Scanning (ms): Min: 0.0, Avg: 0.0, Max: 0.0, Diff: 0.0, Sum: 0.0]
      [Object Copy (ms): Min: 0.6, Avg: 0.7, Max: 0.7, Diff: 0.2, Sum: 5.5]
      [Termination (ms): Min: 0.0, Avg: 0.1, Max: 0.1, Diff: 0.1, Sum: 0.5]
         [Termination Attempts: Min: 1, Avg: 1.0, Max: 1, Diff: 0, Sum: 8]
      [GC Worker Other (ms): Min: 0.0, Avg: 0.0, Max: 0.0, Diff: 0.0, Sum: 0.1]
      [GC Worker Total (ms): Min: 0.8, Avg: 0.9, Max: 1.0, Diff: 0.1, Sum: 7.6]
      [GC Worker End (ms): Min: 3079.3, Avg: 3079.3, Max: 3079.3, Diff: 0.0]
   [Code Root Fixup: 0.0 ms]
   [Code Root Purge: 0.0 ms]
   [Clear CT: 0.1 ms]
   [Other: 0.3 ms]
      [Choose CSet: 0.0 ms]
      [Ref Proc: 0.1 ms]
      [Ref Enq: 0.0 ms]
      [Redirty Cards: 0.1 ms]
      [Humongous Register: 0.1 ms]
      [Humongous Reclaim: 0.0 ms]
      [Free CSet: 0.0 ms]
   [Eden: 9216.0K(21504.0K)->0.0B(22528.0K) Survivors: 4096.0K->3072.0K Heap: 378.1M(512.0M)->370.6M(512.0M)]
 [Times: user=0.00 sys=0.00, real=0.00 secs] 
3.080: [GC concurrent-root-region-scan-start]
3.080: [GC concurrent-root-region-scan-end, 0.0001055 secs]
3.080: [GC concurrent-mark-start]
3.082: [GC concurrent-mark-end, 0.0016452 secs]
3.082: [GC remark 3.082: [Finalize Marking, 0.0001314 secs] 3.082: [GC ref-proc, 0.0001122 secs] 3.082: [Unloading, 0.0004812 secs], 0.0017418 secs]
 [Times: user=0.00 sys=0.00, real=0.00 secs] 
3.084: [GC cleanup 383M->383M(512M), 0.0004467 secs]
 [Times: user=0.00 sys=0.00, real=0.00 secs] 
3.087: [GC pause (G1 Evacuation Pause) (young) (to-space exhausted), 0.0023086 secs]
   [Parallel Time: 1.9 ms, GC Workers: 8]
      [GC Worker Start (ms): Min: 3087.1, Avg: 3087.2, Max: 3087.2, Diff: 0.0]
      [Ext Root Scanning (ms): Min: 0.1, Avg: 0.1, Max: 0.1, Diff: 0.0, Sum: 0.9]
      [Update RS (ms): Min: 0.6, Avg: 0.6, Max: 0.7, Diff: 0.0, Sum: 5.2]
         [Processed Buffers: Min: 9, Avg: 9.0, Max: 9, Diff: 0, Sum: 72]
      [Scan RS (ms): Min: 0.0, Avg: 0.0, Max: 0.0, Diff: 0.0, Sum: 0.0]
      [Code Root Scanning (ms): Min: 0.0, Avg: 0.0, Max: 0.0, Diff: 0.0, Sum: 0.0]
      [Object Copy (ms): Min: 0.9, Avg: 1.0, Max: 1.0, Diff: 0.1, Sum: 7.7]
      [Termination (ms): Min: 0.0, Avg: 0.1, Max: 0.1, Diff: 0.1, Sum: 0.4]
         [Termination Attempts: Min: 1, Avg: 1.0, Max: 1, Diff: 0, Sum: 8]
      [GC Worker Other (ms): Min: 0.0, Avg: 0.0, Max: 0.0, Diff: 0.0, Sum: 0.1]
      [GC Worker Total (ms): Min: 1.8, Avg: 1.8, Max: 1.8, Diff: 0.0, Sum: 14.3]
      [GC Worker End (ms): Min: 3089.0, Avg: 3089.0, Max: 3089.0, Diff: 0.0]
   [Code Root Fixup: 0.0 ms]
   [Code Root Purge: 0.0 ms]
   [Clear CT: 0.1 ms]
   [Other: 0.4 ms]
      [Evacuation Failure: 0.1 ms]
      [Choose CSet: 0.0 ms]
      [Ref Proc: 0.1 ms]
      [Ref Enq: 0.0 ms]
      [Redirty Cards: 0.1 ms]
      [Humongous Register: 0.1 ms]
      [Humongous Reclaim: 0.0 ms]
      [Free CSet: 0.0 ms]
   [Eden: 22528.0K(22528.0K)->0.0B(21504.0K) Survivors: 3072.0K->4096.0K Heap: 400.5M(512.0M)->384.9M(512.0M)]
 [Times: user=0.00 sys=0.00, real=0.00 secs] 
3.093: [GC pause (G1 Evacuation Pause) (mixed) (to-space exhausted), 0.0016204 secs]
   [Parallel Time: 1.2 ms, GC Workers: 8]
      [GC Worker Start (ms): Min: 3093.3, Avg: 3093.3, Max: 3093.3, Diff: 0.0]
      [Ext Root Scanning (ms): Min: 0.1, Avg: 0.1, Max: 0.1, Diff: 0.0, Sum: 1.0]
      [Update RS (ms): Min: 0.3, Avg: 0.4, Max: 0.4, Diff: 0.1, Sum: 2.8]
         [Processed Buffers: Min: 4, Avg: 6.1, Max: 10, Diff: 6, Sum: 49]
      [Scan RS (ms): Min: 0.0, Avg: 0.0, Max: 0.0, Diff: 0.0, Sum: 0.1]
      [Code Root Scanning (ms): Min: 0.0, Avg: 0.0, Max: 0.0, Diff: 0.0, Sum: 0.0]
      [Object Copy (ms): Min: 0.6, Avg: 0.6, Max: 0.6, Diff: 0.0, Sum: 5.0]
      [Termination (ms): Min: 0.0, Avg: 0.0, Max: 0.0, Diff: 0.0, Sum: 0.1]
         [Termination Attempts: Min: 1, Avg: 1.1, Max: 2, Diff: 1, Sum: 9]
      [GC Worker Other (ms): Min: 0.0, Avg: 0.0, Max: 0.0, Diff: 0.0, Sum: 0.1]
      [GC Worker Total (ms): Min: 1.1, Avg: 1.1, Max: 1.1, Diff: 0.0, Sum: 8.9]
      [GC Worker End (ms): Min: 3094.4, Avg: 3094.4, Max: 3094.4, Diff: 0.0]
   [Code Root Fixup: 0.0 ms]
   [Code Root Purge: 0.0 ms]
   [Clear CT: 0.1 ms]
   [Other: 0.4 ms]
      [Evacuation Failure: 0.1 ms]
      [Choose CSet: 0.0 ms]
      [Ref Proc: 0.1 ms]
      [Ref Enq: 0.0 ms]
      [Redirty Cards: 0.1 ms]
      [Humongous Register: 0.1 ms]
      [Humongous Reclaim: 0.0 ms]
      [Free CSet: 0.0 ms]
   [Eden: 21504.0K(21504.0K)->0.0B(23552.0K) Survivors: 4096.0K->2048.0K Heap: 409.6M(512.0M)->405.8M(512.0M)]
 [Times: user=0.00 sys=0.00, real=0.00 secs] 
3.095: [GC pause (G1 Humongous Allocation) (young) (initial-mark), 0.0009524 secs]
   [Parallel Time: 0.6 ms, GC Workers: 8]
      [GC Worker Start (ms): Min: 3095.5, Avg: 3095.5, Max: 3095.6, Diff: 0.2]
      [Ext Root Scanning (ms): Min: 0.0, Avg: 0.1, Max: 0.2, Diff: 0.2, Sum: 1.0]
      [Update RS (ms): Min: 0.0, Avg: 0.0, Max: 0.1, Diff: 0.1, Sum: 0.4]
         [Processed Buffers: Min: 0, Avg: 2.5, Max: 6, Diff: 6, Sum: 20]
      [Scan RS (ms): Min: 0.0, Avg: 0.0, Max: 0.0, Diff: 0.0, Sum: 0.0]
      [Code Root Scanning (ms): Min: 0.0, Avg: 0.0, Max: 0.0, Diff: 0.0, Sum: 0.0]
      [Object Copy (ms): Min: 0.2, Avg: 0.3, Max: 0.3, Diff: 0.1, Sum: 2.3]
      [Termination (ms): Min: 0.0, Avg: 0.0, Max: 0.1, Diff: 0.1, Sum: 0.3]
         [Termination Attempts: Min: 1, Avg: 1.0, Max: 1, Diff: 0, Sum: 8]
      [GC Worker Other (ms): Min: 0.0, Avg: 0.0, Max: 0.0, Diff: 0.0, Sum: 0.0]
      [GC Worker Total (ms): Min: 0.4, Avg: 0.5, Max: 0.5, Diff: 0.2, Sum: 4.0]
      [GC Worker End (ms): Min: 3096.0, Avg: 3096.0, Max: 3096.0, Diff: 0.0]
   [Code Root Fixup: 0.0 ms]
   [Code Root Purge: 0.0 ms]
   [Clear CT: 0.1 ms]
   [Other: 0.3 ms]
      [Choose CSet: 0.0 ms]
      [Ref Proc: 0.1 ms]
      [Ref Enq: 0.0 ms]
      [Redirty Cards: 0.1 ms]
      [Humongous Register: 0.1 ms]
      [Humongous Reclaim: 0.0 ms]
      [Free CSet: 0.0 ms]
   [Eden: 2048.0K(23552.0K)->0.0B(22528.0K) Survivors: 2048.0K->3072.0K Heap: 407.1M(512.0M)->406.1M(512.0M)]
 [Times: user=0.11 sys=0.00, real=0.00 secs] 
3.097: [GC concurrent-root-region-scan-start]
3.097: [GC concurrent-root-region-scan-end, 0.0000975 secs]
3.097: [GC concurrent-mark-start]
3.098: [GC pause (G1 Evacuation Pause) (young) (to-space exhausted), 0.0007400 secs]
   [Parallel Time: 0.3 ms, GC Workers: 8]
      [GC Worker Start (ms): Min: 3098.0, Avg: 3098.0, Max: 3098.0, Diff: 0.0]
      [Ext Root Scanning (ms): Min: 0.1, Avg: 0.1, Max: 0.1, Diff: 0.0, Sum: 0.9]
      [Update RS (ms): Min: 0.1, Avg: 0.1, Max: 0.2, Diff: 0.1, Sum: 1.1]
         [Processed Buffers: Min: 2, Avg: 2.3, Max: 3, Diff: 1, Sum: 18]
      [Scan RS (ms): Min: 0.0, Avg: 0.0, Max: 0.0, Diff: 0.0, Sum: 0.0]
      [Code Root Scanning (ms): Min: 0.0, Avg: 0.0, Max: 0.0, Diff: 0.0, Sum: 0.0]
      [Object Copy (ms): Min: 0.0, Avg: 0.0, Max: 0.0, Diff: 0.0, Sum: 0.1]
      [Termination (ms): Min: 0.0, Avg: 0.0, Max: 0.0, Diff: 0.0, Sum: 0.1]
         [Termination Attempts: Min: 1, Avg: 1.0, Max: 1, Diff: 0, Sum: 8]
      [GC Worker Other (ms): Min: 0.0, Avg: 0.0, Max: 0.0, Diff: 0.0, Sum: 0.0]
      [GC Worker Total (ms): Min: 0.3, Avg: 0.3, Max: 0.3, Diff: 0.0, Sum: 2.4]
      [GC Worker End (ms): Min: 3098.3, Avg: 3098.3, Max: 3098.3, Diff: 0.0]
   [Code Root Fixup: 0.0 ms]
   [Code Root Purge: 0.0 ms]
   [Clear CT: 0.1 ms]
   [Other: 0.3 ms]
      [Evacuation Failure: 0.1 ms]
      [Choose CSet: 0.0 ms]
      [Ref Proc: 0.1 ms]
      [Ref Enq: 0.0 ms]
      [Redirty Cards: 0.1 ms]
      [Humongous Register: 0.1 ms]
      [Humongous Reclaim: 0.0 ms]
      [Free CSet: 0.0 ms]
   [Eden: 7168.0K(22528.0K)->0.0B(25600.0K) Survivors: 3072.0K->0.0B Heap: 414.4M(512.0M)->412.0M(512.0M)]
 [Times: user=0.00 sys=0.00, real=0.00 secs] 
3.099: [GC concurrent-mark-end, 0.0023677 secs]
3.099: [GC remark 3.099: [Finalize Marking, 0.0000822 secs] 3.099: [GC ref-proc, 0.0000911 secs] 3.099: [Unloading, 0.0003863 secs], 0.0014610 secs]
 [Times: user=0.00 sys=0.00, real=0.00 secs] 
3.101: [GC cleanup 413M->413M(512M), 0.0004120 secs]
 [Times: user=0.00 sys=0.00, real=0.00 secs] 
3.101: [GC concurrent-cleanup-start]
3.101: [GC concurrent-cleanup-end, 0.0000310 secs]
3.101: [GC pause (G1 Evacuation Pause) (young) (to-space exhausted), 0.0006939 secs]
   [Parallel Time: 0.3 ms, GC Workers: 8]
      [GC Worker Start (ms): Min: 3101.6, Avg: 3101.6, Max: 3101.6, Diff: 0.0]
      [Ext Root Scanning (ms): Min: 0.1, Avg: 0.1, Max: 0.1, Diff: 0.0, Sum: 0.9]
      [Update RS (ms): Min: 0.1, Avg: 0.1, Max: 0.1, Diff: 0.1, Sum: 0.7]
         [Processed Buffers: Min: 1, Avg: 2.6, Max: 4, Diff: 3, Sum: 21]
      [Scan RS (ms): Min: 0.0, Avg: 0.0, Max: 0.0, Diff: 0.0, Sum: 0.0]
      [Code Root Scanning (ms): Min: 0.0, Avg: 0.0, Max: 0.0, Diff: 0.0, Sum: 0.0]
      [Object Copy (ms): Min: 0.0, Avg: 0.0, Max: 0.0, Diff: 0.0, Sum: 0.0]
      [Termination (ms): Min: 0.0, Avg: 0.0, Max: 0.0, Diff: 0.0, Sum: 0.2]
         [Termination Attempts: Min: 1, Avg: 1.3, Max: 2, Diff: 1, Sum: 10]
      [GC Worker Other (ms): Min: 0.0, Avg: 0.0, Max: 0.0, Diff: 0.0, Sum: 0.0]
      [GC Worker Total (ms): Min: 0.2, Avg: 0.2, Max: 0.2, Diff: 0.0, Sum: 1.9]
      [GC Worker End (ms): Min: 3101.8, Avg: 3101.8, Max: 3101.8, Diff: 0.0]
   [Code Root Fixup: 0.0 ms]
   [Code Root Purge: 0.0 ms]
   [Clear CT: 0.1 ms]
   [Other: 0.3 ms]
      [Evacuation Failure: 0.1 ms]
      [Choose CSet: 0.0 ms]
      [Ref Proc: 0.1 ms]
      [Ref Enq: 0.0 ms]
      [Redirty Cards: 0.1 ms]
      [Humongous Register: 0.1 ms]
      [Humongous Reclaim: 0.0 ms]
      [Free CSet: 0.0 ms]
   [Eden: 3072.0K(25600.0K)->0.0B(25600.0K) Survivors: 0.0B->0.0B Heap: 414.7M(512.0M)->414.1M(512.0M)]
 [Times: user=0.00 sys=0.00, real=0.00 secs] 
3.103: [GC pause (G1 Evacuation Pause) (mixed) (to-space exhausted), 0.0007899 secs]
   [Parallel Time: 0.4 ms, GC Workers: 8]
      [GC Worker Start (ms): Min: 3102.8, Avg: 3102.8, Max: 3102.9, Diff: 0.1]
      [Ext Root Scanning (ms): Min: 0.1, Avg: 0.1, Max: 0.1, Diff: 0.1, Sum: 0.9]
      [Update RS (ms): Min: 0.0, Avg: 0.0, Max: 0.1, Diff: 0.0, Sum: 0.3]
         [Processed Buffers: Min: 1, Avg: 1.5, Max: 3, Diff: 2, Sum: 12]
      [Scan RS (ms): Min: 0.0, Avg: 0.0, Max: 0.0, Diff: 0.0, Sum: 0.2]
      [Code Root Scanning (ms): Min: 0.0, Avg: 0.0, Max: 0.0, Diff: 0.0, Sum: 0.0]
      [Object Copy (ms): Min: 0.1, Avg: 0.1, Max: 0.2, Diff: 0.0, Sum: 1.1]
      [Termination (ms): Min: 0.0, Avg: 0.0, Max: 0.0, Diff: 0.0, Sum: 0.1]
         [Termination Attempts: Min: 1, Avg: 1.0, Max: 1, Diff: 0, Sum: 8]
      [GC Worker Other (ms): Min: 0.0, Avg: 0.0, Max: 0.0, Diff: 0.0, Sum: 0.0]
      [GC Worker Total (ms): Min: 0.3, Avg: 0.3, Max: 0.4, Diff: 0.1, Sum: 2.7]
      [GC Worker End (ms): Min: 3103.1, Avg: 3103.1, Max: 3103.2, Diff: 0.0]
   [Code Root Fixup: 0.0 ms]
   [Code Root Purge: 0.0 ms]
   [Clear CT: 0.1 ms]
   [Other: 0.3 ms]
      [Evacuation Failure: 0.1 ms]
      [Choose CSet: 0.0 ms]
      [Ref Proc: 0.1 ms]
      [Ref Enq: 0.0 ms]
      [Redirty Cards: 0.1 ms]
      [Humongous Register: 0.1 ms]
      [Humongous Reclaim: 0.0 ms]
      [Free CSet: 0.0 ms]
   [Eden: 1024.0K(25600.0K)->0.0B(25600.0K) Survivors: 0.0B->0.0B Heap: 415.1M(512.0M)->415.1M(512.0M)]
 [Times: user=0.00 sys=0.00, real=0.00 secs] 
3.104: [Full GC (Allocation Failure)  415M->357M(512M), 0.0350901 secs]
   [Eden: 0.0B(25600.0K)->0.0B(25600.0K) Survivors: 0.0B->0.0B Heap: 415.1M(512.0M)->357.6M(512.0M)], [Metaspace: 3130K->3130K(1056768K)]
 [Times: user=0.03 sys=0.00, real=0.04 secs] 
执行结束!共生成对象次数:22292
Heap
 garbage-first heap   total 524288K, used 366168K [0x00000000e0000000, 0x00000000e0101000, 0x0000000100000000)
  region size 1024K, 1 young (1024K), 0 survivors (0K)
 Metaspace       used 3137K, capacity 4486K, committed 4864K, reserved 1056768K
  class space    used 298K, capacity 386K, committed 512K, reserved 1048576K

java -Xmx1g -Xms1g -XX:+UseG1GC  -XX:+PrintGCDetails -XX:+PrintGCTimeStamps GCLogAnalysis
正在执行...
0.136: [GC pause (G1 Evacuation Pause) (young), 0.0048166 secs]
   [Parallel Time: 3.3 ms, GC Workers: 8]
      [GC Worker Start (ms): Min: 136.6, Avg: 136.7, Max: 136.8, Diff: 0.2]
      [Ext Root Scanning (ms): Min: 0.1, Avg: 0.1, Max: 0.2, Diff: 0.2, Sum: 1.2]
      [Update RS (ms): Min: 0.0, Avg: 0.0, Max: 0.0, Diff: 0.0, Sum: 0.0]
         [Processed Buffers: Min: 0, Avg: 0.0, Max: 0, Diff: 0, Sum: 0]
      [Scan RS (ms): Min: 0.0, Avg: 0.0, Max: 0.0, Diff: 0.0, Sum: 0.0]
      [Code Root Scanning (ms): Min: 0.0, Avg: 0.0, Max: 0.0, Diff: 0.0, Sum: 0.0]
      [Object Copy (ms): Min: 2.5, Avg: 2.5, Max: 2.7, Diff: 0.2, Sum: 20.3]
      [Termination (ms): Min: 0.0, Avg: 0.1, Max: 0.2, Diff: 0.2, Sum: 1.2]
         [Termination Attempts: Min: 1, Avg: 2.3, Max: 4, Diff: 3, Sum: 18]
      [GC Worker Other (ms): Min: 0.0, Avg: 0.0, Max: 0.0, Diff: 0.0, Sum: 0.2]
      [GC Worker Total (ms): Min: 2.8, Avg: 2.9, Max: 3.0, Diff: 0.2, Sum: 22.8]
      [GC Worker End (ms): Min: 139.5, Avg: 139.5, Max: 139.5, Diff: 0.0]
   [Code Root Fixup: 0.0 ms]
   [Code Root Purge: 0.0 ms]
   [Clear CT: 0.5 ms]
   [Other: 1.0 ms]
      [Choose CSet: 0.0 ms]
      [Ref Proc: 0.4 ms]
      [Ref Enq: 0.0 ms]
      [Redirty Cards: 0.3 ms]
      [Humongous Register: 0.0 ms]
      [Humongous Reclaim: 0.0 ms]
      [Free CSet: 0.0 ms]
   [Eden: 52224.0K(52224.0K)->0.0B(45056.0K) Survivors: 0.0B->7168.0K Heap: 68120.9K(1024.0M)->24702.0K(1024.0M)]
 [Times: user=0.00 sys=0.00, real=0.00 secs] 
0.153: [GC pause (G1 Evacuation Pause) (young), 0.0047135 secs]
   [Parallel Time: 3.3 ms, GC Workers: 8]
      [GC Worker Start (ms): Min: 153.2, Avg: 153.3, Max: 153.4, Diff: 0.1]
      [Ext Root Scanning (ms): Min: 0.1, Avg: 0.1, Max: 0.2, Diff: 0.1, Sum: 0.8]
      [Update RS (ms): Min: 0.1, Avg: 0.2, Max: 0.2, Diff: 0.1, Sum: 1.3]
         [Processed Buffers: Min: 2, Avg: 2.8, Max: 6, Diff: 4, Sum: 22]
      [Scan RS (ms): Min: 0.0, Avg: 0.0, Max: 0.0, Diff: 0.0, Sum: 0.0]
      [Code Root Scanning (ms): Min: 0.0, Avg: 0.0, Max: 0.0, Diff: 0.0, Sum: 0.0]
      [Object Copy (ms): Min: 2.5, Avg: 2.6, Max: 2.7, Diff: 0.2, Sum: 20.5]
      [Termination (ms): Min: 0.0, Avg: 0.1, Max: 0.2, Diff: 0.2, Sum: 0.8]
         [Termination Attempts: Min: 1, Avg: 1.0, Max: 1, Diff: 0, Sum: 8]
      [GC Worker Other (ms): Min: 0.0, Avg: 0.0, Max: 0.0, Diff: 0.0, Sum: 0.1]
      [GC Worker Total (ms): Min: 2.9, Avg: 3.0, Max: 3.0, Diff: 0.1, Sum: 23.7]
      [GC Worker End (ms): Min: 156.3, Avg: 156.3, Max: 156.3, Diff: 0.0]
   [Code Root Fixup: 0.0 ms]
   [Code Root Purge: 0.0 ms]
   [Clear CT: 0.5 ms]
   [Other: 0.9 ms]
      [Choose CSet: 0.0 ms]
      [Ref Proc: 0.3 ms]
      [Ref Enq: 0.0 ms]
      [Redirty Cards: 0.4 ms]
      [Humongous Register: 0.0 ms]
      [Humongous Reclaim: 0.0 ms]
      [Free CSet: 0.0 ms]
   [Eden: 45056.0K(45056.0K)->0.0B(45056.0K) Survivors: 7168.0K->7168.0K Heap: 82852.8K(1024.0M)->44305.5K(1024.0M)]
 [Times: user=0.00 sys=0.00, real=0.01 secs] 
0.175: [GC pause (G1 Evacuation Pause) (young), 0.0049826 secs]
   [Parallel Time: 3.6 ms, GC Workers: 8]
      [GC Worker Start (ms): Min: 175.1, Avg: 175.2, Max: 175.2, Diff: 0.1]
      [Ext Root Scanning (ms): Min: 0.1, Avg: 0.1, Max: 0.2, Diff: 0.1, Sum: 0.9]
      [Update RS (ms): Min: 0.5, Avg: 0.5, Max: 0.6, Diff: 0.1, Sum: 4.3]
         [Processed Buffers: Min: 2, Avg: 7.0, Max: 8, Diff: 6, Sum: 56]
      [Scan RS (ms): Min: 0.0, Avg: 0.0, Max: 0.0, Diff: 0.0, Sum: 0.0]
      [Code Root Scanning (ms): Min: 0.0, Avg: 0.0, Max: 0.0, Diff: 0.0, Sum: 0.0]
      [Object Copy (ms): Min: 2.5, Avg: 2.5, Max: 2.6, Diff: 0.1, Sum: 20.3]
      [Termination (ms): Min: 0.0, Avg: 0.0, Max: 0.1, Diff: 0.1, Sum: 0.3]
         [Termination Attempts: Min: 1, Avg: 1.0, Max: 1, Diff: 0, Sum: 8]
      [GC Worker Other (ms): Min: 0.0, Avg: 0.0, Max: 0.0, Diff: 0.0, Sum: 0.1]
      [GC Worker Total (ms): Min: 3.2, Avg: 3.2, Max: 3.3, Diff: 0.1, Sum: 26.0]
      [GC Worker End (ms): Min: 178.4, Avg: 178.4, Max: 178.4, Diff: 0.0]
   [Code Root Fixup: 0.0 ms]
   [Code Root Purge: 0.0 ms]
   [Clear CT: 0.4 ms]
   [Other: 1.0 ms]
      [Choose CSet: 0.0 ms]
      [Ref Proc: 0.4 ms]
      [Ref Enq: 0.0 ms]
      [Redirty Cards: 0.3 ms]
      [Humongous Register: 0.0 ms]
      [Humongous Reclaim: 0.0 ms]
      [Free CSet: 0.0 ms]
   [Eden: 45056.0K(45056.0K)->0.0B(65536.0K) Survivors: 7168.0K->7168.0K Heap: 106.7M(1024.0M)->68068.8K(1024.0M)]
 [Times: user=0.13 sys=0.00, real=0.00 secs] 
0.199: [GC pause (G1 Evacuation Pause) (young), 0.0054235 secs]
   [Parallel Time: 4.1 ms, GC Workers: 8]
      [GC Worker Start (ms): Min: 199.3, Avg: 199.4, Max: 199.4, Diff: 0.0]
      [Ext Root Scanning (ms): Min: 0.1, Avg: 0.1, Max: 0.1, Diff: 0.1, Sum: 1.0]
      [Update RS (ms): Min: 0.5, Avg: 0.6, Max: 0.6, Diff: 0.1, Sum: 4.4]
         [Processed Buffers: Min: 7, Avg: 8.4, Max: 9, Diff: 2, Sum: 67]
      [Scan RS (ms): Min: 0.0, Avg: 0.0, Max: 0.0, Diff: 0.0, Sum: 0.0]
      [Code Root Scanning (ms): Min: 0.0, Avg: 0.0, Max: 0.0, Diff: 0.0, Sum: 0.0]
      [Object Copy (ms): Min: 3.1, Avg: 3.2, Max: 3.3, Diff: 0.2, Sum: 25.6]
      [Termination (ms): Min: 0.0, Avg: 0.1, Max: 0.2, Diff: 0.2, Sum: 0.6]
         [Termination Attempts: Min: 1, Avg: 1.0, Max: 1, Diff: 0, Sum: 8]
      [GC Worker Other (ms): Min: 0.0, Avg: 0.0, Max: 0.0, Diff: 0.0, Sum: 0.1]
      [GC Worker Total (ms): Min: 3.9, Avg: 4.0, Max: 4.0, Diff: 0.0, Sum: 31.7]
      [GC Worker End (ms): Min: 203.3, Avg: 203.3, Max: 203.3, Diff: 0.0]
   [Code Root Fixup: 0.0 ms]
   [Code Root Purge: 0.0 ms]
   [Clear CT: 0.6 ms]
   [Other: 0.7 ms]
      [Choose CSet: 0.0 ms]
      [Ref Proc: 0.1 ms]
      [Ref Enq: 0.0 ms]
      [Redirty Cards: 0.3 ms]
      [Humongous Register: 0.0 ms]
      [Humongous Reclaim: 0.0 ms]
      [Free CSet: 0.0 ms]
   [Eden: 65536.0K(65536.0K)->0.0B(226.0M) Survivors: 7168.0K->9216.0K Heap: 147.7M(1024.0M)->92667.7K(1024.0M)]
 [Times: user=0.00 sys=0.00, real=0.01 secs] 
0.292: [GC pause (G1 Evacuation Pause) (young), 0.0117537 secs]
   [Parallel Time: 11.1 ms, GC Workers: 8]
      [GC Worker Start (ms): Min: 292.4, Avg: 292.5, Max: 292.5, Diff: 0.1]
      [Ext Root Scanning (ms): Min: 0.1, Avg: 0.1, Max: 0.2, Diff: 0.1, Sum: 0.9]
      [Update RS (ms): Min: 0.1, Avg: 0.1, Max: 0.2, Diff: 0.1, Sum: 1.0]
         [Processed Buffers: Min: 0, Avg: 1.6, Max: 2, Diff: 2, Sum: 13]
      [Scan RS (ms): Min: 0.0, Avg: 0.0, Max: 0.1, Diff: 0.1, Sum: 0.2]
      [Code Root Scanning (ms): Min: 0.0, Avg: 0.0, Max: 0.0, Diff: 0.0, Sum: 0.0]
      [Object Copy (ms): Min: 9.7, Avg: 10.5, Max: 10.7, Diff: 1.0, Sum: 83.8]
      [Termination (ms): Min: 0.0, Avg: 0.2, Max: 1.0, Diff: 1.0, Sum: 1.7]
         [Termination Attempts: Min: 1, Avg: 1.0, Max: 1, Diff: 0, Sum: 8]
      [GC Worker Other (ms): Min: 0.0, Avg: 0.0, Max: 0.0, Diff: 0.0, Sum: 0.1]
      [GC Worker Total (ms): Min: 10.9, Avg: 11.0, Max: 11.0, Diff: 0.1, Sum: 87.6]
      [GC Worker End (ms): Min: 303.4, Avg: 303.4, Max: 303.4, Diff: 0.0]
   [Code Root Fixup: 0.0 ms]
   [Code Root Purge: 0.0 ms]
   [Clear CT: 0.1 ms]
   [Other: 0.6 ms]
      [Choose CSet: 0.0 ms]
      [Ref Proc: 0.1 ms]
      [Ref Enq: 0.0 ms]
      [Redirty Cards: 0.1 ms]
      [Humongous Register: 0.1 ms]
      [Humongous Reclaim: 0.1 ms]
      [Free CSet: 0.1 ms]
   [Eden: 226.0M(226.0M)->0.0B(75776.0K) Survivors: 9216.0K->30720.0K Heap: 372.0M(1024.0M)->170.3M(1024.0M)]
 [Times: user=0.06 sys=0.05, real=0.01 secs] 
0.322: [GC pause (G1 Evacuation Pause) (young), 0.0077392 secs]
   [Parallel Time: 7.1 ms, GC Workers: 8]
      [GC Worker Start (ms): Min: 321.8, Avg: 321.8, Max: 322.2, Diff: 0.4]
      [Ext Root Scanning (ms): Min: 0.0, Avg: 0.1, Max: 0.1, Diff: 0.1, Sum: 0.9]
      [Update RS (ms): Min: 0.0, Avg: 0.2, Max: 0.2, Diff: 0.2, Sum: 1.4]
         [Processed Buffers: Min: 0, Avg: 2.6, Max: 5, Diff: 5, Sum: 21]
      [Scan RS (ms): Min: 0.0, Avg: 0.0, Max: 0.0, Diff: 0.0, Sum: 0.1]
      [Code Root Scanning (ms): Min: 0.0, Avg: 0.0, Max: 0.0, Diff: 0.0, Sum: 0.0]
      [Object Copy (ms): Min: 6.3, Avg: 6.3, Max: 6.5, Diff: 0.3, Sum: 50.6]
      [Termination (ms): Min: 0.0, Avg: 0.2, Max: 0.3, Diff: 0.3, Sum: 1.6]
         [Termination Attempts: Min: 1, Avg: 1.3, Max: 3, Diff: 2, Sum: 10]
      [GC Worker Other (ms): Min: 0.0, Avg: 0.0, Max: 0.1, Diff: 0.1, Sum: 0.2]
      [GC Worker Total (ms): Min: 6.5, Avg: 6.9, Max: 7.0, Diff: 0.5, Sum: 54.8]
      [GC Worker End (ms): Min: 328.7, Avg: 328.7, Max: 328.8, Diff: 0.1]
   [Code Root Fixup: 0.0 ms]
   [Code Root Purge: 0.0 ms]
   [Clear CT: 0.1 ms]
   [Other: 0.6 ms]
      [Choose CSet: 0.0 ms]
      [Ref Proc: 0.1 ms]
      [Ref Enq: 0.0 ms]
      [Redirty Cards: 0.1 ms]
      [Humongous Register: 0.1 ms]
      [Humongous Reclaim: 0.0 ms]
      [Free CSet: 0.0 ms]
   [Eden: 75776.0K(75776.0K)->0.0B(144.0M) Survivors: 30720.0K->13312.0K Heap: 266.5M(1024.0M)->199.6M(1024.0M)]
 [Times: user=0.00 sys=0.00, real=0.01 secs] 
0.371: [GC pause (G1 Evacuation Pause) (young), 0.0078840 secs]
   [Parallel Time: 7.1 ms, GC Workers: 8]
      [GC Worker Start (ms): Min: 371.5, Avg: 371.5, Max: 371.5, Diff: 0.0]
      [Ext Root Scanning (ms): Min: 0.1, Avg: 0.1, Max: 0.1, Diff: 0.0, Sum: 0.9]
      [Update RS (ms): Min: 0.1, Avg: 0.2, Max: 0.2, Diff: 0.1, Sum: 1.5]
         [Processed Buffers: Min: 0, Avg: 2.4, Max: 3, Diff: 3, Sum: 19]
      [Scan RS (ms): Min: 0.0, Avg: 0.0, Max: 0.0, Diff: 0.0, Sum: 0.1]
      [Code Root Scanning (ms): Min: 0.0, Avg: 0.0, Max: 0.0, Diff: 0.0, Sum: 0.0]
      [Object Copy (ms): Min: 6.6, Avg: 6.7, Max: 6.8, Diff: 0.2, Sum: 53.5]
      [Termination (ms): Min: 0.0, Avg: 0.1, Max: 0.2, Diff: 0.2, Sum: 0.5]
         [Termination Attempts: Min: 1, Avg: 1.3, Max: 3, Diff: 2, Sum: 10]
      [GC Worker Other (ms): Min: 0.0, Avg: 0.0, Max: 0.0, Diff: 0.0, Sum: 0.1]
      [GC Worker Total (ms): Min: 7.1, Avg: 7.1, Max: 7.1, Diff: 0.0, Sum: 56.6]
      [GC Worker End (ms): Min: 378.6, Avg: 378.6, Max: 378.6, Diff: 0.0]
   [Code Root Fixup: 0.0 ms]
   [Code Root Purge: 0.0 ms]
   [Clear CT: 0.1 ms]
   [Other: 0.6 ms]
      [Choose CSet: 0.0 ms]
      [Ref Proc: 0.1 ms]
      [Ref Enq: 0.0 ms]
      [Redirty Cards: 0.1 ms]
      [Humongous Register: 0.1 ms]
      [Humongous Reclaim: 0.1 ms]
      [Free CSet: 0.1 ms]
   [Eden: 144.0M(144.0M)->0.0B(207.0M) Survivors: 13312.0K->20480.0K Heap: 383.0M(1024.0M)->256.6M(1024.0M)]
 [Times: user=0.05 sys=0.08, real=0.01 secs] 
0.433: [GC pause (G1 Evacuation Pause) (young), 0.0111448 secs]
   [Parallel Time: 10.3 ms, GC Workers: 8]
      [GC Worker Start (ms): Min: 433.1, Avg: 433.4, Max: 435.5, Diff: 2.4]
      [Ext Root Scanning (ms): Min: 0.0, Avg: 0.1, Max: 0.2, Diff: 0.1, Sum: 1.0]
      [Update RS (ms): Min: 0.0, Avg: 0.4, Max: 1.5, Diff: 1.5, Sum: 3.1]
         [Processed Buffers: Min: 0, Avg: 2.8, Max: 5, Diff: 5, Sum: 22]
      [Scan RS (ms): Min: 0.0, Avg: 0.0, Max: 0.0, Diff: 0.0, Sum: 0.2]
      [Code Root Scanning (ms): Min: 0.0, Avg: 0.0, Max: 0.0, Diff: 0.0, Sum: 0.0]
      [Object Copy (ms): Min: 7.7, Avg: 9.3, Max: 9.8, Diff: 2.1, Sum: 74.7]
      [Termination (ms): Min: 0.0, Avg: 0.0, Max: 0.1, Diff: 0.1, Sum: 0.3]
         [Termination Attempts: Min: 1, Avg: 1.0, Max: 1, Diff: 0, Sum: 8]
      [GC Worker Other (ms): Min: 0.0, Avg: 0.0, Max: 0.0, Diff: 0.0, Sum: 0.1]
      [GC Worker Total (ms): Min: 7.8, Avg: 9.9, Max: 10.3, Diff: 2.5, Sum: 79.3]
      [GC Worker End (ms): Min: 443.3, Avg: 443.3, Max: 443.3, Diff: 0.0]
   [Code Root Fixup: 0.0 ms]
   [Code Root Purge: 0.0 ms]
   [Clear CT: 0.1 ms]
   [Other: 0.7 ms]
      [Choose CSet: 0.0 ms]
      [Ref Proc: 0.1 ms]
      [Ref Enq: 0.0 ms]
      [Redirty Cards: 0.1 ms]
      [Humongous Register: 0.1 ms]
      [Humongous Reclaim: 0.2 ms]
      [Free CSet: 0.2 ms]
   [Eden: 207.0M(207.0M)->0.0B(285.0M) Survivors: 20480.0K->29696.0K Heap: 526.3M(1024.0M)->327.2M(1024.0M)]
 [Times: user=0.01 sys=0.09, real=0.01 secs] 
0.501: [GC pause (G1 Humongous Allocation) (young) (initial-mark), 0.0126823 secs]
   [Parallel Time: 11.7 ms, GC Workers: 8]
      [GC Worker Start (ms): Min: 501.1, Avg: 501.1, Max: 501.1, Diff: 0.1]
      [Ext Root Scanning (ms): Min: 0.1, Avg: 0.1, Max: 0.2, Diff: 0.1, Sum: 1.0]
      [Update RS (ms): Min: 0.2, Avg: 0.2, Max: 0.3, Diff: 0.1, Sum: 1.8]
         [Processed Buffers: Min: 0, Avg: 2.8, Max: 4, Diff: 4, Sum: 22]
      [Scan RS (ms): Min: 0.0, Avg: 0.0, Max: 0.1, Diff: 0.1, Sum: 0.2]
      [Code Root Scanning (ms): Min: 0.0, Avg: 0.0, Max: 0.0, Diff: 0.0, Sum: 0.0]
      [Object Copy (ms): Min: 11.0, Avg: 11.1, Max: 11.3, Diff: 0.2, Sum: 88.9]
      [Termination (ms): Min: 0.0, Avg: 0.2, Max: 0.2, Diff: 0.2, Sum: 1.3]
         [Termination Attempts: Min: 1, Avg: 1.3, Max: 3, Diff: 2, Sum: 10]
      [GC Worker Other (ms): Min: 0.0, Avg: 0.0, Max: 0.0, Diff: 0.0, Sum: 0.1]
      [GC Worker Total (ms): Min: 11.6, Avg: 11.7, Max: 11.7, Diff: 0.1, Sum: 93.3]
      [GC Worker End (ms): Min: 512.7, Avg: 512.7, Max: 512.8, Diff: 0.0]
   [Code Root Fixup: 0.0 ms]
   [Code Root Purge: 0.0 ms]
   [Clear CT: 0.1 ms]
   [Other: 0.8 ms]
      [Choose CSet: 0.0 ms]
      [Ref Proc: 0.1 ms]
      [Ref Enq: 0.0 ms]
      [Redirty Cards: 0.1 ms]
      [Humongous Register: 0.1 ms]
      [Humongous Reclaim: 0.2 ms]
      [Free CSet: 0.2 ms]
   [Eden: 244.0M(285.0M)->0.0B(283.0M) Survivors: 29696.0K->40960.0K Heap: 642.0M(1024.0M)->395.1M(1024.0M)]
 [Times: user=0.02 sys=0.11, real=0.01 secs] 
0.514: [GC concurrent-root-region-scan-start]
0.514: [GC concurrent-root-region-scan-end, 0.0001777 secs]
0.514: [GC concurrent-mark-start]
0.516: [GC concurrent-mark-end, 0.0015490 secs]
0.516: [GC remark 0.516: [Finalize Marking, 0.0001395 secs] 0.516: [GC ref-proc, 0.0001028 secs] 0.516: [Unloading, 0.0004353 secs], 0.0013817 secs]
 [Times: user=0.00 sys=0.00, real=0.00 secs] 
0.517: [GC cleanup 406M->403M(1024M), 0.0005252 secs]
 [Times: user=0.00 sys=0.00, real=0.00 secs] 
0.518: [GC concurrent-cleanup-start]
0.518: [GC concurrent-cleanup-end, 0.0000303 secs]
0.574: [GC pause (G1 Evacuation Pause) (young), 0.0160292 secs]
   [Parallel Time: 15.1 ms, GC Workers: 8]
      [GC Worker Start (ms): Min: 574.3, Avg: 574.3, Max: 574.3, Diff: 0.0]
      [Ext Root Scanning (ms): Min: 0.1, Avg: 0.1, Max: 0.1, Diff: 0.0, Sum: 1.0]
      [Update RS (ms): Min: 0.2, Avg: 0.3, Max: 0.4, Diff: 0.2, Sum: 2.0]
         [Processed Buffers: Min: 0, Avg: 2.9, Max: 5, Diff: 5, Sum: 23]
      [Scan RS (ms): Min: 0.0, Avg: 0.0, Max: 0.0, Diff: 0.0, Sum: 0.3]
      [Code Root Scanning (ms): Min: 0.0, Avg: 0.0, Max: 0.0, Diff: 0.0, Sum: 0.0]
      [Object Copy (ms): Min: 14.2, Avg: 14.4, Max: 14.6, Diff: 0.4, Sum: 115.4]
      [Termination (ms): Min: 0.0, Avg: 0.2, Max: 0.3, Diff: 0.3, Sum: 1.3]
         [Termination Attempts: Min: 1, Avg: 1.3, Max: 3, Diff: 2, Sum: 10]
      [GC Worker Other (ms): Min: 0.0, Avg: 0.0, Max: 0.0, Diff: 0.0, Sum: 0.1]
      [GC Worker Total (ms): Min: 15.0, Avg: 15.0, Max: 15.0, Diff: 0.0, Sum: 120.2]
      [GC Worker End (ms): Min: 589.3, Avg: 589.4, Max: 589.4, Diff: 0.0]
   [Code Root Fixup: 0.0 ms]
   [Code Root Purge: 0.0 ms]
   [Clear CT: 0.1 ms]
   [Other: 0.8 ms]
      [Choose CSet: 0.0 ms]
      [Ref Proc: 0.1 ms]
      [Ref Enq: 0.0 ms]
      [Redirty Cards: 0.1 ms]
      [Humongous Register: 0.1 ms]
      [Humongous Reclaim: 0.2 ms]
      [Free CSet: 0.2 ms]
   [Eden: 283.0M(283.0M)->0.0B(10240.0K) Survivors: 40960.0K->41984.0K Heap: 742.2M(1024.0M)->468.9M(1024.0M)]
 [Times: user=0.05 sys=0.08, real=0.02 secs] 
0.592: [GC pause (G1 Evacuation Pause) (mixed), 0.0075535 secs]
   [Parallel Time: 7.0 ms, GC Workers: 8]
      [GC Worker Start (ms): Min: 592.3, Avg: 592.4, Max: 592.4, Diff: 0.0]
      [Ext Root Scanning (ms): Min: 0.1, Avg: 0.1, Max: 0.1, Diff: 0.0, Sum: 1.0]
      [Update RS (ms): Min: 0.1, Avg: 0.2, Max: 0.2, Diff: 0.1, Sum: 1.4]
         [Processed Buffers: Min: 2, Avg: 2.6, Max: 3, Diff: 1, Sum: 21]
      [Scan RS (ms): Min: 0.0, Avg: 0.0, Max: 0.1, Diff: 0.1, Sum: 0.2]
      [Code Root Scanning (ms): Min: 0.0, Avg: 0.0, Max: 0.0, Diff: 0.0, Sum: 0.0]
      [Object Copy (ms): Min: 6.5, Avg: 6.5, Max: 6.6, Diff: 0.1, Sum: 52.2]
      [Termination (ms): Min: 0.0, Avg: 0.1, Max: 0.1, Diff: 0.1, Sum: 0.5]
         [Termination Attempts: Min: 1, Avg: 1.0, Max: 1, Diff: 0, Sum: 8]
      [GC Worker Other (ms): Min: 0.0, Avg: 0.0, Max: 0.0, Diff: 0.0, Sum: 0.1]
      [GC Worker Total (ms): Min: 6.9, Avg: 6.9, Max: 7.0, Diff: 0.0, Sum: 55.5]
      [GC Worker End (ms): Min: 599.3, Avg: 599.3, Max: 599.3, Diff: 0.0]
   [Code Root Fixup: 0.0 ms]
   [Code Root Purge: 0.0 ms]
   [Clear CT: 0.1 ms]
   [Other: 0.5 ms]
      [Choose CSet: 0.0 ms]
      [Ref Proc: 0.1 ms]
      [Ref Enq: 0.0 ms]
      [Redirty Cards: 0.1 ms]
      [Humongous Register: 0.1 ms]
      [Humongous Reclaim: 0.0 ms]
      [Free CSet: 0.1 ms]
   [Eden: 10240.0K(10240.0K)->0.0B(323.0M) Survivors: 41984.0K->4096.0K Heap: 480.4M(1024.0M)->411.9M(1024.0M)]
 [Times: user=0.06 sys=0.05, real=0.01 secs] 
0.600: [GC pause (G1 Humongous Allocation) (young) (initial-mark), 0.0010988 secs]
   [Parallel Time: 0.7 ms, GC Workers: 8]
      [GC Worker Start (ms): Min: 600.3, Avg: 600.4, Max: 600.4, Diff: 0.0]
      [Ext Root Scanning (ms): Min: 0.1, Avg: 0.1, Max: 0.1, Diff: 0.0, Sum: 1.0]
      [Update RS (ms): Min: 0.0, Avg: 0.1, Max: 0.2, Diff: 0.1, Sum: 0.7]
         [Processed Buffers: Min: 1, Avg: 1.1, Max: 2, Diff: 1, Sum: 9]
      [Scan RS (ms): Min: 0.0, Avg: 0.0, Max: 0.0, Diff: 0.0, Sum: 0.0]
      [Code Root Scanning (ms): Min: 0.0, Avg: 0.0, Max: 0.0, Diff: 0.0, Sum: 0.0]
      [Object Copy (ms): Min: 0.2, Avg: 0.3, Max: 0.4, Diff: 0.2, Sum: 2.5]
      [Termination (ms): Min: 0.0, Avg: 0.1, Max: 0.2, Diff: 0.2, Sum: 0.7]
         [Termination Attempts: Min: 1, Avg: 1.0, Max: 1, Diff: 0, Sum: 8]
      [GC Worker Other (ms): Min: 0.0, Avg: 0.0, Max: 0.0, Diff: 0.0, Sum: 0.1]
      [GC Worker Total (ms): Min: 0.6, Avg: 0.6, Max: 0.6, Diff: 0.0, Sum: 4.9]
      [GC Worker End (ms): Min: 601.0, Avg: 601.0, Max: 601.0, Diff: 0.0]
   [Code Root Fixup: 0.0 ms]
   [Code Root Purge: 0.0 ms]
   [Clear CT: 0.1 ms]
   [Other: 0.4 ms]
      [Choose CSet: 0.0 ms]
      [Ref Proc: 0.1 ms]
      [Ref Enq: 0.0 ms]
      [Redirty Cards: 0.1 ms]
      [Humongous Register: 0.1 ms]
      [Humongous Reclaim: 0.0 ms]
      [Free CSet: 0.0 ms]
   [Eden: 1024.0K(323.0M)->0.0B(320.0M) Survivors: 4096.0K->5120.0K Heap: 412.3M(1024.0M)->412.9M(1024.0M)]
 [Times: user=0.00 sys=0.00, real=0.00 secs] 
0.602: [GC concurrent-root-region-scan-start]
0.602: [GC concurrent-root-region-scan-end, 0.0001107 secs]
0.602: [GC concurrent-mark-start]
0.603: [GC concurrent-mark-end, 0.0011852 secs]
0.603: [GC remark 0.603: [Finalize Marking, 0.0001113 secs] 0.603: [GC ref-proc, 0.0000976 secs] 0.603: [Unloading, 0.0004294 secs], 0.0015082 secs]
 [Times: user=0.00 sys=0.00, real=0.00 secs] 
0.605: [GC cleanup 422M->416M(1024M), 0.0005087 secs]
 [Times: user=0.00 sys=0.00, real=0.00 secs] 
0.605: [GC concurrent-cleanup-start]
0.605: [GC concurrent-cleanup-end, 0.0000460 secs]
0.676: [GC pause (G1 Evacuation Pause) (young) (to-space exhausted), 0.0120259 secs]
   [Parallel Time: 10.8 ms, GC Workers: 8]
      [GC Worker Start (ms): Min: 676.1, Avg: 676.1, Max: 676.1, Diff: 0.0]
      [Ext Root Scanning (ms): Min: 0.1, Avg: 0.1, Max: 0.1, Diff: 0.0, Sum: 1.0]
      [Update RS (ms): Min: 0.2, Avg: 0.3, Max: 0.7, Diff: 0.5, Sum: 2.5]
         [Processed Buffers: Min: 0, Avg: 3.3, Max: 4, Diff: 4, Sum: 26]
      [Scan RS (ms): Min: 0.0, Avg: 0.0, Max: 0.0, Diff: 0.0, Sum: 0.2]
      [Code Root Scanning (ms): Min: 0.0, Avg: 0.0, Max: 0.0, Diff: 0.0, Sum: 0.0]
      [Object Copy (ms): Min: 9.8, Avg: 10.2, Max: 10.4, Diff: 0.5, Sum: 81.8]
      [Termination (ms): Min: 0.0, Avg: 0.1, Max: 0.1, Diff: 0.1, Sum: 0.6]
         [Termination Attempts: Min: 1, Avg: 1.0, Max: 1, Diff: 0, Sum: 8]
      [GC Worker Other (ms): Min: 0.0, Avg: 0.0, Max: 0.0, Diff: 0.0, Sum: 0.1]
      [GC Worker Total (ms): Min: 10.8, Avg: 10.8, Max: 10.8, Diff: 0.1, Sum: 86.3]
      [GC Worker End (ms): Min: 686.9, Avg: 686.9, Max: 686.9, Diff: 0.0]
   [Code Root Fixup: 0.0 ms]
   [Code Root Purge: 0.0 ms]
   [Clear CT: 0.2 ms]
   [Other: 1.0 ms]
      [Evacuation Failure: 0.2 ms]
      [Choose CSet: 0.0 ms]
      [Ref Proc: 0.1 ms]
      [Ref Enq: 0.0 ms]
      [Redirty Cards: 0.1 ms]
      [Humongous Register: 0.1 ms]
      [Humongous Reclaim: 0.2 ms]
      [Free CSet: 0.2 ms]
   [Eden: 320.0M(320.0M)->0.0B(10240.0K) Survivors: 5120.0K->41984.0K Heap: 823.5M(1024.0M)->563.4M(1024.0M)]
 [Times: user=0.00 sys=0.00, real=0.01 secs] 
0.690: [GC pause (G1 Evacuation Pause) (mixed), 0.0080048 secs]
   [Parallel Time: 7.4 ms, GC Workers: 8]
      [GC Worker Start (ms): Min: 690.4, Avg: 690.4, Max: 690.4, Diff: 0.0]
      [Ext Root Scanning (ms): Min: 0.1, Avg: 0.1, Max: 0.1, Diff: 0.0, Sum: 1.0]
      [Update RS (ms): Min: 0.2, Avg: 0.3, Max: 0.3, Diff: 0.1, Sum: 2.3]
         [Processed Buffers: Min: 0, Avg: 3.4, Max: 4, Diff: 4, Sum: 27]
      [Scan RS (ms): Min: 0.0, Avg: 0.0, Max: 0.1, Diff: 0.1, Sum: 0.3]
      [Code Root Scanning (ms): Min: 0.0, Avg: 0.0, Max: 0.0, Diff: 0.0, Sum: 0.0]
      [Object Copy (ms): Min: 6.7, Avg: 6.8, Max: 6.9, Diff: 0.1, Sum: 54.3]
      [Termination (ms): Min: 0.0, Avg: 0.1, Max: 0.1, Diff: 0.1, Sum: 0.7]
         [Termination Attempts: Min: 1, Avg: 1.0, Max: 1, Diff: 0, Sum: 8]
      [GC Worker Other (ms): Min: 0.0, Avg: 0.0, Max: 0.0, Diff: 0.0, Sum: 0.1]
      [GC Worker Total (ms): Min: 7.3, Avg: 7.3, Max: 7.4, Diff: 0.0, Sum: 58.7]
      [GC Worker End (ms): Min: 697.7, Avg: 697.7, Max: 697.7, Diff: 0.0]
   [Code Root Fixup: 0.0 ms]
   [Code Root Purge: 0.0 ms]
   [Clear CT: 0.1 ms]
   [Other: 0.5 ms]
      [Choose CSet: 0.0 ms]
      [Ref Proc: 0.1 ms]
      [Ref Enq: 0.0 ms]
      [Redirty Cards: 0.1 ms]
      [Humongous Register: 0.1 ms]
      [Humongous Reclaim: 0.0 ms]
      [Free CSet: 0.1 ms]
   [Eden: 10240.0K(10240.0K)->0.0B(247.0M) Survivors: 41984.0K->5120.0K Heap: 576.8M(1024.0M)->521.0M(1024.0M)]
 [Times: user=0.13 sys=0.00, real=0.01 secs] 
0.699: [GC pause (G1 Humongous Allocation) (young) (initial-mark), 0.0013291 secs]
   [Parallel Time: 0.9 ms, GC Workers: 8]
      [GC Worker Start (ms): Min: 698.8, Avg: 698.8, Max: 698.9, Diff: 0.2]
      [Ext Root Scanning (ms): Min: 0.0, Avg: 0.2, Max: 0.8, Diff: 0.8, Sum: 1.8]
      [Update RS (ms): Min: 0.0, Avg: 0.1, Max: 0.4, Diff: 0.4, Sum: 1.1]
         [Processed Buffers: Min: 0, Avg: 1.1, Max: 2, Diff: 2, Sum: 9]
      [Scan RS (ms): Min: 0.0, Avg: 0.0, Max: 0.0, Diff: 0.0, Sum: 0.0]
      [Code Root Scanning (ms): Min: 0.0, Avg: 0.0, Max: 0.0, Diff: 0.0, Sum: 0.0]
      [Object Copy (ms): Min: 0.0, Avg: 0.4, Max: 0.6, Diff: 0.6, Sum: 3.2]
      [Termination (ms): Min: 0.0, Avg: 0.1, Max: 0.1, Diff: 0.1, Sum: 0.4]
         [Termination Attempts: Min: 1, Avg: 1.0, Max: 1, Diff: 0, Sum: 8]
      [GC Worker Other (ms): Min: 0.0, Avg: 0.0, Max: 0.0, Diff: 0.0, Sum: 0.0]
      [GC Worker Total (ms): Min: 0.7, Avg: 0.8, Max: 0.9, Diff: 0.2, Sum: 6.6]
      [GC Worker End (ms): Min: 699.6, Avg: 699.6, Max: 699.6, Diff: 0.0]
   [Code Root Fixup: 0.0 ms]
   [Code Root Purge: 0.0 ms]
   [Clear CT: 0.1 ms]
   [Other: 0.4 ms]
      [Choose CSet: 0.0 ms]
      [Ref Proc: 0.1 ms]
      [Ref Enq: 0.0 ms]
      [Redirty Cards: 0.1 ms]
      [Humongous Register: 0.1 ms]
      [Humongous Reclaim: 0.0 ms]
      [Free CSet: 0.0 ms]
   [Eden: 2048.0K(247.0M)->0.0B(254.0M) Survivors: 5120.0K->6144.0K Heap: 522.8M(1024.0M)->522.3M(1024.0M)]
 [Times: user=0.00 sys=0.00, real=0.00 secs] 
0.700: [GC concurrent-root-region-scan-start]
0.700: [GC concurrent-root-region-scan-end, 0.0001753 secs]
0.700: [GC concurrent-mark-start]
0.702: [GC concurrent-mark-end, 0.0015974 secs]
0.702: [GC remark 0.702: [Finalize Marking, 0.0001015 secs] 0.702: [GC ref-proc, 0.0000950 secs] 0.702: [Unloading, 0.0004424 secs], 0.0015754 secs]
 [Times: user=0.00 sys=0.00, real=0.00 secs] 
0.704: [GC cleanup 534M->529M(1024M), 0.0005979 secs]
 [Times: user=0.00 sys=0.00, real=0.00 secs] 
0.704: [GC concurrent-cleanup-start]
0.705: [GC concurrent-cleanup-end, 0.0000367 secs]
0.751: [GC pause (G1 Evacuation Pause) (young), 0.0093021 secs]
   [Parallel Time: 8.3 ms, GC Workers: 8]
      [GC Worker Start (ms): Min: 751.6, Avg: 751.7, Max: 751.8, Diff: 0.2]
      [Ext Root Scanning (ms): Min: 0.0, Avg: 0.1, Max: 0.1, Diff: 0.1, Sum: 0.9]
      [Update RS (ms): Min: 0.2, Avg: 0.3, Max: 0.7, Diff: 0.5, Sum: 2.7]
         [Processed Buffers: Min: 0, Avg: 3.4, Max: 4, Diff: 4, Sum: 27]
      [Scan RS (ms): Min: 0.0, Avg: 0.0, Max: 0.1, Diff: 0.0, Sum: 0.2]
      [Code Root Scanning (ms): Min: 0.0, Avg: 0.0, Max: 0.0, Diff: 0.0, Sum: 0.0]
      [Object Copy (ms): Min: 7.3, Avg: 7.7, Max: 7.8, Diff: 0.5, Sum: 61.8]
      [Termination (ms): Min: 0.0, Avg: 0.0, Max: 0.1, Diff: 0.1, Sum: 0.4]
         [Termination Attempts: Min: 1, Avg: 1.3, Max: 3, Diff: 2, Sum: 10]
      [GC Worker Other (ms): Min: 0.0, Avg: 0.0, Max: 0.0, Diff: 0.0, Sum: 0.1]
      [GC Worker Total (ms): Min: 8.1, Avg: 8.3, Max: 8.3, Diff: 0.2, Sum: 66.0]
      [GC Worker End (ms): Min: 759.9, Avg: 759.9, Max: 759.9, Diff: 0.0]
   [Code Root Fixup: 0.0 ms]
   [Code Root Purge: 0.0 ms]
   [Clear CT: 0.1 ms]
   [Other: 0.8 ms]
      [Choose CSet: 0.0 ms]
      [Ref Proc: 0.1 ms]
      [Ref Enq: 0.0 ms]
      [Redirty Cards: 0.1 ms]
      [Humongous Register: 0.1 ms]
      [Humongous Reclaim: 0.2 ms]
      [Free CSet: 0.2 ms]
   [Eden: 254.0M(254.0M)->0.0B(18432.0K) Survivors: 6144.0K->33792.0K Heap: 838.8M(1024.0M)->583.0M(1024.0M)]
 [Times: user=0.11 sys=0.00, real=0.01 secs] 
0.764: [GC pause (G1 Evacuation Pause) (mixed), 0.0075223 secs]
   [Parallel Time: 6.8 ms, GC Workers: 8]
      [GC Worker Start (ms): Min: 764.7, Avg: 764.7, Max: 764.7, Diff: 0.0]
      [Ext Root Scanning (ms): Min: 0.1, Avg: 0.1, Max: 0.1, Diff: 0.0, Sum: 1.0]
      [Update RS (ms): Min: 0.2, Avg: 0.3, Max: 0.4, Diff: 0.1, Sum: 2.2]
         [Processed Buffers: Min: 0, Avg: 3.0, Max: 4, Diff: 4, Sum: 24]
      [Scan RS (ms): Min: 0.0, Avg: 0.0, Max: 0.1, Diff: 0.0, Sum: 0.3]
      [Code Root Scanning (ms): Min: 0.0, Avg: 0.0, Max: 0.0, Diff: 0.0, Sum: 0.0]
      [Object Copy (ms): Min: 6.0, Avg: 6.2, Max: 6.2, Diff: 0.2, Sum: 49.3]
      [Termination (ms): Min: 0.0, Avg: 0.1, Max: 0.1, Diff: 0.1, Sum: 0.6]
         [Termination Attempts: Min: 1, Avg: 1.1, Max: 2, Diff: 1, Sum: 9]
      [GC Worker Other (ms): Min: 0.0, Avg: 0.0, Max: 0.0, Diff: 0.0, Sum: 0.1]
      [GC Worker Total (ms): Min: 6.6, Avg: 6.7, Max: 6.7, Diff: 0.0, Sum: 53.3]
      [GC Worker End (ms): Min: 771.3, Avg: 771.4, Max: 771.4, Diff: 0.0]
   [Code Root Fixup: 0.0 ms]
   [Code Root Purge: 0.0 ms]
   [Clear CT: 0.1 ms]
   [Other: 0.6 ms]
      [Choose CSet: 0.0 ms]
      [Ref Proc: 0.1 ms]
      [Ref Enq: 0.0 ms]
      [Redirty Cards: 0.1 ms]
      [Humongous Register: 0.1 ms]
      [Humongous Reclaim: 0.1 ms]
      [Free CSet: 0.2 ms]
   [Eden: 18432.0K(18432.0K)->0.0B(45056.0K) Survivors: 33792.0K->7168.0K Heap: 608.4M(1024.0M)->498.2M(1024.0M)]
 [Times: user=0.11 sys=0.02, real=0.01 secs] 
0.781: [GC pause (G1 Evacuation Pause) (mixed), 0.0061486 secs]
   [Parallel Time: 5.3 ms, GC Workers: 8]
      [GC Worker Start (ms): Min: 781.4, Avg: 781.4, Max: 781.5, Diff: 0.1]
      [Ext Root Scanning (ms): Min: 0.1, Avg: 0.1, Max: 0.2, Diff: 0.1, Sum: 0.9]
      [Update RS (ms): Min: 0.3, Avg: 0.4, Max: 0.4, Diff: 0.1, Sum: 3.0]
         [Processed Buffers: Min: 0, Avg: 4.5, Max: 6, Diff: 6, Sum: 36]
      [Scan RS (ms): Min: 0.0, Avg: 0.0, Max: 0.1, Diff: 0.0, Sum: 0.2]
      [Code Root Scanning (ms): Min: 0.0, Avg: 0.0, Max: 0.0, Diff: 0.0, Sum: 0.0]
      [Object Copy (ms): Min: 4.6, Avg: 4.7, Max: 4.7, Diff: 0.1, Sum: 37.3]
      [Termination (ms): Min: 0.0, Avg: 0.1, Max: 0.1, Diff: 0.1, Sum: 0.5]
         [Termination Attempts: Min: 1, Avg: 1.1, Max: 2, Diff: 1, Sum: 9]
      [GC Worker Other (ms): Min: 0.0, Avg: 0.0, Max: 0.0, Diff: 0.0, Sum: 0.1]
      [GC Worker Total (ms): Min: 5.2, Avg: 5.2, Max: 5.3, Diff: 0.1, Sum: 42.0]
      [GC Worker End (ms): Min: 786.7, Avg: 786.7, Max: 786.7, Diff: 0.0]
   [Code Root Fixup: 0.0 ms]
   [Code Root Purge: 0.0 ms]
   [Clear CT: 0.1 ms]
   [Other: 0.7 ms]
      [Choose CSet: 0.0 ms]
      [Ref Proc: 0.1 ms]
      [Ref Enq: 0.0 ms]
      [Redirty Cards: 0.2 ms]
      [Humongous Register: 0.1 ms]
      [Humongous Reclaim: 0.0 ms]
      [Free CSet: 0.1 ms]
   [Eden: 45056.0K(45056.0K)->0.0B(291.0M) Survivors: 7168.0K->7168.0K Heap: 556.8M(1024.0M)->476.3M(1024.0M)]
 [Times: user=0.13 sys=0.00, real=0.01 secs] 
0.789: [GC pause (G1 Humongous Allocation) (young) (initial-mark), 0.0018713 secs]
   [Parallel Time: 1.3 ms, GC Workers: 8]
      [GC Worker Start (ms): Min: 788.8, Avg: 788.9, Max: 788.9, Diff: 0.1]
      [Ext Root Scanning (ms): Min: 0.1, Avg: 0.1, Max: 0.2, Diff: 0.1, Sum: 1.0]
      [Update RS (ms): Min: 0.0, Avg: 0.1, Max: 0.2, Diff: 0.1, Sum: 0.8]
         [Processed Buffers: Min: 1, Avg: 1.1, Max: 2, Diff: 1, Sum: 9]
      [Scan RS (ms): Min: 0.0, Avg: 0.0, Max: 0.0, Diff: 0.0, Sum: 0.0]
      [Code Root Scanning (ms): Min: 0.0, Avg: 0.0, Max: 0.0, Diff: 0.0, Sum: 0.0]
      [Object Copy (ms): Min: 0.8, Avg: 0.9, Max: 1.0, Diff: 0.2, Sum: 7.3]
      [Termination (ms): Min: 0.0, Avg: 0.1, Max: 0.1, Diff: 0.1, Sum: 0.4]
         [Termination Attempts: Min: 1, Avg: 1.0, Max: 1, Diff: 0, Sum: 8]
      [GC Worker Other (ms): Min: 0.0, Avg: 0.0, Max: 0.0, Diff: 0.0, Sum: 0.1]
      [GC Worker Total (ms): Min: 1.2, Avg: 1.2, Max: 1.2, Diff: 0.1, Sum: 9.6]
      [GC Worker End (ms): Min: 790.1, Avg: 790.1, Max: 790.1, Diff: 0.0]
   [Code Root Fixup: 0.0 ms]
   [Code Root Purge: 0.0 ms]
   [Clear CT: 0.1 ms]
   [Other: 0.5 ms]
      [Choose CSet: 0.0 ms]
      [Ref Proc: 0.1 ms]
      [Ref Enq: 0.0 ms]
      [Redirty Cards: 0.1 ms]
      [Humongous Register: 0.1 ms]
      [Humongous Reclaim: 0.0 ms]
      [Free CSet: 0.0 ms]
   [Eden: 7168.0K(291.0M)->0.0B(297.0M) Survivors: 7168.0K->9216.0K Heap: 482.9M(1024.0M)->476.6M(1024.0M)]
 [Times: user=0.00 sys=0.00, real=0.00 secs] 
0.791: [GC concurrent-root-region-scan-start]
0.791: [GC concurrent-root-region-scan-end, 0.0001150 secs]
0.791: [GC concurrent-mark-start]
0.792: [GC concurrent-mark-end, 0.0013079 secs]
0.792: [GC remark 0.792: [Finalize Marking, 0.0002384 secs] 0.793: [GC ref-proc, 0.0000922 secs] 0.793: [Unloading, 0.0004952 secs], 0.0017548 secs]
 [Times: user=0.00 sys=0.00, real=0.00 secs] 
0.794: [GC cleanup 488M->484M(1024M), 0.0006338 secs]
 [Times: user=0.00 sys=0.00, real=0.00 secs] 
0.795: [GC concurrent-cleanup-start]
0.795: [GC concurrent-cleanup-end, 0.0000366 secs]
0.848: [GC pause (G1 Evacuation Pause) (young) (to-space exhausted), 0.0097332 secs]
   [Parallel Time: 8.6 ms, GC Workers: 8]
      [GC Worker Start (ms): Min: 848.4, Avg: 848.5, Max: 849.1, Diff: 0.7]
      [Ext Root Scanning (ms): Min: 0.0, Avg: 0.1, Max: 0.2, Diff: 0.2, Sum: 0.8]
      [Update RS (ms): Min: 0.0, Avg: 0.5, Max: 1.3, Diff: 1.3, Sum: 4.2]
         [Processed Buffers: Min: 0, Avg: 5.1, Max: 7, Diff: 7, Sum: 41]
      [Scan RS (ms): Min: 0.0, Avg: 0.0, Max: 0.1, Diff: 0.1, Sum: 0.2]
      [Code Root Scanning (ms): Min: 0.0, Avg: 0.0, Max: 0.0, Diff: 0.0, Sum: 0.0]
      [Object Copy (ms): Min: 7.0, Avg: 7.7, Max: 7.8, Diff: 0.8, Sum: 61.6]
      [Termination (ms): Min: 0.0, Avg: 0.0, Max: 0.0, Diff: 0.0, Sum: 0.2]
         [Termination Attempts: Min: 1, Avg: 1.0, Max: 1, Diff: 0, Sum: 8]
      [GC Worker Other (ms): Min: 0.0, Avg: 0.0, Max: 0.0, Diff: 0.0, Sum: 0.1]
      [GC Worker Total (ms): Min: 7.8, Avg: 8.4, Max: 8.5, Diff: 0.7, Sum: 67.2]
      [GC Worker End (ms): Min: 856.9, Avg: 856.9, Max: 857.0, Diff: 0.0]
   [Code Root Fixup: 0.0 ms]
   [Code Root Purge: 0.0 ms]
   [Clear CT: 0.1 ms]
   [Other: 1.0 ms]
      [Evacuation Failure: 0.2 ms]
      [Choose CSet: 0.0 ms]
      [Ref Proc: 0.1 ms]
      [Ref Enq: 0.0 ms]
      [Redirty Cards: 0.1 ms]
      [Humongous Register: 0.1 ms]
      [Humongous Reclaim: 0.2 ms]
      [Free CSet: 0.1 ms]
   [Eden: 297.0M(297.0M)->0.0B(12288.0K) Survivors: 9216.0K->39936.0K Heap: 844.4M(1024.0M)->618.4M(1024.0M)]
 [Times: user=0.00 sys=0.00, real=0.01 secs] 
0.860: [GC pause (G1 Evacuation Pause) (mixed), 0.0098516 secs]
   [Parallel Time: 9.0 ms, GC Workers: 8]
      [GC Worker Start (ms): Min: 860.7, Avg: 860.8, Max: 860.9, Diff: 0.2]
      [Ext Root Scanning (ms): Min: 0.0, Avg: 0.1, Max: 0.2, Diff: 0.2, Sum: 0.8]
      [Update RS (ms): Min: 0.0, Avg: 0.2, Max: 0.2, Diff: 0.2, Sum: 1.3]
         [Processed Buffers: Min: 0, Avg: 2.5, Max: 4, Diff: 4, Sum: 20]
      [Scan RS (ms): Min: 0.0, Avg: 0.0, Max: 0.1, Diff: 0.1, Sum: 0.3]
      [Code Root Scanning (ms): Min: 0.0, Avg: 0.0, Max: 0.0, Diff: 0.0, Sum: 0.0]
      [Object Copy (ms): Min: 8.4, Avg: 8.5, Max: 8.7, Diff: 0.4, Sum: 67.6]
      [Termination (ms): Min: 0.0, Avg: 0.1, Max: 0.1, Diff: 0.1, Sum: 0.7]
         [Termination Attempts: Min: 1, Avg: 1.0, Max: 1, Diff: 0, Sum: 8]
      [GC Worker Other (ms): Min: 0.0, Avg: 0.0, Max: 0.0, Diff: 0.0, Sum: 0.1]
      [GC Worker Total (ms): Min: 8.7, Avg: 8.9, Max: 8.9, Diff: 0.2, Sum: 70.8]
      [GC Worker End (ms): Min: 869.6, Avg: 869.6, Max: 869.6, Diff: 0.0]
   [Code Root Fixup: 0.0 ms]
   [Code Root Purge: 0.0 ms]
   [Clear CT: 0.1 ms]
   [Other: 0.8 ms]
      [Choose CSet: 0.1 ms]
      [Ref Proc: 0.1 ms]
      [Ref Enq: 0.0 ms]
      [Redirty Cards: 0.1 ms]
      [Humongous Register: 0.1 ms]
      [Humongous Reclaim: 0.1 ms]
      [Free CSet: 0.2 ms]
   [Eden: 12288.0K(12288.0K)->0.0B(241.0M) Survivors: 39936.0K->5120.0K Heap: 631.6M(1024.0M)->549.3M(1024.0M)]
 [Times: user=0.11 sys=0.00, real=0.01 secs] 
0.871: [GC pause (G1 Humongous Allocation) (young) (initial-mark), 0.0018660 secs]
   [Parallel Time: 1.2 ms, GC Workers: 8]
      [GC Worker Start (ms): Min: 871.2, Avg: 871.3, Max: 871.4, Diff: 0.2]
      [Ext Root Scanning (ms): Min: 0.0, Avg: 0.2, Max: 0.3, Diff: 0.3, Sum: 1.4]
      [Update RS (ms): Min: 0.0, Avg: 0.1, Max: 0.3, Diff: 0.3, Sum: 0.9]
         [Processed Buffers: Min: 0, Avg: 1.1, Max: 3, Diff: 3, Sum: 9]
      [Scan RS (ms): Min: 0.0, Avg: 0.0, Max: 0.0, Diff: 0.0, Sum: 0.0]
      [Code Root Scanning (ms): Min: 0.0, Avg: 0.0, Max: 0.0, Diff: 0.0, Sum: 0.0]
      [Object Copy (ms): Min: 0.5, Avg: 0.6, Max: 0.7, Diff: 0.2, Sum: 4.9]
      [Termination (ms): Min: 0.0, Avg: 0.1, Max: 0.1, Diff: 0.1, Sum: 0.6]
         [Termination Attempts: Min: 1, Avg: 1.0, Max: 1, Diff: 0, Sum: 8]
      [GC Worker Other (ms): Min: 0.0, Avg: 0.0, Max: 0.0, Diff: 0.0, Sum: 0.1]
      [GC Worker Total (ms): Min: 0.8, Avg: 1.0, Max: 1.1, Diff: 0.2, Sum: 7.9]
      [GC Worker End (ms): Min: 872.2, Avg: 872.3, Max: 872.3, Diff: 0.1]
   [Code Root Fixup: 0.0 ms]
   [Code Root Purge: 0.0 ms]
   [Clear CT: 0.1 ms]
   [Other: 0.6 ms]
      [Choose CSet: 0.0 ms]
      [Ref Proc: 0.1 ms]
      [Ref Enq: 0.0 ms]
      [Redirty Cards: 0.1 ms]
      [Humongous Register: 0.1 ms]
      [Humongous Reclaim: 0.1 ms]
      [Free CSet: 0.0 ms]
   [Eden: 1024.0K(241.0M)->0.0B(224.0M) Survivors: 5120.0K->6144.0K Heap: 550.1M(1024.0M)->549.0M(1024.0M)]
 [Times: user=0.00 sys=0.00, real=0.00 secs] 
0.873: [GC concurrent-root-region-scan-start]
0.873: [GC concurrent-root-region-scan-end, 0.0001587 secs]
0.873: [GC concurrent-mark-start]
0.876: [GC concurrent-mark-end, 0.0027167 secs]
0.876: [GC remark 0.876: [Finalize Marking, 0.0001894 secs] 0.877: [GC ref-proc, 0.0000954 secs] 0.877: [Unloading, 0.0005489 secs], 0.0019246 secs]
 [Times: user=0.00 sys=0.00, real=0.00 secs] 
0.878: [GC cleanup 565M->560M(1024M), 0.0008669 secs]
 [Times: user=0.00 sys=0.00, real=0.00 secs] 
0.879: [GC concurrent-cleanup-start]
0.879: [GC concurrent-cleanup-end, 0.0000401 secs]
0.923: [GC pause (G1 Evacuation Pause) (young), 0.0092425 secs]
   [Parallel Time: 8.5 ms, GC Workers: 8]
      [GC Worker Start (ms): Min: 923.6, Avg: 923.6, Max: 923.6, Diff: 0.0]
      [Ext Root Scanning (ms): Min: 0.1, Avg: 0.1, Max: 0.1, Diff: 0.0, Sum: 1.0]
      [Update RS (ms): Min: 0.4, Avg: 0.4, Max: 0.5, Diff: 0.1, Sum: 3.3]
         [Processed Buffers: Min: 0, Avg: 4.9, Max: 6, Diff: 6, Sum: 39]
      [Scan RS (ms): Min: 0.0, Avg: 0.0, Max: 0.0, Diff: 0.0, Sum: 0.2]
      [Code Root Scanning (ms): Min: 0.0, Avg: 0.0, Max: 0.0, Diff: 0.0, Sum: 0.0]
      [Object Copy (ms): Min: 7.8, Avg: 7.8, Max: 7.9, Diff: 0.1, Sum: 62.5]
      [Termination (ms): Min: 0.0, Avg: 0.0, Max: 0.1, Diff: 0.1, Sum: 0.3]
         [Termination Attempts: Min: 1, Avg: 1.0, Max: 1, Diff: 0, Sum: 8]
      [GC Worker Other (ms): Min: 0.0, Avg: 0.0, Max: 0.0, Diff: 0.0, Sum: 0.1]
      [GC Worker Total (ms): Min: 8.4, Avg: 8.4, Max: 8.4, Diff: 0.0, Sum: 67.4]
      [GC Worker End (ms): Min: 932.0, Avg: 932.0, Max: 932.0, Diff: 0.0]
   [Code Root Fixup: 0.0 ms]
   [Code Root Purge: 0.0 ms]
   [Clear CT: 0.1 ms]
   [Other: 0.7 ms]
      [Choose CSet: 0.0 ms]
      [Ref Proc: 0.1 ms]
      [Ref Enq: 0.0 ms]
      [Redirty Cards: 0.1 ms]
      [Humongous Register: 0.1 ms]
      [Humongous Reclaim: 0.1 ms]
      [Free CSet: 0.1 ms]
   [Eden: 224.0M(224.0M)->0.0B(22528.0K) Survivors: 6144.0K->29696.0K Heap: 830.7M(1024.0M)->613.6M(1024.0M)]
 [Times: user=0.13 sys=0.00, real=0.01 secs] 
0.937: [GC pause (G1 Evacuation Pause) (mixed), 0.0070961 secs]
   [Parallel Time: 6.4 ms, GC Workers: 8]
      [GC Worker Start (ms): Min: 937.4, Avg: 937.5, Max: 937.6, Diff: 0.2]
      [Ext Root Scanning (ms): Min: 0.0, Avg: 0.1, Max: 0.2, Diff: 0.2, Sum: 1.0]
      [Update RS (ms): Min: 0.4, Avg: 0.5, Max: 0.5, Diff: 0.1, Sum: 3.7]
         [Processed Buffers: Min: 1, Avg: 5.3, Max: 7, Diff: 6, Sum: 42]
      [Scan RS (ms): Min: 0.0, Avg: 0.0, Max: 0.1, Diff: 0.1, Sum: 0.4]
      [Code Root Scanning (ms): Min: 0.0, Avg: 0.0, Max: 0.0, Diff: 0.0, Sum: 0.0]
      [Object Copy (ms): Min: 5.6, Avg: 5.6, Max: 5.7, Diff: 0.1, Sum: 45.1]
      [Termination (ms): Min: 0.0, Avg: 0.0, Max: 0.1, Diff: 0.1, Sum: 0.2]
         [Termination Attempts: Min: 1, Avg: 1.3, Max: 3, Diff: 2, Sum: 10]
      [GC Worker Other (ms): Min: 0.0, Avg: 0.0, Max: 0.0, Diff: 0.0, Sum: 0.1]
      [GC Worker Total (ms): Min: 6.2, Avg: 6.3, Max: 6.4, Diff: 0.2, Sum: 50.4]
      [GC Worker End (ms): Min: 943.8, Avg: 943.8, Max: 943.8, Diff: 0.0]
   [Code Root Fixup: 0.0 ms]
   [Code Root Purge: 0.0 ms]
   [Clear CT: 0.1 ms]
   [Other: 0.6 ms]
      [Choose CSet: 0.0 ms]
      [Ref Proc: 0.1 ms]
      [Ref Enq: 0.0 ms]
      [Redirty Cards: 0.1 ms]
      [Humongous Register: 0.1 ms]
      [Humongous Reclaim: 0.0 ms]
      [Free CSet: 0.1 ms]
   [Eden: 22528.0K(22528.0K)->0.0B(45056.0K) Survivors: 29696.0K->7168.0K Heap: 643.8M(1024.0M)->530.4M(1024.0M)]
 [Times: user=0.09 sys=0.00, real=0.01 secs] 
0.952: [GC pause (G1 Evacuation Pause) (mixed), 0.0074368 secs]
   [Parallel Time: 6.7 ms, GC Workers: 8]
      [GC Worker Start (ms): Min: 951.8, Avg: 951.8, Max: 951.9, Diff: 0.1]
      [Ext Root Scanning (ms): Min: 0.1, Avg: 0.1, Max: 0.1, Diff: 0.0, Sum: 1.0]
      [Update RS (ms): Min: 0.4, Avg: 0.5, Max: 0.5, Diff: 0.0, Sum: 3.7]
         [Processed Buffers: Min: 2, Avg: 5.6, Max: 7, Diff: 5, Sum: 45]
      [Scan RS (ms): Min: 0.0, Avg: 0.0, Max: 0.1, Diff: 0.1, Sum: 0.3]
      [Code Root Scanning (ms): Min: 0.0, Avg: 0.0, Max: 0.0, Diff: 0.0, Sum: 0.0]
      [Object Copy (ms): Min: 5.7, Avg: 5.8, Max: 5.9, Diff: 0.2, Sum: 46.4]
      [Termination (ms): Min: 0.0, Avg: 0.1, Max: 0.2, Diff: 0.2, Sum: 0.5]
         [Termination Attempts: Min: 1, Avg: 1.4, Max: 3, Diff: 2, Sum: 11]
      [GC Worker Other (ms): Min: 0.0, Avg: 0.0, Max: 0.0, Diff: 0.0, Sum: 0.1]
      [GC Worker Total (ms): Min: 6.5, Avg: 6.5, Max: 6.6, Diff: 0.1, Sum: 52.1]
      [GC Worker End (ms): Min: 958.3, Avg: 958.4, Max: 958.4, Diff: 0.0]
   [Code Root Fixup: 0.0 ms]
   [Code Root Purge: 0.0 ms]
   [Clear CT: 0.1 ms]
   [Other: 0.7 ms]
      [Choose CSet: 0.0 ms]
      [Ref Proc: 0.1 ms]
      [Ref Enq: 0.0 ms]
      [Redirty Cards: 0.1 ms]
      [Humongous Register: 0.1 ms]
      [Humongous Reclaim: 0.1 ms]
      [Free CSet: 0.2 ms]
   [Eden: 45056.0K(45056.0K)->0.0B(266.0M) Survivors: 7168.0K->7168.0K Heap: 581.1M(1024.0M)->491.1M(1024.0M)]
 [Times: user=0.11 sys=0.02, real=0.01 secs] 
0.960: [GC pause (G1 Humongous Allocation) (young) (initial-mark), 0.0017969 secs]
   [Parallel Time: 1.3 ms, GC Workers: 8]
      [GC Worker Start (ms): Min: 960.5, Avg: 960.5, Max: 960.6, Diff: 0.2]
      [Ext Root Scanning (ms): Min: 0.0, Avg: 0.1, Max: 0.2, Diff: 0.2, Sum: 1.1]
      [Update RS (ms): Min: 0.0, Avg: 0.2, Max: 0.9, Diff: 0.9, Sum: 1.6]
         [Processed Buffers: Min: 1, Avg: 1.1, Max: 2, Diff: 1, Sum: 9]
      [Scan RS (ms): Min: 0.0, Avg: 0.0, Max: 0.0, Diff: 0.0, Sum: 0.0]
      [Code Root Scanning (ms): Min: 0.0, Avg: 0.0, Max: 0.0, Diff: 0.0, Sum: 0.0]
      [Object Copy (ms): Min: 0.0, Avg: 0.7, Max: 0.9, Diff: 0.9, Sum: 5.8]
      [Termination (ms): Min: 0.0, Avg: 0.1, Max: 0.1, Diff: 0.1, Sum: 0.6]
         [Termination Attempts: Min: 1, Avg: 1.0, Max: 1, Diff: 0, Sum: 8]
      [GC Worker Other (ms): Min: 0.0, Avg: 0.0, Max: 0.0, Diff: 0.0, Sum: 0.1]
      [GC Worker Total (ms): Min: 1.0, Avg: 1.1, Max: 1.2, Diff: 0.2, Sum: 9.1]
      [GC Worker End (ms): Min: 961.6, Avg: 961.6, Max: 961.6, Diff: 0.0]
   [Code Root Fixup: 0.0 ms]
   [Code Root Purge: 0.0 ms]
   [Clear CT: 0.1 ms]
   [Other: 0.4 ms]
      [Choose CSet: 0.0 ms]
      [Ref Proc: 0.1 ms]
      [Ref Enq: 0.0 ms]
      [Redirty Cards: 0.1 ms]
      [Humongous Register: 0.1 ms]
      [Humongous Reclaim: 0.0 ms]
      [Free CSet: 0.0 ms]
   [Eden: 5120.0K(266.0M)->0.0B(276.0M) Survivors: 7168.0K->8192.0K Heap: 495.5M(1024.0M)->492.0M(1024.0M)]
 [Times: user=0.00 sys=0.00, real=0.00 secs] 
0.962: [GC concurrent-root-region-scan-start]
0.962: [GC concurrent-root-region-scan-end, 0.0001489 secs]
0.962: [GC concurrent-mark-start]
0.964: [GC concurrent-mark-end, 0.0014396 secs]
0.964: [GC remark 0.964: [Finalize Marking, 0.0001033 secs] 0.964: [GC ref-proc, 0.0000930 secs] 0.964: [Unloading, 0.0004523 secs], 0.0016358 secs]
 [Times: user=0.00 sys=0.00, real=0.00 secs] 
0.966: [GC cleanup 501M->499M(1024M), 0.0004983 secs]
 [Times: user=0.00 sys=0.00, real=0.00 secs] 
0.966: [GC concurrent-cleanup-start]
0.966: [GC concurrent-cleanup-end, 0.0000292 secs]
1.020: [GC pause (G1 Evacuation Pause) (young), 0.0111363 secs]
   [Parallel Time: 10.2 ms, GC Workers: 8]
      [GC Worker Start (ms): Min: 1019.8, Avg: 1019.8, Max: 1019.8, Diff: 0.1]
      [Ext Root Scanning (ms): Min: 0.1, Avg: 0.1, Max: 0.1, Diff: 0.1, Sum: 1.0]
      [Update RS (ms): Min: 0.6, Avg: 0.7, Max: 0.7, Diff: 0.1, Sum: 5.4]
         [Processed Buffers: Min: 1, Avg: 6.6, Max: 9, Diff: 8, Sum: 53]
      [Scan RS (ms): Min: 0.0, Avg: 0.0, Max: 0.0, Diff: 0.0, Sum: 0.2]
      [Code Root Scanning (ms): Min: 0.0, Avg: 0.0, Max: 0.0, Diff: 0.0, Sum: 0.0]
      [Object Copy (ms): Min: 9.1, Avg: 9.2, Max: 9.3, Diff: 0.1, Sum: 73.4]
      [Termination (ms): Min: 0.0, Avg: 0.1, Max: 0.1, Diff: 0.1, Sum: 0.7]
         [Termination Attempts: Min: 1, Avg: 1.3, Max: 3, Diff: 2, Sum: 10]
      [GC Worker Other (ms): Min: 0.0, Avg: 0.0, Max: 0.0, Diff: 0.0, Sum: 0.1]
      [GC Worker Total (ms): Min: 10.1, Avg: 10.1, Max: 10.1, Diff: 0.1, Sum: 80.8]
      [GC Worker End (ms): Min: 1029.9, Avg: 1029.9, Max: 1029.9, Diff: 0.0]
   [Code Root Fixup: 0.0 ms]
   [Code Root Purge: 0.0 ms]
   [Clear CT: 0.1 ms]
   [Other: 0.8 ms]
      [Choose CSet: 0.0 ms]
      [Ref Proc: 0.1 ms]
      [Ref Enq: 0.0 ms]
      [Redirty Cards: 0.2 ms]
      [Humongous Register: 0.1 ms]
      [Humongous Reclaim: 0.1 ms]
      [Free CSet: 0.1 ms]
   [Eden: 276.0M(276.0M)->0.0B(15360.0K) Survivors: 8192.0K->36864.0K Heap: 834.9M(1024.0M)->559.7M(1024.0M)]
 [Times: user=0.00 sys=0.00, real=0.01 secs] 
1.034: [GC pause (G1 Evacuation Pause) (mixed), 0.0094572 secs]
   [Parallel Time: 8.7 ms, GC Workers: 8]
      [GC Worker Start (ms): Min: 1033.9, Avg: 1033.9, Max: 1034.0, Diff: 0.2]
      [Ext Root Scanning (ms): Min: 0.0, Avg: 0.1, Max: 0.2, Diff: 0.2, Sum: 1.0]
      [Update RS (ms): Min: 0.4, Avg: 0.4, Max: 0.5, Diff: 0.2, Sum: 3.3]
         [Processed Buffers: Min: 1, Avg: 4.8, Max: 7, Diff: 6, Sum: 38]
      [Scan RS (ms): Min: 0.0, Avg: 0.0, Max: 0.1, Diff: 0.0, Sum: 0.3]
      [Code Root Scanning (ms): Min: 0.0, Avg: 0.0, Max: 0.0, Diff: 0.0, Sum: 0.0]
      [Object Copy (ms): Min: 7.9, Avg: 8.0, Max: 8.1, Diff: 0.1, Sum: 64.0]
      [Termination (ms): Min: 0.0, Avg: 0.0, Max: 0.1, Diff: 0.1, Sum: 0.3]
         [Termination Attempts: Min: 1, Avg: 1.0, Max: 1, Diff: 0, Sum: 8]
      [GC Worker Other (ms): Min: 0.0, Avg: 0.0, Max: 0.0, Diff: 0.0, Sum: 0.1]
      [GC Worker Total (ms): Min: 8.5, Avg: 8.6, Max: 8.7, Diff: 0.2, Sum: 69.0]
      [GC Worker End (ms): Min: 1042.5, Avg: 1042.5, Max: 1042.5, Diff: 0.0]
   [Code Root Fixup: 0.0 ms]
   [Code Root Purge: 0.0 ms]
   [Clear CT: 0.1 ms]
   [Other: 0.7 ms]
      [Choose CSet: 0.1 ms]
      [Ref Proc: 0.1 ms]
      [Ref Enq: 0.0 ms]
      [Redirty Cards: 0.1 ms]
      [Humongous Register: 0.1 ms]
      [Humongous Reclaim: 0.0 ms]
      [Free CSet: 0.1 ms]
   [Eden: 15360.0K(15360.0K)->0.0B(46080.0K) Survivors: 36864.0K->6144.0K Heap: 578.3M(1024.0M)->495.1M(1024.0M)]
 [Times: user=0.11 sys=0.00, real=0.01 secs] 
1.052: [GC pause (G1 Evacuation Pause) (mixed), 0.0046777 secs]
   [Parallel Time: 3.9 ms, GC Workers: 8]
      [GC Worker Start (ms): Min: 1052.5, Avg: 1052.6, Max: 1052.7, Diff: 0.2]
      [Ext Root Scanning (ms): Min: 0.0, Avg: 0.1, Max: 0.2, Diff: 0.2, Sum: 1.0]
      [Update RS (ms): Min: 0.8, Avg: 0.8, Max: 0.8, Diff: 0.1, Sum: 6.4]
         [Processed Buffers: Min: 0, Avg: 7.8, Max: 13, Diff: 13, Sum: 62]
      [Scan RS (ms): Min: 0.0, Avg: 0.0, Max: 0.0, Diff: 0.0, Sum: 0.1]
      [Code Root Scanning (ms): Min: 0.0, Avg: 0.0, Max: 0.0, Diff: 0.0, Sum: 0.0]
      [Object Copy (ms): Min: 2.8, Avg: 2.8, Max: 2.9, Diff: 0.1, Sum: 22.5]
      [Termination (ms): Min: 0.0, Avg: 0.1, Max: 0.1, Diff: 0.1, Sum: 0.7]
         [Termination Attempts: Min: 1, Avg: 1.0, Max: 1, Diff: 0, Sum: 8]
      [GC Worker Other (ms): Min: 0.0, Avg: 0.0, Max: 0.0, Diff: 0.0, Sum: 0.1]
      [GC Worker Total (ms): Min: 3.7, Avg: 3.8, Max: 3.9, Diff: 0.2, Sum: 30.7]
      [GC Worker End (ms): Min: 1056.4, Avg: 1056.4, Max: 1056.4, Diff: 0.0]
   [Code Root Fixup: 0.0 ms]
   [Code Root Purge: 0.0 ms]
   [Clear CT: 0.1 ms]
   [Other: 0.6 ms]
      [Choose CSet: 0.0 ms]
      [Ref Proc: 0.1 ms]
      [Ref Enq: 0.0 ms]
      [Redirty Cards: 0.1 ms]
      [Humongous Register: 0.2 ms]
      [Humongous Reclaim: 0.0 ms]
      [Free CSet: 0.0 ms]
   [Eden: 46080.0K(46080.0K)->0.0B(268.0M) Survivors: 6144.0K->7168.0K Heap: 551.3M(1024.0M)->501.3M(1024.0M)]
 [Times: user=0.00 sys=0.00, real=0.01 secs] 
1.058: [GC pause (G1 Humongous Allocation) (young) (initial-mark), 0.0016539 secs]
   [Parallel Time: 1.2 ms, GC Workers: 8]
      [GC Worker Start (ms): Min: 1058.2, Avg: 1058.2, Max: 1058.2, Diff: 0.0]
      [Ext Root Scanning (ms): Min: 0.1, Avg: 0.1, Max: 0.1, Diff: 0.0, Sum: 1.0]
      [Update RS (ms): Min: 0.0, Avg: 0.1, Max: 0.2, Diff: 0.1, Sum: 0.7]
         [Processed Buffers: Min: 1, Avg: 1.1, Max: 2, Diff: 1, Sum: 9]
      [Scan RS (ms): Min: 0.0, Avg: 0.0, Max: 0.0, Diff: 0.0, Sum: 0.0]
      [Code Root Scanning (ms): Min: 0.0, Avg: 0.0, Max: 0.0, Diff: 0.0, Sum: 0.0]
      [Object Copy (ms): Min: 0.7, Avg: 0.8, Max: 0.9, Diff: 0.2, Sum: 6.6]
      [Termination (ms): Min: 0.0, Avg: 0.1, Max: 0.1, Diff: 0.1, Sum: 0.5]
         [Termination Attempts: Min: 1, Avg: 1.0, Max: 1, Diff: 0, Sum: 8]
      [GC Worker Other (ms): Min: 0.0, Avg: 0.0, Max: 0.0, Diff: 0.0, Sum: 0.1]
      [GC Worker Total (ms): Min: 1.1, Avg: 1.1, Max: 1.1, Diff: 0.0, Sum: 8.8]
      [GC Worker End (ms): Min: 1059.3, Avg: 1059.3, Max: 1059.3, Diff: 0.0]
   [Code Root Fixup: 0.0 ms]
   [Code Root Purge: 0.0 ms]
   [Clear CT: 0.1 ms]
   [Other: 0.4 ms]
      [Choose CSet: 0.0 ms]
      [Ref Proc: 0.1 ms]
      [Ref Enq: 0.0 ms]
      [Redirty Cards: 0.1 ms]
      [Humongous Register: 0.1 ms]
      [Humongous Reclaim: 0.0 ms]
      [Free CSet: 0.0 ms]
   [Eden: 3072.0K(268.0M)->0.0B(272.0M) Survivors: 7168.0K->8192.0K Heap: 504.1M(1024.0M)->500.7M(1024.0M)]
 [Times: user=0.00 sys=0.00, real=0.00 secs] 
1.060: [GC concurrent-root-region-scan-start]
1.060: [GC concurrent-root-region-scan-end, 0.0001164 secs]
1.060: [GC concurrent-mark-start]
1.062: [GC concurrent-mark-end, 0.0019024 secs]
1.062: [GC remark 1.062: [Finalize Marking, 0.0001148 secs] 1.062: [GC ref-proc, 0.0000937 secs] 1.062: [Unloading, 0.0004194 secs], 0.0016830 secs]
 [Times: user=0.00 sys=0.00, real=0.00 secs] 
1.064: [GC cleanup 515M->512M(1024M), 0.0005104 secs]
 [Times: user=0.00 sys=0.00, real=0.00 secs] 
1.064: [GC concurrent-cleanup-start]
1.064: [GC concurrent-cleanup-end, 0.0000392 secs]
1.112: [GC pause (G1 Evacuation Pause) (young) (to-space exhausted), 0.0110115 secs]
   [Parallel Time: 10.0 ms, GC Workers: 8]
      [GC Worker Start (ms): Min: 1111.9, Avg: 1112.0, Max: 1112.0, Diff: 0.1]
      [Ext Root Scanning (ms): Min: 0.1, Avg: 0.1, Max: 0.2, Diff: 0.1, Sum: 0.9]
      [Update RS (ms): Min: 0.5, Avg: 0.5, Max: 0.5, Diff: 0.1, Sum: 4.2]
         [Processed Buffers: Min: 1, Avg: 6.3, Max: 8, Diff: 7, Sum: 50]
      [Scan RS (ms): Min: 0.0, Avg: 0.0, Max: 0.0, Diff: 0.0, Sum: 0.2]
      [Code Root Scanning (ms): Min: 0.0, Avg: 0.0, Max: 0.0, Diff: 0.0, Sum: 0.0]
      [Object Copy (ms): Min: 9.2, Avg: 9.2, Max: 9.2, Diff: 0.1, Sum: 73.6]
      [Termination (ms): Min: 0.0, Avg: 0.0, Max: 0.1, Diff: 0.1, Sum: 0.3]
         [Termination Attempts: Min: 1, Avg: 1.9, Max: 3, Diff: 2, Sum: 15]
      [GC Worker Other (ms): Min: 0.0, Avg: 0.0, Max: 0.0, Diff: 0.0, Sum: 0.2]
      [GC Worker Total (ms): Min: 9.9, Avg: 9.9, Max: 10.0, Diff: 0.1, Sum: 79.4]
      [GC Worker End (ms): Min: 1121.9, Avg: 1121.9, Max: 1121.9, Diff: 0.0]
   [Code Root Fixup: 0.0 ms]
   [Code Root Purge: 0.0 ms]
   [Clear CT: 0.1 ms]
   [Other: 0.9 ms]
      [Evacuation Failure: 0.1 ms]
      [Choose CSet: 0.0 ms]
      [Ref Proc: 0.1 ms]
      [Ref Enq: 0.0 ms]
      [Redirty Cards: 0.1 ms]
      [Humongous Register: 0.1 ms]
      [Humongous Reclaim: 0.2 ms]
      [Free CSet: 0.2 ms]
   [Eden: 272.0M(272.0M)->0.0B(16384.0K) Survivors: 8192.0K->35840.0K Heap: 839.3M(1024.0M)->601.6M(1024.0M)]
 [Times: user=0.13 sys=0.00, real=0.01 secs] 
1.126: [GC pause (G1 Evacuation Pause) (mixed), 0.0099958 secs]
   [Parallel Time: 9.3 ms, GC Workers: 8]
      [GC Worker Start (ms): Min: 1126.3, Avg: 1126.3, Max: 1126.3, Diff: 0.0]
      [Ext Root Scanning (ms): Min: 0.1, Avg: 0.1, Max: 0.1, Diff: 0.0, Sum: 1.0]
      [Update RS (ms): Min: 0.3, Avg: 0.3, Max: 0.4, Diff: 0.1, Sum: 2.7]
         [Processed Buffers: Min: 4, Avg: 4.8, Max: 6, Diff: 2, Sum: 38]
      [Scan RS (ms): Min: 0.0, Avg: 0.1, Max: 0.1, Diff: 0.1, Sum: 0.5]
      [Code Root Scanning (ms): Min: 0.0, Avg: 0.0, Max: 0.0, Diff: 0.0, Sum: 0.0]
      [Object Copy (ms): Min: 8.5, Avg: 8.6, Max: 8.6, Diff: 0.1, Sum: 68.5]
      [Termination (ms): Min: 0.0, Avg: 0.0, Max: 0.1, Diff: 0.1, Sum: 0.3]
         [Termination Attempts: Min: 1, Avg: 1.9, Max: 4, Diff: 3, Sum: 15]
      [GC Worker Other (ms): Min: 0.0, Avg: 0.0, Max: 0.0, Diff: 0.0, Sum: 0.1]
      [GC Worker Total (ms): Min: 9.1, Avg: 9.1, Max: 9.2, Diff: 0.1, Sum: 73.1]
      [GC Worker End (ms): Min: 1135.4, Avg: 1135.4, Max: 1135.5, Diff: 0.1]
   [Code Root Fixup: 0.0 ms]
   [Code Root Purge: 0.0 ms]
   [Clear CT: 0.1 ms]
   [Other: 0.6 ms]
      [Choose CSet: 0.0 ms]
      [Ref Proc: 0.1 ms]
      [Ref Enq: 0.0 ms]
      [Redirty Cards: 0.1 ms]
      [Humongous Register: 0.1 ms]
      [Humongous Reclaim: 0.0 ms]
      [Free CSet: 0.1 ms]
   [Eden: 16384.0K(16384.0K)->0.0B(47104.0K) Survivors: 35840.0K->5120.0K Heap: 621.1M(1024.0M)->533.8M(1024.0M)]
 [Times: user=0.08 sys=0.01, real=0.01 secs] 
1.145: [GC pause (G1 Evacuation Pause) (mixed), 0.0048914 secs]
   [Parallel Time: 4.2 ms, GC Workers: 8]
      [GC Worker Start (ms): Min: 1145.5, Avg: 1145.5, Max: 1145.6, Diff: 0.1]
      [Ext Root Scanning (ms): Min: 0.1, Avg: 0.1, Max: 0.2, Diff: 0.1, Sum: 1.1]
      [Update RS (ms): Min: 0.7, Avg: 1.1, Max: 3.9, Diff: 3.3, Sum: 8.9]
         [Processed Buffers: Min: 1, Avg: 7.8, Max: 10, Diff: 9, Sum: 62]
      [Scan RS (ms): Min: 0.0, Avg: 0.0, Max: 0.0, Diff: 0.0, Sum: 0.1]
      [Code Root Scanning (ms): Min: 0.0, Avg: 0.0, Max: 0.0, Diff: 0.0, Sum: 0.0]
      [Object Copy (ms): Min: 0.0, Avg: 2.8, Max: 3.2, Diff: 3.2, Sum: 22.0]
      [Termination (ms): Min: 0.0, Avg: 0.1, Max: 0.1, Diff: 0.1, Sum: 0.6]
         [Termination Attempts: Min: 1, Avg: 1.0, Max: 1, Diff: 0, Sum: 8]
      [GC Worker Other (ms): Min: 0.0, Avg: 0.0, Max: 0.0, Diff: 0.0, Sum: 0.1]
      [GC Worker Total (ms): Min: 4.0, Avg: 4.1, Max: 4.1, Diff: 0.1, Sum: 32.8]
      [GC Worker End (ms): Min: 1149.6, Avg: 1149.6, Max: 1149.6, Diff: 0.0]
   [Code Root Fixup: 0.0 ms]
   [Code Root Purge: 0.0 ms]
   [Clear CT: 0.1 ms]
   [Other: 0.6 ms]
      [Choose CSet: 0.0 ms]
      [Ref Proc: 0.1 ms]
      [Ref Enq: 0.0 ms]
      [Redirty Cards: 0.1 ms]
      [Humongous Register: 0.1 ms]
      [Humongous Reclaim: 0.1 ms]
      [Free CSet: 0.1 ms]
   [Eden: 47104.0K(47104.0K)->0.0B(241.0M) Survivors: 5120.0K->7168.0K Heap: 593.2M(1024.0M)->540.5M(1024.0M)]
 [Times: user=0.00 sys=0.00, real=0.00 secs] 
1.151: [GC pause (G1 Humongous Allocation) (young) (initial-mark), 0.0016832 secs]
   [Parallel Time: 1.2 ms, GC Workers: 8]
      [GC Worker Start (ms): Min: 1151.3, Avg: 1151.4, Max: 1151.4, Diff: 0.0]
      [Ext Root Scanning (ms): Min: 0.1, Avg: 0.1, Max: 0.1, Diff: 0.0, Sum: 1.0]
      [Update RS (ms): Min: 0.0, Avg: 0.2, Max: 0.4, Diff: 0.4, Sum: 1.2]
         [Processed Buffers: Min: 1, Avg: 1.0, Max: 1, Diff: 0, Sum: 8]
      [Scan RS (ms): Min: 0.0, Avg: 0.0, Max: 0.0, Diff: 0.0, Sum: 0.0]
      [Code Root Scanning (ms): Min: 0.0, Avg: 0.0, Max: 0.0, Diff: 0.0, Sum: 0.0]
      [Object Copy (ms): Min: 0.5, Avg: 0.7, Max: 0.9, Diff: 0.4, Sum: 5.8]
      [Termination (ms): Min: 0.0, Avg: 0.1, Max: 0.1, Diff: 0.1, Sum: 0.5]
         [Termination Attempts: Min: 1, Avg: 1.0, Max: 1, Diff: 0, Sum: 8]
      [GC Worker Other (ms): Min: 0.0, Avg: 0.0, Max: 0.0, Diff: 0.0, Sum: 0.1]
      [GC Worker Total (ms): Min: 1.0, Avg: 1.1, Max: 1.1, Diff: 0.0, Sum: 8.6]
      [GC Worker End (ms): Min: 1152.4, Avg: 1152.4, Max: 1152.4, Diff: 0.0]
   [Code Root Fixup: 0.0 ms]
   [Code Root Purge: 0.0 ms]
   [Clear CT: 0.1 ms]
   [Other: 0.4 ms]
      [Choose CSet: 0.0 ms]
      [Ref Proc: 0.1 ms]
      [Ref Enq: 0.0 ms]
      [Redirty Cards: 0.1 ms]
      [Humongous Register: 0.1 ms]
      [Humongous Reclaim: 0.0 ms]
      [Free CSet: 0.0 ms]
   [Eden: 3072.0K(241.0M)->0.0B(232.0M) Survivors: 7168.0K->9216.0K Heap: 542.6M(1024.0M)->541.9M(1024.0M)]
 [Times: user=0.00 sys=0.00, real=0.00 secs] 
1.153: [GC concurrent-root-region-scan-start]
1.153: [GC concurrent-root-region-scan-end, 0.0001337 secs]
1.153: [GC concurrent-mark-start]
1.155: [GC concurrent-mark-end, 0.0017859 secs]
1.155: [GC remark 1.155: [Finalize Marking, 0.0002122 secs] 1.155: [GC ref-proc, 0.0000914 secs] 1.156: [Unloading, 0.0004885 secs], 0.0017564 secs]
 [Times: user=0.00 sys=0.00, real=0.00 secs] 
1.157: [GC cleanup 556M->549M(1024M), 0.0004609 secs]
 [Times: user=0.00 sys=0.00, real=0.00 secs] 
1.158: [GC concurrent-cleanup-start]
1.158: [GC concurrent-cleanup-end, 0.0000350 secs]
1.198: [GC pause (G1 Evacuation Pause) (young), 0.0097163 secs]
   [Parallel Time: 8.8 ms, GC Workers: 8]
      [GC Worker Start (ms): Min: 1197.8, Avg: 1197.8, Max: 1197.8, Diff: 0.1]
      [Ext Root Scanning (ms): Min: 0.1, Avg: 0.1, Max: 0.1, Diff: 0.0, Sum: 1.0]
      [Update RS (ms): Min: 0.6, Avg: 0.7, Max: 0.7, Diff: 0.0, Sum: 5.2]
         [Processed Buffers: Min: 3, Avg: 8.1, Max: 10, Diff: 7, Sum: 65]
      [Scan RS (ms): Min: 0.0, Avg: 0.0, Max: 0.0, Diff: 0.0, Sum: 0.2]
      [Code Root Scanning (ms): Min: 0.0, Avg: 0.0, Max: 0.0, Diff: 0.0, Sum: 0.0]
      [Object Copy (ms): Min: 7.9, Avg: 7.9, Max: 8.0, Diff: 0.1, Sum: 63.6]
      [Termination (ms): Min: 0.0, Avg: 0.0, Max: 0.1, Diff: 0.1, Sum: 0.4]
         [Termination Attempts: Min: 1, Avg: 1.8, Max: 3, Diff: 2, Sum: 14]
      [GC Worker Other (ms): Min: 0.0, Avg: 0.0, Max: 0.0, Diff: 0.0, Sum: 0.1]
      [GC Worker Total (ms): Min: 8.8, Avg: 8.8, Max: 8.8, Diff: 0.1, Sum: 70.4]
      [GC Worker End (ms): Min: 1206.6, Avg: 1206.6, Max: 1206.6, Diff: 0.0]
   [Code Root Fixup: 0.0 ms]
   [Code Root Purge: 0.0 ms]
   [Clear CT: 0.1 ms]
   [Other: 0.8 ms]
      [Choose CSet: 0.0 ms]
      [Ref Proc: 0.1 ms]
      [Ref Enq: 0.0 ms]
      [Redirty Cards: 0.1 ms]
      [Humongous Register: 0.1 ms]
      [Humongous Reclaim: 0.2 ms]
      [Free CSet: 0.1 ms]
   [Eden: 232.0M(232.0M)->0.0B(20480.0K) Survivors: 9216.0K->31744.0K Heap: 825.8M(1024.0M)->586.3M(1024.0M)]
 [Times: user=0.03 sys=0.02, real=0.01 secs] 
1.212: [GC pause (G1 Evacuation Pause) (mixed), 0.0083113 secs]
   [Parallel Time: 7.5 ms, GC Workers: 8]
      [GC Worker Start (ms): Min: 1212.0, Avg: 1212.1, Max: 1212.5, Diff: 0.4]
      [Ext Root Scanning (ms): Min: 0.0, Avg: 0.1, Max: 0.2, Diff: 0.1, Sum: 0.9]
      [Update RS (ms): Min: 0.3, Avg: 0.5, Max: 0.6, Diff: 0.3, Sum: 4.1]
         [Processed Buffers: Min: 4, Avg: 7.0, Max: 8, Diff: 4, Sum: 56]
      [Scan RS (ms): Min: 0.0, Avg: 0.0, Max: 0.1, Diff: 0.0, Sum: 0.3]
      [Code Root Scanning (ms): Min: 0.0, Avg: 0.0, Max: 0.0, Diff: 0.0, Sum: 0.0]
      [Object Copy (ms): Min: 6.6, Avg: 6.6, Max: 6.7, Diff: 0.1, Sum: 53.0]
      [Termination (ms): Min: 0.0, Avg: 0.1, Max: 0.1, Diff: 0.1, Sum: 0.4]
         [Termination Attempts: Min: 1, Avg: 1.0, Max: 1, Diff: 0, Sum: 8]
      [GC Worker Other (ms): Min: 0.0, Avg: 0.0, Max: 0.1, Diff: 0.1, Sum: 0.2]
      [GC Worker Total (ms): Min: 7.0, Avg: 7.4, Max: 7.5, Diff: 0.4, Sum: 59.0]
      [GC Worker End (ms): Min: 1219.5, Avg: 1219.5, Max: 1219.5, Diff: 0.0]
   [Code Root Fixup: 0.0 ms]
   [Code Root Purge: 0.0 ms]
   [Clear CT: 0.1 ms]
   [Other: 0.7 ms]
      [Choose CSet: 0.1 ms]
      [Ref Proc: 0.1 ms]
      [Ref Enq: 0.0 ms]
      [Redirty Cards: 0.1 ms]
      [Humongous Register: 0.2 ms]
      [Humongous Reclaim: 0.0 ms]
      [Free CSet: 0.2 ms]
   [Eden: 20480.0K(20480.0K)->0.0B(45056.0K) Survivors: 31744.0K->7168.0K Heap: 612.1M(1024.0M)->513.3M(1024.0M)]
 [Times: user=0.00 sys=0.00, real=0.01 secs] 
1.229: [GC pause (G1 Evacuation Pause) (mixed), 0.0073324 secs]
   [Parallel Time: 6.6 ms, GC Workers: 8]
      [GC Worker Start (ms): Min: 1229.1, Avg: 1229.1, Max: 1229.1, Diff: 0.0]
      [Ext Root Scanning (ms): Min: 0.1, Avg: 0.1, Max: 0.2, Diff: 0.1, Sum: 1.0]
      [Update RS (ms): Min: 0.7, Avg: 0.7, Max: 0.7, Diff: 0.0, Sum: 5.5]
         [Processed Buffers: Min: 4, Avg: 8.5, Max: 10, Diff: 6, Sum: 68]
      [Scan RS (ms): Min: 0.0, Avg: 0.0, Max: 0.1, Diff: 0.0, Sum: 0.3]
      [Code Root Scanning (ms): Min: 0.0, Avg: 0.0, Max: 0.0, Diff: 0.0, Sum: 0.0]
      [Object Copy (ms): Min: 5.6, Avg: 5.6, Max: 5.6, Diff: 0.1, Sum: 44.8]
      [Termination (ms): Min: 0.0, Avg: 0.0, Max: 0.1, Diff: 0.1, Sum: 0.3]
         [Termination Attempts: Min: 1, Avg: 1.1, Max: 2, Diff: 1, Sum: 9]
      [GC Worker Other (ms): Min: 0.0, Avg: 0.0, Max: 0.0, Diff: 0.0, Sum: 0.1]
      [GC Worker Total (ms): Min: 6.5, Avg: 6.5, Max: 6.5, Diff: 0.0, Sum: 52.0]
      [GC Worker End (ms): Min: 1235.6, Avg: 1235.6, Max: 1235.6, Diff: 0.0]
   [Code Root Fixup: 0.0 ms]
   [Code Root Purge: 0.0 ms]
   [Clear CT: 0.1 ms]
   [Other: 0.6 ms]
      [Choose CSet: 0.0 ms]
      [Ref Proc: 0.1 ms]
      [Ref Enq: 0.0 ms]
      [Redirty Cards: 0.1 ms]
      [Humongous Register: 0.1 ms]
      [Humongous Reclaim: 0.1 ms]
      [Free CSet: 0.1 ms]
   [Eden: 45056.0K(45056.0K)->0.0B(203.0M) Survivors: 7168.0K->7168.0K Heap: 571.8M(1024.0M)->484.8M(1024.0M)]
 [Times: user=0.00 sys=0.00, real=0.01 secs] 
1.237: [GC pause (G1 Humongous Allocation) (young) (initial-mark), 0.0014687 secs]
   [Parallel Time: 1.0 ms, GC Workers: 8]
      [GC Worker Start (ms): Min: 1237.0, Avg: 1237.0, Max: 1237.0, Diff: 0.0]
      [Ext Root Scanning (ms): Min: 0.1, Avg: 0.1, Max: 0.1, Diff: 0.0, Sum: 1.0]
      [Update RS (ms): Min: 0.1, Avg: 0.1, Max: 0.2, Diff: 0.1, Sum: 0.7]
         [Processed Buffers: Min: 1, Avg: 1.1, Max: 2, Diff: 1, Sum: 9]
      [Scan RS (ms): Min: 0.0, Avg: 0.0, Max: 0.0, Diff: 0.0, Sum: 0.0]
      [Code Root Scanning (ms): Min: 0.0, Avg: 0.0, Max: 0.0, Diff: 0.0, Sum: 0.0]
      [Object Copy (ms): Min: 0.6, Avg: 0.7, Max: 0.8, Diff: 0.1, Sum: 5.6]
      [Termination (ms): Min: 0.0, Avg: 0.0, Max: 0.1, Diff: 0.1, Sum: 0.3]
         [Termination Attempts: Min: 1, Avg: 1.0, Max: 1, Diff: 0, Sum: 8]
      [GC Worker Other (ms): Min: 0.0, Avg: 0.0, Max: 0.0, Diff: 0.0, Sum: 0.1]
      [GC Worker Total (ms): Min: 0.9, Avg: 1.0, Max: 1.0, Diff: 0.0, Sum: 7.7]
      [GC Worker End (ms): Min: 1237.9, Avg: 1237.9, Max: 1237.9, Diff: 0.0]
   [Code Root Fixup: 0.0 ms]
   [Code Root Purge: 0.0 ms]
   [Clear CT: 0.1 ms]
   [Other: 0.4 ms]
      [Choose CSet: 0.0 ms]
      [Ref Proc: 0.1 ms]
      [Ref Enq: 0.0 ms]
      [Redirty Cards: 0.1 ms]
      [Humongous Register: 0.1 ms]
      [Humongous Reclaim: 0.0 ms]
      [Free CSet: 0.0 ms]
   [Eden: 1024.0K(203.0M)->0.0B(296.0M) Survivors: 7168.0K->8192.0K Heap: 485.8M(1024.0M)->485.2M(1024.0M)]
 [Times: user=0.13 sys=0.00, real=0.00 secs] 
1.239: [GC concurrent-root-region-scan-start]
1.239: [GC concurrent-root-region-scan-end, 0.0001123 secs]
1.239: [GC concurrent-mark-start]
1.240: [GC concurrent-mark-end, 0.0015680 secs]
1.240: [GC remark 1.240: [Finalize Marking, 0.0000928 secs] 1.241: [GC ref-proc, 0.0000995 secs] 1.241: [Unloading, 0.0004408 secs], 0.0017161 secs]
 [Times: user=0.00 sys=0.00, real=0.00 secs] 
1.242: [GC cleanup 497M->495M(1024M), 0.0005859 secs]
 [Times: user=0.00 sys=0.00, real=0.00 secs] 
1.243: [GC concurrent-cleanup-start]
1.243: [GC concurrent-cleanup-end, 0.0000459 secs]
1.300: [GC pause (G1 Evacuation Pause) (young) (to-space exhausted), 0.0093571 secs]
   [Parallel Time: 8.2 ms, GC Workers: 8]
      [GC Worker Start (ms): Min: 1300.1, Avg: 1300.1, Max: 1300.1, Diff: 0.0]
      [Ext Root Scanning (ms): Min: 0.1, Avg: 0.1, Max: 0.1, Diff: 0.0, Sum: 1.0]
      [Update RS (ms): Min: 1.1, Avg: 1.3, Max: 2.0, Diff: 0.9, Sum: 10.2]
         [Processed Buffers: Min: 2, Avg: 11.1, Max: 18, Diff: 16, Sum: 89]
      [Scan RS (ms): Min: 0.0, Avg: 0.0, Max: 0.1, Diff: 0.0, Sum: 0.3]
      [Code Root Scanning (ms): Min: 0.0, Avg: 0.0, Max: 0.0, Diff: 0.0, Sum: 0.0]
      [Object Copy (ms): Min: 6.0, Avg: 6.7, Max: 6.8, Diff: 0.9, Sum: 53.5]
      [Termination (ms): Min: 0.0, Avg: 0.0, Max: 0.1, Diff: 0.1, Sum: 0.2]
         [Termination Attempts: Min: 1, Avg: 1.0, Max: 1, Diff: 0, Sum: 8]
      [GC Worker Other (ms): Min: 0.0, Avg: 0.0, Max: 0.0, Diff: 0.0, Sum: 0.1]
      [GC Worker Total (ms): Min: 8.1, Avg: 8.2, Max: 8.2, Diff: 0.1, Sum: 65.3]
      [GC Worker End (ms): Min: 1308.3, Avg: 1308.3, Max: 1308.3, Diff: 0.0]
   [Code Root Fixup: 0.0 ms]
   [Code Root Purge: 0.0 ms]
   [Clear CT: 0.2 ms]
   [Other: 1.0 ms]
      [Evacuation Failure: 0.3 ms]
      [Choose CSet: 0.0 ms]
      [Ref Proc: 0.1 ms]
      [Ref Enq: 0.0 ms]
      [Redirty Cards: 0.1 ms]
      [Humongous Register: 0.1 ms]
      [Humongous Reclaim: 0.1 ms]
      [Free CSet: 0.1 ms]
   [Eden: 296.0M(296.0M)->0.0B(13312.0K) Survivors: 8192.0K->38912.0K Heap: 861.0M(1024.0M)->656.8M(1024.0M)]
 [Times: user=0.00 sys=0.01, real=0.01 secs] 
1.312: [GC pause (G1 Evacuation Pause) (mixed), 0.0099818 secs]
   [Parallel Time: 9.2 ms, GC Workers: 8]
      [GC Worker Start (ms): Min: 1312.1, Avg: 1312.1, Max: 1312.2, Diff: 0.1]
      [Ext Root Scanning (ms): Min: 0.1, Avg: 0.1, Max: 0.2, Diff: 0.1, Sum: 1.0]
      [Update RS (ms): Min: 0.1, Avg: 0.1, Max: 0.2, Diff: 0.1, Sum: 0.9]
         [Processed Buffers: Min: 1, Avg: 2.8, Max: 5, Diff: 4, Sum: 22]
      [Scan RS (ms): Min: 0.0, Avg: 0.1, Max: 0.1, Diff: 0.1, Sum: 0.6]
      [Code Root Scanning (ms): Min: 0.0, Avg: 0.0, Max: 0.0, Diff: 0.0, Sum: 0.1]
      [Object Copy (ms): Min: 8.7, Avg: 8.7, Max: 8.8, Diff: 0.1, Sum: 69.9]
      [Termination (ms): Min: 0.0, Avg: 0.1, Max: 0.1, Diff: 0.1, Sum: 0.5]
         [Termination Attempts: Min: 1, Avg: 1.0, Max: 1, Diff: 0, Sum: 8]
      [GC Worker Other (ms): Min: 0.0, Avg: 0.0, Max: 0.0, Diff: 0.0, Sum: 0.0]
      [GC Worker Total (ms): Min: 9.1, Avg: 9.1, Max: 9.2, Diff: 0.1, Sum: 73.0]
      [GC Worker End (ms): Min: 1321.3, Avg: 1321.3, Max: 1321.3, Diff: 0.0]
   [Code Root Fixup: 0.0 ms]
   [Code Root Purge: 0.0 ms]
   [Clear CT: 0.1 ms]
   [Other: 0.6 ms]
      [Choose CSet: 0.0 ms]
      [Ref Proc: 0.1 ms]
      [Ref Enq: 0.0 ms]
      [Redirty Cards: 0.1 ms]
      [Humongous Register: 0.1 ms]
      [Humongous Reclaim: 0.0 ms]
      [Free CSet: 0.2 ms]
   [Eden: 13312.0K(13312.0K)->0.0B(46080.0K) Survivors: 38912.0K->6144.0K Heap: 671.2M(1024.0M)->587.5M(1024.0M)]
 [Times: user=0.11 sys=0.00, real=0.01 secs] 
1.330: [GC pause (G1 Evacuation Pause) (mixed), 0.0045295 secs]
   [Parallel Time: 3.6 ms, GC Workers: 8]
      [GC Worker Start (ms): Min: 1330.4, Avg: 1330.5, Max: 1330.6, Diff: 0.2]
      [Ext Root Scanning (ms): Min: 0.0, Avg: 0.1, Max: 0.2, Diff: 0.2, Sum: 0.7]
      [Update RS (ms): Min: 1.1, Avg: 1.2, Max: 1.2, Diff: 0.1, Sum: 9.3]
         [Processed Buffers: Min: 10, Avg: 13.5, Max: 16, Diff: 6, Sum: 108]
      [Scan RS (ms): Min: 0.0, Avg: 0.0, Max: 0.0, Diff: 0.0, Sum: 0.1]
      [Code Root Scanning (ms): Min: 0.0, Avg: 0.0, Max: 0.0, Diff: 0.0, Sum: 0.0]
      [Object Copy (ms): Min: 2.0, Avg: 2.1, Max: 2.2, Diff: 0.1, Sum: 16.8]
      [Termination (ms): Min: 0.0, Avg: 0.1, Max: 0.1, Diff: 0.1, Sum: 0.5]
         [Termination Attempts: Min: 1, Avg: 1.4, Max: 2, Diff: 1, Sum: 11]
      [GC Worker Other (ms): Min: 0.0, Avg: 0.0, Max: 0.0, Diff: 0.0, Sum: 0.1]
      [GC Worker Total (ms): Min: 3.4, Avg: 3.4, Max: 3.5, Diff: 0.2, Sum: 27.4]
      [GC Worker End (ms): Min: 1333.9, Avg: 1333.9, Max: 1333.9, Diff: 0.0]
   [Code Root Fixup: 0.0 ms]
   [Code Root Purge: 0.0 ms]
   [Clear CT: 0.4 ms]
   [Other: 0.6 ms]
      [Choose CSet: 0.0 ms]
      [Ref Proc: 0.2 ms]
      [Ref Enq: 0.0 ms]
      [Redirty Cards: 0.2 ms]
      [Humongous Register: 0.1 ms]
      [Humongous Reclaim: 0.0 ms]
      [Free CSet: 0.0 ms]
   [Eden: 46080.0K(46080.0K)->0.0B(213.0M) Survivors: 6144.0K->7168.0K Heap: 644.8M(1024.0M)->595.9M(1024.0M)]
 [Times: user=0.13 sys=0.00, real=0.00 secs] 
1.335: [GC pause (G1 Humongous Allocation) (young) (initial-mark), 0.0016009 secs]
   [Parallel Time: 1.1 ms, GC Workers: 8]
      [GC Worker Start (ms): Min: 1335.6, Avg: 1335.6, Max: 1335.7, Diff: 0.1]
      [Ext Root Scanning (ms): Min: 0.1, Avg: 0.1, Max: 0.2, Diff: 0.1, Sum: 0.9]
      [Update RS (ms): Min: 0.0, Avg: 0.1, Max: 0.1, Diff: 0.1, Sum: 0.6]
         [Processed Buffers: Min: 1, Avg: 1.1, Max: 2, Diff: 1, Sum: 9]
      [Scan RS (ms): Min: 0.0, Avg: 0.0, Max: 0.0, Diff: 0.0, Sum: 0.0]
      [Code Root Scanning (ms): Min: 0.0, Avg: 0.0, Max: 0.0, Diff: 0.0, Sum: 0.0]
      [Object Copy (ms): Min: 0.7, Avg: 0.7, Max: 0.9, Diff: 0.2, Sum: 5.9]
      [Termination (ms): Min: 0.0, Avg: 0.1, Max: 0.1, Diff: 0.1, Sum: 0.4]
         [Termination Attempts: Min: 1, Avg: 1.0, Max: 1, Diff: 0, Sum: 8]
      [GC Worker Other (ms): Min: 0.0, Avg: 0.0, Max: 0.0, Diff: 0.0, Sum: 0.1]
      [GC Worker Total (ms): Min: 1.0, Avg: 1.0, Max: 1.1, Diff: 0.1, Sum: 8.0]
      [GC Worker End (ms): Min: 1336.6, Avg: 1336.6, Max: 1336.6, Diff: 0.0]
   [Code Root Fixup: 0.0 ms]
   [Code Root Purge: 0.0 ms]
   [Clear CT: 0.1 ms]
   [Other: 0.4 ms]
      [Choose CSet: 0.0 ms]
      [Ref Proc: 0.1 ms]
      [Ref Enq: 0.0 ms]
      [Redirty Cards: 0.1 ms]
      [Humongous Register: 0.1 ms]
      [Humongous Reclaim: 0.0 ms]
      [Free CSet: 0.0 ms]
   [Eden: 1024.0K(213.0M)->0.0B(206.0M) Survivors: 7168.0K->8192.0K Heap: 596.7M(1024.0M)->595.8M(1024.0M)]
 [Times: user=0.00 sys=0.00, real=0.00 secs] 
1.337: [GC concurrent-root-region-scan-start]
1.337: [GC concurrent-root-region-scan-end, 0.0001333 secs]
1.337: [GC concurrent-mark-start]
1.339: [GC concurrent-mark-end, 0.0015311 secs]
1.339: [GC remark 1.339: [Finalize Marking, 0.0002142 secs] 1.339: [GC ref-proc, 0.0000925 secs] 1.339: [Unloading, 0.0004650 secs], 0.0018009 secs]
 [Times: user=0.00 sys=0.00, real=0.00 secs] 
1.341: [GC cleanup 609M->600M(1024M), 0.0007282 secs]
 [Times: user=0.00 sys=0.00, real=0.00 secs] 
1.342: [GC concurrent-cleanup-start]
1.342: [GC concurrent-cleanup-end, 0.0000414 secs]
1.380: [GC pause (G1 Evacuation Pause) (young), 0.0098073 secs]
   [Parallel Time: 9.0 ms, GC Workers: 8]
      [GC Worker Start (ms): Min: 1380.2, Avg: 1380.4, Max: 1381.1, Diff: 0.9]
      [Ext Root Scanning (ms): Min: 0.0, Avg: 0.1, Max: 0.2, Diff: 0.2, Sum: 0.8]
      [Update RS (ms): Min: 0.4, Avg: 1.0, Max: 1.3, Diff: 0.9, Sum: 8.1]
         [Processed Buffers: Min: 6, Avg: 12.0, Max: 14, Diff: 8, Sum: 96]
      [Scan RS (ms): Min: 0.0, Avg: 0.0, Max: 0.0, Diff: 0.0, Sum: 0.2]
      [Code Root Scanning (ms): Min: 0.0, Avg: 0.0, Max: 0.0, Diff: 0.0, Sum: 0.0]
      [Object Copy (ms): Min: 7.4, Avg: 7.6, Max: 7.7, Diff: 0.2, Sum: 60.6]
      [Termination (ms): Min: 0.0, Avg: 0.0, Max: 0.1, Diff: 0.1, Sum: 0.3]
         [Termination Attempts: Min: 1, Avg: 1.3, Max: 3, Diff: 2, Sum: 10]
      [GC Worker Other (ms): Min: 0.0, Avg: 0.0, Max: 0.0, Diff: 0.0, Sum: 0.1]
      [GC Worker Total (ms): Min: 8.1, Avg: 8.8, Max: 9.0, Diff: 0.9, Sum: 70.1]
      [GC Worker End (ms): Min: 1389.2, Avg: 1389.2, Max: 1389.2, Diff: 0.0]
   [Code Root Fixup: 0.0 ms]
   [Code Root Purge: 0.0 ms]
   [Clear CT: 0.1 ms]
   [Other: 0.7 ms]
      [Choose CSet: 0.0 ms]
      [Ref Proc: 0.1 ms]
      [Ref Enq: 0.0 ms]
      [Redirty Cards: 0.1 ms]
      [Humongous Register: 0.1 ms]
      [Humongous Reclaim: 0.1 ms]
      [Free CSet: 0.1 ms]
   [Eden: 206.0M(206.0M)->0.0B(24576.0K) Survivors: 8192.0K->27648.0K Heap: 848.8M(1024.0M)->649.3M(1024.0M)]
 [Times: user=0.00 sys=0.00, real=0.01 secs] 
1.395: [GC pause (G1 Evacuation Pause) (mixed), 0.0070042 secs]
   [Parallel Time: 6.2 ms, GC Workers: 8]
      [GC Worker Start (ms): Min: 1394.9, Avg: 1394.9, Max: 1395.1, Diff: 0.2]
      [Ext Root Scanning (ms): Min: 0.0, Avg: 0.1, Max: 0.2, Diff: 0.2, Sum: 1.0]
      [Update RS (ms): Min: 1.0, Avg: 1.0, Max: 1.1, Diff: 0.2, Sum: 8.3]
         [Processed Buffers: Min: 1, Avg: 11.1, Max: 15, Diff: 14, Sum: 89]
      [Scan RS (ms): Min: 0.0, Avg: 0.0, Max: 0.1, Diff: 0.0, Sum: 0.2]
      [Code Root Scanning (ms): Min: 0.0, Avg: 0.0, Max: 0.0, Diff: 0.0, Sum: 0.0]
      [Object Copy (ms): Min: 4.8, Avg: 4.8, Max: 4.9, Diff: 0.1, Sum: 38.6]
      [Termination (ms): Min: 0.0, Avg: 0.1, Max: 0.1, Diff: 0.1, Sum: 0.4]
         [Termination Attempts: Min: 1, Avg: 1.1, Max: 2, Diff: 1, Sum: 9]
      [GC Worker Other (ms): Min: 0.0, Avg: 0.0, Max: 0.0, Diff: 0.0, Sum: 0.1]
      [GC Worker Total (ms): Min: 5.9, Avg: 6.1, Max: 6.1, Diff: 0.2, Sum: 48.6]
      [GC Worker End (ms): Min: 1401.0, Avg: 1401.0, Max: 1401.0, Diff: 0.0]
   [Code Root Fixup: 0.0 ms]
   [Code Root Purge: 0.0 ms]
   [Clear CT: 0.1 ms]
   [Other: 0.7 ms]
      [Choose CSet: 0.1 ms]
      [Ref Proc: 0.1 ms]
      [Ref Enq: 0.0 ms]
      [Redirty Cards: 0.1 ms]
      [Humongous Register: 0.1 ms]
      [Humongous Reclaim: 0.0 ms]
      [Free CSet: 0.1 ms]
   [Eden: 24576.0K(24576.0K)->0.0B(45056.0K) Survivors: 27648.0K->7168.0K Heap: 683.2M(1024.0M)->564.2M(1024.0M)]
 [Times: user=0.00 sys=0.00, real=0.01 secs] 
1.411: [GC pause (G1 Evacuation Pause) (mixed), 0.0078629 secs]
   [Parallel Time: 7.2 ms, GC Workers: 8]
      [GC Worker Start (ms): Min: 1410.9, Avg: 1410.9, Max: 1410.9, Diff: 0.1]
      [Ext Root Scanning (ms): Min: 0.1, Avg: 0.1, Max: 0.1, Diff: 0.0, Sum: 1.0]
      [Update RS (ms): Min: 1.2, Avg: 1.2, Max: 1.2, Diff: 0.1, Sum: 9.5]
         [Processed Buffers: Min: 13, Avg: 14.9, Max: 16, Diff: 3, Sum: 119]
      [Scan RS (ms): Min: 0.0, Avg: 0.0, Max: 0.1, Diff: 0.0, Sum: 0.3]
      [Code Root Scanning (ms): Min: 0.0, Avg: 0.0, Max: 0.0, Diff: 0.0, Sum: 0.0]
      [Object Copy (ms): Min: 5.6, Avg: 5.7, Max: 5.7, Diff: 0.2, Sum: 45.4]
      [Termination (ms): Min: 0.0, Avg: 0.1, Max: 0.1, Diff: 0.1, Sum: 0.6]
         [Termination Attempts: Min: 1, Avg: 1.1, Max: 2, Diff: 1, Sum: 9]
      [GC Worker Other (ms): Min: 0.0, Avg: 0.0, Max: 0.0, Diff: 0.0, Sum: 0.1]
      [GC Worker Total (ms): Min: 7.1, Avg: 7.1, Max: 7.1, Diff: 0.1, Sum: 56.9]
      [GC Worker End (ms): Min: 1418.0, Avg: 1418.0, Max: 1418.0, Diff: 0.0]
   [Code Root Fixup: 0.0 ms]
   [Code Root Purge: 0.0 ms]
   [Clear CT: 0.1 ms]
   [Other: 0.6 ms]
      [Choose CSet: 0.0 ms]
      [Ref Proc: 0.1 ms]
      [Ref Enq: 0.0 ms]
      [Redirty Cards: 0.1 ms]
      [Humongous Register: 0.1 ms]
      [Humongous Reclaim: 0.0 ms]
      [Free CSet: 0.1 ms]
   [Eden: 45056.0K(45056.0K)->0.0B(45056.0K) Survivors: 7168.0K->7168.0K Heap: 628.1M(1024.0M)->511.8M(1024.0M)]
 [Times: user=0.00 sys=0.00, real=0.01 secs] 
1.427: [GC pause (G1 Evacuation Pause) (mixed), 0.0060559 secs]
   [Parallel Time: 5.4 ms, GC Workers: 8]
      [GC Worker Start (ms): Min: 1426.9, Avg: 1426.9, Max: 1427.0, Diff: 0.1]
      [Ext Root Scanning (ms): Min: 0.1, Avg: 0.1, Max: 0.2, Diff: 0.1, Sum: 1.0]
      [Update RS (ms): Min: 1.0, Avg: 1.0, Max: 1.1, Diff: 0.1, Sum: 8.3]
         [Processed Buffers: Min: 11, Avg: 12.9, Max: 14, Diff: 3, Sum: 103]
      [Scan RS (ms): Min: 0.0, Avg: 0.0, Max: 0.1, Diff: 0.1, Sum: 0.2]
      [Code Root Scanning (ms): Min: 0.0, Avg: 0.0, Max: 0.0, Diff: 0.0, Sum: 0.0]
      [Object Copy (ms): Min: 4.0, Avg: 4.0, Max: 4.0, Diff: 0.1, Sum: 31.9]
      [Termination (ms): Min: 0.0, Avg: 0.1, Max: 0.1, Diff: 0.1, Sum: 0.6]
         [Termination Attempts: Min: 1, Avg: 2.1, Max: 4, Diff: 3, Sum: 17]
      [GC Worker Other (ms): Min: 0.0, Avg: 0.0, Max: 0.0, Diff: 0.0, Sum: 0.1]
      [GC Worker Total (ms): Min: 5.2, Avg: 5.3, Max: 5.3, Diff: 0.0, Sum: 42.1]
      [GC Worker End (ms): Min: 1432.2, Avg: 1432.2, Max: 1432.2, Diff: 0.0]
   [Code Root Fixup: 0.0 ms]
   [Code Root Purge: 0.0 ms]
   [Clear CT: 0.1 ms]
   [Other: 0.6 ms]
      [Choose CSet: 0.0 ms]
      [Ref Proc: 0.1 ms]
      [Ref Enq: 0.0 ms]
      [Redirty Cards: 0.2 ms]
      [Humongous Register: 0.1 ms]
      [Humongous Reclaim: 0.0 ms]
      [Free CSet: 0.1 ms]
   [Eden: 45056.0K(45056.0K)->0.0B(275.0M) Survivors: 7168.0K->7168.0K Heap: 567.4M(1024.0M)->502.9M(1024.0M)]
 [Times: user=0.00 sys=0.00, real=0.01 secs] 
1.434: [GC pause (G1 Humongous Allocation) (young) (initial-mark), 0.0020075 secs]
   [Parallel Time: 1.2 ms, GC Workers: 8]
      [GC Worker Start (ms): Min: 1433.8, Avg: 1433.8, Max: 1433.9, Diff: 0.1]
      [Ext Root Scanning (ms): Min: 0.1, Avg: 0.1, Max: 0.2, Diff: 0.1, Sum: 0.9]
      [Update RS (ms): Min: 0.1, Avg: 0.1, Max: 0.2, Diff: 0.1, Sum: 0.7]
         [Processed Buffers: Min: 1, Avg: 1.1, Max: 2, Diff: 1, Sum: 9]
      [Scan RS (ms): Min: 0.0, Avg: 0.0, Max: 0.0, Diff: 0.0, Sum: 0.0]
      [Code Root Scanning (ms): Min: 0.0, Avg: 0.0, Max: 0.0, Diff: 0.0, Sum: 0.0]
      [Object Copy (ms): Min: 0.8, Avg: 0.9, Max: 1.0, Diff: 0.2, Sum: 7.1]
      [Termination (ms): Min: 0.0, Avg: 0.1, Max: 0.2, Diff: 0.2, Sum: 0.4]
         [Termination Attempts: Min: 1, Avg: 1.0, Max: 1, Diff: 0, Sum: 8]
      [GC Worker Other (ms): Min: 0.0, Avg: 0.0, Max: 0.0, Diff: 0.0, Sum: 0.1]
      [GC Worker Total (ms): Min: 1.1, Avg: 1.1, Max: 1.2, Diff: 0.1, Sum: 9.2]
      [GC Worker End (ms): Min: 1435.0, Avg: 1435.0, Max: 1435.0, Diff: 0.0]
   [Code Root Fixup: 0.0 ms]
   [Code Root Purge: 0.0 ms]
   [Clear CT: 0.2 ms]
   [Other: 0.5 ms]
      [Choose CSet: 0.0 ms]
      [Ref Proc: 0.1 ms]
      [Ref Enq: 0.0 ms]
      [Redirty Cards: 0.1 ms]
      [Humongous Register: 0.1 ms]
      [Humongous Reclaim: 0.0 ms]
      [Free CSet: 0.0 ms]
   [Eden: 4096.0K(275.0M)->0.0B(272.0M) Survivors: 7168.0K->9216.0K Heap: 506.8M(1024.0M)->504.7M(1024.0M)]
 [Times: user=0.00 sys=0.00, real=0.00 secs] 
1.436: [GC concurrent-root-region-scan-start]
1.436: [GC concurrent-root-region-scan-end, 0.0001111 secs]
1.436: [GC concurrent-mark-start]
1.438: [GC concurrent-mark-end, 0.0014642 secs]
1.438: [GC remark 1.438: [Finalize Marking, 0.0000894 secs] 1.438: [GC ref-proc, 0.0000931 secs] 1.438: [Unloading, 0.0004173 secs], 0.0015150 secs]
 [Times: user=0.00 sys=0.00, real=0.00 secs] 
1.439: [GC cleanup 518M->515M(1024M), 0.0005021 secs]
 [Times: user=0.00 sys=0.00, real=0.00 secs] 
1.440: [GC concurrent-cleanup-start]
1.440: [GC concurrent-cleanup-end, 0.0000359 secs]
1.486: [GC pause (G1 Evacuation Pause) (young) (to-space exhausted), 0.0109555 secs]
   [Parallel Time: 8.9 ms, GC Workers: 8]
      [GC Worker Start (ms): Min: 1485.8, Avg: 1485.9, Max: 1485.9, Diff: 0.1]
      [Ext Root Scanning (ms): Min: 0.1, Avg: 0.1, Max: 0.2, Diff: 0.1, Sum: 0.9]
      [Update RS (ms): Min: 1.0, Avg: 1.1, Max: 1.1, Diff: 0.1, Sum: 8.5]
         [Processed Buffers: Min: 8, Avg: 13.1, Max: 15, Diff: 7, Sum: 105]
      [Scan RS (ms): Min: 0.0, Avg: 0.0, Max: 0.0, Diff: 0.0, Sum: 0.2]
      [Code Root Scanning (ms): Min: 0.0, Avg: 0.0, Max: 0.0, Diff: 0.0, Sum: 0.0]
      [Object Copy (ms): Min: 7.3, Avg: 7.3, Max: 7.4, Diff: 0.1, Sum: 58.6]
      [Termination (ms): Min: 0.0, Avg: 0.0, Max: 0.0, Diff: 0.0, Sum: 0.2]
         [Termination Attempts: Min: 1, Avg: 1.4, Max: 2, Diff: 1, Sum: 11]
      [GC Worker Other (ms): Min: 0.0, Avg: 0.0, Max: 0.0, Diff: 0.0, Sum: 0.1]
      [GC Worker Total (ms): Min: 8.5, Avg: 8.6, Max: 8.6, Diff: 0.1, Sum: 68.6]
      [GC Worker End (ms): Min: 1494.4, Avg: 1494.4, Max: 1494.4, Diff: 0.0]
   [Code Root Fixup: 0.0 ms]
   [Code Root Purge: 0.0 ms]
   [Clear CT: 0.5 ms]
   [Other: 1.5 ms]
      [Evacuation Failure: 0.2 ms]
      [Choose CSet: 0.0 ms]
      [Ref Proc: 0.2 ms]
      [Ref Enq: 0.0 ms]
      [Redirty Cards: 0.6 ms]
      [Humongous Register: 0.1 ms]
      [Humongous Reclaim: 0.1 ms]
      [Free CSet: 0.1 ms]
   [Eden: 272.0M(272.0M)->0.0B(15360.0K) Survivors: 9216.0K->36864.0K Heap: 856.9M(1024.0M)->674.1M(1024.0M)]
 [Times: user=0.11 sys=0.00, real=0.01 secs] 
1.499: [GC pause (G1 Evacuation Pause) (mixed), 0.0098981 secs]
   [Parallel Time: 9.0 ms, GC Workers: 8]
      [GC Worker Start (ms): Min: 1499.5, Avg: 1499.6, Max: 1499.6, Diff: 0.1]
      [Ext Root Scanning (ms): Min: 0.0, Avg: 0.1, Max: 0.2, Diff: 0.1, Sum: 0.8]
      [Update RS (ms): Min: 0.4, Avg: 0.4, Max: 0.4, Diff: 0.1, Sum: 3.4]
         [Processed Buffers: Min: 5, Avg: 5.8, Max: 7, Diff: 2, Sum: 46]
      [Scan RS (ms): Min: 0.0, Avg: 0.0, Max: 0.1, Diff: 0.1, Sum: 0.3]
      [Code Root Scanning (ms): Min: 0.0, Avg: 0.0, Max: 0.0, Diff: 0.0, Sum: 0.0]
      [Object Copy (ms): Min: 8.2, Avg: 8.2, Max: 8.2, Diff: 0.1, Sum: 65.6]
      [Termination (ms): Min: 0.0, Avg: 0.0, Max: 0.1, Diff: 0.1, Sum: 0.3]
         [Termination Attempts: Min: 1, Avg: 1.0, Max: 1, Diff: 0, Sum: 8]
      [GC Worker Other (ms): Min: 0.0, Avg: 0.0, Max: 0.0, Diff: 0.0, Sum: 0.1]
      [GC Worker Total (ms): Min: 8.8, Avg: 8.8, Max: 8.9, Diff: 0.1, Sum: 70.5]
      [GC Worker End (ms): Min: 1508.4, Avg: 1508.4, Max: 1508.4, Diff: 0.0]
   [Code Root Fixup: 0.0 ms]
   [Code Root Purge: 0.0 ms]
   [Clear CT: 0.2 ms]
   [Other: 0.8 ms]
      [Choose CSet: 0.0 ms]
      [Ref Proc: 0.1 ms]
      [Ref Enq: 0.0 ms]
      [Redirty Cards: 0.2 ms]
      [Humongous Register: 0.1 ms]
      [Humongous Reclaim: 0.0 ms]
      [Free CSet: 0.1 ms]
   [Eden: 15360.0K(15360.0K)->0.0B(45056.0K) Survivors: 36864.0K->7168.0K Heap: 693.6M(1024.0M)->606.8M(1024.0M)]
 [Times: user=0.11 sys=0.02, real=0.01 secs] 
1.516: [GC pause (G1 Evacuation Pause) (mixed), 0.0058975 secs]
   [Parallel Time: 5.2 ms, GC Workers: 8]
      [GC Worker Start (ms): Min: 1516.5, Avg: 1516.6, Max: 1516.6, Diff: 0.1]
      [Ext Root Scanning (ms): Min: 0.1, Avg: 0.1, Max: 0.2, Diff: 0.1, Sum: 1.0]
      [Update RS (ms): Min: 1.2, Avg: 1.2, Max: 1.2, Diff: 0.1, Sum: 9.5]
         [Processed Buffers: Min: 13, Avg: 15.0, Max: 16, Diff: 3, Sum: 120]
      [Scan RS (ms): Min: 0.0, Avg: 0.0, Max: 0.1, Diff: 0.1, Sum: 0.2]
      [Code Root Scanning (ms): Min: 0.0, Avg: 0.0, Max: 0.0, Diff: 0.0, Sum: 0.0]
      [Object Copy (ms): Min: 3.7, Avg: 3.7, Max: 3.8, Diff: 0.1, Sum: 29.6]
      [Termination (ms): Min: 0.0, Avg: 0.1, Max: 0.1, Diff: 0.1, Sum: 0.6]
         [Termination Attempts: Min: 1, Avg: 1.0, Max: 1, Diff: 0, Sum: 8]
      [GC Worker Other (ms): Min: 0.0, Avg: 0.0, Max: 0.0, Diff: 0.0, Sum: 0.1]
      [GC Worker Total (ms): Min: 5.1, Avg: 5.1, Max: 5.2, Diff: 0.1, Sum: 41.0]
      [GC Worker End (ms): Min: 1521.7, Avg: 1521.7, Max: 1521.7, Diff: 0.0]
   [Code Root Fixup: 0.0 ms]
   [Code Root Purge: 0.0 ms]
   [Clear CT: 0.1 ms]
   [Other: 0.6 ms]
      [Choose CSet: 0.0 ms]
      [Ref Proc: 0.1 ms]
      [Ref Enq: 0.0 ms]
      [Redirty Cards: 0.1 ms]
      [Humongous Register: 0.1 ms]
      [Humongous Reclaim: 0.1 ms]
      [Free CSet: 0.1 ms]
   [Eden: 45056.0K(45056.0K)->0.0B(195.0M) Survivors: 7168.0K->7168.0K Heap: 664.6M(1024.0M)->601.1M(1024.0M)]
 [Times: user=0.13 sys=0.00, real=0.01 secs] 
1.523: [GC pause (G1 Humongous Allocation) (young) (initial-mark), 0.0019841 secs]
   [Parallel Time: 1.3 ms, GC Workers: 8]
      [GC Worker Start (ms): Min: 1523.5, Avg: 1523.5, Max: 1523.6, Diff: 0.0]
      [Ext Root Scanning (ms): Min: 0.1, Avg: 0.1, Max: 0.1, Diff: 0.0, Sum: 1.0]
      [Update RS (ms): Min: 0.1, Avg: 0.1, Max: 0.2, Diff: 0.1, Sum: 0.7]
         [Processed Buffers: Min: 1, Avg: 1.1, Max: 2, Diff: 1, Sum: 9]
      [Scan RS (ms): Min: 0.0, Avg: 0.0, Max: 0.0, Diff: 0.0, Sum: 0.0]
      [Code Root Scanning (ms): Min: 0.0, Avg: 0.0, Max: 0.0, Diff: 0.0, Sum: 0.0]
      [Object Copy (ms): Min: 0.9, Avg: 1.0, Max: 1.0, Diff: 0.1, Sum: 7.7]
      [Termination (ms): Min: 0.0, Avg: 0.0, Max: 0.1, Diff: 0.1, Sum: 0.2]
         [Termination Attempts: Min: 1, Avg: 1.0, Max: 1, Diff: 0, Sum: 8]
      [GC Worker Other (ms): Min: 0.0, Avg: 0.0, Max: 0.0, Diff: 0.0, Sum: 0.1]
      [GC Worker Total (ms): Min: 1.2, Avg: 1.2, Max: 1.2, Diff: 0.1, Sum: 9.7]
      [GC Worker End (ms): Min: 1524.7, Avg: 1524.7, Max: 1524.8, Diff: 0.0]
   [Code Root Fixup: 0.0 ms]
   [Code Root Purge: 0.0 ms]
   [Clear CT: 0.2 ms]
   [Other: 0.5 ms]
      [Choose CSet: 0.0 ms]
      [Ref Proc: 0.1 ms]
      [Ref Enq: 0.0 ms]
      [Redirty Cards: 0.1 ms]
      [Humongous Register: 0.1 ms]
      [Humongous Reclaim: 0.0 ms]
      [Free CSet: 0.0 ms]
   [Eden: 4096.0K(195.0M)->0.0B(187.0M) Survivors: 7168.0K->10240.0K Heap: 605.0M(1024.0M)->603.3M(1024.0M)]
 [Times: user=0.00 sys=0.00, real=0.00 secs] 
1.526: [GC concurrent-root-region-scan-start]
1.526: [GC concurrent-root-region-scan-end, 0.0001282 secs]
1.526: [GC concurrent-mark-start]
1.527: [GC concurrent-mark-end, 0.0015508 secs]
1.527: [GC remark 1.527: [Finalize Marking, 0.0001171 secs] 1.528: [GC ref-proc, 0.0000907 secs] 1.528: [Unloading, 0.0004393 secs], 0.0016034 secs]
 [Times: user=0.00 sys=0.00, real=0.00 secs] 
1.529: [GC cleanup 615M->609M(1024M), 0.0005035 secs]
 [Times: user=0.00 sys=0.00, real=0.00 secs] 
1.530: [GC concurrent-cleanup-start]
1.530: [GC concurrent-cleanup-end, 0.0000358 secs]
1.559: [GC pause (G1 Evacuation Pause) (young), 0.0097857 secs]
   [Parallel Time: 8.6 ms, GC Workers: 8]
      [GC Worker Start (ms): Min: 1558.8, Avg: 1558.8, Max: 1558.8, Diff: 0.0]
      [Ext Root Scanning (ms): Min: 0.1, Avg: 0.1, Max: 0.1, Diff: 0.0, Sum: 1.0]
      [Update RS (ms): Min: 1.2, Avg: 1.3, Max: 1.3, Diff: 0.1, Sum: 10.2]
         [Processed Buffers: Min: 11, Avg: 16.4, Max: 18, Diff: 7, Sum: 131]
      [Scan RS (ms): Min: 0.0, Avg: 0.0, Max: 0.0, Diff: 0.0, Sum: 0.1]
      [Code Root Scanning (ms): Min: 0.0, Avg: 0.0, Max: 0.0, Diff: 0.0, Sum: 0.0]
      [Object Copy (ms): Min: 7.0, Avg: 7.0, Max: 7.1, Diff: 0.1, Sum: 56.3]
      [Termination (ms): Min: 0.0, Avg: 0.1, Max: 0.1, Diff: 0.1, Sum: 0.4]
         [Termination Attempts: Min: 1, Avg: 1.8, Max: 3, Diff: 2, Sum: 14]
      [GC Worker Other (ms): Min: 0.0, Avg: 0.0, Max: 0.0, Diff: 0.0, Sum: 0.1]
      [GC Worker Total (ms): Min: 8.5, Avg: 8.5, Max: 8.5, Diff: 0.0, Sum: 68.2]
      [GC Worker End (ms): Min: 1567.3, Avg: 1567.3, Max: 1567.3, Diff: 0.0]
   [Code Root Fixup: 0.0 ms]
   [Code Root Purge: 0.0 ms]
   [Clear CT: 0.4 ms]
   [Other: 0.8 ms]
      [Choose CSet: 0.0 ms]
      [Ref Proc: 0.1 ms]
      [Ref Enq: 0.0 ms]
      [Redirty Cards: 0.3 ms]
      [Humongous Register: 0.1 ms]
      [Humongous Reclaim: 0.1 ms]
      [Free CSet: 0.1 ms]
   [Eden: 187.0M(187.0M)->0.0B(26624.0K) Survivors: 10240.0K->25600.0K Heap: 844.1M(1024.0M)->652.1M(1024.0M)]
 [Times: user=0.13 sys=0.00, real=0.01 secs] 
1.573: [GC pause (G1 Evacuation Pause) (mixed), 0.0065753 secs]
   [Parallel Time: 5.9 ms, GC Workers: 8]
      [GC Worker Start (ms): Min: 1573.7, Avg: 1573.8, Max: 1573.9, Diff: 0.2]
      [Ext Root Scanning (ms): Min: 0.0, Avg: 0.1, Max: 0.2, Diff: 0.1, Sum: 0.9]
      [Update RS (ms): Min: 0.5, Avg: 0.6, Max: 0.6, Diff: 0.1, Sum: 4.4]
         [Processed Buffers: Min: 0, Avg: 6.6, Max: 8, Diff: 8, Sum: 53]
      [Scan RS (ms): Min: 0.0, Avg: 0.0, Max: 0.1, Diff: 0.1, Sum: 0.3]
      [Code Root Scanning (ms): Min: 0.0, Avg: 0.0, Max: 0.0, Diff: 0.0, Sum: 0.0]
      [Object Copy (ms): Min: 5.0, Avg: 5.0, Max: 5.1, Diff: 0.1, Sum: 40.1]
      [Termination (ms): Min: 0.0, Avg: 0.1, Max: 0.1, Diff: 0.1, Sum: 0.4]
         [Termination Attempts: Min: 1, Avg: 1.0, Max: 1, Diff: 0, Sum: 8]
      [GC Worker Other (ms): Min: 0.0, Avg: 0.0, Max: 0.0, Diff: 0.0, Sum: 0.1]
      [GC Worker Total (ms): Min: 5.7, Avg: 5.8, Max: 5.8, Diff: 0.2, Sum: 46.2]
      [GC Worker End (ms): Min: 1579.5, Avg: 1579.5, Max: 1579.5, Diff: 0.0]
   [Code Root Fixup: 0.0 ms]
   [Code Root Purge: 0.0 ms]
   [Clear CT: 0.1 ms]
   [Other: 0.6 ms]
      [Choose CSet: 0.0 ms]
      [Ref Proc: 0.1 ms]
      [Ref Enq: 0.0 ms]
      [Redirty Cards: 0.1 ms]
      [Humongous Register: 0.1 ms]
      [Humongous Reclaim: 0.0 ms]
      [Free CSet: 0.1 ms]
   [Eden: 26624.0K(26624.0K)->0.0B(45056.0K) Survivors: 25600.0K->7168.0K Heap: 683.5M(1024.0M)->564.9M(1024.0M)]
 [Times: user=0.00 sys=0.00, real=0.01 secs] 
1.587: [GC pause (G1 Evacuation Pause) (mixed), 0.0081290 secs]
   [Parallel Time: 7.3 ms, GC Workers: 8]
      [GC Worker Start (ms): Min: 1587.0, Avg: 1587.0, Max: 1587.1, Diff: 0.2]
      [Ext Root Scanning (ms): Min: 0.0, Avg: 0.1, Max: 0.2, Diff: 0.2, Sum: 0.9]
      [Update RS (ms): Min: 0.8, Avg: 0.8, Max: 0.8, Diff: 0.0, Sum: 6.7]
         [Processed Buffers: Min: 9, Avg: 10.8, Max: 12, Diff: 3, Sum: 86]
      [Scan RS (ms): Min: 0.0, Avg: 0.1, Max: 0.1, Diff: 0.0, Sum: 0.4]
      [Code Root Scanning (ms): Min: 0.0, Avg: 0.0, Max: 0.0, Diff: 0.0, Sum: 0.0]
      [Object Copy (ms): Min: 6.1, Avg: 6.2, Max: 6.2, Diff: 0.1, Sum: 49.4]
      [Termination (ms): Min: 0.0, Avg: 0.1, Max: 0.1, Diff: 0.1, Sum: 0.5]
         [Termination Attempts: Min: 1, Avg: 1.0, Max: 1, Diff: 0, Sum: 8]
      [GC Worker Other (ms): Min: 0.0, Avg: 0.0, Max: 0.0, Diff: 0.0, Sum: 0.1]
      [GC Worker Total (ms): Min: 7.1, Avg: 7.3, Max: 7.3, Diff: 0.2, Sum: 58.0]
      [GC Worker End (ms): Min: 1594.2, Avg: 1594.3, Max: 1594.3, Diff: 0.0]
   [Code Root Fixup: 0.0 ms]
   [Code Root Purge: 0.0 ms]
   [Clear CT: 0.1 ms]
   [Other: 0.7 ms]
      [Choose CSet: 0.0 ms]
      [Ref Proc: 0.1 ms]
      [Ref Enq: 0.0 ms]
      [Redirty Cards: 0.1 ms]
      [Humongous Register: 0.1 ms]
      [Humongous Reclaim: 0.0 ms]
      [Free CSet: 0.2 ms]
   [Eden: 45056.0K(45056.0K)->0.0B(45056.0K) Survivors: 7168.0K->7168.0K Heap: 618.5M(1024.0M)->510.6M(1024.0M)]
 [Times: user=0.00 sys=0.00, real=0.01 secs] 
1.603: [GC pause (G1 Evacuation Pause) (mixed), 0.0052431 secs]
   [Parallel Time: 4.7 ms, GC Workers: 8]
      [GC Worker Start (ms): Min: 1602.7, Avg: 1602.7, Max: 1602.8, Diff: 0.0]
      [Ext Root Scanning (ms): Min: 0.1, Avg: 0.1, Max: 0.1, Diff: 0.0, Sum: 1.0]
      [Update RS (ms): Min: 0.8, Avg: 0.9, Max: 1.0, Diff: 0.2, Sum: 7.0]
         [Processed Buffers: Min: 1, Avg: 9.8, Max: 12, Diff: 11, Sum: 78]
      [Scan RS (ms): Min: 0.0, Avg: 0.0, Max: 0.1, Diff: 0.1, Sum: 0.3]
      [Code Root Scanning (ms): Min: 0.0, Avg: 0.0, Max: 0.0, Diff: 0.0, Sum: 0.0]
      [Object Copy (ms): Min: 3.4, Avg: 3.6, Max: 3.6, Diff: 0.2, Sum: 28.5]
      [Termination (ms): Min: 0.0, Avg: 0.1, Max: 0.1, Diff: 0.1, Sum: 0.4]
         [Termination Attempts: Min: 1, Avg: 1.0, Max: 1, Diff: 0, Sum: 8]
      [GC Worker Other (ms): Min: 0.0, Avg: 0.0, Max: 0.0, Diff: 0.0, Sum: 0.1]
      [GC Worker Total (ms): Min: 4.6, Avg: 4.6, Max: 4.7, Diff: 0.1, Sum: 37.2]
      [GC Worker End (ms): Min: 1607.4, Avg: 1607.4, Max: 1607.4, Diff: 0.0]
   [Code Root Fixup: 0.0 ms]
   [Code Root Purge: 0.0 ms]
   [Clear CT: 0.1 ms]
   [Other: 0.5 ms]
      [Choose CSet: 0.0 ms]
      [Ref Proc: 0.1 ms]
      [Ref Enq: 0.0 ms]
      [Redirty Cards: 0.1 ms]
      [Humongous Register: 0.1 ms]
      [Humongous Reclaim: 0.0 ms]
      [Free CSet: 0.1 ms]
   [Eden: 45056.0K(45056.0K)->0.0B(266.0M) Survivors: 7168.0K->7168.0K Heap: 563.1M(1024.0M)->505.7M(1024.0M)]
 [Times: user=0.00 sys=0.00, real=0.00 secs] 
1.609: [GC pause (G1 Humongous Allocation) (young) (initial-mark), 0.0018895 secs]
   [Parallel Time: 1.3 ms, GC Workers: 8]
      [GC Worker Start (ms): Min: 1609.1, Avg: 1609.1, Max: 1609.1, Diff: 0.0]
      [Ext Root Scanning (ms): Min: 0.1, Avg: 0.1, Max: 0.1, Diff: 0.0, Sum: 1.0]
      [Update RS (ms): Min: 0.1, Avg: 0.1, Max: 0.2, Diff: 0.2, Sum: 0.8]
         [Processed Buffers: Min: 1, Avg: 1.1, Max: 2, Diff: 1, Sum: 9]
      [Scan RS (ms): Min: 0.0, Avg: 0.0, Max: 0.0, Diff: 0.0, Sum: 0.0]
      [Code Root Scanning (ms): Min: 0.0, Avg: 0.0, Max: 0.0, Diff: 0.0, Sum: 0.0]
      [Object Copy (ms): Min: 0.7, Avg: 0.9, Max: 1.0, Diff: 0.3, Sum: 7.0]
      [Termination (ms): Min: 0.0, Avg: 0.1, Max: 0.1, Diff: 0.1, Sum: 0.5]
         [Termination Attempts: Min: 1, Avg: 1.0, Max: 1, Diff: 0, Sum: 8]
      [GC Worker Other (ms): Min: 0.0, Avg: 0.0, Max: 0.0, Diff: 0.0, Sum: 0.1]
      [GC Worker Total (ms): Min: 1.1, Avg: 1.2, Max: 1.2, Diff: 0.0, Sum: 9.3]
      [GC Worker End (ms): Min: 1610.3, Avg: 1610.3, Max: 1610.3, Diff: 0.0]
   [Code Root Fixup: 0.0 ms]
   [Code Root Purge: 0.0 ms]
   [Clear CT: 0.1 ms]
   [Other: 0.5 ms]
      [Choose CSet: 0.0 ms]
      [Ref Proc: 0.1 ms]
      [Ref Enq: 0.0 ms]
      [Redirty Cards: 0.2 ms]
      [Humongous Register: 0.1 ms]
      [Humongous Reclaim: 0.0 ms]
      [Free CSet: 0.0 ms]
   [Eden: 6144.0K(266.0M)->0.0B(280.0M) Survivors: 7168.0K->9216.0K Heap: 511.5M(1024.0M)->507.4M(1024.0M)]
 [Times: user=0.00 sys=0.00, real=0.00 secs] 
1.611: [GC concurrent-root-region-scan-start]
1.611: [GC concurrent-root-region-scan-end, 0.0001131 secs]
1.611: [GC concurrent-mark-start]
1.613: [GC concurrent-mark-end, 0.0013997 secs]
1.613: [GC remark 1.613: [Finalize Marking, 0.0001104 secs] 1.613: [GC ref-proc, 0.0000897 secs] 1.613: [Unloading, 0.0004234 secs], 0.0015831 secs]
 [Times: user=0.11 sys=0.00, real=0.00 secs] 
1.614: [GC cleanup 519M->514M(1024M), 0.0006033 secs]
 [Times: user=0.00 sys=0.00, real=0.00 secs] 
1.615: [GC concurrent-cleanup-start]
1.615: [GC concurrent-cleanup-end, 0.0000404 secs]
1.665: [GC pause (G1 Evacuation Pause) (young) (to-space exhausted), 0.0098296 secs]
   [Parallel Time: 8.7 ms, GC Workers: 8]
      [GC Worker Start (ms): Min: 1665.6, Avg: 1666.7, Max: 1674.1, Diff: 8.5]
      [Ext Root Scanning (ms): Min: 0.0, Avg: 0.1, Max: 0.1, Diff: 0.1, Sum: 0.9]
      [Update RS (ms): Min: 0.0, Avg: 1.9, Max: 2.2, Diff: 2.2, Sum: 15.0]
         [Processed Buffers: Min: 0, Avg: 24.8, Max: 31, Diff: 31, Sum: 198]
      [Scan RS (ms): Min: 0.0, Avg: 0.0, Max: 0.1, Diff: 0.0, Sum: 0.2]
      [Code Root Scanning (ms): Min: 0.0, Avg: 0.0, Max: 0.0, Diff: 0.0, Sum: 0.0]
      [Object Copy (ms): Min: 0.0, Avg: 5.5, Max: 6.3, Diff: 6.3, Sum: 44.1]
      [Termination (ms): Min: 0.0, Avg: 0.0, Max: 0.0, Diff: 0.0, Sum: 0.2]
         [Termination Attempts: Min: 1, Avg: 1.0, Max: 1, Diff: 0, Sum: 8]
      [GC Worker Other (ms): Min: 0.0, Avg: 0.0, Max: 0.0, Diff: 0.0, Sum: 0.1]
      [GC Worker Total (ms): Min: 0.1, Avg: 7.6, Max: 8.7, Diff: 8.5, Sum: 60.5]
      [GC Worker End (ms): Min: 1674.2, Avg: 1674.2, Max: 1674.2, Diff: 0.0]
   [Code Root Fixup: 0.0 ms]
   [Code Root Purge: 0.0 ms]
   [Clear CT: 0.1 ms]
   [Other: 1.0 ms]
      [Evacuation Failure: 0.3 ms]
      [Choose CSet: 0.0 ms]
      [Ref Proc: 0.1 ms]
      [Ref Enq: 0.0 ms]
      [Redirty Cards: 0.1 ms]
      [Humongous Register: 0.1 ms]
      [Humongous Reclaim: 0.2 ms]
      [Free CSet: 0.1 ms]
   [Eden: 280.0M(280.0M)->0.0B(14336.0K) Survivors: 9216.0K->37888.0K Heap: 859.0M(1024.0M)->678.5M(1024.0M)]
 [Times: user=0.01 sys=0.00, real=0.01 secs] 
1.677: [GC pause (G1 Evacuation Pause) (mixed), 0.0098346 secs]
   [Parallel Time: 9.0 ms, GC Workers: 8]
      [GC Worker Start (ms): Min: 1677.7, Avg: 1677.7, Max: 1677.7, Diff: 0.0]
      [Ext Root Scanning (ms): Min: 0.1, Avg: 0.1, Max: 0.1, Diff: 0.0, Sum: 1.0]
      [Update RS (ms): Min: 0.3, Avg: 0.3, Max: 0.3, Diff: 0.0, Sum: 2.5]
         [Processed Buffers: Min: 4, Avg: 4.4, Max: 6, Diff: 2, Sum: 35]
      [Scan RS (ms): Min: 0.0, Avg: 0.0, Max: 0.1, Diff: 0.0, Sum: 0.4]
      [Code Root Scanning (ms): Min: 0.0, Avg: 0.0, Max: 0.0, Diff: 0.0, Sum: 0.0]
      [Object Copy (ms): Min: 8.3, Avg: 8.4, Max: 8.4, Diff: 0.1, Sum: 67.0]
      [Termination (ms): Min: 0.0, Avg: 0.1, Max: 0.1, Diff: 0.1, Sum: 0.6]
         [Termination Attempts: Min: 1, Avg: 1.0, Max: 1, Diff: 0, Sum: 8]
      [GC Worker Other (ms): Min: 0.0, Avg: 0.0, Max: 0.0, Diff: 0.0, Sum: 0.1]
      [GC Worker Total (ms): Min: 8.9, Avg: 8.9, Max: 9.0, Diff: 0.1, Sum: 71.5]
      [GC Worker End (ms): Min: 1686.6, Avg: 1686.6, Max: 1686.6, Diff: 0.0]
   [Code Root Fixup: 0.0 ms]
   [Code Root Purge: 0.0 ms]
   [Clear CT: 0.1 ms]
   [Other: 0.7 ms]
      [Choose CSet: 0.0 ms]
      [Ref Proc: 0.1 ms]
      [Ref Enq: 0.0 ms]
      [Redirty Cards: 0.1 ms]
      [Humongous Register: 0.1 ms]
      [Humongous Reclaim: 0.1 ms]
      [Free CSet: 0.2 ms]
   [Eden: 14336.0K(14336.0K)->0.0B(45056.0K) Survivors: 37888.0K->7168.0K Heap: 695.5M(1024.0M)->608.9M(1024.0M)]
 [Times: user=0.00 sys=0.00, real=0.01 secs] 
1.697: [GC pause (G1 Evacuation Pause) (mixed), 0.0047340 secs]
   [Parallel Time: 4.2 ms, GC Workers: 8]
      [GC Worker Start (ms): Min: 1697.5, Avg: 1697.5, Max: 1697.6, Diff: 0.2]
      [Ext Root Scanning (ms): Min: 0.0, Avg: 0.1, Max: 0.1, Diff: 0.1, Sum: 0.9]
      [Update RS (ms): Min: 1.2, Avg: 1.2, Max: 1.2, Diff: 0.1, Sum: 9.5]
         [Processed Buffers: Min: 0, Avg: 13.5, Max: 17, Diff: 17, Sum: 108]
      [Scan RS (ms): Min: 0.0, Avg: 0.0, Max: 0.0, Diff: 0.0, Sum: 0.2]
      [Code Root Scanning (ms): Min: 0.0, Avg: 0.0, Max: 0.0, Diff: 0.0, Sum: 0.0]
      [Object Copy (ms): Min: 2.7, Avg: 2.7, Max: 2.8, Diff: 0.1, Sum: 21.8]
      [Termination (ms): Min: 0.0, Avg: 0.0, Max: 0.1, Diff: 0.1, Sum: 0.4]
         [Termination Attempts: Min: 1, Avg: 1.1, Max: 2, Diff: 1, Sum: 9]
      [GC Worker Other (ms): Min: 0.0, Avg: 0.0, Max: 0.0, Diff: 0.0, Sum: 0.1]
      [GC Worker Total (ms): Min: 4.0, Avg: 4.1, Max: 4.1, Diff: 0.2, Sum: 32.8]
      [GC Worker End (ms): Min: 1701.6, Avg: 1701.6, Max: 1701.6, Diff: 0.0]
   [Code Root Fixup: 0.0 ms]
   [Code Root Purge: 0.0 ms]
   [Clear CT: 0.1 ms]
   [Other: 0.5 ms]
      [Choose CSet: 0.0 ms]
      [Ref Proc: 0.1 ms]
      [Ref Enq: 0.0 ms]
      [Redirty Cards: 0.1 ms]
      [Humongous Register: 0.1 ms]
      [Humongous Reclaim: 0.0 ms]
      [Free CSet: 0.0 ms]
   [Eden: 45056.0K(45056.0K)->0.0B(198.0M) Survivors: 7168.0K->7168.0K Heap: 665.2M(1024.0M)->604.5M(1024.0M)]
 [Times: user=0.00 sys=0.00, real=0.01 secs] 
1.703: [GC pause (G1 Humongous Allocation) (young) (initial-mark), 0.0016776 secs]
   [Parallel Time: 1.2 ms, GC Workers: 8]
      [GC Worker Start (ms): Min: 1702.8, Avg: 1702.8, Max: 1702.9, Diff: 0.1]
      [Ext Root Scanning (ms): Min: 0.1, Avg: 0.1, Max: 0.1, Diff: 0.1, Sum: 0.9]
      [Update RS (ms): Min: 0.0, Avg: 0.1, Max: 0.2, Diff: 0.1, Sum: 0.7]
         [Processed Buffers: Min: 1, Avg: 1.1, Max: 2, Diff: 1, Sum: 9]
      [Scan RS (ms): Min: 0.0, Avg: 0.0, Max: 0.0, Diff: 0.0, Sum: 0.0]
      [Code Root Scanning (ms): Min: 0.0, Avg: 0.0, Max: 0.0, Diff: 0.0, Sum: 0.0]
      [Object Copy (ms): Min: 0.7, Avg: 0.8, Max: 0.9, Diff: 0.2, Sum: 6.6]
      [Termination (ms): Min: 0.0, Avg: 0.1, Max: 0.2, Diff: 0.2, Sum: 0.7]
         [Termination Attempts: Min: 1, Avg: 1.0, Max: 1, Diff: 0, Sum: 8]
      [GC Worker Other (ms): Min: 0.0, Avg: 0.0, Max: 0.0, Diff: 0.0, Sum: 0.0]
      [GC Worker Total (ms): Min: 1.1, Avg: 1.1, Max: 1.2, Diff: 0.1, Sum: 9.0]
      [GC Worker End (ms): Min: 1704.0, Avg: 1704.0, Max: 1704.0, Diff: 0.0]
   [Code Root Fixup: 0.0 ms]
   [Code Root Purge: 0.0 ms]
   [Clear CT: 0.1 ms]
   [Other: 0.4 ms]
      [Choose CSet: 0.0 ms]
      [Ref Proc: 0.1 ms]
      [Ref Enq: 0.0 ms]
      [Redirty Cards: 0.1 ms]
      [Humongous Register: 0.1 ms]
      [Humongous Reclaim: 0.0 ms]
      [Free CSet: 0.0 ms]
   [Eden: 3072.0K(198.0M)->0.0B(206.0M) Survivors: 7168.0K->8192.0K Heap: 607.4M(1024.0M)->604.6M(1024.0M)]
 [Times: user=0.00 sys=0.00, real=0.00 secs] 
1.705: [GC concurrent-root-region-scan-start]
1.705: [GC concurrent-root-region-scan-end, 0.0001097 secs]
1.705: [GC concurrent-mark-start]
1.707: [GC concurrent-mark-end, 0.0023638 secs]
1.707: [GC remark 1.707: [Finalize Marking, 0.0001068 secs] 1.707: [GC ref-proc, 0.0001197 secs] 1.708: [Unloading, 0.0004462 secs], 0.0016580 secs]
 [Times: user=0.00 sys=0.00, real=0.00 secs] 
1.709: [GC cleanup 617M->604M(1024M), 0.0006864 secs]
 [Times: user=0.00 sys=0.00, real=0.00 secs] 
1.710: [GC concurrent-cleanup-start]
1.710: [GC concurrent-cleanup-end, 0.0000744 secs]
1.752: [GC pause (G1 Evacuation Pause) (young), 0.0108694 secs]
   [Parallel Time: 9.9 ms, GC Workers: 8]
      [GC Worker Start (ms): Min: 1752.7, Avg: 1752.8, Max: 1752.8, Diff: 0.0]
      [Ext Root Scanning (ms): Min: 0.1, Avg: 0.1, Max: 0.1, Diff: 0.0, Sum: 1.0]
      [Update RS (ms): Min: 2.2, Avg: 2.2, Max: 2.3, Diff: 0.1, Sum: 17.9]
         [Processed Buffers: Min: 0, Avg: 23.3, Max: 31, Diff: 31, Sum: 186]
      [Scan RS (ms): Min: 0.0, Avg: 0.0, Max: 0.0, Diff: 0.0, Sum: 0.2]
      [Code Root Scanning (ms): Min: 0.0, Avg: 0.0, Max: 0.0, Diff: 0.0, Sum: 0.0]
      [Object Copy (ms): Min: 7.4, Avg: 7.4, Max: 7.5, Diff: 0.1, Sum: 59.3]
      [Termination (ms): Min: 0.0, Avg: 0.1, Max: 0.1, Diff: 0.1, Sum: 0.5]
         [Termination Attempts: Min: 1, Avg: 1.3, Max: 3, Diff: 2, Sum: 10]
      [GC Worker Other (ms): Min: 0.0, Avg: 0.0, Max: 0.0, Diff: 0.0, Sum: 0.1]
      [GC Worker Total (ms): Min: 9.8, Avg: 9.9, Max: 9.9, Diff: 0.1, Sum: 79.0]
      [GC Worker End (ms): Min: 1762.6, Avg: 1762.6, Max: 1762.6, Diff: 0.0]
   [Code Root Fixup: 0.0 ms]
   [Code Root Purge: 0.0 ms]
   [Clear CT: 0.1 ms]
   [Other: 0.8 ms]
      [Choose CSet: 0.0 ms]
      [Ref Proc: 0.1 ms]
      [Ref Enq: 0.0 ms]
      [Redirty Cards: 0.1 ms]
      [Humongous Register: 0.2 ms]
      [Humongous Reclaim: 0.2 ms]
      [Free CSet: 0.2 ms]
   [Eden: 206.0M(206.0M)->0.0B(24576.0K) Survivors: 8192.0K->27648.0K Heap: 854.8M(1024.0M)->645.8M(1024.0M)]
 [Times: user=0.11 sys=0.00, real=0.01 secs] 
1.769: [GC pause (G1 Evacuation Pause) (mixed), 0.0070979 secs]
   [Parallel Time: 6.3 ms, GC Workers: 8]
      [GC Worker Start (ms): Min: 1769.1, Avg: 1769.1, Max: 1769.1, Diff: 0.0]
      [Ext Root Scanning (ms): Min: 0.1, Avg: 0.1, Max: 0.3, Diff: 0.2, Sum: 1.2]
      [Update RS (ms): Min: 0.7, Avg: 0.8, Max: 0.8, Diff: 0.1, Sum: 6.3]
         [Processed Buffers: Min: 9, Avg: 9.9, Max: 11, Diff: 2, Sum: 79]
      [Scan RS (ms): Min: 0.0, Avg: 0.0, Max: 0.0, Diff: 0.0, Sum: 0.2]
      [Code Root Scanning (ms): Min: 0.0, Avg: 0.0, Max: 0.0, Diff: 0.0, Sum: 0.0]
      [Object Copy (ms): Min: 5.1, Avg: 5.2, Max: 5.2, Diff: 0.1, Sum: 41.4]
      [Termination (ms): Min: 0.0, Avg: 0.1, Max: 0.2, Diff: 0.2, Sum: 0.5]
         [Termination Attempts: Min: 1, Avg: 1.0, Max: 1, Diff: 0, Sum: 8]
      [GC Worker Other (ms): Min: 0.0, Avg: 0.0, Max: 0.0, Diff: 0.0, Sum: 0.1]
      [GC Worker Total (ms): Min: 6.2, Avg: 6.2, Max: 6.3, Diff: 0.1, Sum: 49.6]
      [GC Worker End (ms): Min: 1775.3, Avg: 1775.3, Max: 1775.4, Diff: 0.1]
   [Code Root Fixup: 0.0 ms]
   [Code Root Purge: 0.0 ms]
   [Clear CT: 0.1 ms]
   [Other: 0.7 ms]
      [Choose CSet: 0.0 ms]
      [Ref Proc: 0.1 ms]
      [Ref Enq: 0.0 ms]
      [Redirty Cards: 0.1 ms]
      [Humongous Register: 0.1 ms]
      [Humongous Reclaim: 0.1 ms]
      [Free CSet: 0.2 ms]
   [Eden: 24576.0K(24576.0K)->0.0B(45056.0K) Survivors: 27648.0K->7168.0K Heap: 678.7M(1024.0M)->561.5M(1024.0M)]
 [Times: user=0.13 sys=0.00, real=0.01 secs] 
1.787: [GC pause (G1 Evacuation Pause) (mixed), 0.0079458 secs]
   [Parallel Time: 7.1 ms, GC Workers: 8]
      [GC Worker Start (ms): Min: 1787.1, Avg: 1787.3, Max: 1788.2, Diff: 1.1]
      [Ext Root Scanning (ms): Min: 0.0, Avg: 0.1, Max: 0.1, Diff: 0.1, Sum: 0.9]
      [Update RS (ms): Min: 0.0, Avg: 0.8, Max: 0.9, Diff: 0.9, Sum: 6.1]
         [Processed Buffers: Min: 0, Avg: 10.0, Max: 13, Diff: 13, Sum: 80]
      [Scan RS (ms): Min: 0.0, Avg: 0.1, Max: 0.1, Diff: 0.1, Sum: 0.4]
      [Code Root Scanning (ms): Min: 0.0, Avg: 0.0, Max: 0.0, Diff: 0.0, Sum: 0.0]
      [Object Copy (ms): Min: 5.9, Avg: 5.9, Max: 6.0, Diff: 0.1, Sum: 47.4]
      [Termination (ms): Min: 0.0, Avg: 0.1, Max: 0.1, Diff: 0.1, Sum: 0.4]
         [Termination Attempts: Min: 1, Avg: 1.0, Max: 1, Diff: 0, Sum: 8]
      [GC Worker Other (ms): Min: 0.0, Avg: 0.0, Max: 0.0, Diff: 0.0, Sum: 0.1]
      [GC Worker Total (ms): Min: 6.0, Avg: 6.9, Max: 7.1, Diff: 1.1, Sum: 55.3]
      [GC Worker End (ms): Min: 1794.2, Avg: 1794.2, Max: 1794.2, Diff: 0.0]
   [Code Root Fixup: 0.0 ms]
   [Code Root Purge: 0.0 ms]
   [Clear CT: 0.1 ms]
   [Other: 0.7 ms]
      [Choose CSet: 0.1 ms]
      [Ref Proc: 0.1 ms]
      [Ref Enq: 0.0 ms]
      [Redirty Cards: 0.1 ms]
      [Humongous Register: 0.1 ms]
      [Humongous Reclaim: 0.1 ms]
      [Free CSet: 0.2 ms]
   [Eden: 45056.0K(45056.0K)->0.0B(45056.0K) Survivors: 7168.0K->7168.0K Heap: 614.3M(1024.0M)->504.8M(1024.0M)]
 [Times: user=0.00 sys=0.00, real=0.01 secs] 
1.805: [GC pause (G1 Evacuation Pause) (mixed), 0.0053566 secs]
   [Parallel Time: 4.8 ms, GC Workers: 8]
      [GC Worker Start (ms): Min: 1804.8, Avg: 1804.9, Max: 1805.8, Diff: 1.0]
      [Ext Root Scanning (ms): Min: 0.0, Avg: 0.1, Max: 0.2, Diff: 0.1, Sum: 0.9]
      [Update RS (ms): Min: 0.0, Avg: 0.7, Max: 0.8, Diff: 0.8, Sum: 5.5]
         [Processed Buffers: Min: 0, Avg: 8.8, Max: 11, Diff: 11, Sum: 70]
      [Scan RS (ms): Min: 0.0, Avg: 0.0, Max: 0.1, Diff: 0.1, Sum: 0.2]
      [Code Root Scanning (ms): Min: 0.0, Avg: 0.0, Max: 0.0, Diff: 0.0, Sum: 0.0]
      [Object Copy (ms): Min: 3.7, Avg: 3.7, Max: 3.8, Diff: 0.0, Sum: 29.9]
      [Termination (ms): Min: 0.0, Avg: 0.0, Max: 0.1, Diff: 0.1, Sum: 0.2]
         [Termination Attempts: Min: 1, Avg: 1.0, Max: 1, Diff: 0, Sum: 8]
      [GC Worker Other (ms): Min: 0.0, Avg: 0.0, Max: 0.0, Diff: 0.0, Sum: 0.1]
      [GC Worker Total (ms): Min: 3.8, Avg: 4.6, Max: 4.7, Diff: 1.0, Sum: 36.8]
      [GC Worker End (ms): Min: 1809.5, Avg: 1809.5, Max: 1809.5, Diff: 0.0]
   [Code Root Fixup: 0.0 ms]
   [Code Root Purge: 0.0 ms]
   [Clear CT: 0.1 ms]
   [Other: 0.5 ms]
      [Choose CSet: 0.0 ms]
      [Ref Proc: 0.1 ms]
      [Ref Enq: 0.0 ms]
      [Redirty Cards: 0.1 ms]
      [Humongous Register: 0.1 ms]
      [Humongous Reclaim: 0.0 ms]
      [Free CSet: 0.1 ms]
   [Eden: 45056.0K(45056.0K)->0.0B(288.0M) Survivors: 7168.0K->7168.0K Heap: 556.4M(1024.0M)->503.3M(1024.0M)]
 [Times: user=0.00 sys=0.00, real=0.01 secs] 
1.812: [GC pause (G1 Humongous Allocation) (young) (initial-mark), 0.0019228 secs]
   [Parallel Time: 1.4 ms, GC Workers: 8]
      [GC Worker Start (ms): Min: 1812.0, Avg: 1812.0, Max: 1812.1, Diff: 0.2]
      [Ext Root Scanning (ms): Min: 0.0, Avg: 0.1, Max: 0.2, Diff: 0.2, Sum: 1.2]
      [Update RS (ms): Min: 0.0, Avg: 0.1, Max: 0.4, Diff: 0.3, Sum: 0.9]
         [Processed Buffers: Min: 1, Avg: 1.1, Max: 2, Diff: 1, Sum: 9]
      [Scan RS (ms): Min: 0.0, Avg: 0.0, Max: 0.0, Diff: 0.0, Sum: 0.0]
      [Code Root Scanning (ms): Min: 0.0, Avg: 0.0, Max: 0.0, Diff: 0.0, Sum: 0.0]
      [Object Copy (ms): Min: 0.7, Avg: 1.0, Max: 1.1, Diff: 0.4, Sum: 8.0]
      [Termination (ms): Min: 0.0, Avg: 0.1, Max: 0.1, Diff: 0.1, Sum: 0.6]
         [Termination Attempts: Min: 1, Avg: 1.0, Max: 1, Diff: 0, Sum: 8]
      [GC Worker Other (ms): Min: 0.0, Avg: 0.0, Max: 0.0, Diff: 0.0, Sum: 0.1]
      [GC Worker Total (ms): Min: 1.2, Avg: 1.3, Max: 1.4, Diff: 0.2, Sum: 10.7]
      [GC Worker End (ms): Min: 1813.3, Avg: 1813.3, Max: 1813.4, Diff: 0.0]
   [Code Root Fixup: 0.0 ms]
   [Code Root Purge: 0.0 ms]
   [Clear CT: 0.1 ms]
   [Other: 0.4 ms]
      [Choose CSet: 0.0 ms]
      [Ref Proc: 0.1 ms]
      [Ref Enq: 0.0 ms]
      [Redirty Cards: 0.1 ms]
      [Humongous Register: 0.1 ms]
      [Humongous Reclaim: 0.0 ms]
      [Free CSet: 0.0 ms]
   [Eden: 10240.0K(288.0M)->0.0B(260.0M) Survivors: 7168.0K->10240.0K Heap: 513.2M(1024.0M)->504.9M(1024.0M)]
 [Times: user=0.00 sys=0.00, real=0.00 secs] 
1.814: [GC concurrent-root-region-scan-start]
1.814: [GC concurrent-root-region-scan-end, 0.0001197 secs]
1.814: [GC concurrent-mark-start]
1.816: [GC concurrent-mark-end, 0.0018268 secs]
1.816: [GC remark 1.816: [Finalize Marking, 0.0001171 secs] 1.816: [GC ref-proc, 0.0000938 secs] 1.816: [Unloading, 0.0004181 secs], 0.0015867 secs]
 [Times: user=0.00 sys=0.00, real=0.00 secs] 
1.818: [GC cleanup 520M->513M(1024M), 0.0006318 secs]
 [Times: user=0.00 sys=0.00, real=0.00 secs] 
1.819: [GC concurrent-cleanup-start]
1.819: [GC concurrent-cleanup-end, 0.0000408 secs]
1.873: [GC pause (G1 Evacuation Pause) (young), 0.0123918 secs]
   [Parallel Time: 11.4 ms, GC Workers: 8]
      [GC Worker Start (ms): Min: 1873.3, Avg: 1873.3, Max: 1873.3, Diff: 0.0]
      [Ext Root Scanning (ms): Min: 0.1, Avg: 0.1, Max: 0.1, Diff: 0.0, Sum: 1.0]
      [Update RS (ms): Min: 2.3, Avg: 2.3, Max: 2.4, Diff: 0.1, Sum: 18.6]
         [Processed Buffers: Min: 23, Avg: 28.0, Max: 30, Diff: 7, Sum: 224]
      [Scan RS (ms): Min: 0.0, Avg: 0.0, Max: 0.1, Diff: 0.1, Sum: 0.2]
      [Code Root Scanning (ms): Min: 0.0, Avg: 0.0, Max: 0.0, Diff: 0.0, Sum: 0.0]
      [Object Copy (ms): Min: 8.7, Avg: 8.7, Max: 8.8, Diff: 0.1, Sum: 70.0]
      [Termination (ms): Min: 0.0, Avg: 0.1, Max: 0.1, Diff: 0.1, Sum: 0.5]
         [Termination Attempts: Min: 1, Avg: 1.0, Max: 1, Diff: 0, Sum: 8]
      [GC Worker Other (ms): Min: 0.0, Avg: 0.0, Max: 0.0, Diff: 0.0, Sum: 0.1]
      [GC Worker Total (ms): Min: 11.3, Avg: 11.3, Max: 11.3, Diff: 0.0, Sum: 90.4]
      [GC Worker End (ms): Min: 1884.6, Avg: 1884.6, Max: 1884.6, Diff: 0.0]
   [Code Root Fixup: 0.0 ms]
   [Code Root Purge: 0.0 ms]
   [Clear CT: 0.1 ms]
   [Other: 0.9 ms]
      [Choose CSet: 0.0 ms]
      [Ref Proc: 0.1 ms]
      [Ref Enq: 0.0 ms]
      [Redirty Cards: 0.1 ms]
      [Humongous Register: 0.1 ms]
      [Humongous Reclaim: 0.2 ms]
      [Free CSet: 0.2 ms]
   [Eden: 260.0M(260.0M)->0.0B(17408.0K) Survivors: 10240.0K->34816.0K Heap: 836.2M(1024.0M)->573.3M(1024.0M)]
 [Times: user=0.13 sys=0.00, real=0.01 secs] 
1.890: [GC pause (G1 Evacuation Pause) (mixed), 0.0093841 secs]
   [Parallel Time: 8.5 ms, GC Workers: 8]
      [GC Worker Start (ms): Min: 1889.8, Avg: 1889.8, Max: 1890.0, Diff: 0.2]
      [Ext Root Scanning (ms): Min: 0.0, Avg: 0.1, Max: 0.2, Diff: 0.2, Sum: 0.9]
      [Update RS (ms): Min: 0.4, Avg: 0.4, Max: 0.5, Diff: 0.1, Sum: 3.3]
         [Processed Buffers: Min: 0, Avg: 4.6, Max: 7, Diff: 7, Sum: 37]
      [Scan RS (ms): Min: 0.0, Avg: 0.1, Max: 0.1, Diff: 0.1, Sum: 0.5]
      [Code Root Scanning (ms): Min: 0.0, Avg: 0.0, Max: 0.0, Diff: 0.0, Sum: 0.0]
      [Object Copy (ms): Min: 7.8, Avg: 7.8, Max: 7.8, Diff: 0.1, Sum: 62.3]
      [Termination (ms): Min: 0.0, Avg: 0.0, Max: 0.1, Diff: 0.1, Sum: 0.2]
         [Termination Attempts: Min: 1, Avg: 1.0, Max: 1, Diff: 0, Sum: 8]
      [GC Worker Other (ms): Min: 0.0, Avg: 0.0, Max: 0.0, Diff: 0.0, Sum: 0.1]
      [GC Worker Total (ms): Min: 8.3, Avg: 8.4, Max: 8.5, Diff: 0.2, Sum: 67.2]
      [GC Worker End (ms): Min: 1898.2, Avg: 1898.2, Max: 1898.2, Diff: 0.0]
   [Code Root Fixup: 0.0 ms]
   [Code Root Purge: 0.0 ms]
   [Clear CT: 0.1 ms]
   [Other: 0.8 ms]
      [Choose CSet: 0.0 ms]
      [Ref Proc: 0.1 ms]
      [Ref Enq: 0.0 ms]
      [Redirty Cards: 0.1 ms]
      [Humongous Register: 0.1 ms]
      [Humongous Reclaim: 0.1 ms]
      [Free CSet: 0.2 ms]
   [Eden: 17408.0K(17408.0K)->0.0B(47104.0K) Survivors: 34816.0K->5120.0K Heap: 593.7M(1024.0M)->502.4M(1024.0M)]
 [Times: user=0.09 sys=0.00, real=0.01 secs] 
1.910: [GC pause (G1 Evacuation Pause) (mixed), 0.0060783 secs]
   [Parallel Time: 5.4 ms, GC Workers: 8]
      [GC Worker Start (ms): Min: 1910.0, Avg: 1910.0, Max: 1910.1, Diff: 0.2]
      [Ext Root Scanning (ms): Min: 0.0, Avg: 0.1, Max: 0.2, Diff: 0.2, Sum: 0.9]
      [Update RS (ms): Min: 1.4, Avg: 1.4, Max: 1.5, Diff: 0.1, Sum: 11.5]
         [Processed Buffers: Min: 0, Avg: 15.4, Max: 19, Diff: 19, Sum: 123]
      [Scan RS (ms): Min: 0.0, Avg: 0.0, Max: 0.1, Diff: 0.1, Sum: 0.3]
      [Code Root Scanning (ms): Min: 0.0, Avg: 0.0, Max: 0.0, Diff: 0.0, Sum: 0.0]
      [Object Copy (ms): Min: 3.6, Avg: 3.7, Max: 3.7, Diff: 0.1, Sum: 29.5]
      [Termination (ms): Min: 0.0, Avg: 0.0, Max: 0.1, Diff: 0.0, Sum: 0.2]
         [Termination Attempts: Min: 1, Avg: 1.0, Max: 1, Diff: 0, Sum: 8]
      [GC Worker Other (ms): Min: 0.0, Avg: 0.0, Max: 0.0, Diff: 0.0, Sum: 0.1]
      [GC Worker Total (ms): Min: 5.2, Avg: 5.3, Max: 5.4, Diff: 0.2, Sum: 42.4]
      [GC Worker End (ms): Min: 1915.3, Avg: 1915.3, Max: 1915.3, Diff: 0.0]
   [Code Root Fixup: 0.0 ms]
   [Code Root Purge: 0.0 ms]
   [Clear CT: 0.1 ms]
   [Other: 0.6 ms]
      [Choose CSet: 0.0 ms]
      [Ref Proc: 0.1 ms]
      [Ref Enq: 0.0 ms]
      [Redirty Cards: 0.1 ms]
      [Humongous Register: 0.1 ms]
      [Humongous Reclaim: 0.1 ms]
      [Free CSet: 0.1 ms]
   [Eden: 47104.0K(47104.0K)->0.0B(261.0M) Survivors: 5120.0K->7168.0K Heap: 562.7M(1024.0M)->502.1M(1024.0M)]
 [Times: user=0.02 sys=0.00, real=0.01 secs] 
1.917: [GC pause (G1 Humongous Allocation) (young) (initial-mark), 0.0017284 secs]
   [Parallel Time: 1.1 ms, GC Workers: 8]
      [GC Worker Start (ms): Min: 1916.9, Avg: 1916.9, Max: 1917.0, Diff: 0.2]
      [Ext Root Scanning (ms): Min: 0.0, Avg: 0.3, Max: 1.1, Diff: 1.1, Sum: 2.2]
      [Update RS (ms): Min: 0.0, Avg: 0.1, Max: 0.4, Diff: 0.4, Sum: 1.0]
         [Processed Buffers: Min: 0, Avg: 1.1, Max: 2, Diff: 2, Sum: 9]
      [Scan RS (ms): Min: 0.0, Avg: 0.0, Max: 0.0, Diff: 0.0, Sum: 0.0]
      [Code Root Scanning (ms): Min: 0.0, Avg: 0.0, Max: 0.0, Diff: 0.0, Sum: 0.0]
      [Object Copy (ms): Min: 0.0, Avg: 0.6, Max: 0.8, Diff: 0.8, Sum: 5.0]
      [Termination (ms): Min: 0.0, Avg: 0.0, Max: 0.1, Diff: 0.1, Sum: 0.3]
         [Termination Attempts: Min: 1, Avg: 1.0, Max: 1, Diff: 0, Sum: 8]
      [GC Worker Other (ms): Min: 0.0, Avg: 0.0, Max: 0.0, Diff: 0.0, Sum: 0.0]
      [GC Worker Total (ms): Min: 0.9, Avg: 1.1, Max: 1.1, Diff: 0.2, Sum: 8.5]
      [GC Worker End (ms): Min: 1918.0, Avg: 1918.0, Max: 1918.0, Diff: 0.0]
   [Code Root Fixup: 0.0 ms]
   [Code Root Purge: 0.0 ms]
   [Clear CT: 0.1 ms]
   [Other: 0.5 ms]
      [Choose CSet: 0.0 ms]
      [Ref Proc: 0.1 ms]
      [Ref Enq: 0.0 ms]
      [Redirty Cards: 0.1 ms]
      [Humongous Register: 0.2 ms]
      [Humongous Reclaim: 0.0 ms]
      [Free CSet: 0.0 ms]
   [Eden: 2048.0K(261.0M)->0.0B(277.0M) Survivors: 7168.0K->8192.0K Heap: 503.4M(1024.0M)->502.2M(1024.0M)]
 [Times: user=0.00 sys=0.00, real=0.00 secs] 
1.919: [GC concurrent-root-region-scan-start]
1.919: [GC concurrent-root-region-scan-end, 0.0001304 secs]
1.919: [GC concurrent-mark-start]
1.921: [GC concurrent-mark-end, 0.0020540 secs]
1.921: [GC remark 1.921: [Finalize Marking, 0.0001273 secs] 1.921: [GC ref-proc, 0.0000959 secs] 1.921: [Unloading, 0.0004335 secs], 0.0016777 secs]
 [Times: user=0.00 sys=0.00, real=0.00 secs] 
1.923: [GC cleanup 512M->508M(1024M), 0.0005635 secs]
 [Times: user=0.00 sys=0.00, real=0.00 secs] 
1.923: [GC concurrent-cleanup-start]
1.923: [GC concurrent-cleanup-end, 0.0000347 secs]
1.983: [GC pause (G1 Evacuation Pause) (young) (to-space exhausted), 0.0098520 secs]
   [Parallel Time: 8.6 ms, GC Workers: 8]
      [GC Worker Start (ms): Min: 1982.8, Avg: 1982.9, Max: 1983.0, Diff: 0.2]
      [Ext Root Scanning (ms): Min: 0.0, Avg: 0.1, Max: 0.2, Diff: 0.2, Sum: 0.9]
      [Update RS (ms): Min: 2.0, Avg: 2.0, Max: 2.0, Diff: 0.1, Sum: 16.1]
         [Processed Buffers: Min: 19, Avg: 24.1, Max: 26, Diff: 7, Sum: 193]
      [Scan RS (ms): Min: 0.0, Avg: 0.0, Max: 0.0, Diff: 0.0, Sum: 0.2]
      [Code Root Scanning (ms): Min: 0.0, Avg: 0.0, Max: 0.0, Diff: 0.0, Sum: 0.0]
      [Object Copy (ms): Min: 6.2, Avg: 6.2, Max: 6.3, Diff: 0.1, Sum: 49.8]
      [Termination (ms): Min: 0.0, Avg: 0.1, Max: 0.1, Diff: 0.1, Sum: 0.4]
         [Termination Attempts: Min: 1, Avg: 1.3, Max: 3, Diff: 2, Sum: 10]
      [GC Worker Other (ms): Min: 0.0, Avg: 0.0, Max: 0.0, Diff: 0.0, Sum: 0.1]
      [GC Worker Total (ms): Min: 8.3, Avg: 8.4, Max: 8.5, Diff: 0.2, Sum: 67.5]
      [GC Worker End (ms): Min: 1991.3, Avg: 1991.3, Max: 1991.4, Diff: 0.1]
   [Code Root Fixup: 0.0 ms]
   [Code Root Purge: 0.0 ms]
   [Clear CT: 0.1 ms]
   [Other: 1.1 ms]
      [Evacuation Failure: 0.3 ms]
      [Choose CSet: 0.0 ms]
      [Ref Proc: 0.1 ms]
      [Ref Enq: 0.0 ms]
      [Redirty Cards: 0.1 ms]
      [Humongous Register: 0.1 ms]
      [Humongous Reclaim: 0.3 ms]
      [Free CSet: 0.1 ms]
   [Eden: 277.0M(277.0M)->0.0B(15360.0K) Survivors: 8192.0K->36864.0K Heap: 854.8M(1024.0M)->656.7M(1024.0M)]
 [Times: user=0.13 sys=0.00, real=0.01 secs] 
1.997: [GC pause (G1 Evacuation Pause) (mixed), 0.0099052 secs]
   [Parallel Time: 9.1 ms, GC Workers: 8]
      [GC Worker Start (ms): Min: 1997.3, Avg: 1997.5, Max: 1998.4, Diff: 1.0]
      [Ext Root Scanning (ms): Min: 0.0, Avg: 0.1, Max: 0.2, Diff: 0.2, Sum: 0.9]
      [Update RS (ms): Min: 0.0, Avg: 0.4, Max: 0.4, Diff: 0.4, Sum: 2.9]
         [Processed Buffers: Min: 0, Avg: 5.0, Max: 7, Diff: 7, Sum: 40]
      [Scan RS (ms): Min: 0.0, Avg: 0.1, Max: 0.1, Diff: 0.1, Sum: 0.4]
      [Code Root Scanning (ms): Min: 0.0, Avg: 0.0, Max: 0.0, Diff: 0.0, Sum: 0.0]
      [Object Copy (ms): Min: 8.0, Avg: 8.3, Max: 8.4, Diff: 0.4, Sum: 66.6]
      [Termination (ms): Min: 0.0, Avg: 0.0, Max: 0.1, Diff: 0.1, Sum: 0.3]
         [Termination Attempts: Min: 1, Avg: 1.1, Max: 2, Diff: 1, Sum: 9]
      [GC Worker Other (ms): Min: 0.0, Avg: 0.0, Max: 0.0, Diff: 0.0, Sum: 0.1]
      [GC Worker Total (ms): Min: 8.0, Avg: 8.9, Max: 9.1, Diff: 1.0, Sum: 71.2]
      [GC Worker End (ms): Min: 2006.4, Avg: 2006.4, Max: 2006.4, Diff: 0.0]
   [Code Root Fixup: 0.0 ms]
   [Code Root Purge: 0.0 ms]
   [Clear CT: 0.1 ms]
   [Other: 0.7 ms]
      [Choose CSet: 0.0 ms]
      [Ref Proc: 0.1 ms]
      [Ref Enq: 0.0 ms]
      [Redirty Cards: 0.1 ms]
      [Humongous Register: 0.1 ms]
      [Humongous Reclaim: 0.1 ms]
      [Free CSet: 0.2 ms]
   [Eden: 15360.0K(15360.0K)->0.0B(47104.0K) Survivors: 36864.0K->5120.0K Heap: 675.4M(1024.0M)->586.7M(1024.0M)]
 [Times: user=0.11 sys=0.00, real=0.01 secs] 
2.015: [GC pause (G1 Evacuation Pause) (mixed), 0.0049704 secs]
   [Parallel Time: 4.3 ms, GC Workers: 8]
      [GC Worker Start (ms): Min: 2014.8, Avg: 2014.8, Max: 2015.0, Diff: 0.2]
      [Ext Root Scanning (ms): Min: 0.0, Avg: 0.1, Max: 0.2, Diff: 0.2, Sum: 1.0]
      [Update RS (ms): Min: 0.9, Avg: 1.3, Max: 3.7, Diff: 2.7, Sum: 10.4]
         [Processed Buffers: Min: 0, Avg: 10.3, Max: 12, Diff: 12, Sum: 82]
      [Scan RS (ms): Min: 0.0, Avg: 0.0, Max: 0.0, Diff: 0.0, Sum: 0.1]
      [Code Root Scanning (ms): Min: 0.0, Avg: 0.0, Max: 0.0, Diff: 0.0, Sum: 0.0]
      [Object Copy (ms): Min: 0.4, Avg: 2.7, Max: 3.1, Diff: 2.7, Sum: 21.9]
      [Termination (ms): Min: 0.0, Avg: 0.0, Max: 0.1, Diff: 0.1, Sum: 0.4]
         [Termination Attempts: Min: 1, Avg: 1.0, Max: 1, Diff: 0, Sum: 8]
      [GC Worker Other (ms): Min: 0.0, Avg: 0.0, Max: 0.0, Diff: 0.0, Sum: 0.1]
      [GC Worker Total (ms): Min: 4.1, Avg: 4.2, Max: 4.3, Diff: 0.2, Sum: 33.9]
      [GC Worker End (ms): Min: 2019.1, Avg: 2019.1, Max: 2019.1, Diff: 0.0]
   [Code Root Fixup: 0.0 ms]
   [Code Root Purge: 0.0 ms]
   [Clear CT: 0.1 ms]
   [Other: 0.6 ms]
      [Choose CSet: 0.0 ms]
      [Ref Proc: 0.1 ms]
      [Ref Enq: 0.0 ms]
      [Redirty Cards: 0.1 ms]
      [Humongous Register: 0.1 ms]
      [Humongous Reclaim: 0.1 ms]
      [Free CSet: 0.1 ms]
   [Eden: 47104.0K(47104.0K)->0.0B(211.0M) Survivors: 5120.0K->7168.0K Heap: 641.7M(1024.0M)->587.8M(1024.0M)]
 [Times: user=0.09 sys=0.00, real=0.00 secs] 
2.020: [GC pause (G1 Humongous Allocation) (young) (initial-mark), 0.0014897 secs]
   [Parallel Time: 1.0 ms, GC Workers: 8]
      [GC Worker Start (ms): Min: 2020.3, Avg: 2020.4, Max: 2020.5, Diff: 0.2]
      [Ext Root Scanning (ms): Min: 0.0, Avg: 0.3, Max: 0.8, Diff: 0.8, Sum: 2.0]
      [Update RS (ms): Min: 0.0, Avg: 0.1, Max: 0.2, Diff: 0.2, Sum: 0.7]
         [Processed Buffers: Min: 0, Avg: 1.0, Max: 2, Diff: 2, Sum: 8]
      [Scan RS (ms): Min: 0.0, Avg: 0.0, Max: 0.0, Diff: 0.0, Sum: 0.0]
      [Code Root Scanning (ms): Min: 0.0, Avg: 0.0, Max: 0.0, Diff: 0.0, Sum: 0.0]
      [Object Copy (ms): Min: 0.0, Avg: 0.5, Max: 0.7, Diff: 0.7, Sum: 4.2]
      [Termination (ms): Min: 0.0, Avg: 0.0, Max: 0.1, Diff: 0.1, Sum: 0.3]
         [Termination Attempts: Min: 1, Avg: 1.0, Max: 1, Diff: 0, Sum: 8]
      [GC Worker Other (ms): Min: 0.0, Avg: 0.0, Max: 0.0, Diff: 0.0, Sum: 0.0]
      [GC Worker Total (ms): Min: 0.8, Avg: 0.9, Max: 1.0, Diff: 0.2, Sum: 7.3]
      [GC Worker End (ms): Min: 2021.3, Avg: 2021.3, Max: 2021.3, Diff: 0.0]
   [Code Root Fixup: 0.0 ms]
   [Code Root Purge: 0.0 ms]
   [Clear CT: 0.1 ms]
   [Other: 0.4 ms]
      [Choose CSet: 0.0 ms]
      [Ref Proc: 0.1 ms]
      [Ref Enq: 0.0 ms]
      [Redirty Cards: 0.1 ms]
      [Humongous Register: 0.1 ms]
      [Humongous Reclaim: 0.0 ms]
      [Free CSet: 0.0 ms]
   [Eden: 1024.0K(211.0M)->0.0B(221.0M) Survivors: 7168.0K->8192.0K Heap: 588.7M(1024.0M)->588.1M(1024.0M)]
 [Times: user=0.00 sys=0.00, real=0.00 secs] 
2.022: [GC concurrent-root-region-scan-start]
2.022: [GC concurrent-root-region-scan-end, 0.0001557 secs]
2.022: [GC concurrent-mark-start]
2.024: [GC concurrent-mark-end, 0.0018793 secs]
2.024: [GC remark 2.024: [Finalize Marking, 0.0001177 secs] 2.024: [GC ref-proc, 0.0000984 secs] 2.024: [Unloading, 0.0004296 secs], 0.0016814 secs]
 [Times: user=0.00 sys=0.00, real=0.00 secs] 
2.026: [GC cleanup 598M->593M(1024M), 0.0006250 secs]
 [Times: user=0.00 sys=0.00, real=0.00 secs] 
2.027: [GC concurrent-cleanup-start]
2.027: [GC concurrent-cleanup-end, 0.0000507 secs]
2.067: [GC pause (G1 Evacuation Pause) (young) (to-space exhausted), 0.0113476 secs]
   [Parallel Time: 10.2 ms, GC Workers: 8]
      [GC Worker Start (ms): Min: 2067.0, Avg: 2067.0, Max: 2067.1, Diff: 0.0]
      [Ext Root Scanning (ms): Min: 0.1, Avg: 0.1, Max: 0.2, Diff: 0.0, Sum: 1.0]
      [Update RS (ms): Min: 3.4, Avg: 3.4, Max: 3.4, Diff: 0.0, Sum: 27.2]
         [Processed Buffers: Min: 10, Avg: 36.8, Max: 42, Diff: 32, Sum: 294]
      [Scan RS (ms): Min: 0.0, Avg: 0.0, Max: 0.0, Diff: 0.0, Sum: 0.2]
      [Code Root Scanning (ms): Min: 0.0, Avg: 0.0, Max: 0.0, Diff: 0.0, Sum: 0.0]
      [Object Copy (ms): Min: 6.6, Avg: 6.6, Max: 6.6, Diff: 0.0, Sum: 52.7]
      [Termination (ms): Min: 0.0, Avg: 0.0, Max: 0.1, Diff: 0.1, Sum: 0.3]
         [Termination Attempts: Min: 1, Avg: 1.8, Max: 3, Diff: 2, Sum: 14]
      [GC Worker Other (ms): Min: 0.0, Avg: 0.0, Max: 0.0, Diff: 0.0, Sum: 0.1]
      [GC Worker Total (ms): Min: 10.1, Avg: 10.2, Max: 10.2, Diff: 0.1, Sum: 81.4]
      [GC Worker End (ms): Min: 2077.2, Avg: 2077.2, Max: 2077.2, Diff: 0.0]
   [Code Root Fixup: 0.0 ms]
   [Code Root Purge: 0.0 ms]
   [Clear CT: 0.1 ms]
   [Other: 1.0 ms]
      [Evacuation Failure: 0.2 ms]
      [Choose CSet: 0.0 ms]
      [Ref Proc: 0.1 ms]
      [Ref Enq: 0.0 ms]
      [Redirty Cards: 0.1 ms]
      [Humongous Register: 0.1 ms]
      [Humongous Reclaim: 0.2 ms]
      [Free CSet: 0.2 ms]
   [Eden: 221.0M(221.0M)->0.0B(22528.0K) Survivors: 8192.0K->29696.0K Heap: 864.8M(1024.0M)->710.9M(1024.0M)]
 [Times: user=0.00 sys=0.00, real=0.01 secs] 
2.082: [GC pause (G1 Evacuation Pause) (mixed), 0.0067455 secs]
   [Parallel Time: 5.9 ms, GC Workers: 8]
      [GC Worker Start (ms): Min: 2082.4, Avg: 2082.4, Max: 2082.5, Diff: 0.1]
      [Ext Root Scanning (ms): Min: 0.0, Avg: 0.1, Max: 0.2, Diff: 0.1, Sum: 1.0]
      [Update RS (ms): Min: 0.5, Avg: 0.5, Max: 0.5, Diff: 0.1, Sum: 4.0]
         [Processed Buffers: Min: 6, Avg: 6.4, Max: 8, Diff: 2, Sum: 51]
      [Scan RS (ms): Min: 0.0, Avg: 0.0, Max: 0.1, Diff: 0.1, Sum: 0.2]
      [Code Root Scanning (ms): Min: 0.0, Avg: 0.0, Max: 0.0, Diff: 0.0, Sum: 0.0]
      [Object Copy (ms): Min: 5.1, Avg: 5.1, Max: 5.2, Diff: 0.1, Sum: 40.8]
      [Termination (ms): Min: 0.0, Avg: 0.1, Max: 0.1, Diff: 0.1, Sum: 0.4]
         [Termination Attempts: Min: 1, Avg: 1.0, Max: 1, Diff: 0, Sum: 8]
      [GC Worker Other (ms): Min: 0.0, Avg: 0.0, Max: 0.0, Diff: 0.0, Sum: 0.1]
      [GC Worker Total (ms): Min: 5.7, Avg: 5.8, Max: 5.9, Diff: 0.1, Sum: 46.5]
      [GC Worker End (ms): Min: 2088.2, Avg: 2088.2, Max: 2088.2, Diff: 0.0]
   [Code Root Fixup: 0.0 ms]
   [Code Root Purge: 0.0 ms]
   [Clear CT: 0.1 ms]
   [Other: 0.8 ms]
      [Choose CSet: 0.1 ms]
      [Ref Proc: 0.1 ms]
      [Ref Enq: 0.0 ms]
      [Redirty Cards: 0.1 ms]
      [Humongous Register: 0.2 ms]
      [Humongous Reclaim: 0.1 ms]
      [Free CSet: 0.2 ms]
   [Eden: 22528.0K(22528.0K)->0.0B(45056.0K) Survivors: 29696.0K->7168.0K Heap: 738.0M(1024.0M)->625.4M(1024.0M)]
 [Times: user=0.00 sys=0.00, real=0.01 secs] 
2.097: [GC pause (G1 Evacuation Pause) (mixed), 0.0082155 secs]
   [Parallel Time: 7.5 ms, GC Workers: 8]
      [GC Worker Start (ms): Min: 2096.8, Avg: 2096.8, Max: 2096.8, Diff: 0.1]
      [Ext Root Scanning (ms): Min: 0.1, Avg: 0.1, Max: 0.2, Diff: 0.1, Sum: 1.1]
      [Update RS (ms): Min: 1.0, Avg: 1.0, Max: 1.1, Diff: 0.1, Sum: 8.3]
         [Processed Buffers: Min: 11, Avg: 12.8, Max: 14, Diff: 3, Sum: 102]
      [Scan RS (ms): Min: 0.0, Avg: 0.0, Max: 0.1, Diff: 0.1, Sum: 0.4]
      [Code Root Scanning (ms): Min: 0.0, Avg: 0.0, Max: 0.0, Diff: 0.0, Sum: 0.0]
      [Object Copy (ms): Min: 6.0, Avg: 6.1, Max: 6.2, Diff: 0.2, Sum: 48.4]
      [Termination (ms): Min: 0.0, Avg: 0.1, Max: 0.2, Diff: 0.2, Sum: 1.1]
         [Termination Attempts: Min: 1, Avg: 1.3, Max: 3, Diff: 2, Sum: 10]
      [GC Worker Other (ms): Min: 0.0, Avg: 0.0, Max: 0.0, Diff: 0.0, Sum: 0.1]
      [GC Worker Total (ms): Min: 7.4, Avg: 7.4, Max: 7.5, Diff: 0.1, Sum: 59.4]
      [GC Worker End (ms): Min: 2104.2, Avg: 2104.2, Max: 2104.2, Diff: 0.0]
   [Code Root Fixup: 0.0 ms]
   [Code Root Purge: 0.0 ms]
   [Clear CT: 0.1 ms]
   [Other: 0.6 ms]
      [Choose CSet: 0.0 ms]
      [Ref Proc: 0.1 ms]
      [Ref Enq: 0.0 ms]
      [Redirty Cards: 0.1 ms]
      [Humongous Register: 0.1 ms]
      [Humongous Reclaim: 0.0 ms]
      [Free CSet: 0.1 ms]
   [Eden: 45056.0K(45056.0K)->0.0B(45056.0K) Survivors: 7168.0K->7168.0K Heap: 680.9M(1024.0M)->566.2M(1024.0M)]
 [Times: user=0.05 sys=0.02, real=0.01 secs] 
2.113: [GC pause (G1 Evacuation Pause) (mixed), 0.0059727 secs]
   [Parallel Time: 5.3 ms, GC Workers: 8]
      [GC Worker Start (ms): Min: 2112.9, Avg: 2112.9, Max: 2112.9, Diff: 0.0]
      [Ext Root Scanning (ms): Min: 0.1, Avg: 0.1, Max: 0.2, Diff: 0.0, Sum: 1.1]
      [Update RS (ms): Min: 0.9, Avg: 1.0, Max: 1.0, Diff: 0.1, Sum: 7.8]
         [Processed Buffers: Min: 11, Avg: 11.8, Max: 13, Diff: 2, Sum: 94]
      [Scan RS (ms): Min: 0.0, Avg: 0.0, Max: 0.0, Diff: 0.0, Sum: 0.2]
      [Code Root Scanning (ms): Min: 0.0, Avg: 0.0, Max: 0.0, Diff: 0.0, Sum: 0.0]
      [Object Copy (ms): Min: 4.0, Avg: 4.1, Max: 4.1, Diff: 0.1, Sum: 32.6]
      [Termination (ms): Min: 0.0, Avg: 0.1, Max: 0.1, Diff: 0.1, Sum: 0.5]
         [Termination Attempts: Min: 1, Avg: 1.0, Max: 1, Diff: 0, Sum: 8]
      [GC Worker Other (ms): Min: 0.0, Avg: 0.0, Max: 0.0, Diff: 0.0, Sum: 0.1]
      [GC Worker Total (ms): Min: 5.2, Avg: 5.3, Max: 5.3, Diff: 0.1, Sum: 42.2]
      [GC Worker End (ms): Min: 2118.2, Avg: 2118.2, Max: 2118.2, Diff: 0.0]
   [Code Root Fixup: 0.0 ms]
   [Code Root Purge: 0.0 ms]
   [Clear CT: 0.1 ms]
   [Other: 0.6 ms]
      [Choose CSet: 0.0 ms]
      [Ref Proc: 0.2 ms]
      [Ref Enq: 0.0 ms]
      [Redirty Cards: 0.1 ms]
      [Humongous Register: 0.1 ms]
      [Humongous Reclaim: 0.0 ms]
      [Free CSet: 0.1 ms]
   [Eden: 45056.0K(45056.0K)->0.0B(229.0M) Survivors: 7168.0K->7168.0K Heap: 620.7M(1024.0M)->565.7M(1024.0M)]
 [Times: user=0.02 sys=0.00, real=0.01 secs] 
2.119: [GC pause (G1 Humongous Allocation) (young) (initial-mark), 0.0019232 secs]
   [Parallel Time: 1.4 ms, GC Workers: 8]
      [GC Worker Start (ms): Min: 2119.3, Avg: 2119.4, Max: 2119.5, Diff: 0.2]
      [Ext Root Scanning (ms): Min: 0.0, Avg: 0.4, Max: 1.0, Diff: 1.0, Sum: 3.6]
      [Update RS (ms): Min: 0.0, Avg: 0.1, Max: 0.2, Diff: 0.2, Sum: 0.6]
         [Processed Buffers: Min: 0, Avg: 1.1, Max: 2, Diff: 2, Sum: 9]
      [Scan RS (ms): Min: 0.0, Avg: 0.0, Max: 0.0, Diff: 0.0, Sum: 0.0]
      [Code Root Scanning (ms): Min: 0.0, Avg: 0.0, Max: 0.0, Diff: 0.0, Sum: 0.0]
      [Object Copy (ms): Min: 0.0, Avg: 0.7, Max: 1.0, Diff: 1.0, Sum: 5.4]
      [Termination (ms): Min: 0.0, Avg: 0.1, Max: 0.2, Diff: 0.2, Sum: 0.6]
         [Termination Attempts: Min: 1, Avg: 1.0, Max: 1, Diff: 0, Sum: 8]
      [GC Worker Other (ms): Min: 0.0, Avg: 0.0, Max: 0.0, Diff: 0.0, Sum: 0.0]
      [GC Worker Total (ms): Min: 1.2, Avg: 1.3, Max: 1.3, Diff: 0.2, Sum: 10.2]
      [GC Worker End (ms): Min: 2120.7, Avg: 2120.7, Max: 2120.7, Diff: 0.0]
   [Code Root Fixup: 0.0 ms]
   [Code Root Purge: 0.0 ms]
   [Clear CT: 0.1 ms]
   [Other: 0.5 ms]
      [Choose CSet: 0.0 ms]
      [Ref Proc: 0.1 ms]
      [Ref Enq: 0.0 ms]
      [Redirty Cards: 0.1 ms]
      [Humongous Register: 0.1 ms]
      [Humongous Reclaim: 0.0 ms]
      [Free CSet: 0.0 ms]
   [Eden: 2048.0K(229.0M)->0.0B(192.0M) Survivors: 7168.0K->9216.0K Heap: 567.1M(1024.0M)->567.2M(1024.0M)]
 [Times: user=0.00 sys=0.00, real=0.00 secs] 
2.121: [GC concurrent-root-region-scan-start]
2.122: [GC concurrent-root-region-scan-end, 0.0001691 secs]
2.122: [GC concurrent-mark-start]
2.123: [GC concurrent-mark-end, 0.0015192 secs]
2.123: [GC remark 2.123: [Finalize Marking, 0.0000951 secs] 2.123: [GC ref-proc, 0.0000978 secs] 2.123: [Unloading, 0.0004118 secs], 0.0016168 secs]
 [Times: user=0.00 sys=0.00, real=0.00 secs] 
2.125: [GC cleanup 577M->568M(1024M), 0.0005174 secs]
 [Times: user=0.00 sys=0.00, real=0.00 secs] 
2.125: [GC concurrent-cleanup-start]
2.126: [GC concurrent-cleanup-end, 0.0000383 secs]
2.160: [GC pause (G1 Evacuation Pause) (young), 0.0113239 secs]
   [Parallel Time: 10.4 ms, GC Workers: 8]
      [GC Worker Start (ms): Min: 2160.4, Avg: 2160.5, Max: 2160.6, Diff: 0.2]
      [Ext Root Scanning (ms): Min: 0.0, Avg: 0.1, Max: 0.2, Diff: 0.2, Sum: 1.0]
      [Update RS (ms): Min: 2.7, Avg: 2.7, Max: 2.7, Diff: 0.1, Sum: 21.6]
         [Processed Buffers: Min: 0, Avg: 28.8, Max: 36, Diff: 36, Sum: 230]
      [Scan RS (ms): Min: 0.0, Avg: 0.0, Max: 0.0, Diff: 0.0, Sum: 0.2]
      [Code Root Scanning (ms): Min: 0.0, Avg: 0.0, Max: 0.0, Diff: 0.0, Sum: 0.0]
      [Object Copy (ms): Min: 7.2, Avg: 7.3, Max: 7.4, Diff: 0.2, Sum: 58.7]
      [Termination (ms): Min: 0.0, Avg: 0.1, Max: 0.2, Diff: 0.2, Sum: 1.0]
         [Termination Attempts: Min: 1, Avg: 1.0, Max: 1, Diff: 0, Sum: 8]
      [GC Worker Other (ms): Min: 0.0, Avg: 0.0, Max: 0.0, Diff: 0.0, Sum: 0.1]
      [GC Worker Total (ms): Min: 10.2, Avg: 10.3, Max: 10.4, Diff: 0.2, Sum: 82.5]
      [GC Worker End (ms): Min: 2170.8, Avg: 2170.8, Max: 2170.8, Diff: 0.0]
   [Code Root Fixup: 0.0 ms]
   [Code Root Purge: 0.0 ms]
   [Clear CT: 0.1 ms]
   [Other: 0.8 ms]
      [Choose CSet: 0.0 ms]
      [Ref Proc: 0.1 ms]
      [Ref Enq: 0.0 ms]
      [Redirty Cards: 0.1 ms]
      [Humongous Register: 0.2 ms]
      [Humongous Reclaim: 0.2 ms]
      [Free CSet: 0.2 ms]
   [Eden: 192.0M(192.0M)->0.0B(25600.0K) Survivors: 9216.0K->26624.0K Heap: 799.8M(1024.0M)->612.9M(1024.0M)]
 [Times: user=0.00 sys=0.00, real=0.01 secs] 
2.176: [GC pause (G1 Evacuation Pause) (mixed), 0.0077928 secs]
   [Parallel Time: 6.9 ms, GC Workers: 8]
      [GC Worker Start (ms): Min: 2176.7, Avg: 2176.8, Max: 2176.8, Diff: 0.1]
      [Ext Root Scanning (ms): Min: 0.1, Avg: 0.1, Max: 0.2, Diff: 0.1, Sum: 1.0]
      [Update RS (ms): Min: 0.6, Avg: 0.7, Max: 0.7, Diff: 0.1, Sum: 5.3]
         [Processed Buffers: Min: 0, Avg: 7.5, Max: 10, Diff: 10, Sum: 60]
      [Scan RS (ms): Min: 0.0, Avg: 0.1, Max: 0.1, Diff: 0.1, Sum: 0.4]
      [Code Root Scanning (ms): Min: 0.0, Avg: 0.0, Max: 0.0, Diff: 0.0, Sum: 0.0]
      [Object Copy (ms): Min: 5.8, Avg: 5.9, Max: 5.9, Diff: 0.1, Sum: 47.1]
      [Termination (ms): Min: 0.0, Avg: 0.1, Max: 0.1, Diff: 0.1, Sum: 0.5]
         [Termination Attempts: Min: 1, Avg: 1.1, Max: 2, Diff: 1, Sum: 9]
      [GC Worker Other (ms): Min: 0.0, Avg: 0.0, Max: 0.0, Diff: 0.0, Sum: 0.1]
      [GC Worker Total (ms): Min: 6.8, Avg: 6.8, Max: 6.8, Diff: 0.1, Sum: 54.4]
      [GC Worker End (ms): Min: 2183.6, Avg: 2183.6, Max: 2183.6, Diff: 0.0]
   [Code Root Fixup: 0.0 ms]
   [Code Root Purge: 0.0 ms]
   [Clear CT: 0.1 ms]
   [Other: 0.8 ms]
      [Choose CSet: 0.1 ms]
      [Ref Proc: 0.1 ms]
      [Ref Enq: 0.0 ms]
      [Redirty Cards: 0.2 ms]
      [Humongous Register: 0.1 ms]
      [Humongous Reclaim: 0.0 ms]
      [Free CSet: 0.1 ms]
   [Eden: 25600.0K(25600.0K)->0.0B(45056.0K) Survivors: 26624.0K->7168.0K Heap: 644.1M(1024.0M)->535.8M(1024.0M)]
 [Times: user=0.00 sys=0.00, real=0.01 secs] 
2.193: [GC pause (G1 Evacuation Pause) (mixed), 0.0080973 secs]
   [Parallel Time: 7.3 ms, GC Workers: 8]
      [GC Worker Start (ms): Min: 2193.0, Avg: 2193.0, Max: 2193.0, Diff: 0.1]
      [Ext Root Scanning (ms): Min: 0.1, Avg: 0.1, Max: 0.2, Diff: 0.1, Sum: 1.0]
      [Update RS (ms): Min: 0.6, Avg: 0.7, Max: 0.7, Diff: 0.1, Sum: 5.4]
         [Processed Buffers: Min: 0, Avg: 7.3, Max: 10, Diff: 10, Sum: 58]
      [Scan RS (ms): Min: 0.0, Avg: 0.1, Max: 0.1, Diff: 0.1, Sum: 0.4]
      [Code Root Scanning (ms): Min: 0.0, Avg: 0.0, Max: 0.0, Diff: 0.0, Sum: 0.0]
      [Object Copy (ms): Min: 6.2, Avg: 6.2, Max: 6.3, Diff: 0.1, Sum: 49.9]
      [Termination (ms): Min: 0.0, Avg: 0.1, Max: 0.1, Diff: 0.1, Sum: 0.5]
         [Termination Attempts: Min: 1, Avg: 1.0, Max: 1, Diff: 0, Sum: 8]
      [GC Worker Other (ms): Min: 0.0, Avg: 0.0, Max: 0.0, Diff: 0.0, Sum: 0.1]
      [GC Worker Total (ms): Min: 7.1, Avg: 7.2, Max: 7.2, Diff: 0.1, Sum: 57.3]
      [GC Worker End (ms): Min: 2200.2, Avg: 2200.2, Max: 2200.2, Diff: 0.0]
   [Code Root Fixup: 0.0 ms]
   [Code Root Purge: 0.0 ms]
   [Clear CT: 0.1 ms]
   [Other: 0.7 ms]
      [Choose CSet: 0.0 ms]
      [Ref Proc: 0.1 ms]
      [Ref Enq: 0.0 ms]
      [Redirty Cards: 0.1 ms]
      [Humongous Register: 0.1 ms]
      [Humongous Reclaim: 0.0 ms]
      [Free CSet: 0.1 ms]
   [Eden: 45056.0K(45056.0K)->0.0B(256.0M) Survivors: 7168.0K->7168.0K Heap: 585.8M(1024.0M)->488.6M(1024.0M)]
 [Times: user=0.00 sys=0.00, real=0.01 secs] 
2.202: [GC pause (G1 Humongous Allocation) (young) (initial-mark), 0.0018266 secs]
   [Parallel Time: 1.4 ms, GC Workers: 8]
      [GC Worker Start (ms): Min: 2201.9, Avg: 2201.9, Max: 2201.9, Diff: 0.1]
      [Ext Root Scanning (ms): Min: 0.1, Avg: 0.1, Max: 0.2, Diff: 0.1, Sum: 1.0]
      [Update RS (ms): Min: 0.1, Avg: 0.2, Max: 0.3, Diff: 0.2, Sum: 1.2]
         [Processed Buffers: Min: 1, Avg: 1.1, Max: 2, Diff: 1, Sum: 9]
      [Scan RS (ms): Min: 0.0, Avg: 0.0, Max: 0.0, Diff: 0.0, Sum: 0.0]
      [Code Root Scanning (ms): Min: 0.0, Avg: 0.0, Max: 0.0, Diff: 0.0, Sum: 0.0]
      [Object Copy (ms): Min: 0.8, Avg: 0.9, Max: 1.0, Diff: 0.3, Sum: 7.3]
      [Termination (ms): Min: 0.0, Avg: 0.1, Max: 0.1, Diff: 0.1, Sum: 0.5]
         [Termination Attempts: Min: 1, Avg: 1.0, Max: 1, Diff: 0, Sum: 8]
      [GC Worker Other (ms): Min: 0.0, Avg: 0.0, Max: 0.0, Diff: 0.0, Sum: 0.0]
      [GC Worker Total (ms): Min: 1.2, Avg: 1.3, Max: 1.3, Diff: 0.1, Sum: 10.1]
      [GC Worker End (ms): Min: 2203.2, Avg: 2203.2, Max: 2203.2, Diff: 0.0]
   [Code Root Fixup: 0.0 ms]
   [Code Root Purge: 0.0 ms]
   [Clear CT: 0.1 ms]
   [Other: 0.4 ms]
      [Choose CSet: 0.0 ms]
      [Ref Proc: 0.1 ms]
      [Ref Enq: 0.0 ms]
      [Redirty Cards: 0.1 ms]
      [Humongous Register: 0.1 ms]
      [Humongous Reclaim: 0.0 ms]
      [Free CSet: 0.0 ms]
   [Eden: 4096.0K(256.0M)->0.0B(235.0M) Survivors: 7168.0K->10240.0K Heap: 492.2M(1024.0M)->490.9M(1024.0M)]
 [Times: user=0.00 sys=0.00, real=0.00 secs] 
2.204: [GC concurrent-root-region-scan-start]
2.204: [GC concurrent-root-region-scan-end, 0.0000925 secs]
2.204: [GC concurrent-mark-start]
2.205: [GC concurrent-mark-end, 0.0014118 secs]
2.206: [GC remark 2.206: [Finalize Marking, 0.0001815 secs] 2.206: [GC ref-proc, 0.0000936 secs] 2.206: [Unloading, 0.0004481 secs], 0.0017274 secs]
 [Times: user=0.13 sys=0.00, real=0.00 secs] 
2.207: [GC cleanup 502M->499M(1024M), 0.0007388 secs]
 [Times: user=0.00 sys=0.00, real=0.00 secs] 
2.208: [GC concurrent-cleanup-start]
2.208: [GC concurrent-cleanup-end, 0.0000347 secs]
2.250: [GC pause (G1 Evacuation Pause) (young), 0.0129089 secs]
   [Parallel Time: 11.7 ms, GC Workers: 8]
      [GC Worker Start (ms): Min: 2249.8, Avg: 2249.8, Max: 2249.8, Diff: 0.1]
      [Ext Root Scanning (ms): Min: 0.1, Avg: 0.2, Max: 0.7, Diff: 0.7, Sum: 1.5]
      [Update RS (ms): Min: 2.8, Avg: 3.3, Max: 3.4, Diff: 0.6, Sum: 26.5]
         [Processed Buffers: Min: 35, Avg: 40.6, Max: 43, Diff: 8, Sum: 325]
      [Scan RS (ms): Min: 0.0, Avg: 0.0, Max: 0.0, Diff: 0.0, Sum: 0.2]
      [Code Root Scanning (ms): Min: 0.0, Avg: 0.0, Max: 0.0, Diff: 0.0, Sum: 0.0]
      [Object Copy (ms): Min: 7.8, Avg: 8.0, Max: 8.1, Diff: 0.3, Sum: 63.6]
      [Termination (ms): Min: 0.0, Avg: 0.1, Max: 0.3, Diff: 0.3, Sum: 1.0]
         [Termination Attempts: Min: 1, Avg: 1.0, Max: 1, Diff: 0, Sum: 8]
      [GC Worker Other (ms): Min: 0.0, Avg: 0.0, Max: 0.0, Diff: 0.0, Sum: 0.1]
      [GC Worker Total (ms): Min: 11.6, Avg: 11.6, Max: 11.7, Diff: 0.1, Sum: 93.0]
      [GC Worker End (ms): Min: 2261.4, Avg: 2261.4, Max: 2261.4, Diff: 0.0]
   [Code Root Fixup: 0.0 ms]
   [Code Root Purge: 0.0 ms]
   [Clear CT: 0.2 ms]
   [Other: 1.0 ms]
      [Choose CSet: 0.0 ms]
      [Ref Proc: 0.1 ms]
      [Ref Enq: 0.0 ms]
      [Redirty Cards: 0.4 ms]
      [Humongous Register: 0.1 ms]
      [Humongous Reclaim: 0.1 ms]
      [Free CSet: 0.1 ms]
   [Eden: 235.0M(235.0M)->0.0B(20480.0K) Survivors: 10240.0K->31744.0K Heap: 779.0M(1024.0M)->545.4M(1024.0M)]
 [Times: user=0.11 sys=0.00, real=0.01 secs] 
2.266: [GC pause (G1 Evacuation Pause) (mixed), 0.0098561 secs]
   [Parallel Time: 9.0 ms, GC Workers: 8]
      [GC Worker Start (ms): Min: 2266.1, Avg: 2266.1, Max: 2266.2, Diff: 0.0]
      [Ext Root Scanning (ms): Min: 0.1, Avg: 0.1, Max: 0.1, Diff: 0.0, Sum: 1.0]
      [Update RS (ms): Min: 0.4, Avg: 0.4, Max: 0.4, Diff: 0.1, Sum: 3.2]
         [Processed Buffers: Min: 5, Avg: 5.4, Max: 6, Diff: 1, Sum: 43]
      [Scan RS (ms): Min: 0.0, Avg: 0.1, Max: 0.1, Diff: 0.1, Sum: 0.6]
      [Code Root Scanning (ms): Min: 0.0, Avg: 0.0, Max: 0.0, Diff: 0.0, Sum: 0.0]
      [Object Copy (ms): Min: 8.2, Avg: 8.3, Max: 8.3, Diff: 0.1, Sum: 66.3]
      [Termination (ms): Min: 0.0, Avg: 0.0, Max: 0.1, Diff: 0.1, Sum: 0.3]
         [Termination Attempts: Min: 1, Avg: 2.6, Max: 4, Diff: 3, Sum: 21]
      [GC Worker Other (ms): Min: 0.0, Avg: 0.0, Max: 0.0, Diff: 0.0, Sum: 0.1]
      [GC Worker Total (ms): Min: 8.9, Avg: 8.9, Max: 9.0, Diff: 0.0, Sum: 71.4]
      [GC Worker End (ms): Min: 2275.1, Avg: 2275.1, Max: 2275.1, Diff: 0.0]
   [Code Root Fixup: 0.0 ms]
   [Code Root Purge: 0.0 ms]
   [Clear CT: 0.1 ms]
   [Other: 0.7 ms]
      [Choose CSet: 0.0 ms]
      [Ref Proc: 0.1 ms]
      [Ref Enq: 0.0 ms]
      [Redirty Cards: 0.1 ms]
      [Humongous Register: 0.1 ms]
      [Humongous Reclaim: 0.1 ms]
      [Free CSet: 0.2 ms]
   [Eden: 20480.0K(20480.0K)->0.0B(251.0M) Survivors: 31744.0K->7168.0K Heap: 569.6M(1024.0M)->483.3M(1024.0M)]
 [Times: user=0.13 sys=0.00, real=0.01 secs] 
2.277: [GC pause (G1 Humongous Allocation) (young) (initial-mark), 0.0021628 secs]
   [Parallel Time: 1.3 ms, GC Workers: 8]
      [GC Worker Start (ms): Min: 2277.5, Avg: 2277.6, Max: 2277.6, Diff: 0.1]
      [Ext Root Scanning (ms): Min: 0.1, Avg: 0.1, Max: 0.2, Diff: 0.1, Sum: 0.8]
      [Update RS (ms): Min: 0.1, Avg: 0.2, Max: 0.3, Diff: 0.2, Sum: 1.2]
         [Processed Buffers: Min: 1, Avg: 1.1, Max: 2, Diff: 1, Sum: 9]
      [Scan RS (ms): Min: 0.0, Avg: 0.0, Max: 0.0, Diff: 0.0, Sum: 0.0]
      [Code Root Scanning (ms): Min: 0.0, Avg: 0.0, Max: 0.0, Diff: 0.0, Sum: 0.0]
      [Object Copy (ms): Min: 0.7, Avg: 0.9, Max: 1.0, Diff: 0.3, Sum: 7.1]
      [Termination (ms): Min: 0.0, Avg: 0.0, Max: 0.1, Diff: 0.1, Sum: 0.3]
         [Termination Attempts: Min: 1, Avg: 1.0, Max: 1, Diff: 0, Sum: 8]
      [GC Worker Other (ms): Min: 0.0, Avg: 0.0, Max: 0.0, Diff: 0.0, Sum: 0.1]
      [GC Worker Total (ms): Min: 1.1, Avg: 1.2, Max: 1.3, Diff: 0.1, Sum: 9.5]
      [GC Worker End (ms): Min: 2278.7, Avg: 2278.7, Max: 2278.7, Diff: 0.0]
   [Code Root Fixup: 0.0 ms]
   [Code Root Purge: 0.0 ms]
   [Clear CT: 0.3 ms]
   [Other: 0.5 ms]
      [Choose CSet: 0.0 ms]
      [Ref Proc: 0.1 ms]
      [Ref Enq: 0.0 ms]
      [Redirty Cards: 0.1 ms]
      [Humongous Register: 0.1 ms]
      [Humongous Reclaim: 0.0 ms]
      [Free CSet: 0.0 ms]
   [Eden: 5120.0K(251.0M)->0.0B(251.0M) Survivors: 7168.0K->9216.0K Heap: 487.6M(1024.0M)->483.7M(1024.0M)]
 [Times: user=0.00 sys=0.00, real=0.00 secs] 
2.280: [GC concurrent-root-region-scan-start]
2.280: [GC concurrent-root-region-scan-end, 0.0001197 secs]
2.280: [GC concurrent-mark-start]
2.281: [GC concurrent-mark-end, 0.0015364 secs]
2.282: [GC remark 2.282: [Finalize Marking, 0.0002278 secs] 2.282: [GC ref-proc, 0.0000944 secs] 2.282: [Unloading, 0.0004870 secs], 0.0017835 secs]
 [Times: user=0.00 sys=0.00, real=0.00 secs] 
2.283: [GC cleanup 496M->494M(1024M), 0.0004841 secs]
 [Times: user=0.00 sys=0.00, real=0.00 secs] 
2.284: [GC concurrent-cleanup-start]
2.284: [GC concurrent-cleanup-end, 0.0000348 secs]
2.327: [GC pause (G1 Evacuation Pause) (young), 0.0134784 secs]
   [Parallel Time: 12.6 ms, GC Workers: 8]
      [GC Worker Start (ms): Min: 2327.6, Avg: 2327.6, Max: 2327.7, Diff: 0.2]
      [Ext Root Scanning (ms): Min: 0.0, Avg: 0.1, Max: 0.2, Diff: 0.2, Sum: 1.0]
      [Update RS (ms): Min: 3.9, Avg: 4.0, Max: 4.0, Diff: 0.1, Sum: 31.6]
         [Processed Buffers: Min: 36, Avg: 48.1, Max: 53, Diff: 17, Sum: 385]
      [Scan RS (ms): Min: 0.0, Avg: 0.0, Max: 0.0, Diff: 0.0, Sum: 0.2]
      [Code Root Scanning (ms): Min: 0.0, Avg: 0.0, Max: 0.0, Diff: 0.0, Sum: 0.0]
      [Object Copy (ms): Min: 8.3, Avg: 8.3, Max: 8.4, Diff: 0.1, Sum: 66.7]
      [Termination (ms): Min: 0.0, Avg: 0.0, Max: 0.1, Diff: 0.1, Sum: 0.3]
         [Termination Attempts: Min: 1, Avg: 1.3, Max: 3, Diff: 2, Sum: 10]
      [GC Worker Other (ms): Min: 0.0, Avg: 0.0, Max: 0.0, Diff: 0.0, Sum: 0.1]
      [GC Worker Total (ms): Min: 12.4, Avg: 12.5, Max: 12.5, Diff: 0.2, Sum: 99.9]
      [GC Worker End (ms): Min: 2340.1, Avg: 2340.1, Max: 2340.1, Diff: 0.0]
   [Code Root Fixup: 0.0 ms]
   [Code Root Purge: 0.0 ms]
   [Clear CT: 0.1 ms]
   [Other: 0.8 ms]
      [Choose CSet: 0.0 ms]
      [Ref Proc: 0.1 ms]
      [Ref Enq: 0.0 ms]
      [Redirty Cards: 0.1 ms]
      [Humongous Register: 0.2 ms]
      [Humongous Reclaim: 0.1 ms]
      [Free CSet: 0.1 ms]
   [Eden: 251.0M(251.0M)->0.0B(18432.0K) Survivors: 9216.0K->33792.0K Heap: 806.6M(1024.0M)->549.8M(1024.0M)]
 [Times: user=0.13 sys=0.00, real=0.01 secs] 
2.344: [GC pause (G1 Evacuation Pause) (mixed), 0.0102163 secs]
   [Parallel Time: 9.4 ms, GC Workers: 8]
      [GC Worker Start (ms): Min: 2344.5, Avg: 2344.6, Max: 2344.6, Diff: 0.1]
      [Ext Root Scanning (ms): Min: 0.1, Avg: 0.1, Max: 0.2, Diff: 0.1, Sum: 0.9]
      [Update RS (ms): Min: 0.3, Avg: 0.4, Max: 0.4, Diff: 0.1, Sum: 3.0]
         [Processed Buffers: Min: 4, Avg: 5.0, Max: 6, Diff: 2, Sum: 40]
      [Scan RS (ms): Min: 0.0, Avg: 0.0, Max: 0.1, Diff: 0.1, Sum: 0.4]
      [Code Root Scanning (ms): Min: 0.0, Avg: 0.0, Max: 0.0, Diff: 0.0, Sum: 0.0]
      [Object Copy (ms): Min: 8.7, Avg: 8.7, Max: 8.8, Diff: 0.1, Sum: 69.8]
      [Termination (ms): Min: 0.0, Avg: 0.1, Max: 0.1, Diff: 0.1, Sum: 0.5]
         [Termination Attempts: Min: 1, Avg: 3.9, Max: 8, Diff: 7, Sum: 31]
      [GC Worker Other (ms): Min: 0.0, Avg: 0.0, Max: 0.0, Diff: 0.0, Sum: 0.1]
      [GC Worker Total (ms): Min: 9.3, Avg: 9.3, Max: 9.4, Diff: 0.1, Sum: 74.7]
      [GC Worker End (ms): Min: 2353.9, Avg: 2353.9, Max: 2353.9, Diff: 0.0]
   [Code Root Fixup: 0.0 ms]
   [Code Root Purge: 0.0 ms]
   [Clear CT: 0.1 ms]
   [Other: 0.7 ms]
      [Choose CSet: 0.0 ms]
      [Ref Proc: 0.1 ms]
      [Ref Enq: 0.0 ms]
      [Redirty Cards: 0.1 ms]
      [Humongous Register: 0.1 ms]
      [Humongous Reclaim: 0.0 ms]
      [Free CSet: 0.2 ms]
   [Eden: 18432.0K(18432.0K)->0.0B(46080.0K) Survivors: 33792.0K->6144.0K Heap: 571.7M(1024.0M)->487.9M(1024.0M)]
 [Times: user=0.13 sys=0.00, real=0.01 secs] 
2.362: [GC pause (G1 Evacuation Pause) (mixed), 0.0044261 secs]
   [Parallel Time: 3.8 ms, GC Workers: 8]
      [GC Worker Start (ms): Min: 2362.5, Avg: 2362.6, Max: 2362.7, Diff: 0.1]
      [Ext Root Scanning (ms): Min: 0.1, Avg: 0.1, Max: 0.2, Diff: 0.1, Sum: 0.8]
      [Update RS (ms): Min: 1.0, Avg: 1.0, Max: 1.1, Diff: 0.0, Sum: 8.2]
         [Processed Buffers: Min: 12, Avg: 12.9, Max: 14, Diff: 2, Sum: 103]
      [Scan RS (ms): Min: 0.0, Avg: 0.0, Max: 0.0, Diff: 0.0, Sum: 0.1]
      [Code Root Scanning (ms): Min: 0.0, Avg: 0.0, Max: 0.0, Diff: 0.0, Sum: 0.0]
      [Object Copy (ms): Min: 2.4, Avg: 2.5, Max: 2.5, Diff: 0.1, Sum: 19.6]
      [Termination (ms): Min: 0.0, Avg: 0.1, Max: 0.1, Diff: 0.1, Sum: 0.5]
         [Termination Attempts: Min: 1, Avg: 1.4, Max: 2, Diff: 1, Sum: 11]
      [GC Worker Other (ms): Min: 0.0, Avg: 0.0, Max: 0.0, Diff: 0.0, Sum: 0.1]
      [GC Worker Total (ms): Min: 3.6, Avg: 3.7, Max: 3.8, Diff: 0.2, Sum: 29.2]
      [GC Worker End (ms): Min: 2366.3, Avg: 2366.3, Max: 2366.3, Diff: 0.0]
   [Code Root Fixup: 0.0 ms]
   [Code Root Purge: 0.0 ms]
   [Clear CT: 0.1 ms]
   [Other: 0.5 ms]
      [Choose CSet: 0.0 ms]
      [Ref Proc: 0.1 ms]
      [Ref Enq: 0.0 ms]
      [Redirty Cards: 0.1 ms]
      [Humongous Register: 0.1 ms]
      [Humongous Reclaim: 0.1 ms]
      [Free CSet: 0.1 ms]
   [Eden: 46080.0K(46080.0K)->0.0B(247.0M) Survivors: 6144.0K->7168.0K Heap: 544.5M(1024.0M)->500.1M(1024.0M)]
 [Times: user=0.13 sys=0.00, real=0.00 secs] 
2.368: [GC pause (G1 Humongous Allocation) (young) (initial-mark), 0.0021992 secs]
   [Parallel Time: 1.5 ms, GC Workers: 8]
      [GC Worker Start (ms): Min: 2368.3, Avg: 2368.4, Max: 2368.4, Diff: 0.1]
      [Ext Root Scanning (ms): Min: 0.1, Avg: 0.1, Max: 0.2, Diff: 0.1, Sum: 1.0]
      [Update RS (ms): Min: 0.0, Avg: 0.1, Max: 0.2, Diff: 0.2, Sum: 0.7]
         [Processed Buffers: Min: 0, Avg: 1.1, Max: 2, Diff: 2, Sum: 9]
      [Scan RS (ms): Min: 0.0, Avg: 0.0, Max: 0.0, Diff: 0.0, Sum: 0.0]
      [Code Root Scanning (ms): Min: 0.0, Avg: 0.0, Max: 0.0, Diff: 0.0, Sum: 0.0]
      [Object Copy (ms): Min: 0.9, Avg: 1.0, Max: 1.1, Diff: 0.2, Sum: 8.3]
      [Termination (ms): Min: 0.0, Avg: 0.1, Max: 0.1, Diff: 0.1, Sum: 0.5]
         [Termination Attempts: Min: 1, Avg: 1.0, Max: 1, Diff: 0, Sum: 8]
      [GC Worker Other (ms): Min: 0.0, Avg: 0.0, Max: 0.0, Diff: 0.0, Sum: 0.1]
      [GC Worker Total (ms): Min: 1.3, Avg: 1.3, Max: 1.4, Diff: 0.1, Sum: 10.6]
      [GC Worker End (ms): Min: 2369.7, Avg: 2369.7, Max: 2369.7, Diff: 0.0]
   [Code Root Fixup: 0.0 ms]
   [Code Root Purge: 0.0 ms]
   [Clear CT: 0.1 ms]
   [Other: 0.6 ms]
      [Choose CSet: 0.0 ms]
      [Ref Proc: 0.1 ms]
      [Ref Enq: 0.0 ms]
      [Redirty Cards: 0.2 ms]
      [Humongous Register: 0.1 ms]
      [Humongous Reclaim: 0.0 ms]
      [Free CSet: 0.0 ms]
   [Eden: 6144.0K(247.0M)->0.0B(249.0M) Survivors: 7168.0K->9216.0K Heap: 505.5M(1024.0M)->500.6M(1024.0M)]
 [Times: user=0.00 sys=0.00, real=0.00 secs] 
2.371: [GC concurrent-root-region-scan-start]
2.371: [GC concurrent-root-region-scan-end, 0.0001698 secs]
2.371: [GC concurrent-mark-start]
2.372: [GC concurrent-mark-end, 0.0015783 secs]
2.373: [GC remark 2.373: [Finalize Marking, 0.0003116 secs] 2.373: [GC ref-proc, 0.0000940 secs] 2.373: [Unloading, 0.0004018 secs], 0.0018117 secs]
 [Times: user=0.00 sys=0.00, real=0.00 secs] 
2.375: [GC cleanup 519M->519M(1024M), 0.0009456 secs]
 [Times: user=0.00 sys=0.00, real=0.00 secs] 
2.421: [GC pause (G1 Evacuation Pause) (young) (to-space exhausted), 0.0131987 secs]
   [Parallel Time: 12.1 ms, GC Workers: 8]
      [GC Worker Start (ms): Min: 2420.8, Avg: 2420.9, Max: 2421.0, Diff: 0.2]
      [Ext Root Scanning (ms): Min: 0.0, Avg: 0.1, Max: 0.2, Diff: 0.2, Sum: 1.0]
      [Update RS (ms): Min: 4.1, Avg: 4.2, Max: 4.2, Diff: 0.1, Sum: 33.3]
         [Processed Buffers: Min: 43, Avg: 51.3, Max: 55, Diff: 12, Sum: 410]
      [Scan RS (ms): Min: 0.0, Avg: 0.0, Max: 0.0, Diff: 0.0, Sum: 0.2]
      [Code Root Scanning (ms): Min: 0.0, Avg: 0.0, Max: 0.0, Diff: 0.0, Sum: 0.0]
      [Object Copy (ms): Min: 7.6, Avg: 7.6, Max: 7.7, Diff: 0.0, Sum: 61.0]
      [Termination (ms): Min: 0.0, Avg: 0.0, Max: 0.0, Diff: 0.0, Sum: 0.1]
         [Termination Attempts: Min: 1, Avg: 1.0, Max: 1, Diff: 0, Sum: 8]
      [GC Worker Other (ms): Min: 0.0, Avg: 0.0, Max: 0.0, Diff: 0.0, Sum: 0.2]
      [GC Worker Total (ms): Min: 11.8, Avg: 12.0, Max: 12.0, Diff: 0.2, Sum: 95.8]
      [GC Worker End (ms): Min: 2432.8, Avg: 2432.8, Max: 2432.8, Diff: 0.0]
   [Code Root Fixup: 0.0 ms]
   [Code Root Purge: 0.0 ms]
   [Clear CT: 0.1 ms]
   [Other: 1.0 ms]
      [Evacuation Failure: 0.2 ms]
      [Choose CSet: 0.0 ms]
      [Ref Proc: 0.1 ms]
      [Ref Enq: 0.0 ms]
      [Redirty Cards: 0.1 ms]
      [Humongous Register: 0.2 ms]
      [Humongous Reclaim: 0.2 ms]
      [Free CSet: 0.1 ms]
   [Eden: 249.0M(249.0M)->0.0B(18432.0K) Survivors: 9216.0K->33792.0K Heap: 838.8M(1024.0M)->622.0M(1024.0M)]
 [Times: user=0.13 sys=0.00, real=0.01 secs] 
2.437: [GC pause (G1 Evacuation Pause) (mixed), 0.0101372 secs]
   [Parallel Time: 9.4 ms, GC Workers: 8]
      [GC Worker Start (ms): Min: 2437.7, Avg: 2437.8, Max: 2437.8, Diff: 0.1]
      [Ext Root Scanning (ms): Min: 0.1, Avg: 0.1, Max: 0.2, Diff: 0.1, Sum: 0.9]
      [Update RS (ms): Min: 0.5, Avg: 0.5, Max: 0.5, Diff: 0.0, Sum: 4.2]
         [Processed Buffers: Min: 6, Avg: 6.9, Max: 8, Diff: 2, Sum: 55]
      [Scan RS (ms): Min: 0.0, Avg: 0.1, Max: 0.1, Diff: 0.0, Sum: 0.4]
      [Code Root Scanning (ms): Min: 0.0, Avg: 0.0, Max: 0.0, Diff: 0.0, Sum: 0.0]
      [Object Copy (ms): Min: 8.5, Avg: 8.5, Max: 8.6, Diff: 0.0, Sum: 68.2]
      [Termination (ms): Min: 0.0, Avg: 0.0, Max: 0.1, Diff: 0.1, Sum: 0.3]
         [Termination Attempts: Min: 1, Avg: 1.0, Max: 1, Diff: 0, Sum: 8]
      [GC Worker Other (ms): Min: 0.0, Avg: 0.0, Max: 0.0, Diff: 0.0, Sum: 0.1]
      [GC Worker Total (ms): Min: 9.2, Avg: 9.3, Max: 9.3, Diff: 0.1, Sum: 74.2]
      [GC Worker End (ms): Min: 2447.0, Avg: 2447.0, Max: 2447.1, Diff: 0.0]
   [Code Root Fixup: 0.0 ms]
   [Code Root Purge: 0.0 ms]
   [Clear CT: 0.1 ms]
   [Other: 0.6 ms]
      [Choose CSet: 0.0 ms]
      [Ref Proc: 0.1 ms]
      [Ref Enq: 0.0 ms]
      [Redirty Cards: 0.1 ms]
      [Humongous Register: 0.1 ms]
      [Humongous Reclaim: 0.0 ms]
      [Free CSet: 0.1 ms]
   [Eden: 18432.0K(18432.0K)->0.0B(45056.0K) Survivors: 33792.0K->7168.0K Heap: 645.5M(1024.0M)->558.5M(1024.0M)]
 [Times: user=0.11 sys=0.00, real=0.01 secs] 
2.456: [GC pause (G1 Evacuation Pause) (mixed), 0.0055237 secs]
   [Parallel Time: 4.7 ms, GC Workers: 8]
      [GC Worker Start (ms): Min: 2456.0, Avg: 2456.1, Max: 2456.1, Diff: 0.1]
      [Ext Root Scanning (ms): Min: 0.0, Avg: 0.1, Max: 0.2, Diff: 0.1, Sum: 0.7]
      [Update RS (ms): Min: 0.8, Avg: 0.9, Max: 0.9, Diff: 0.1, Sum: 7.1]
         [Processed Buffers: Min: 10, Avg: 10.8, Max: 12, Diff: 2, Sum: 86]
      [Scan RS (ms): Min: 0.0, Avg: 0.0, Max: 0.2, Diff: 0.2, Sum: 0.3]
      [Code Root Scanning (ms): Min: 0.0, Avg: 0.0, Max: 0.0, Diff: 0.0, Sum: 0.0]
      [Object Copy (ms): Min: 3.3, Avg: 3.5, Max: 3.6, Diff: 0.2, Sum: 27.9]
      [Termination (ms): Min: 0.0, Avg: 0.1, Max: 0.1, Diff: 0.1, Sum: 0.6]
         [Termination Attempts: Min: 1, Avg: 1.0, Max: 1, Diff: 0, Sum: 8]
      [GC Worker Other (ms): Min: 0.0, Avg: 0.0, Max: 0.0, Diff: 0.0, Sum: 0.1]
      [GC Worker Total (ms): Min: 4.5, Avg: 4.6, Max: 4.7, Diff: 0.2, Sum: 36.7]
      [GC Worker End (ms): Min: 2460.7, Avg: 2460.7, Max: 2460.7, Diff: 0.0]
   [Code Root Fixup: 0.0 ms]
   [Code Root Purge: 0.0 ms]
   [Clear CT: 0.1 ms]
   [Other: 0.7 ms]
      [Choose CSet: 0.0 ms]
      [Ref Proc: 0.1 ms]
      [Ref Enq: 0.0 ms]
      [Redirty Cards: 0.2 ms]
      [Humongous Register: 0.1 ms]
      [Humongous Reclaim: 0.0 ms]
      [Free CSet: 0.1 ms]
   [Eden: 45056.0K(45056.0K)->0.0B(209.0M) Survivors: 7168.0K->7168.0K Heap: 612.0M(1024.0M)->563.1M(1024.0M)]
 [Times: user=0.13 sys=0.00, real=0.01 secs] 
2.462: [GC pause (G1 Humongous Allocation) (young) (initial-mark), 0.0018978 secs]
   [Parallel Time: 1.1 ms, GC Workers: 8]
      [GC Worker Start (ms): Min: 2462.6, Avg: 2462.6, Max: 2462.7, Diff: 0.1]
      [Ext Root Scanning (ms): Min: 0.0, Avg: 0.1, Max: 0.2, Diff: 0.1, Sum: 1.0]
      [Update RS (ms): Min: 0.0, Avg: 0.1, Max: 0.3, Diff: 0.3, Sum: 0.9]
         [Processed Buffers: Min: 1, Avg: 1.1, Max: 2, Diff: 1, Sum: 9]
      [Scan RS (ms): Min: 0.0, Avg: 0.0, Max: 0.0, Diff: 0.0, Sum: 0.0]
      [Code Root Scanning (ms): Min: 0.0, Avg: 0.0, Max: 0.0, Diff: 0.0, Sum: 0.0]
      [Object Copy (ms): Min: 0.4, Avg: 0.7, Max: 0.8, Diff: 0.4, Sum: 5.3]
      [Termination (ms): Min: 0.0, Avg: 0.1, Max: 0.1, Diff: 0.1, Sum: 0.5]
         [Termination Attempts: Min: 1, Avg: 1.0, Max: 1, Diff: 0, Sum: 8]
      [GC Worker Other (ms): Min: 0.0, Avg: 0.0, Max: 0.0, Diff: 0.0, Sum: 0.0]
      [GC Worker Total (ms): Min: 0.9, Avg: 1.0, Max: 1.0, Diff: 0.1, Sum: 7.7]
      [GC Worker End (ms): Min: 2463.6, Avg: 2463.6, Max: 2463.6, Diff: 0.0]
   [Code Root Fixup: 0.0 ms]
   [Code Root Purge: 0.0 ms]
   [Clear CT: 0.2 ms]
   [Other: 0.6 ms]
      [Choose CSet: 0.0 ms]
      [Ref Proc: 0.3 ms]
      [Ref Enq: 0.0 ms]
      [Redirty Cards: 0.1 ms]
      [Humongous Register: 0.1 ms]
      [Humongous Reclaim: 0.0 ms]
      [Free CSet: 0.0 ms]
   [Eden: 4096.0K(209.0M)->0.0B(218.0M) Survivors: 7168.0K->7168.0K Heap: 566.9M(1024.0M)->562.0M(1024.0M)]
 [Times: user=0.00 sys=0.00, real=0.00 secs] 
2.465: [GC concurrent-root-region-scan-start]
2.465: [GC concurrent-root-region-scan-end, 0.0000917 secs]
2.465: [GC concurrent-mark-start]
2.466: [GC concurrent-mark-end, 0.0014398 secs]
2.466: [GC remark 2.466: [Finalize Marking, 0.0000764 secs] 2.466: [GC ref-proc, 0.0000951 secs] 2.466: [Unloading, 0.0004295 secs], 0.0015649 secs]
 [Times: user=0.00 sys=0.00, real=0.00 secs] 
2.468: [GC cleanup 573M->568M(1024M), 0.0005240 secs]
 [Times: user=0.00 sys=0.00, real=0.00 secs] 
2.468: [GC concurrent-cleanup-start]
2.468: [GC concurrent-cleanup-end, 0.0000329 secs]
2.506: [GC pause (G1 Evacuation Pause) (young), 0.0123592 secs]
   [Parallel Time: 11.5 ms, GC Workers: 8]
      [GC Worker Start (ms): Min: 2506.0, Avg: 2506.0, Max: 2506.0, Diff: 0.1]
      [Ext Root Scanning (ms): Min: 0.1, Avg: 0.1, Max: 0.2, Diff: 0.1, Sum: 1.0]
      [Update RS (ms): Min: 3.9, Avg: 4.0, Max: 4.0, Diff: 0.1, Sum: 31.6]
         [Processed Buffers: Min: 46, Avg: 49.5, Max: 53, Diff: 7, Sum: 396]
      [Scan RS (ms): Min: 0.0, Avg: 0.0, Max: 0.1, Diff: 0.0, Sum: 0.2]
      [Code Root Scanning (ms): Min: 0.0, Avg: 0.0, Max: 0.0, Diff: 0.0, Sum: 0.0]
      [Object Copy (ms): Min: 7.1, Avg: 7.2, Max: 7.3, Diff: 0.2, Sum: 57.7]
      [Termination (ms): Min: 0.0, Avg: 0.1, Max: 0.1, Diff: 0.1, Sum: 0.6]
         [Termination Attempts: Min: 1, Avg: 1.8, Max: 3, Diff: 2, Sum: 14]
      [GC Worker Other (ms): Min: 0.0, Avg: 0.0, Max: 0.0, Diff: 0.0, Sum: 0.2]
      [GC Worker Total (ms): Min: 11.4, Avg: 11.4, Max: 11.5, Diff: 0.1, Sum: 91.2]
      [GC Worker End (ms): Min: 2517.4, Avg: 2517.4, Max: 2517.4, Diff: 0.0]
   [Code Root Fixup: 0.0 ms]
   [Code Root Purge: 0.0 ms]
   [Clear CT: 0.1 ms]
   [Other: 0.7 ms]
      [Choose CSet: 0.0 ms]
      [Ref Proc: 0.1 ms]
      [Ref Enq: 0.0 ms]
      [Redirty Cards: 0.1 ms]
      [Humongous Register: 0.2 ms]
      [Humongous Reclaim: 0.1 ms]
      [Free CSet: 0.1 ms]
   [Eden: 218.0M(218.0M)->0.0B(22528.0K) Survivors: 7168.0K->29696.0K Heap: 836.8M(1024.0M)->615.7M(1024.0M)]
 [Times: user=0.00 sys=0.00, real=0.01 secs] 
2.522: [GC pause (G1 Evacuation Pause) (mixed), 0.0074489 secs]
   [Parallel Time: 6.7 ms, GC Workers: 8]
      [GC Worker Start (ms): Min: 2522.7, Avg: 2522.7, Max: 2522.7, Diff: 0.1]
      [Ext Root Scanning (ms): Min: 0.1, Avg: 0.1, Max: 0.1, Diff: 0.1, Sum: 1.0]
      [Update RS (ms): Min: 0.5, Avg: 0.5, Max: 0.5, Diff: 0.1, Sum: 4.0]
         [Processed Buffers: Min: 6, Avg: 6.6, Max: 8, Diff: 2, Sum: 53]
      [Scan RS (ms): Min: 0.0, Avg: 0.0, Max: 0.1, Diff: 0.1, Sum: 0.3]
      [Code Root Scanning (ms): Min: 0.0, Avg: 0.0, Max: 0.0, Diff: 0.0, Sum: 0.0]
      [Object Copy (ms): Min: 5.9, Avg: 5.9, Max: 6.0, Diff: 0.1, Sum: 47.2]
      [Termination (ms): Min: 0.0, Avg: 0.1, Max: 0.1, Diff: 0.1, Sum: 0.5]
         [Termination Attempts: Min: 1, Avg: 1.0, Max: 1, Diff: 0, Sum: 8]
      [GC Worker Other (ms): Min: 0.0, Avg: 0.0, Max: 0.0, Diff: 0.0, Sum: 0.1]
      [GC Worker Total (ms): Min: 6.6, Avg: 6.6, Max: 6.7, Diff: 0.1, Sum: 53.0]
      [GC Worker End (ms): Min: 2529.3, Avg: 2529.3, Max: 2529.3, Diff: 0.0]
   [Code Root Fixup: 0.0 ms]
   [Code Root Purge: 0.0 ms]
   [Clear CT: 0.1 ms]
   [Other: 0.7 ms]
      [Choose CSet: 0.0 ms]
      [Ref Proc: 0.1 ms]
      [Ref Enq: 0.0 ms]
      [Redirty Cards: 0.1 ms]
      [Humongous Register: 0.1 ms]
      [Humongous Reclaim: 0.0 ms]
      [Free CSet: 0.1 ms]
   [Eden: 22528.0K(22528.0K)->0.0B(45056.0K) Survivors: 29696.0K->7168.0K Heap: 643.2M(1024.0M)->529.5M(1024.0M)]
 [Times: user=0.00 sys=0.00, real=0.01 secs] 
2.537: [GC pause (G1 Evacuation Pause) (mixed), 0.0079643 secs]
   [Parallel Time: 6.8 ms, GC Workers: 8]
      [GC Worker Start (ms): Min: 2537.7, Avg: 2537.7, Max: 2537.7, Diff: 0.0]
      [Ext Root Scanning (ms): Min: 0.1, Avg: 0.1, Max: 0.1, Diff: 0.0, Sum: 1.0]
      [Update RS (ms): Min: 0.7, Avg: 0.7, Max: 0.7, Diff: 0.1, Sum: 5.6]
         [Processed Buffers: Min: 8, Avg: 9.3, Max: 10, Diff: 2, Sum: 74]
      [Scan RS (ms): Min: 0.0, Avg: 0.1, Max: 0.1, Diff: 0.1, Sum: 0.5]
      [Code Root Scanning (ms): Min: 0.0, Avg: 0.0, Max: 0.0, Diff: 0.0, Sum: 0.0]
      [Object Copy (ms): Min: 5.6, Avg: 5.6, Max: 5.7, Diff: 0.1, Sum: 45.0]
      [Termination (ms): Min: 0.0, Avg: 0.1, Max: 0.1, Diff: 0.1, Sum: 0.5]
         [Termination Attempts: Min: 1, Avg: 1.0, Max: 1, Diff: 0, Sum: 8]
      [GC Worker Other (ms): Min: 0.0, Avg: 0.0, Max: 0.0, Diff: 0.0, Sum: 0.1]
      [GC Worker Total (ms): Min: 6.6, Avg: 6.6, Max: 6.6, Diff: 0.0, Sum: 52.7]
      [GC Worker End (ms): Min: 2544.3, Avg: 2544.3, Max: 2544.3, Diff: 0.0]
   [Code Root Fixup: 0.0 ms]
   [Code Root Purge: 0.0 ms]
   [Clear CT: 0.3 ms]
   [Other: 0.8 ms]
      [Choose CSet: 0.0 ms]
      [Ref Proc: 0.2 ms]
      [Ref Enq: 0.0 ms]
      [Redirty Cards: 0.2 ms]
      [Humongous Register: 0.1 ms]
      [Humongous Reclaim: 0.0 ms]
      [Free CSet: 0.1 ms]
   [Eden: 45056.0K(45056.0K)->0.0B(282.0M) Survivors: 7168.0K->7168.0K Heap: 581.6M(1024.0M)->486.3M(1024.0M)]
 [Times: user=0.00 sys=0.00, real=0.01 secs] 
2.547: [GC pause (G1 Humongous Allocation) (young) (initial-mark), 0.0020236 secs]
   [Parallel Time: 1.3 ms, GC Workers: 8]
      [GC Worker Start (ms): Min: 2547.0, Avg: 2547.1, Max: 2547.1, Diff: 0.1]
      [Ext Root Scanning (ms): Min: 0.1, Avg: 0.1, Max: 0.2, Diff: 0.1, Sum: 1.0]
      [Update RS (ms): Min: 0.1, Avg: 0.2, Max: 0.4, Diff: 0.4, Sum: 1.2]
         [Processed Buffers: Min: 1, Avg: 1.1, Max: 2, Diff: 1, Sum: 9]
      [Scan RS (ms): Min: 0.0, Avg: 0.0, Max: 0.0, Diff: 0.0, Sum: 0.0]
      [Code Root Scanning (ms): Min: 0.0, Avg: 0.0, Max: 0.0, Diff: 0.0, Sum: 0.0]
      [Object Copy (ms): Min: 0.6, Avg: 0.9, Max: 1.0, Diff: 0.4, Sum: 7.0]
      [Termination (ms): Min: 0.0, Avg: 0.0, Max: 0.1, Diff: 0.1, Sum: 0.2]
         [Termination Attempts: Min: 1, Avg: 1.0, Max: 1, Diff: 0, Sum: 8]
      [GC Worker Other (ms): Min: 0.0, Avg: 0.0, Max: 0.0, Diff: 0.0, Sum: 0.0]
      [GC Worker Total (ms): Min: 1.2, Avg: 1.2, Max: 1.2, Diff: 0.1, Sum: 9.5]
      [GC Worker End (ms): Min: 2548.2, Avg: 2548.2, Max: 2548.2, Diff: 0.0]
   [Code Root Fixup: 0.0 ms]
   [Code Root Purge: 0.0 ms]
   [Clear CT: 0.2 ms]
   [Other: 0.5 ms]
      [Choose CSet: 0.0 ms]
      [Ref Proc: 0.1 ms]
      [Ref Enq: 0.0 ms]
      [Redirty Cards: 0.1 ms]
      [Humongous Register: 0.1 ms]
      [Humongous Reclaim: 0.0 ms]
      [Free CSet: 0.0 ms]
   [Eden: 7168.0K(282.0M)->0.0B(271.0M) Survivors: 7168.0K->9216.0K Heap: 493.3M(1024.0M)->486.5M(1024.0M)]
 [Times: user=0.00 sys=0.00, real=0.00 secs] 
2.549: [GC concurrent-root-region-scan-start]
2.549: [GC concurrent-root-region-scan-end, 0.0000953 secs]
2.549: [GC concurrent-mark-start]
2.551: [GC concurrent-mark-end, 0.0015814 secs]
2.551: [GC remark 2.551: [Finalize Marking, 0.0000991 secs] 2.551: [GC ref-proc, 0.0000900 secs] 2.551: [Unloading, 0.0004257 secs], 0.0015210 secs]
 [Times: user=0.00 sys=0.00, real=0.00 secs] 
2.553: [GC cleanup 502M->501M(1024M), 0.0005903 secs]
 [Times: user=0.00 sys=0.00, real=0.00 secs] 
2.553: [GC concurrent-cleanup-start]
2.553: [GC concurrent-cleanup-end, 0.0000505 secs]
2.597: [GC pause (G1 Evacuation Pause) (young), 0.0147635 secs]
   [Parallel Time: 13.7 ms, GC Workers: 8]
      [GC Worker Start (ms): Min: 2597.4, Avg: 2597.6, Max: 2598.6, Diff: 1.2]
      [Ext Root Scanning (ms): Min: 0.0, Avg: 0.1, Max: 0.2, Diff: 0.2, Sum: 0.9]
      [Update RS (ms): Min: 3.5, Avg: 4.4, Max: 4.5, Diff: 1.0, Sum: 35.1]
         [Processed Buffers: Min: 44, Avg: 55.1, Max: 61, Diff: 17, Sum: 441]
      [Scan RS (ms): Min: 0.0, Avg: 0.0, Max: 0.0, Diff: 0.0, Sum: 0.2]
      [Code Root Scanning (ms): Min: 0.0, Avg: 0.0, Max: 0.0, Diff: 0.0, Sum: 0.0]
      [Object Copy (ms): Min: 8.7, Avg: 8.8, Max: 8.9, Diff: 0.2, Sum: 70.5]
      [Termination (ms): Min: 0.0, Avg: 0.1, Max: 0.1, Diff: 0.1, Sum: 0.4]
         [Termination Attempts: Min: 1, Avg: 1.0, Max: 1, Diff: 0, Sum: 8]
      [GC Worker Other (ms): Min: 0.0, Avg: 0.0, Max: 0.0, Diff: 0.0, Sum: 0.2]
      [GC Worker Total (ms): Min: 12.4, Avg: 13.4, Max: 13.6, Diff: 1.2, Sum: 107.3]
      [GC Worker End (ms): Min: 2611.0, Avg: 2611.0, Max: 2611.0, Diff: 0.0]
   [Code Root Fixup: 0.0 ms]
   [Code Root Purge: 0.0 ms]
   [Clear CT: 0.2 ms]
   [Other: 0.9 ms]
      [Choose CSet: 0.0 ms]
      [Ref Proc: 0.1 ms]
      [Ref Enq: 0.0 ms]
      [Redirty Cards: 0.3 ms]
      [Humongous Register: 0.1 ms]
      [Humongous Reclaim: 0.1 ms]
      [Free CSet: 0.1 ms]
   [Eden: 271.0M(271.0M)->0.0B(16384.0K) Survivors: 9216.0K->35840.0K Heap: 810.5M(1024.0M)->562.3M(1024.0M)]
 [Times: user=0.05 sys=0.02, real=0.01 secs] 
2.615: [GC pause (G1 Evacuation Pause) (mixed), 0.0101962 secs]
   [Parallel Time: 9.5 ms, GC Workers: 8]
      [GC Worker Start (ms): Min: 2615.0, Avg: 2615.0, Max: 2615.0, Diff: 0.1]
      [Ext Root Scanning (ms): Min: 0.1, Avg: 0.1, Max: 0.2, Diff: 0.1, Sum: 0.9]
      [Update RS (ms): Min: 0.5, Avg: 0.6, Max: 0.6, Diff: 0.1, Sum: 4.6]
         [Processed Buffers: Min: 7, Avg: 7.9, Max: 8, Diff: 1, Sum: 63]
      [Scan RS (ms): Min: 0.0, Avg: 0.0, Max: 0.1, Diff: 0.1, Sum: 0.3]
      [Code Root Scanning (ms): Min: 0.0, Avg: 0.0, Max: 0.0, Diff: 0.0, Sum: 0.0]
      [Object Copy (ms): Min: 8.4, Avg: 8.5, Max: 8.7, Diff: 0.2, Sum: 67.9]
      [Termination (ms): Min: 0.0, Avg: 0.2, Max: 0.3, Diff: 0.3, Sum: 1.5]
         [Termination Attempts: Min: 1, Avg: 1.1, Max: 2, Diff: 1, Sum: 9]
      [GC Worker Other (ms): Min: 0.0, Avg: 0.0, Max: 0.0, Diff: 0.0, Sum: 0.1]
      [GC Worker Total (ms): Min: 9.4, Avg: 9.4, Max: 9.5, Diff: 0.1, Sum: 75.3]
      [GC Worker End (ms): Min: 2624.4, Avg: 2624.4, Max: 2624.4, Diff: 0.0]
   [Code Root Fixup: 0.0 ms]
   [Code Root Purge: 0.0 ms]
   [Clear CT: 0.1 ms]
   [Other: 0.6 ms]
      [Choose CSet: 0.0 ms]
      [Ref Proc: 0.1 ms]
      [Ref Enq: 0.0 ms]
      [Redirty Cards: 0.1 ms]
      [Humongous Register: 0.1 ms]
      [Humongous Reclaim: 0.0 ms]
      [Free CSet: 0.2 ms]
   [Eden: 16384.0K(16384.0K)->0.0B(45056.0K) Survivors: 35840.0K->7168.0K Heap: 585.0M(1024.0M)->495.7M(1024.0M)]
 [Times: user=0.00 sys=0.00, real=0.01 secs] 
2.633: [GC pause (G1 Evacuation Pause) (mixed), 0.0050799 secs]
   [Parallel Time: 4.1 ms, GC Workers: 8]
      [GC Worker Start (ms): Min: 2633.0, Avg: 2633.0, Max: 2633.0, Diff: 0.1]
      [Ext Root Scanning (ms): Min: 0.1, Avg: 0.1, Max: 0.1, Diff: 0.1, Sum: 0.9]
      [Update RS (ms): Min: 1.3, Avg: 1.4, Max: 1.4, Diff: 0.1, Sum: 10.9]
         [Processed Buffers: Min: 14, Avg: 17.4, Max: 19, Diff: 5, Sum: 139]
      [Scan RS (ms): Min: 0.0, Avg: 0.0, Max: 0.0, Diff: 0.0, Sum: 0.1]
      [Code Root Scanning (ms): Min: 0.0, Avg: 0.0, Max: 0.0, Diff: 0.0, Sum: 0.0]
      [Object Copy (ms): Min: 2.4, Avg: 2.5, Max: 2.5, Diff: 0.1, Sum: 19.8]
      [Termination (ms): Min: 0.0, Avg: 0.1, Max: 0.1, Diff: 0.1, Sum: 0.6]
         [Termination Attempts: Min: 1, Avg: 1.0, Max: 1, Diff: 0, Sum: 8]
      [GC Worker Other (ms): Min: 0.0, Avg: 0.0, Max: 0.0, Diff: 0.0, Sum: 0.1]
      [GC Worker Total (ms): Min: 4.0, Avg: 4.0, Max: 4.1, Diff: 0.1, Sum: 32.3]
      [GC Worker End (ms): Min: 2637.0, Avg: 2637.0, Max: 2637.0, Diff: 0.0]
   [Code Root Fixup: 0.0 ms]
   [Code Root Purge: 0.0 ms]
   [Clear CT: 0.3 ms]
   [Other: 0.7 ms]
      [Choose CSet: 0.0 ms]
      [Ref Proc: 0.1 ms]
      [Ref Enq: 0.0 ms]
      [Redirty Cards: 0.2 ms]
      [Humongous Register: 0.1 ms]
      [Humongous Reclaim: 0.0 ms]
      [Free CSet: 0.0 ms]
   [Eden: 45056.0K(45056.0K)->0.0B(252.0M) Survivors: 7168.0K->7168.0K Heap: 555.9M(1024.0M)->511.1M(1024.0M)]
 [Times: user=0.00 sys=0.00, real=0.00 secs] 
2.638: [GC pause (G1 Humongous Allocation) (young) (initial-mark), 0.0016196 secs]
   [Parallel Time: 1.0 ms, GC Workers: 8]
      [GC Worker Start (ms): Min: 2638.6, Avg: 2638.6, Max: 2638.6, Diff: 0.0]
      [Ext Root Scanning (ms): Min: 0.1, Avg: 0.1, Max: 0.1, Diff: 0.0, Sum: 0.9]
      [Update RS (ms): Min: 0.0, Avg: 0.1, Max: 0.1, Diff: 0.1, Sum: 0.5]
         [Processed Buffers: Min: 1, Avg: 1.1, Max: 2, Diff: 1, Sum: 9]
      [Scan RS (ms): Min: 0.0, Avg: 0.0, Max: 0.0, Diff: 0.0, Sum: 0.0]
      [Code Root Scanning (ms): Min: 0.0, Avg: 0.0, Max: 0.0, Diff: 0.0, Sum: 0.0]
      [Object Copy (ms): Min: 0.6, Avg: 0.7, Max: 0.7, Diff: 0.1, Sum: 5.4]
      [Termination (ms): Min: 0.0, Avg: 0.0, Max: 0.1, Diff: 0.1, Sum: 0.4]
         [Termination Attempts: Min: 1, Avg: 1.0, Max: 1, Diff: 0, Sum: 8]
      [GC Worker Other (ms): Min: 0.0, Avg: 0.0, Max: 0.0, Diff: 0.0, Sum: 0.0]
      [GC Worker Total (ms): Min: 0.9, Avg: 0.9, Max: 0.9, Diff: 0.0, Sum: 7.2]
      [GC Worker End (ms): Min: 2639.5, Avg: 2639.5, Max: 2639.5, Diff: 0.0]
   [Code Root Fixup: 0.0 ms]
   [Code Root Purge: 0.0 ms]
   [Clear CT: 0.1 ms]
   [Other: 0.5 ms]
      [Choose CSet: 0.0 ms]
      [Ref Proc: 0.1 ms]
      [Ref Enq: 0.0 ms]
      [Redirty Cards: 0.2 ms]
      [Humongous Register: 0.1 ms]
      [Humongous Reclaim: 0.0 ms]
      [Free CSet: 0.0 ms]
   [Eden: 1024.0K(252.0M)->0.0B(267.0M) Survivors: 7168.0K->7168.0K Heap: 512.0M(1024.0M)->510.9M(1024.0M)]
 [Times: user=0.00 sys=0.00, real=0.00 secs] 
2.640: [GC concurrent-root-region-scan-start]
2.640: [GC concurrent-root-region-scan-end, 0.0001077 secs]
2.640: [GC concurrent-mark-start]
2.642: [GC concurrent-mark-end, 0.0014153 secs]
2.642: [GC remark 2.642: [Finalize Marking, 0.0000904 secs] 2.642: [GC ref-proc, 0.0000933 secs] 2.642: [Unloading, 0.0004124 secs], 0.0015335 secs]
 [Times: user=0.00 sys=0.00, real=0.00 secs] 
2.644: [GC cleanup 524M->519M(1024M), 0.0004676 secs]
 [Times: user=0.00 sys=0.00, real=0.00 secs] 
2.644: [GC concurrent-cleanup-start]
2.644: [GC concurrent-cleanup-end, 0.0000446 secs]
2.688: [GC pause (G1 Evacuation Pause) (young) (to-space exhausted), 0.0163183 secs]
   [Parallel Time: 15.2 ms, GC Workers: 8]
      [GC Worker Start (ms): Min: 2688.5, Avg: 2688.5, Max: 2688.7, Diff: 0.2]
      [Ext Root Scanning (ms): Min: 0.0, Avg: 0.1, Max: 0.2, Diff: 0.2, Sum: 0.9]
      [Update RS (ms): Min: 6.1, Avg: 6.1, Max: 6.1, Diff: 0.1, Sum: 48.8]
         [Processed Buffers: Min: 14, Avg: 67.1, Max: 86, Diff: 72, Sum: 537]
      [Scan RS (ms): Min: 0.0, Avg: 0.0, Max: 0.1, Diff: 0.0, Sum: 0.2]
      [Code Root Scanning (ms): Min: 0.0, Avg: 0.0, Max: 0.0, Diff: 0.0, Sum: 0.0]
      [Object Copy (ms): Min: 8.6, Avg: 8.7, Max: 8.8, Diff: 0.1, Sum: 69.7]
      [Termination (ms): Min: 0.0, Avg: 0.1, Max: 0.2, Diff: 0.2, Sum: 0.6]
         [Termination Attempts: Min: 1, Avg: 1.0, Max: 1, Diff: 0, Sum: 8]
      [GC Worker Other (ms): Min: 0.0, Avg: 0.0, Max: 0.0, Diff: 0.0, Sum: 0.1]
      [GC Worker Total (ms): Min: 14.9, Avg: 15.0, Max: 15.1, Diff: 0.2, Sum: 120.3]
      [GC Worker End (ms): Min: 2703.5, Avg: 2703.6, Max: 2703.6, Diff: 0.0]
   [Code Root Fixup: 0.0 ms]
   [Code Root Purge: 0.0 ms]
   [Clear CT: 0.1 ms]
   [Other: 1.0 ms]
      [Evacuation Failure: 0.2 ms]
      [Choose CSet: 0.0 ms]
      [Ref Proc: 0.1 ms]
      [Ref Enq: 0.0 ms]
      [Redirty Cards: 0.1 ms]
      [Humongous Register: 0.2 ms]
      [Humongous Reclaim: 0.2 ms]
      [Free CSet: 0.2 ms]
   [Eden: 267.0M(267.0M)->0.0B(16384.0K) Survivors: 7168.0K->35840.0K Heap: 838.9M(1024.0M)->578.7M(1024.0M)]
 [Times: user=0.11 sys=0.00, real=0.02 secs] 
2.708: [GC pause (G1 Evacuation Pause) (mixed), 0.0095978 secs]
   [Parallel Time: 8.8 ms, GC Workers: 8]
      [GC Worker Start (ms): Min: 2708.4, Avg: 2708.4, Max: 2708.5, Diff: 0.0]
      [Ext Root Scanning (ms): Min: 0.1, Avg: 0.1, Max: 0.1, Diff: 0.0, Sum: 1.0]
      [Update RS (ms): Min: 0.5, Avg: 0.5, Max: 0.6, Diff: 0.1, Sum: 4.4]
         [Processed Buffers: Min: 7, Avg: 8.3, Max: 11, Diff: 4, Sum: 66]
      [Scan RS (ms): Min: 0.0, Avg: 0.1, Max: 0.1, Diff: 0.1, Sum: 0.4]
      [Code Root Scanning (ms): Min: 0.0, Avg: 0.0, Max: 0.0, Diff: 0.0, Sum: 0.0]
      [Object Copy (ms): Min: 7.8, Avg: 7.9, Max: 8.0, Diff: 0.1, Sum: 63.0]
      [Termination (ms): Min: 0.0, Avg: 0.1, Max: 0.1, Diff: 0.1, Sum: 0.7]
         [Termination Attempts: Min: 1, Avg: 1.0, Max: 1, Diff: 0, Sum: 8]
      [GC Worker Other (ms): Min: 0.0, Avg: 0.0, Max: 0.0, Diff: 0.0, Sum: 0.1]
      [GC Worker Total (ms): Min: 8.7, Avg: 8.7, Max: 8.7, Diff: 0.1, Sum: 69.5]
      [GC Worker End (ms): Min: 2717.1, Avg: 2717.1, Max: 2717.1, Diff: 0.0]
   [Code Root Fixup: 0.0 ms]
   [Code Root Purge: 0.0 ms]
   [Clear CT: 0.1 ms]
   [Other: 0.7 ms]
      [Choose CSet: 0.0 ms]
      [Ref Proc: 0.1 ms]
      [Ref Enq: 0.0 ms]
      [Redirty Cards: 0.1 ms]
      [Humongous Register: 0.1 ms]
      [Humongous Reclaim: 0.0 ms]
      [Free CSet: 0.2 ms]
   [Eden: 16384.0K(16384.0K)->0.0B(47104.0K) Survivors: 35840.0K->5120.0K Heap: 600.7M(1024.0M)->509.7M(1024.0M)]
 [Times: user=0.00 sys=0.00, real=0.01 secs] 
2.726: [GC pause (G1 Evacuation Pause) (mixed), 0.0052221 secs]
   [Parallel Time: 4.5 ms, GC Workers: 8]
      [GC Worker Start (ms): Min: 2726.4, Avg: 2726.4, Max: 2726.5, Diff: 0.0]
      [Ext Root Scanning (ms): Min: 0.1, Avg: 0.1, Max: 0.1, Diff: 0.0, Sum: 1.0]
      [Update RS (ms): Min: 0.7, Avg: 0.8, Max: 0.8, Diff: 0.1, Sum: 6.1]
         [Processed Buffers: Min: 9, Avg: 9.8, Max: 11, Diff: 2, Sum: 78]
      [Scan RS (ms): Min: 0.0, Avg: 0.0, Max: 0.1, Diff: 0.1, Sum: 0.3]
      [Code Root Scanning (ms): Min: 0.0, Avg: 0.0, Max: 0.0, Diff: 0.0, Sum: 0.0]
      [Object Copy (ms): Min: 3.4, Avg: 3.5, Max: 3.6, Diff: 0.1, Sum: 28.1]
      [Termination (ms): Min: 0.0, Avg: 0.1, Max: 0.1, Diff: 0.1, Sum: 0.5]
         [Termination Attempts: Min: 1, Avg: 1.0, Max: 1, Diff: 0, Sum: 8]
      [GC Worker Other (ms): Min: 0.0, Avg: 0.0, Max: 0.0, Diff: 0.0, Sum: 0.1]
      [GC Worker Total (ms): Min: 4.5, Avg: 4.5, Max: 4.5, Diff: 0.1, Sum: 35.9]
      [GC Worker End (ms): Min: 2730.9, Avg: 2730.9, Max: 2730.9, Diff: 0.0]
   [Code Root Fixup: 0.0 ms]
   [Code Root Purge: 0.0 ms]
   [Clear CT: 0.1 ms]
   [Other: 0.6 ms]
      [Choose CSet: 0.0 ms]
      [Ref Proc: 0.1 ms]
      [Ref Enq: 0.0 ms]
      [Redirty Cards: 0.1 ms]
      [Humongous Register: 0.1 ms]
      [Humongous Reclaim: 0.1 ms]
      [Free CSet: 0.1 ms]
   [Eden: 47104.0K(47104.0K)->0.0B(271.0M) Survivors: 5120.0K->7168.0K Heap: 564.2M(1024.0M)->507.8M(1024.0M)]
 [Times: user=0.00 sys=0.00, real=0.01 secs] 
2.732: [GC pause (G1 Humongous Allocation) (young) (initial-mark), 0.0020096 secs]
   [Parallel Time: 1.0 ms, GC Workers: 8]
      [GC Worker Start (ms): Min: 2732.0, Avg: 2732.0, Max: 2732.1, Diff: 0.1]
      [Ext Root Scanning (ms): Min: 0.1, Avg: 0.1, Max: 0.2, Diff: 0.1, Sum: 0.9]
      [Update RS (ms): Min: 0.0, Avg: 0.1, Max: 0.1, Diff: 0.1, Sum: 0.8]
         [Processed Buffers: Min: 1, Avg: 1.1, Max: 2, Diff: 1, Sum: 9]
      [Scan RS (ms): Min: 0.0, Avg: 0.0, Max: 0.0, Diff: 0.0, Sum: 0.0]
      [Code Root Scanning (ms): Min: 0.0, Avg: 0.0, Max: 0.0, Diff: 0.0, Sum: 0.0]
      [Object Copy (ms): Min: 0.5, Avg: 0.7, Max: 0.8, Diff: 0.2, Sum: 5.2]
      [Termination (ms): Min: 0.0, Avg: 0.1, Max: 0.2, Diff: 0.2, Sum: 0.6]
         [Termination Attempts: Min: 1, Avg: 1.0, Max: 1, Diff: 0, Sum: 8]
      [GC Worker Other (ms): Min: 0.0, Avg: 0.0, Max: 0.0, Diff: 0.0, Sum: 0.0]
      [GC Worker Total (ms): Min: 0.9, Avg: 1.0, Max: 1.0, Diff: 0.1, Sum: 7.6]
      [GC Worker End (ms): Min: 2733.0, Avg: 2733.0, Max: 2733.0, Diff: 0.0]
   [Code Root Fixup: 0.0 ms]
   [Code Root Purge: 0.0 ms]
   [Clear CT: 0.3 ms]
   [Other: 0.7 ms]
      [Choose CSet: 0.0 ms]
      [Ref Proc: 0.1 ms]
      [Ref Enq: 0.0 ms]
      [Redirty Cards: 0.3 ms]
      [Humongous Register: 0.1 ms]
      [Humongous Reclaim: 0.0 ms]
      [Free CSet: 0.0 ms]
   [Eden: 1024.0K(271.0M)->0.0B(274.0M) Survivors: 7168.0K->7168.0K Heap: 508.0M(1024.0M)->507.7M(1024.0M)]
 [Times: user=0.00 sys=0.00, real=0.00 secs] 
2.734: [GC concurrent-root-region-scan-start]
2.734: [GC concurrent-root-region-scan-end, 0.0001124 secs]
2.734: [GC concurrent-mark-start]
2.736: [GC concurrent-mark-end, 0.0016636 secs]
2.736: [GC remark 2.736: [Finalize Marking, 0.0000991 secs] 2.736: [GC ref-proc, 0.0000921 secs] 2.736: [Unloading, 0.0003974 secs], 0.0015424 secs]
 [Times: user=0.00 sys=0.00, real=0.00 secs] 
2.738: [GC cleanup 517M->513M(1024M), 0.0005253 secs]
 [Times: user=0.06 sys=0.01, real=0.00 secs] 
2.738: [GC concurrent-cleanup-start]
2.738: [GC concurrent-cleanup-end, 0.0000317 secs]
2.794: [GC pause (G1 Evacuation Pause) (young) (to-space exhausted), 0.0110326 secs]
   [Parallel Time: 9.9 ms, GC Workers: 8]
      [GC Worker Start (ms): Min: 2793.8, Avg: 2793.9, Max: 2793.9, Diff: 0.1]
      [Ext Root Scanning (ms): Min: 0.1, Avg: 0.1, Max: 0.2, Diff: 0.1, Sum: 1.0]
      [Update RS (ms): Min: 4.6, Avg: 4.7, Max: 4.7, Diff: 0.1, Sum: 37.6]
         [Processed Buffers: Min: 49, Avg: 58.8, Max: 62, Diff: 13, Sum: 470]
      [Scan RS (ms): Min: 0.0, Avg: 0.0, Max: 0.1, Diff: 0.1, Sum: 0.2]
      [Code Root Scanning (ms): Min: 0.0, Avg: 0.0, Max: 0.0, Diff: 0.0, Sum: 0.0]
      [Object Copy (ms): Min: 5.0, Avg: 5.0, Max: 5.0, Diff: 0.0, Sum: 39.9]
      [Termination (ms): Min: 0.0, Avg: 0.0, Max: 0.0, Diff: 0.0, Sum: 0.1]
         [Termination Attempts: Min: 1, Avg: 1.3, Max: 3, Diff: 2, Sum: 10]
      [GC Worker Other (ms): Min: 0.0, Avg: 0.0, Max: 0.0, Diff: 0.0, Sum: 0.1]
      [GC Worker Total (ms): Min: 9.8, Avg: 9.9, Max: 9.9, Diff: 0.1, Sum: 78.9]
      [GC Worker End (ms): Min: 2803.7, Avg: 2803.7, Max: 2803.7, Diff: 0.0]
   [Code Root Fixup: 0.0 ms]
   [Code Root Purge: 0.0 ms]
   [Clear CT: 0.1 ms]
   [Other: 1.0 ms]
      [Evacuation Failure: 0.3 ms]
      [Choose CSet: 0.0 ms]
      [Ref Proc: 0.1 ms]
      [Ref Enq: 0.0 ms]
      [Redirty Cards: 0.1 ms]
      [Humongous Register: 0.1 ms]
      [Humongous Reclaim: 0.1 ms]
      [Free CSet: 0.1 ms]
   [Eden: 274.0M(274.0M)->0.0B(15360.0K) Survivors: 7168.0K->36864.0K Heap: 869.9M(1024.0M)->718.6M(1024.0M)]
 [Times: user=0.11 sys=0.00, real=0.01 secs] 
2.807: [GC pause (G1 Evacuation Pause) (mixed), 0.0093248 secs]
   [Parallel Time: 8.5 ms, GC Workers: 8]
      [GC Worker Start (ms): Min: 2807.7, Avg: 2807.8, Max: 2807.9, Diff: 0.2]
      [Ext Root Scanning (ms): Min: 0.0, Avg: 0.1, Max: 0.2, Diff: 0.2, Sum: 1.0]
      [Update RS (ms): Min: 0.3, Avg: 0.3, Max: 0.4, Diff: 0.1, Sum: 2.6]
         [Processed Buffers: Min: 4, Avg: 4.4, Max: 5, Diff: 1, Sum: 35]
      [Scan RS (ms): Min: 0.0, Avg: 0.0, Max: 0.1, Diff: 0.1, Sum: 0.3]
      [Code Root Scanning (ms): Min: 0.0, Avg: 0.0, Max: 0.0, Diff: 0.0, Sum: 0.0]
      [Object Copy (ms): Min: 7.8, Avg: 7.8, Max: 7.9, Diff: 0.1, Sum: 62.5]
      [Termination (ms): Min: 0.0, Avg: 0.1, Max: 0.1, Diff: 0.1, Sum: 0.5]
         [Termination Attempts: Min: 1, Avg: 1.6, Max: 3, Diff: 2, Sum: 13]
      [GC Worker Other (ms): Min: 0.0, Avg: 0.0, Max: 0.0, Diff: 0.0, Sum: 0.1]
      [GC Worker Total (ms): Min: 8.2, Avg: 8.4, Max: 8.4, Diff: 0.2, Sum: 66.9]
      [GC Worker End (ms): Min: 2816.1, Avg: 2816.1, Max: 2816.1, Diff: 0.0]
   [Code Root Fixup: 0.0 ms]
   [Code Root Purge: 0.0 ms]
   [Clear CT: 0.1 ms]
   [Other: 0.7 ms]
      [Choose CSet: 0.0 ms]
      [Ref Proc: 0.1 ms]
      [Ref Enq: 0.0 ms]
      [Redirty Cards: 0.2 ms]
      [Humongous Register: 0.2 ms]
      [Humongous Reclaim: 0.0 ms]
      [Free CSet: 0.1 ms]
   [Eden: 15360.0K(15360.0K)->0.0B(49152.0K) Survivors: 36864.0K->3072.0K Heap: 736.2M(1024.0M)->645.4M(1024.0M)]
 [Times: user=0.03 sys=0.06, real=0.01 secs] 
2.825: [GC pause (G1 Evacuation Pause) (mixed), 0.0058653 secs]
   [Parallel Time: 5.3 ms, GC Workers: 8]
      [GC Worker Start (ms): Min: 2825.3, Avg: 2825.3, Max: 2825.5, Diff: 0.2]
      [Ext Root Scanning (ms): Min: 0.0, Avg: 0.1, Max: 0.1, Diff: 0.1, Sum: 0.9]
      [Update RS (ms): Min: 1.2, Avg: 1.2, Max: 1.3, Diff: 0.1, Sum: 9.9]
         [Processed Buffers: Min: 15, Avg: 15.9, Max: 16, Diff: 1, Sum: 127]
      [Scan RS (ms): Min: 0.0, Avg: 0.0, Max: 0.1, Diff: 0.1, Sum: 0.3]
      [Code Root Scanning (ms): Min: 0.0, Avg: 0.0, Max: 0.0, Diff: 0.0, Sum: 0.0]
      [Object Copy (ms): Min: 3.6, Avg: 3.7, Max: 3.8, Diff: 0.2, Sum: 29.7]
      [Termination (ms): Min: 0.0, Avg: 0.1, Max: 0.1, Diff: 0.1, Sum: 0.7]
         [Termination Attempts: Min: 1, Avg: 1.0, Max: 1, Diff: 0, Sum: 8]
      [GC Worker Other (ms): Min: 0.0, Avg: 0.0, Max: 0.0, Diff: 0.0, Sum: 0.1]
      [GC Worker Total (ms): Min: 5.1, Avg: 5.2, Max: 5.2, Diff: 0.2, Sum: 41.6]
      [GC Worker End (ms): Min: 2830.5, Avg: 2830.5, Max: 2830.5, Diff: 0.0]
   [Code Root Fixup: 0.0 ms]
   [Code Root Purge: 0.0 ms]
   [Clear CT: 0.1 ms]
   [Other: 0.5 ms]
      [Choose CSet: 0.0 ms]
      [Ref Proc: 0.1 ms]
      [Ref Enq: 0.0 ms]
      [Redirty Cards: 0.1 ms]
      [Humongous Register: 0.1 ms]
      [Humongous Reclaim: 0.0 ms]
      [Free CSet: 0.1 ms]
   [Eden: 49152.0K(49152.0K)->0.0B(162.0M) Survivors: 3072.0K->7168.0K Heap: 708.1M(1024.0M)->645.0M(1024.0M)]
 [Times: user=0.00 sys=0.02, real=0.01 secs] 
2.832: [GC pause (G1 Humongous Allocation) (young) (initial-mark), 0.0018142 secs]
   [Parallel Time: 1.3 ms, GC Workers: 8]
      [GC Worker Start (ms): Min: 2832.0, Avg: 2832.0, Max: 2832.0, Diff: 0.0]
      [Ext Root Scanning (ms): Min: 0.1, Avg: 0.1, Max: 0.2, Diff: 0.1, Sum: 1.1]
      [Update RS (ms): Min: 0.0, Avg: 0.3, Max: 1.1, Diff: 1.1, Sum: 2.1]
         [Processed Buffers: Min: 0, Avg: 1.1, Max: 2, Diff: 2, Sum: 9]
      [Scan RS (ms): Min: 0.0, Avg: 0.0, Max: 0.0, Diff: 0.0, Sum: 0.0]
      [Code Root Scanning (ms): Min: 0.0, Avg: 0.0, Max: 0.0, Diff: 0.0, Sum: 0.0]
      [Object Copy (ms): Min: 0.0, Avg: 0.8, Max: 1.0, Diff: 1.0, Sum: 6.4]
      [Termination (ms): Min: 0.0, Avg: 0.1, Max: 0.1, Diff: 0.1, Sum: 0.5]
         [Termination Attempts: Min: 1, Avg: 1.0, Max: 1, Diff: 0, Sum: 8]
      [GC Worker Other (ms): Min: 0.0, Avg: 0.0, Max: 0.0, Diff: 0.0, Sum: 0.1]
      [GC Worker Total (ms): Min: 1.3, Avg: 1.3, Max: 1.3, Diff: 0.0, Sum: 10.2]
      [GC Worker End (ms): Min: 2833.3, Avg: 2833.3, Max: 2833.3, Diff: 0.0]
   [Code Root Fixup: 0.0 ms]
   [Code Root Purge: 0.0 ms]
   [Clear CT: 0.1 ms]
   [Other: 0.4 ms]
      [Choose CSet: 0.0 ms]
      [Ref Proc: 0.1 ms]
      [Ref Enq: 0.0 ms]
      [Redirty Cards: 0.1 ms]
      [Humongous Register: 0.1 ms]
      [Humongous Reclaim: 0.0 ms]
      [Free CSet: 0.0 ms]
   [Eden: 4096.0K(162.0M)->0.0B(158.0M) Survivors: 7168.0K->9216.0K Heap: 649.0M(1024.0M)->646.4M(1024.0M)]
 [Times: user=0.00 sys=0.00, real=0.00 secs] 
2.834: [GC concurrent-root-region-scan-start]
2.834: [GC concurrent-root-region-scan-end, 0.0001166 secs]
2.834: [GC concurrent-mark-start]
2.837: [GC concurrent-mark-end, 0.0024918 secs]
2.837: [GC remark 2.837: [Finalize Marking, 0.0000887 secs] 2.837: [GC ref-proc, 0.0000917 secs] 2.837: [Unloading, 0.0004472 secs], 0.0016840 secs]
 [Times: user=0.00 sys=0.00, real=0.00 secs] 
2.839: [GC cleanup 662M->651M(1024M), 0.0005327 secs]
 [Times: user=0.00 sys=0.00, real=0.00 secs] 
2.839: [GC concurrent-cleanup-start]
2.839: [GC concurrent-cleanup-end, 0.0000381 secs]
2.867: [GC pause (G1 Evacuation Pause) (young), 0.0116598 secs]
   [Parallel Time: 10.8 ms, GC Workers: 8]
      [GC Worker Start (ms): Min: 2867.0, Avg: 2867.1, Max: 2867.1, Diff: 0.0]
      [Ext Root Scanning (ms): Min: 0.1, Avg: 0.1, Max: 0.1, Diff: 0.0, Sum: 1.0]
      [Update RS (ms): Min: 3.6, Avg: 3.7, Max: 3.7, Diff: 0.0, Sum: 29.3]
         [Processed Buffers: Min: 39, Avg: 46.6, Max: 50, Diff: 11, Sum: 373]
      [Scan RS (ms): Min: 0.0, Avg: 0.0, Max: 0.0, Diff: 0.0, Sum: 0.1]
      [Code Root Scanning (ms): Min: 0.0, Avg: 0.0, Max: 0.0, Diff: 0.0, Sum: 0.0]
      [Object Copy (ms): Min: 6.7, Avg: 6.8, Max: 6.9, Diff: 0.2, Sum: 54.5]
      [Termination (ms): Min: 0.0, Avg: 0.1, Max: 0.2, Diff: 0.2, Sum: 0.9]
         [Termination Attempts: Min: 1, Avg: 1.0, Max: 1, Diff: 0, Sum: 8]
      [GC Worker Other (ms): Min: 0.0, Avg: 0.0, Max: 0.0, Diff: 0.0, Sum: 0.1]
      [GC Worker Total (ms): Min: 10.7, Avg: 10.7, Max: 10.8, Diff: 0.0, Sum: 85.8]
      [GC Worker End (ms): Min: 2877.8, Avg: 2877.8, Max: 2877.8, Diff: 0.0]
   [Code Root Fixup: 0.0 ms]
   [Code Root Purge: 0.0 ms]
   [Clear CT: 0.1 ms]
   [Other: 0.8 ms]
      [Choose CSet: 0.0 ms]
      [Ref Proc: 0.1 ms]
      [Ref Enq: 0.0 ms]
      [Redirty Cards: 0.0 ms]
      [Humongous Register: 0.1 ms]
      [Humongous Reclaim: 0.2 ms]
      [Free CSet: 0.2 ms]
   [Eden: 158.0M(158.0M)->0.0B(30720.0K) Survivors: 9216.0K->21504.0K Heap: 838.9M(1024.0M)->681.0M(1024.0M)]
 [Times: user=0.02 sys=0.00, real=0.01 secs] 
2.885: [GC pause (G1 Evacuation Pause) (mixed), 0.0072852 secs]
   [Parallel Time: 6.5 ms, GC Workers: 8]
      [GC Worker Start (ms): Min: 2885.9, Avg: 2885.9, Max: 2885.9, Diff: 0.0]
      [Ext Root Scanning (ms): Min: 0.1, Avg: 0.1, Max: 0.1, Diff: 0.0, Sum: 1.0]
      [Update RS (ms): Min: 1.2, Avg: 1.2, Max: 1.2, Diff: 0.1, Sum: 9.6]
         [Processed Buffers: Min: 15, Avg: 16.0, Max: 17, Diff: 2, Sum: 128]
      [Scan RS (ms): Min: 0.0, Avg: 0.0, Max: 0.0, Diff: 0.0, Sum: 0.2]
      [Code Root Scanning (ms): Min: 0.0, Avg: 0.0, Max: 0.0, Diff: 0.0, Sum: 0.0]
      [Object Copy (ms): Min: 5.0, Avg: 5.0, Max: 5.0, Diff: 0.0, Sum: 39.9]
      [Termination (ms): Min: 0.0, Avg: 0.0, Max: 0.0, Diff: 0.0, Sum: 0.2]
         [Termination Attempts: Min: 1, Avg: 1.0, Max: 1, Diff: 0, Sum: 8]
      [GC Worker Other (ms): Min: 0.0, Avg: 0.0, Max: 0.0, Diff: 0.0, Sum: 0.1]
      [GC Worker Total (ms): Min: 6.3, Avg: 6.4, Max: 6.4, Diff: 0.1, Sum: 50.9]
      [GC Worker End (ms): Min: 2892.3, Avg: 2892.3, Max: 2892.3, Diff: 0.0]
   [Code Root Fixup: 0.0 ms]
   [Code Root Purge: 0.0 ms]
   [Clear CT: 0.1 ms]
   [Other: 0.7 ms]
      [Choose CSet: 0.1 ms]
      [Ref Proc: 0.1 ms]
      [Ref Enq: 0.0 ms]
      [Redirty Cards: 0.1 ms]
      [Humongous Register: 0.2 ms]
      [Humongous Reclaim: 0.0 ms]
      [Free CSet: 0.1 ms]
   [Eden: 30720.0K(30720.0K)->0.0B(45056.0K) Survivors: 21504.0K->7168.0K Heap: 725.9M(1024.0M)->598.1M(1024.0M)]
 [Times: user=0.00 sys=0.00, real=0.01 secs] 
2.900: [GC pause (G1 Evacuation Pause) (mixed), 0.0072648 secs]
   [Parallel Time: 6.5 ms, GC Workers: 8]
      [GC Worker Start (ms): Min: 2900.4, Avg: 2900.5, Max: 2900.5, Diff: 0.0]
      [Ext Root Scanning (ms): Min: 0.1, Avg: 0.1, Max: 0.1, Diff: 0.0, Sum: 1.0]
      [Update RS (ms): Min: 1.0, Avg: 1.1, Max: 1.1, Diff: 0.1, Sum: 8.6]
         [Processed Buffers: Min: 10, Avg: 12.8, Max: 15, Diff: 5, Sum: 102]
      [Scan RS (ms): Min: 0.0, Avg: 0.0, Max: 0.1, Diff: 0.1, Sum: 0.3]
      [Code Root Scanning (ms): Min: 0.0, Avg: 0.0, Max: 0.0, Diff: 0.0, Sum: 0.0]
      [Object Copy (ms): Min: 5.0, Avg: 5.1, Max: 5.1, Diff: 0.1, Sum: 40.8]
      [Termination (ms): Min: 0.0, Avg: 0.1, Max: 0.1, Diff: 0.1, Sum: 0.5]
         [Termination Attempts: Min: 1, Avg: 1.0, Max: 1, Diff: 0, Sum: 8]
      [GC Worker Other (ms): Min: 0.0, Avg: 0.0, Max: 0.0, Diff: 0.0, Sum: 0.1]
      [GC Worker Total (ms): Min: 6.4, Avg: 6.4, Max: 6.4, Diff: 0.1, Sum: 51.3]
      [GC Worker End (ms): Min: 2906.9, Avg: 2906.9, Max: 2906.9, Diff: 0.0]
   [Code Root Fixup: 0.0 ms]
   [Code Root Purge: 0.0 ms]
   [Clear CT: 0.1 ms]
   [Other: 0.7 ms]
      [Choose CSet: 0.0 ms]
      [Ref Proc: 0.1 ms]
      [Ref Enq: 0.0 ms]
      [Redirty Cards: 0.1 ms]
      [Humongous Register: 0.2 ms]
      [Humongous Reclaim: 0.0 ms]
      [Free CSet: 0.1 ms]
   [Eden: 45056.0K(45056.0K)->0.0B(45056.0K) Survivors: 7168.0K->7168.0K Heap: 653.7M(1024.0M)->535.0M(1024.0M)]
 [Times: user=0.00 sys=0.00, real=0.01 secs] 
2.916: [GC pause (G1 Evacuation Pause) (mixed), 0.0082435 secs]
   [Parallel Time: 7.5 ms, GC Workers: 8]
      [GC Worker Start (ms): Min: 2916.2, Avg: 2916.2, Max: 2916.4, Diff: 0.2]
      [Ext Root Scanning (ms): Min: 0.0, Avg: 0.1, Max: 0.2, Diff: 0.2, Sum: 1.0]
      [Update RS (ms): Min: 1.3, Avg: 1.3, Max: 1.4, Diff: 0.0, Sum: 10.7]
         [Processed Buffers: Min: 17, Avg: 17.6, Max: 18, Diff: 1, Sum: 141]
      [Scan RS (ms): Min: 0.0, Avg: 0.0, Max: 0.1, Diff: 0.0, Sum: 0.3]
      [Code Root Scanning (ms): Min: 0.0, Avg: 0.0, Max: 0.0, Diff: 0.0, Sum: 0.0]
      [Object Copy (ms): Min: 5.8, Avg: 5.9, Max: 5.9, Diff: 0.1, Sum: 46.8]
      [Termination (ms): Min: 0.0, Avg: 0.1, Max: 0.1, Diff: 0.1, Sum: 0.4]
         [Termination Attempts: Min: 1, Avg: 1.0, Max: 1, Diff: 0, Sum: 8]
      [GC Worker Other (ms): Min: 0.0, Avg: 0.0, Max: 0.0, Diff: 0.0, Sum: 0.1]
      [GC Worker Total (ms): Min: 7.3, Avg: 7.4, Max: 7.4, Diff: 0.2, Sum: 59.2]
      [GC Worker End (ms): Min: 2923.6, Avg: 2923.6, Max: 2923.6, Diff: 0.0]
   [Code Root Fixup: 0.0 ms]
   [Code Root Purge: 0.0 ms]
   [Clear CT: 0.1 ms]
   [Other: 0.7 ms]
      [Choose CSet: 0.0 ms]
      [Ref Proc: 0.1 ms]
      [Ref Enq: 0.0 ms]
      [Redirty Cards: 0.1 ms]
      [Humongous Register: 0.1 ms]
      [Humongous Reclaim: 0.1 ms]
      [Free CSet: 0.2 ms]
   [Eden: 45056.0K(45056.0K)->0.0B(282.0M) Survivors: 7168.0K->7168.0K Heap: 595.5M(1024.0M)->499.9M(1024.0M)]
 [Times: user=0.00 sys=0.00, real=0.01 secs] 
2.925: [GC pause (G1 Humongous Allocation) (young) (initial-mark), 0.0015776 secs]
   [Parallel Time: 1.1 ms, GC Workers: 8]
      [GC Worker Start (ms): Min: 2924.8, Avg: 2924.8, Max: 2924.8, Diff: 0.0]
      [Ext Root Scanning (ms): Min: 0.1, Avg: 0.1, Max: 0.1, Diff: 0.0, Sum: 1.0]
      [Update RS (ms): Min: 0.1, Avg: 0.1, Max: 0.1, Diff: 0.1, Sum: 0.6]
         [Processed Buffers: Min: 1, Avg: 1.1, Max: 2, Diff: 1, Sum: 9]
      [Scan RS (ms): Min: 0.0, Avg: 0.0, Max: 0.0, Diff: 0.0, Sum: 0.0]
      [Code Root Scanning (ms): Min: 0.0, Avg: 0.0, Max: 0.0, Diff: 0.0, Sum: 0.0]
      [Object Copy (ms): Min: 0.7, Avg: 0.8, Max: 0.8, Diff: 0.2, Sum: 6.0]
      [Termination (ms): Min: 0.0, Avg: 0.1, Max: 0.2, Diff: 0.2, Sum: 0.6]
         [Termination Attempts: Min: 1, Avg: 1.0, Max: 1, Diff: 0, Sum: 8]
      [GC Worker Other (ms): Min: 0.0, Avg: 0.0, Max: 0.0, Diff: 0.0, Sum: 0.0]
      [GC Worker Total (ms): Min: 1.0, Avg: 1.0, Max: 1.0, Diff: 0.0, Sum: 8.3]
      [GC Worker End (ms): Min: 2925.8, Avg: 2925.8, Max: 2925.8, Diff: 0.0]
   [Code Root Fixup: 0.0 ms]
   [Code Root Purge: 0.0 ms]
   [Clear CT: 0.1 ms]
   [Other: 0.4 ms]
      [Choose CSet: 0.0 ms]
      [Ref Proc: 0.1 ms]
      [Ref Enq: 0.0 ms]
      [Redirty Cards: 0.1 ms]
      [Humongous Register: 0.1 ms]
      [Humongous Reclaim: 0.0 ms]
      [Free CSet: 0.0 ms]
   [Eden: 1024.0K(282.0M)->0.0B(282.0M) Survivors: 7168.0K->7168.0K Heap: 500.1M(1024.0M)->499.7M(1024.0M)]
 [Times: user=0.13 sys=0.00, real=0.00 secs] 
2.927: [GC concurrent-root-region-scan-start]
2.927: [GC concurrent-root-region-scan-end, 0.0001090 secs]
2.927: [GC concurrent-mark-start]
2.928: [GC concurrent-mark-end, 0.0016810 secs]
2.928: [GC remark 2.929: [Finalize Marking, 0.0001138 secs] 2.929: [GC ref-proc, 0.0000925 secs] 2.929: [Unloading, 0.0005890 secs], 0.0018105 secs]
 [Times: user=0.00 sys=0.00, real=0.00 secs] 
2.930: [GC cleanup 511M->507M(1024M), 0.0004926 secs]
 [Times: user=0.00 sys=0.00, real=0.00 secs] 
2.931: [GC concurrent-cleanup-start]
2.931: [GC concurrent-cleanup-end, 0.0000390 secs]
2.978: [GC pause (G1 Evacuation Pause) (young) (to-space exhausted), 0.0150108 secs]
   [Parallel Time: 14.1 ms, GC Workers: 8]
      [GC Worker Start (ms): Min: 2977.9, Avg: 2977.9, Max: 2978.1, Diff: 0.2]
      [Ext Root Scanning (ms): Min: 0.0, Avg: 0.1, Max: 0.1, Diff: 0.1, Sum: 0.9]
      [Update RS (ms): Min: 5.7, Avg: 5.8, Max: 5.8, Diff: 0.1, Sum: 46.0]
         [Processed Buffers: Min: 66, Avg: 74.5, Max: 78, Diff: 12, Sum: 596]
      [Scan RS (ms): Min: 0.0, Avg: 0.0, Max: 0.0, Diff: 0.0, Sum: 0.2]
      [Code Root Scanning (ms): Min: 0.0, Avg: 0.0, Max: 0.0, Diff: 0.0, Sum: 0.0]
      [Object Copy (ms): Min: 8.0, Avg: 8.0, Max: 8.1, Diff: 0.0, Sum: 64.4]
      [Termination (ms): Min: 0.0, Avg: 0.0, Max: 0.0, Diff: 0.0, Sum: 0.1]
         [Termination Attempts: Min: 1, Avg: 1.0, Max: 1, Diff: 0, Sum: 8]
      [GC Worker Other (ms): Min: 0.0, Avg: 0.0, Max: 0.0, Diff: 0.0, Sum: 0.1]
      [GC Worker Total (ms): Min: 13.9, Avg: 14.0, Max: 14.0, Diff: 0.2, Sum: 111.8]
      [GC Worker End (ms): Min: 2991.9, Avg: 2991.9, Max: 2991.9, Diff: 0.0]
   [Code Root Fixup: 0.0 ms]
   [Code Root Purge: 0.0 ms]
   [Clear CT: 0.1 ms]
   [Other: 0.9 ms]
      [Evacuation Failure: 0.1 ms]
      [Choose CSet: 0.0 ms]
      [Ref Proc: 0.1 ms]
      [Ref Enq: 0.0 ms]
      [Redirty Cards: 0.1 ms]
      [Humongous Register: 0.1 ms]
      [Humongous Reclaim: 0.1 ms]
      [Free CSet: 0.2 ms]
   [Eden: 282.0M(282.0M)->0.0B(14336.0K) Survivors: 7168.0K->37888.0K Heap: 851.0M(1024.0M)->602.4M(1024.0M)]
 [Times: user=0.13 sys=0.00, real=0.01 secs] 
2.996: [GC pause (G1 Evacuation Pause) (mixed), 0.0096879 secs]
   [Parallel Time: 8.9 ms, GC Workers: 8]
      [GC Worker Start (ms): Min: 2995.8, Avg: 2995.8, Max: 2995.8, Diff: 0.0]
      [Ext Root Scanning (ms): Min: 0.1, Avg: 0.1, Max: 0.1, Diff: 0.0, Sum: 1.0]
      [Update RS (ms): Min: 0.2, Avg: 0.3, Max: 0.3, Diff: 0.1, Sum: 2.2]
         [Processed Buffers: Min: 3, Avg: 4.6, Max: 7, Diff: 4, Sum: 37]
      [Scan RS (ms): Min: 0.0, Avg: 0.1, Max: 0.1, Diff: 0.0, Sum: 0.6]
      [Code Root Scanning (ms): Min: 0.0, Avg: 0.0, Max: 0.0, Diff: 0.0, Sum: 0.0]
      [Object Copy (ms): Min: 8.3, Avg: 8.3, Max: 8.4, Diff: 0.1, Sum: 66.6]
      [Termination (ms): Min: 0.0, Avg: 0.0, Max: 0.1, Diff: 0.1, Sum: 0.4]
         [Termination Attempts: Min: 1, Avg: 1.0, Max: 1, Diff: 0, Sum: 8]
      [GC Worker Other (ms): Min: 0.0, Avg: 0.0, Max: 0.0, Diff: 0.0, Sum: 0.1]
      [GC Worker Total (ms): Min: 8.8, Avg: 8.8, Max: 8.9, Diff: 0.0, Sum: 70.7]
      [GC Worker End (ms): Min: 3004.6, Avg: 3004.6, Max: 3004.6, Diff: 0.0]
   [Code Root Fixup: 0.0 ms]
   [Code Root Purge: 0.0 ms]
   [Clear CT: 0.1 ms]
   [Other: 0.7 ms]
      [Choose CSet: 0.0 ms]
      [Ref Proc: 0.1 ms]
      [Ref Enq: 0.0 ms]
      [Redirty Cards: 0.1 ms]
      [Humongous Register: 0.1 ms]
      [Humongous Reclaim: 0.0 ms]
      [Free CSet: 0.2 ms]
   [Eden: 14336.0K(14336.0K)->0.0B(49152.0K) Survivors: 37888.0K->3072.0K Heap: 618.8M(1024.0M)->532.3M(1024.0M)]
 [Times: user=0.13 sys=0.00, real=0.01 secs] 
3.014: [GC pause (G1 Evacuation Pause) (mixed), 0.0045759 secs]
   [Parallel Time: 4.1 ms, GC Workers: 8]
      [GC Worker Start (ms): Min: 3013.8, Avg: 3013.9, Max: 3013.9, Diff: 0.1]
      [Ext Root Scanning (ms): Min: 0.1, Avg: 0.1, Max: 0.1, Diff: 0.1, Sum: 1.0]
      [Update RS (ms): Min: 1.5, Avg: 1.6, Max: 1.6, Diff: 0.1, Sum: 12.5]
         [Processed Buffers: Min: 17, Avg: 18.9, Max: 21, Diff: 4, Sum: 151]
      [Scan RS (ms): Min: 0.0, Avg: 0.0, Max: 0.0, Diff: 0.0, Sum: 0.1]
      [Code Root Scanning (ms): Min: 0.0, Avg: 0.0, Max: 0.0, Diff: 0.0, Sum: 0.0]
      [Object Copy (ms): Min: 2.2, Avg: 2.2, Max: 2.3, Diff: 0.1, Sum: 17.7]
      [Termination (ms): Min: 0.0, Avg: 0.1, Max: 0.1, Diff: 0.1, Sum: 0.5]
         [Termination Attempts: Min: 1, Avg: 1.0, Max: 1, Diff: 0, Sum: 8]
      [GC Worker Other (ms): Min: 0.0, Avg: 0.0, Max: 0.0, Diff: 0.0, Sum: 0.1]
      [GC Worker Total (ms): Min: 4.0, Avg: 4.0, Max: 4.0, Diff: 0.0, Sum: 31.9]
      [GC Worker End (ms): Min: 3017.8, Avg: 3017.8, Max: 3017.8, Diff: 0.0]
   [Code Root Fixup: 0.0 ms]
   [Code Root Purge: 0.0 ms]
   [Clear CT: 0.1 ms]
   [Other: 0.4 ms]
      [Choose CSet: 0.0 ms]
      [Ref Proc: 0.1 ms]
      [Ref Enq: 0.0 ms]
      [Redirty Cards: 0.1 ms]
      [Humongous Register: 0.1 ms]
      [Humongous Reclaim: 0.0 ms]
      [Free CSet: 0.0 ms]
   [Eden: 49152.0K(49152.0K)->0.0B(239.0M) Survivors: 3072.0K->7168.0K Heap: 598.1M(1024.0M)->549.3M(1024.0M)]
 [Times: user=0.00 sys=0.00, real=0.00 secs] 
3.019: [GC pause (G1 Humongous Allocation) (young) (initial-mark), 0.0015302 secs]
   [Parallel Time: 1.1 ms, GC Workers: 8]
      [GC Worker Start (ms): Min: 3019.0, Avg: 3019.0, Max: 3019.0, Diff: 0.0]
      [Ext Root Scanning (ms): Min: 0.1, Avg: 0.1, Max: 0.1, Diff: 0.0, Sum: 1.0]
      [Update RS (ms): Min: 0.0, Avg: 0.1, Max: 0.2, Diff: 0.2, Sum: 0.6]
         [Processed Buffers: Min: 1, Avg: 1.1, Max: 2, Diff: 1, Sum: 9]
      [Scan RS (ms): Min: 0.0, Avg: 0.0, Max: 0.0, Diff: 0.0, Sum: 0.0]
      [Code Root Scanning (ms): Min: 0.0, Avg: 0.0, Max: 0.0, Diff: 0.0, Sum: 0.0]
      [Object Copy (ms): Min: 0.5, Avg: 0.7, Max: 0.8, Diff: 0.3, Sum: 5.8]
      [Termination (ms): Min: 0.0, Avg: 0.0, Max: 0.1, Diff: 0.1, Sum: 0.4]
         [Termination Attempts: Min: 1, Avg: 1.0, Max: 1, Diff: 0, Sum: 8]
      [GC Worker Other (ms): Min: 0.0, Avg: 0.0, Max: 0.0, Diff: 0.0, Sum: 0.0]
      [GC Worker Total (ms): Min: 1.0, Avg: 1.0, Max: 1.0, Diff: 0.0, Sum: 7.9]
      [GC Worker End (ms): Min: 3020.0, Avg: 3020.0, Max: 3020.0, Diff: 0.0]
   [Code Root Fixup: 0.0 ms]
   [Code Root Purge: 0.0 ms]
   [Clear CT: 0.1 ms]
   [Other: 0.4 ms]
      [Choose CSet: 0.0 ms]
      [Ref Proc: 0.1 ms]
      [Ref Enq: 0.0 ms]
      [Redirty Cards: 0.1 ms]
      [Humongous Register: 0.1 ms]
      [Humongous Reclaim: 0.0 ms]
      [Free CSet: 0.0 ms]
   [Eden: 2048.0K(239.0M)->0.0B(250.0M) Survivors: 7168.0K->7168.0K Heap: 550.8M(1024.0M)->549.3M(1024.0M)]
 [Times: user=0.13 sys=0.00, real=0.00 secs] 
3.021: [GC concurrent-root-region-scan-start]
3.021: [GC concurrent-root-region-scan-end, 0.0001390 secs]
3.021: [GC concurrent-mark-start]
3.023: [GC concurrent-mark-end, 0.0020892 secs]
3.023: [GC remark 3.023: [Finalize Marking, 0.0001062 secs] 3.023: [GC ref-proc, 0.0000945 secs] 3.023: [Unloading, 0.0004444 secs], 0.0016003 secs]
 [Times: user=0.00 sys=0.00, real=0.00 secs] 
3.025: [GC cleanup 565M->558M(1024M), 0.0005146 secs]
 [Times: user=0.00 sys=0.00, real=0.00 secs] 
3.025: [GC concurrent-cleanup-start]
3.025: [GC concurrent-cleanup-end, 0.0000353 secs]
3.067: [GC pause (G1 Evacuation Pause) (young) (to-space exhausted), 0.0145382 secs]
   [Parallel Time: 13.5 ms, GC Workers: 8]
      [GC Worker Start (ms): Min: 3067.6, Avg: 3067.6, Max: 3067.7, Diff: 0.2]
      [Ext Root Scanning (ms): Min: 0.0, Avg: 0.1, Max: 0.2, Diff: 0.2, Sum: 0.8]
      [Update RS (ms): Min: 6.1, Avg: 6.1, Max: 6.2, Diff: 0.1, Sum: 49.1]
         [Processed Buffers: Min: 0, Avg: 69.6, Max: 83, Diff: 83, Sum: 557]
      [Scan RS (ms): Min: 0.0, Avg: 0.0, Max: 0.1, Diff: 0.1, Sum: 0.2]
      [Code Root Scanning (ms): Min: 0.0, Avg: 0.0, Max: 0.0, Diff: 0.0, Sum: 0.0]
      [Object Copy (ms): Min: 7.0, Avg: 7.0, Max: 7.0, Diff: 0.0, Sum: 56.0]
      [Termination (ms): Min: 0.0, Avg: 0.1, Max: 0.1, Diff: 0.1, Sum: 0.4]
         [Termination Attempts: Min: 1, Avg: 1.0, Max: 1, Diff: 0, Sum: 8]
      [GC Worker Other (ms): Min: 0.0, Avg: 0.0, Max: 0.0, Diff: 0.0, Sum: 0.1]
      [GC Worker Total (ms): Min: 13.2, Avg: 13.3, Max: 13.4, Diff: 0.2, Sum: 106.7]
      [GC Worker End (ms): Min: 3080.9, Avg: 3080.9, Max: 3081.0, Diff: 0.1]
   [Code Root Fixup: 0.0 ms]
   [Code Root Purge: 0.0 ms]
   [Clear CT: 0.1 ms]
   [Other: 1.0 ms]
      [Evacuation Failure: 0.2 ms]
      [Choose CSet: 0.0 ms]
      [Ref Proc: 0.1 ms]
      [Ref Enq: 0.0 ms]
      [Redirty Cards: 0.1 ms]
      [Humongous Register: 0.2 ms]
      [Humongous Reclaim: 0.1 ms]
      [Free CSet: 0.1 ms]
   [Eden: 250.0M(250.0M)->0.0B(18432.0K) Survivors: 7168.0K->33792.0K Heap: 860.7M(1024.0M)->681.3M(1024.0M)]
 [Times: user=0.13 sys=0.00, real=0.01 secs] 
3.086: [GC pause (G1 Evacuation Pause) (mixed), 0.0078627 secs]
   [Parallel Time: 7.1 ms, GC Workers: 8]
      [GC Worker Start (ms): Min: 3085.7, Avg: 3085.9, Max: 3086.5, Diff: 0.8]
      [Ext Root Scanning (ms): Min: 0.0, Avg: 0.1, Max: 0.2, Diff: 0.1, Sum: 0.9]
      [Update RS (ms): Min: 0.0, Avg: 0.5, Max: 0.6, Diff: 0.6, Sum: 4.1]
         [Processed Buffers: Min: 0, Avg: 7.6, Max: 11, Diff: 11, Sum: 61]
      [Scan RS (ms): Min: 0.0, Avg: 0.0, Max: 0.1, Diff: 0.1, Sum: 0.3]
      [Code Root Scanning (ms): Min: 0.0, Avg: 0.0, Max: 0.0, Diff: 0.0, Sum: 0.0]
      [Object Copy (ms): Min: 6.2, Avg: 6.2, Max: 6.3, Diff: 0.1, Sum: 50.0]
      [Termination (ms): Min: 0.0, Avg: 0.1, Max: 0.1, Diff: 0.1, Sum: 0.4]
         [Termination Attempts: Min: 1, Avg: 1.3, Max: 3, Diff: 2, Sum: 10]
      [GC Worker Other (ms): Min: 0.0, Avg: 0.0, Max: 0.0, Diff: 0.0, Sum: 0.1]
      [GC Worker Total (ms): Min: 6.3, Avg: 7.0, Max: 7.1, Diff: 0.8, Sum: 55.8]
      [GC Worker End (ms): Min: 3092.8, Avg: 3092.8, Max: 3092.8, Diff: 0.0]
   [Code Root Fixup: 0.0 ms]
   [Code Root Purge: 0.0 ms]
   [Clear CT: 0.1 ms]
   [Other: 0.6 ms]
      [Choose CSet: 0.0 ms]
      [Ref Proc: 0.1 ms]
      [Ref Enq: 0.0 ms]
      [Redirty Cards: 0.1 ms]
      [Humongous Register: 0.1 ms]
      [Humongous Reclaim: 0.0 ms]
      [Free CSet: 0.2 ms]
   [Eden: 18432.0K(18432.0K)->0.0B(47104.0K) Survivors: 33792.0K->5120.0K Heap: 704.8M(1024.0M)->598.4M(1024.0M)]
 [Times: user=0.00 sys=0.00, real=0.01 secs] 
执行结束!共生成对象次数:45793
Heap
 garbage-first heap   total 1048576K, used 658528K [0x00000000c0000000, 0x00000000c0102000, 0x0000000100000000)
  region size 1024K, 44 young (45056K), 5 survivors (5120K)
 Metaspace       used 3137K, capacity 4486K, committed 4864K, reserved 1056768K
  class space    used 298K, capacity 386K, committed 512K, reserved 1048576K

java -Xmx2g -Xms2g -XX:+UseG1GC -XX:+PrintGCDetails -XX:+PrintGCTimeStamps GCLogAnalysis
正在执行...
0.189: [GC pause (G1 Evacuation Pause) (young), 0.0061604 secs]
   [Parallel Time: 5.2 ms, GC Workers: 8]
      [GC Worker Start (ms): Min: 189.2, Avg: 189.2, Max: 189.2, Diff: 0.0]
      [Ext Root Scanning (ms): Min: 0.1, Avg: 0.2, Max: 0.3, Diff: 0.2, Sum: 1.3]
      [Update RS (ms): Min: 0.3, Avg: 0.4, Max: 0.5, Diff: 0.1, Sum: 3.2]
         [Processed Buffers: Min: 5, Avg: 5.1, Max: 6, Diff: 1, Sum: 41]
      [Scan RS (ms): Min: 0.0, Avg: 0.0, Max: 0.0, Diff: 0.0, Sum: 0.1]
      [Code Root Scanning (ms): Min: 0.0, Avg: 0.0, Max: 0.0, Diff: 0.0, Sum: 0.0]
      [Object Copy (ms): Min: 4.3, Avg: 4.4, Max: 4.5, Diff: 0.1, Sum: 35.4]
      [Termination (ms): Min: 0.0, Avg: 0.1, Max: 0.1, Diff: 0.1, Sum: 0.4]
         [Termination Attempts: Min: 1, Avg: 1.0, Max: 1, Diff: 0, Sum: 8]
      [GC Worker Other (ms): Min: 0.0, Avg: 0.0, Max: 0.1, Diff: 0.0, Sum: 0.3]
      [GC Worker Total (ms): Min: 5.1, Avg: 5.1, Max: 5.1, Diff: 0.0, Sum: 40.6]
      [GC Worker End (ms): Min: 194.3, Avg: 194.3, Max: 194.3, Diff: 0.0]
   [Code Root Fixup: 0.0 ms]
   [Code Root Purge: 0.0 ms]
   [Clear CT: 0.1 ms]
   [Other: 0.8 ms]
      [Choose CSet: 0.0 ms]
      [Ref Proc: 0.1 ms]
      [Ref Enq: 0.0 ms]
      [Redirty Cards: 0.3 ms]
      [Humongous Register: 0.0 ms]
      [Humongous Reclaim: 0.1 ms]
      [Free CSet: 0.0 ms]
   [Eden: 102.0M(102.0M)->0.0B(91136.0K) Survivors: 0.0B->13312.0K Heap: 122.4M(2048.0M)->43758.7K(2048.0M)]
 [Times: user=0.00 sys=0.00, real=0.01 secs] 
0.219: [GC pause (G1 Evacuation Pause) (young), 0.0068091 secs]
   [Parallel Time: 5.5 ms, GC Workers: 8]
      [GC Worker Start (ms): Min: 218.9, Avg: 218.9, Max: 218.9, Diff: 0.0]
      [Ext Root Scanning (ms): Min: 0.1, Avg: 0.1, Max: 0.2, Diff: 0.1, Sum: 1.1]
      [Update RS (ms): Min: 0.1, Avg: 0.1, Max: 0.1, Diff: 0.1, Sum: 0.7]
         [Processed Buffers: Min: 1, Avg: 1.3, Max: 2, Diff: 1, Sum: 10]
      [Scan RS (ms): Min: 0.0, Avg: 0.0, Max: 0.0, Diff: 0.0, Sum: 0.1]
      [Code Root Scanning (ms): Min: 0.0, Avg: 0.0, Max: 0.0, Diff: 0.0, Sum: 0.0]
      [Object Copy (ms): Min: 4.8, Avg: 5.0, Max: 5.2, Diff: 0.4, Sum: 39.7]
      [Termination (ms): Min: 0.0, Avg: 0.2, Max: 0.4, Diff: 0.4, Sum: 1.8]
         [Termination Attempts: Min: 1, Avg: 1.0, Max: 1, Diff: 0, Sum: 8]
      [GC Worker Other (ms): Min: 0.0, Avg: 0.0, Max: 0.0, Diff: 0.0, Sum: 0.1]
      [GC Worker Total (ms): Min: 5.4, Avg: 5.4, Max: 5.5, Diff: 0.0, Sum: 43.6]
      [GC Worker End (ms): Min: 224.3, Avg: 224.3, Max: 224.3, Diff: 0.0]
   [Code Root Fixup: 0.0 ms]
   [Code Root Purge: 0.0 ms]
   [Clear CT: 0.6 ms]
   [Other: 0.7 ms]
      [Choose CSet: 0.0 ms]
      [Ref Proc: 0.1 ms]
      [Ref Enq: 0.0 ms]
      [Redirty Cards: 0.2 ms]
      [Humongous Register: 0.0 ms]
      [Humongous Reclaim: 0.1 ms]
      [Free CSet: 0.0 ms]
   [Eden: 91136.0K(91136.0K)->0.0B(91136.0K) Survivors: 13312.0K->13312.0K Heap: 153.4M(2048.0M)->78683.9K(2048.0M)]
 [Times: user=0.00 sys=0.00, real=0.01 secs] 
0.248: [GC pause (G1 Evacuation Pause) (young), 0.0071568 secs]
   [Parallel Time: 5.5 ms, GC Workers: 8]
      [GC Worker Start (ms): Min: 248.2, Avg: 248.2, Max: 248.3, Diff: 0.0]
      [Ext Root Scanning (ms): Min: 0.1, Avg: 0.1, Max: 0.1, Diff: 0.0, Sum: 1.0]
      [Update RS (ms): Min: 0.2, Avg: 0.2, Max: 0.2, Diff: 0.0, Sum: 1.4]
         [Processed Buffers: Min: 1, Avg: 2.1, Max: 3, Diff: 2, Sum: 17]
      [Scan RS (ms): Min: 0.0, Avg: 0.0, Max: 0.0, Diff: 0.0, Sum: 0.1]
      [Code Root Scanning (ms): Min: 0.0, Avg: 0.0, Max: 0.0, Diff: 0.0, Sum: 0.0]
      [Object Copy (ms): Min: 4.7, Avg: 4.8, Max: 4.9, Diff: 0.1, Sum: 38.3]
      [Termination (ms): Min: 0.0, Avg: 0.1, Max: 0.2, Diff: 0.2, Sum: 0.7]
         [Termination Attempts: Min: 1, Avg: 1.0, Max: 1, Diff: 0, Sum: 8]
      [GC Worker Other (ms): Min: 0.0, Avg: 0.0, Max: 0.0, Diff: 0.0, Sum: 0.1]
      [GC Worker Total (ms): Min: 5.2, Avg: 5.2, Max: 5.2, Diff: 0.0, Sum: 41.6]
      [GC Worker End (ms): Min: 253.4, Avg: 253.4, Max: 253.4, Diff: 0.0]
   [Code Root Fixup: 0.0 ms]
   [Code Root Purge: 0.0 ms]
   [Clear CT: 0.5 ms]
   [Other: 1.2 ms]
      [Choose CSet: 0.0 ms]
      [Ref Proc: 0.4 ms]
      [Ref Enq: 0.0 ms]
      [Redirty Cards: 0.4 ms]
      [Humongous Register: 0.1 ms]
      [Humongous Reclaim: 0.1 ms]
      [Free CSet: 0.0 ms]
   [Eden: 91136.0K(91136.0K)->0.0B(91136.0K) Survivors: 13312.0K->13312.0K Heap: 193.9M(2048.0M)->112.3M(2048.0M)]
 [Times: user=0.00 sys=0.00, real=0.01 secs] 
0.274: [GC pause (G1 Evacuation Pause) (young), 0.0071069 secs]
   [Parallel Time: 6.2 ms, GC Workers: 8]
      [GC Worker Start (ms): Min: 274.2, Avg: 274.2, Max: 274.3, Diff: 0.1]
      [Ext Root Scanning (ms): Min: 0.1, Avg: 0.1, Max: 0.2, Diff: 0.1, Sum: 0.9]
      [Update RS (ms): Min: 0.1, Avg: 0.1, Max: 0.2, Diff: 0.1, Sum: 1.1]
         [Processed Buffers: Min: 0, Avg: 1.6, Max: 2, Diff: 2, Sum: 13]
      [Scan RS (ms): Min: 0.0, Avg: 0.0, Max: 0.0, Diff: 0.0, Sum: 0.1]
      [Code Root Scanning (ms): Min: 0.0, Avg: 0.0, Max: 0.0, Diff: 0.0, Sum: 0.0]
      [Object Copy (ms): Min: 5.7, Avg: 5.7, Max: 5.9, Diff: 0.2, Sum: 46.0]
      [Termination (ms): Min: 0.0, Avg: 0.1, Max: 0.2, Diff: 0.2, Sum: 1.1]
         [Termination Attempts: Min: 1, Avg: 1.0, Max: 1, Diff: 0, Sum: 8]
      [GC Worker Other (ms): Min: 0.0, Avg: 0.0, Max: 0.0, Diff: 0.0, Sum: 0.1]
      [GC Worker Total (ms): Min: 6.1, Avg: 6.1, Max: 6.2, Diff: 0.1, Sum: 49.2]
      [GC Worker End (ms): Min: 280.4, Avg: 280.4, Max: 280.4, Diff: 0.0]
   [Code Root Fixup: 0.0 ms]
   [Code Root Purge: 0.0 ms]
   [Clear CT: 0.1 ms]
   [Other: 0.8 ms]
      [Choose CSet: 0.0 ms]
      [Ref Proc: 0.1 ms]
      [Ref Enq: 0.0 ms]
      [Redirty Cards: 0.3 ms]
      [Humongous Register: 0.1 ms]
      [Humongous Reclaim: 0.1 ms]
      [Free CSet: 0.1 ms]
   [Eden: 91136.0K(91136.0K)->0.0B(94208.0K) Survivors: 13312.0K->13312.0K Heap: 222.5M(2048.0M)->149.8M(2048.0M)]
 [Times: user=0.09 sys=0.03, real=0.01 secs] 
0.302: [GC pause (G1 Evacuation Pause) (young), 0.0069433 secs]
   [Parallel Time: 5.9 ms, GC Workers: 8]
      [GC Worker Start (ms): Min: 301.7, Avg: 301.7, Max: 301.8, Diff: 0.1]
      [Ext Root Scanning (ms): Min: 0.1, Avg: 0.1, Max: 0.2, Diff: 0.1, Sum: 0.9]
      [Update RS (ms): Min: 0.2, Avg: 0.2, Max: 0.2, Diff: 0.1, Sum: 1.5]
         [Processed Buffers: Min: 0, Avg: 2.4, Max: 3, Diff: 3, Sum: 19]
      [Scan RS (ms): Min: 0.0, Avg: 0.0, Max: 0.0, Diff: 0.0, Sum: 0.1]
      [Code Root Scanning (ms): Min: 0.0, Avg: 0.0, Max: 0.0, Diff: 0.0, Sum: 0.0]
      [Object Copy (ms): Min: 5.3, Avg: 5.4, Max: 5.5, Diff: 0.2, Sum: 43.2]
      [Termination (ms): Min: 0.0, Avg: 0.1, Max: 0.2, Diff: 0.2, Sum: 0.7]
         [Termination Attempts: Min: 1, Avg: 1.8, Max: 3, Diff: 2, Sum: 14]
      [GC Worker Other (ms): Min: 0.0, Avg: 0.0, Max: 0.0, Diff: 0.0, Sum: 0.1]
      [GC Worker Total (ms): Min: 5.8, Avg: 5.8, Max: 5.9, Diff: 0.1, Sum: 46.4]
      [GC Worker End (ms): Min: 307.5, Avg: 307.5, Max: 307.5, Diff: 0.0]
   [Code Root Fixup: 0.0 ms]
   [Code Root Purge: 0.0 ms]
   [Clear CT: 0.1 ms]
   [Other: 0.9 ms]
      [Choose CSet: 0.0 ms]
      [Ref Proc: 0.1 ms]
      [Ref Enq: 0.0 ms]
      [Redirty Cards: 0.4 ms]
      [Humongous Register: 0.1 ms]
      [Humongous Reclaim: 0.1 ms]
      [Free CSet: 0.0 ms]
   [Eden: 94208.0K(94208.0K)->0.0B(126.0M) Survivors: 13312.0K->14336.0K Heap: 266.9M(2048.0M)->189.3M(2048.0M)]
 [Times: user=0.06 sys=0.06, real=0.01 secs] 
0.342: [GC pause (G1 Evacuation Pause) (young), 0.0084328 secs]
   [Parallel Time: 7.4 ms, GC Workers: 8]
      [GC Worker Start (ms): Min: 342.3, Avg: 342.3, Max: 342.4, Diff: 0.1]
      [Ext Root Scanning (ms): Min: 0.1, Avg: 0.1, Max: 0.1, Diff: 0.1, Sum: 0.9]
      [Update RS (ms): Min: 0.1, Avg: 0.2, Max: 0.2, Diff: 0.1, Sum: 1.2]
         [Processed Buffers: Min: 0, Avg: 1.9, Max: 3, Diff: 3, Sum: 15]
      [Scan RS (ms): Min: 0.0, Avg: 0.0, Max: 0.0, Diff: 0.0, Sum: 0.1]
      [Code Root Scanning (ms): Min: 0.0, Avg: 0.0, Max: 0.0, Diff: 0.0, Sum: 0.0]
      [Object Copy (ms): Min: 6.8, Avg: 6.9, Max: 7.1, Diff: 0.3, Sum: 55.5]
      [Termination (ms): Min: 0.0, Avg: 0.1, Max: 0.2, Diff: 0.2, Sum: 1.1]
         [Termination Attempts: Min: 1, Avg: 1.0, Max: 1, Diff: 0, Sum: 8]
      [GC Worker Other (ms): Min: 0.0, Avg: 0.0, Max: 0.0, Diff: 0.0, Sum: 0.1]
      [GC Worker Total (ms): Min: 7.3, Avg: 7.4, Max: 7.4, Diff: 0.1, Sum: 58.9]
      [GC Worker End (ms): Min: 349.7, Avg: 349.7, Max: 349.7, Diff: 0.0]
   [Code Root Fixup: 0.0 ms]
   [Code Root Purge: 0.0 ms]
   [Clear CT: 0.1 ms]
   [Other: 0.9 ms]
      [Choose CSet: 0.0 ms]
      [Ref Proc: 0.1 ms]
      [Ref Enq: 0.0 ms]
      [Redirty Cards: 0.3 ms]
      [Humongous Register: 0.1 ms]
      [Humongous Reclaim: 0.1 ms]
      [Free CSet: 0.1 ms]
   [Eden: 126.0M(126.0M)->0.0B(138.0M) Survivors: 14336.0K->18432.0K Heap: 351.7M(2048.0M)->240.0M(2048.0M)]
 [Times: user=0.00 sys=0.00, real=0.01 secs] 
0.380: [GC pause (G1 Evacuation Pause) (young), 0.0097469 secs]
   [Parallel Time: 8.1 ms, GC Workers: 8]
      [GC Worker Start (ms): Min: 380.5, Avg: 380.6, Max: 380.6, Diff: 0.2]
      [Ext Root Scanning (ms): Min: 0.0, Avg: 0.1, Max: 0.2, Diff: 0.2, Sum: 0.7]
      [Update RS (ms): Min: 0.1, Avg: 0.2, Max: 0.3, Diff: 0.1, Sum: 1.6]
         [Processed Buffers: Min: 0, Avg: 2.6, Max: 4, Diff: 4, Sum: 21]
      [Scan RS (ms): Min: 0.0, Avg: 0.0, Max: 0.0, Diff: 0.0, Sum: 0.1]
      [Code Root Scanning (ms): Min: 0.0, Avg: 0.0, Max: 0.0, Diff: 0.0, Sum: 0.0]
      [Object Copy (ms): Min: 7.5, Avg: 7.6, Max: 7.7, Diff: 0.2, Sum: 60.7]
      [Termination (ms): Min: 0.0, Avg: 0.1, Max: 0.2, Diff: 0.2, Sum: 0.6]
         [Termination Attempts: Min: 1, Avg: 1.8, Max: 3, Diff: 2, Sum: 14]
      [GC Worker Other (ms): Min: 0.0, Avg: 0.0, Max: 0.0, Diff: 0.0, Sum: 0.1]
      [GC Worker Total (ms): Min: 7.9, Avg: 8.0, Max: 8.1, Diff: 0.2, Sum: 63.8]
      [GC Worker End (ms): Min: 388.5, Avg: 388.6, Max: 388.6, Diff: 0.0]
   [Code Root Fixup: 0.0 ms]
   [Code Root Purge: 0.0 ms]
   [Clear CT: 0.5 ms]
   [Other: 1.1 ms]
      [Choose CSet: 0.0 ms]
      [Ref Proc: 0.2 ms]
      [Ref Enq: 0.0 ms]
      [Redirty Cards: 0.4 ms]
      [Humongous Register: 0.1 ms]
      [Humongous Reclaim: 0.1 ms]
      [Free CSet: 0.1 ms]
   [Eden: 138.0M(138.0M)->0.0B(186.0M) Survivors: 18432.0K->20480.0K Heap: 416.3M(2048.0M)->278.3M(2048.0M)]
 [Times: user=0.00 sys=0.13, real=0.01 secs] 
0.435: [GC pause (G1 Evacuation Pause) (young), 0.0108254 secs]
   [Parallel Time: 10.0 ms, GC Workers: 8]
      [GC Worker Start (ms): Min: 435.2, Avg: 435.3, Max: 435.5, Diff: 0.3]
      [Ext Root Scanning (ms): Min: 0.0, Avg: 0.1, Max: 0.2, Diff: 0.2, Sum: 0.9]
      [Update RS (ms): Min: 0.0, Avg: 0.2, Max: 0.3, Diff: 0.3, Sum: 1.4]
         [Processed Buffers: Min: 0, Avg: 2.1, Max: 3, Diff: 3, Sum: 17]
      [Scan RS (ms): Min: 0.0, Avg: 0.0, Max: 0.0, Diff: 0.0, Sum: 0.1]
      [Code Root Scanning (ms): Min: 0.0, Avg: 0.0, Max: 0.0, Diff: 0.0, Sum: 0.0]
      [Object Copy (ms): Min: 9.4, Avg: 9.5, Max: 9.5, Diff: 0.2, Sum: 75.6]
      [Termination (ms): Min: 0.0, Avg: 0.1, Max: 0.2, Diff: 0.2, Sum: 0.6]
         [Termination Attempts: Min: 1, Avg: 1.0, Max: 1, Diff: 0, Sum: 8]
      [GC Worker Other (ms): Min: 0.0, Avg: 0.0, Max: 0.0, Diff: 0.0, Sum: 0.1]
      [GC Worker Total (ms): Min: 9.6, Avg: 9.9, Max: 9.9, Diff: 0.3, Sum: 78.8]
      [GC Worker End (ms): Min: 445.1, Avg: 445.1, Max: 445.1, Diff: 0.0]
   [Code Root Fixup: 0.0 ms]
   [Code Root Purge: 0.0 ms]
   [Clear CT: 0.1 ms]
   [Other: 0.8 ms]
      [Choose CSet: 0.0 ms]
      [Ref Proc: 0.1 ms]
      [Ref Enq: 0.0 ms]
      [Redirty Cards: 0.1 ms]
      [Humongous Register: 0.1 ms]
      [Humongous Reclaim: 0.1 ms]
      [Free CSet: 0.1 ms]
   [Eden: 186.0M(186.0M)->0.0B(306.0M) Survivors: 20480.0K->26624.0K Heap: 519.3M(2048.0M)->339.1M(2048.0M)]
 [Times: user=0.00 sys=0.00, real=0.01 secs] 
0.530: [GC pause (G1 Evacuation Pause) (young), 0.0148427 secs]
   [Parallel Time: 13.7 ms, GC Workers: 8]
      [GC Worker Start (ms): Min: 530.1, Avg: 530.1, Max: 530.2, Diff: 0.0]
      [Ext Root Scanning (ms): Min: 0.1, Avg: 0.1, Max: 0.1, Diff: 0.0, Sum: 0.9]
      [Update RS (ms): Min: 0.1, Avg: 0.2, Max: 0.3, Diff: 0.2, Sum: 1.5]
         [Processed Buffers: Min: 0, Avg: 2.3, Max: 3, Diff: 3, Sum: 18]
      [Scan RS (ms): Min: 0.0, Avg: 0.0, Max: 0.0, Diff: 0.0, Sum: 0.2]
      [Code Root Scanning (ms): Min: 0.0, Avg: 0.0, Max: 0.0, Diff: 0.0, Sum: 0.0]
      [Object Copy (ms): Min: 12.9, Avg: 13.1, Max: 13.2, Diff: 0.2, Sum: 104.6]
      [Termination (ms): Min: 0.0, Avg: 0.1, Max: 0.3, Diff: 0.3, Sum: 0.9]
         [Termination Attempts: Min: 1, Avg: 1.0, Max: 1, Diff: 0, Sum: 8]
      [GC Worker Other (ms): Min: 0.0, Avg: 0.0, Max: 0.0, Diff: 0.0, Sum: 0.1]
      [GC Worker Total (ms): Min: 13.5, Avg: 13.5, Max: 13.6, Diff: 0.1, Sum: 108.2]
      [GC Worker End (ms): Min: 543.7, Avg: 543.7, Max: 543.7, Diff: 0.1]
   [Code Root Fixup: 0.0 ms]
   [Code Root Purge: 0.0 ms]
   [Clear CT: 0.1 ms]
   [Other: 1.0 ms]
      [Choose CSet: 0.0 ms]
      [Ref Proc: 0.1 ms]
      [Ref Enq: 0.0 ms]
      [Redirty Cards: 0.1 ms]
      [Humongous Register: 0.1 ms]
      [Humongous Reclaim: 0.3 ms]
      [Free CSet: 0.2 ms]
   [Eden: 306.0M(306.0M)->0.0B(254.0M) Survivors: 26624.0K->43008.0K Heap: 713.6M(2048.0M)->422.7M(2048.0M)]
 [Times: user=0.03 sys=0.09, real=0.02 secs] 
0.593: [GC pause (G1 Evacuation Pause) (young), 0.0143309 secs]
   [Parallel Time: 13.3 ms, GC Workers: 8]
      [GC Worker Start (ms): Min: 593.6, Avg: 593.6, Max: 593.6, Diff: 0.0]
      [Ext Root Scanning (ms): Min: 0.1, Avg: 0.1, Max: 0.1, Diff: 0.0, Sum: 1.0]
      [Update RS (ms): Min: 0.2, Avg: 0.3, Max: 0.7, Diff: 0.4, Sum: 2.3]
         [Processed Buffers: Min: 0, Avg: 3.0, Max: 4, Diff: 4, Sum: 24]
      [Scan RS (ms): Min: 0.0, Avg: 0.0, Max: 0.0, Diff: 0.0, Sum: 0.3]
      [Code Root Scanning (ms): Min: 0.0, Avg: 0.0, Max: 0.0, Diff: 0.0, Sum: 0.0]
      [Object Copy (ms): Min: 12.3, Avg: 12.6, Max: 12.8, Diff: 0.5, Sum: 101.2]
      [Termination (ms): Min: 0.0, Avg: 0.2, Max: 0.2, Diff: 0.2, Sum: 1.2]
         [Termination Attempts: Min: 1, Avg: 1.3, Max: 3, Diff: 2, Sum: 10]
      [GC Worker Other (ms): Min: 0.0, Avg: 0.0, Max: 0.0, Diff: 0.0, Sum: 0.1]
      [GC Worker Total (ms): Min: 13.2, Avg: 13.3, Max: 13.3, Diff: 0.0, Sum: 106.0]
      [GC Worker End (ms): Min: 606.8, Avg: 606.8, Max: 606.9, Diff: 0.0]
   [Code Root Fixup: 0.0 ms]
   [Code Root Purge: 0.0 ms]
   [Clear CT: 0.1 ms]
   [Other: 0.9 ms]
      [Choose CSet: 0.0 ms]
      [Ref Proc: 0.1 ms]
      [Ref Enq: 0.0 ms]
      [Redirty Cards: 0.1 ms]
      [Humongous Register: 0.1 ms]
      [Humongous Reclaim: 0.1 ms]
      [Free CSet: 0.2 ms]
   [Eden: 254.0M(254.0M)->0.0B(436.0M) Survivors: 43008.0K->37888.0K Heap: 746.2M(2048.0M)->493.4M(2048.0M)]
 [Times: user=0.03 sys=0.09, real=0.02 secs] 
0.722: [GC pause (G1 Evacuation Pause) (young), 0.0224700 secs]
   [Parallel Time: 20.1 ms, GC Workers: 8]
      [GC Worker Start (ms): Min: 722.5, Avg: 722.6, Max: 722.6, Diff: 0.1]
      [Ext Root Scanning (ms): Min: 0.0, Avg: 0.1, Max: 0.2, Diff: 0.1, Sum: 0.7]
      [Update RS (ms): Min: 0.1, Avg: 0.2, Max: 0.5, Diff: 0.4, Sum: 1.9]
         [Processed Buffers: Min: 0, Avg: 2.5, Max: 3, Diff: 3, Sum: 20]
      [Scan RS (ms): Min: 0.0, Avg: 0.0, Max: 0.1, Diff: 0.1, Sum: 0.3]
      [Code Root Scanning (ms): Min: 0.0, Avg: 0.0, Max: 0.0, Diff: 0.0, Sum: 0.0]
      [Object Copy (ms): Min: 19.1, Avg: 19.3, Max: 19.4, Diff: 0.3, Sum: 154.2]
      [Termination (ms): Min: 0.0, Avg: 0.1, Max: 0.3, Diff: 0.3, Sum: 1.0]
         [Termination Attempts: Min: 1, Avg: 1.9, Max: 3, Diff: 2, Sum: 15]
      [GC Worker Other (ms): Min: 0.0, Avg: 0.0, Max: 0.0, Diff: 0.0, Sum: 0.1]
      [GC Worker Total (ms): Min: 19.7, Avg: 19.8, Max: 19.9, Diff: 0.1, Sum: 158.3]
      [GC Worker End (ms): Min: 742.4, Avg: 742.4, Max: 742.4, Diff: 0.0]
   [Code Root Fixup: 0.0 ms]
   [Code Root Purge: 0.0 ms]
   [Clear CT: 0.8 ms]
   [Other: 1.6 ms]
      [Choose CSet: 0.0 ms]
      [Ref Proc: 0.4 ms]
      [Ref Enq: 0.0 ms]
      [Redirty Cards: 0.5 ms]
      [Humongous Register: 0.1 ms]
      [Humongous Reclaim: 0.2 ms]
      [Free CSet: 0.2 ms]
   [Eden: 436.0M(436.0M)->0.0B(384.0M) Survivors: 37888.0K->61440.0K Heap: 1046.3M(2048.0M)->616.9M(2048.0M)]
 [Times: user=0.06 sys=0.06, real=0.02 secs] 
0.813: [GC pause (G1 Evacuation Pause) (young), 0.0192731 secs]
   [Parallel Time: 18.0 ms, GC Workers: 8]
      [GC Worker Start (ms): Min: 813.4, Avg: 813.4, Max: 813.4, Diff: 0.1]
      [Ext Root Scanning (ms): Min: 0.1, Avg: 0.1, Max: 0.2, Diff: 0.1, Sum: 0.9]
      [Update RS (ms): Min: 0.2, Avg: 0.3, Max: 0.6, Diff: 0.4, Sum: 2.3]
         [Processed Buffers: Min: 0, Avg: 3.0, Max: 5, Diff: 5, Sum: 24]
      [Scan RS (ms): Min: 0.0, Avg: 0.0, Max: 0.1, Diff: 0.0, Sum: 0.3]
      [Code Root Scanning (ms): Min: 0.0, Avg: 0.0, Max: 0.0, Diff: 0.0, Sum: 0.0]
      [Object Copy (ms): Min: 16.9, Avg: 17.3, Max: 17.5, Diff: 0.5, Sum: 138.1]
      [Termination (ms): Min: 0.0, Avg: 0.2, Max: 0.3, Diff: 0.3, Sum: 1.5]
         [Termination Attempts: Min: 1, Avg: 1.9, Max: 3, Diff: 2, Sum: 15]
      [GC Worker Other (ms): Min: 0.0, Avg: 0.0, Max: 0.0, Diff: 0.0, Sum: 0.2]
      [GC Worker Total (ms): Min: 17.9, Avg: 17.9, Max: 18.0, Diff: 0.1, Sum: 143.3]
      [GC Worker End (ms): Min: 831.3, Avg: 831.3, Max: 831.4, Diff: 0.0]
   [Code Root Fixup: 0.0 ms]
   [Code Root Purge: 0.0 ms]
   [Clear CT: 0.1 ms]
   [Other: 1.1 ms]
      [Choose CSet: 0.0 ms]
      [Ref Proc: 0.1 ms]
      [Ref Enq: 0.0 ms]
      [Redirty Cards: 0.0 ms]
      [Humongous Register: 0.2 ms]
      [Humongous Reclaim: 0.3 ms]
      [Free CSet: 0.3 ms]
   [Eden: 384.0M(384.0M)->0.0B(864.0M) Survivors: 61440.0K->57344.0K Heap: 1093.1M(2048.0M)->704.5M(2048.0M)]
 [Times: user=0.01 sys=0.11, real=0.02 secs] 
0.942: [GC pause (G1 Humongous Allocation) (young) (initial-mark), 0.0244405 secs]
   [Parallel Time: 22.9 ms, GC Workers: 8]
      [GC Worker Start (ms): Min: 942.0, Avg: 942.0, Max: 942.0, Diff: 0.1]
      [Ext Root Scanning (ms): Min: 0.1, Avg: 0.1, Max: 0.1, Diff: 0.1, Sum: 1.0]
      [Update RS (ms): Min: 0.3, Avg: 0.3, Max: 0.5, Diff: 0.1, Sum: 2.7]
         [Processed Buffers: Min: 0, Avg: 3.9, Max: 5, Diff: 5, Sum: 31]
      [Scan RS (ms): Min: 0.0, Avg: 0.1, Max: 0.1, Diff: 0.1, Sum: 0.5]
      [Code Root Scanning (ms): Min: 0.0, Avg: 0.0, Max: 0.0, Diff: 0.0, Sum: 0.0]
      [Object Copy (ms): Min: 22.0, Avg: 22.1, Max: 22.2, Diff: 0.2, Sum: 177.0]
      [Termination (ms): Min: 0.0, Avg: 0.2, Max: 0.3, Diff: 0.3, Sum: 1.3]
         [Termination Attempts: Min: 1, Avg: 2.0, Max: 4, Diff: 3, Sum: 16]
      [GC Worker Other (ms): Min: 0.0, Avg: 0.0, Max: 0.0, Diff: 0.0, Sum: 0.1]
      [GC Worker Total (ms): Min: 22.8, Avg: 22.8, Max: 22.8, Diff: 0.0, Sum: 182.6]
      [GC Worker End (ms): Min: 964.8, Avg: 964.8, Max: 964.8, Diff: 0.0]
   [Code Root Fixup: 0.0 ms]
   [Code Root Purge: 0.0 ms]
   [Clear CT: 0.2 ms]
   [Other: 1.4 ms]
      [Choose CSet: 0.0 ms]
      [Ref Proc: 0.1 ms]
      [Ref Enq: 0.0 ms]
      [Redirty Cards: 0.1 ms]
      [Humongous Register: 0.2 ms]
      [Humongous Reclaim: 0.4 ms]
      [Free CSet: 0.4 ms]
   [Eden: 508.0M(864.0M)->0.0B(366.0M) Survivors: 57344.0K->115.0M Heap: 1340.9M(2048.0M)->802.0M(2048.0M)]
 [Times: user=0.03 sys=0.20, real=0.03 secs] 
0.966: [GC concurrent-root-region-scan-start]
0.967: [GC concurrent-root-region-scan-end, 0.0002603 secs]
0.967: [GC concurrent-mark-start]
0.969: [GC concurrent-mark-end, 0.0023943 secs]
0.969: [GC remark 0.969: [Finalize Marking, 0.0002008 secs] 0.969: [GC ref-proc, 0.0000898 secs] 0.970: [Unloading, 0.0005700 secs], 0.0017895 secs]
 [Times: user=0.00 sys=0.00, real=0.00 secs] 
0.971: [GC cleanup 820M->646M(2048M), 0.0011688 secs]
 [Times: user=0.00 sys=0.00, real=0.00 secs] 
0.972: [GC concurrent-cleanup-start]
0.973: [GC concurrent-cleanup-end, 0.0001518 secs]
1.037: [GC pause (G1 Evacuation Pause) (young), 0.0213612 secs]
   [Parallel Time: 19.9 ms, GC Workers: 8]
      [GC Worker Start (ms): Min: 1037.3, Avg: 1037.3, Max: 1037.3, Diff: 0.0]
      [Ext Root Scanning (ms): Min: 0.1, Avg: 0.1, Max: 0.1, Diff: 0.0, Sum: 1.0]
      [Update RS (ms): Min: 0.3, Avg: 0.4, Max: 0.8, Diff: 0.5, Sum: 2.9]
         [Processed Buffers: Min: 0, Avg: 3.8, Max: 5, Diff: 5, Sum: 30]
      [Scan RS (ms): Min: 0.0, Avg: 0.0, Max: 0.1, Diff: 0.1, Sum: 0.4]
      [Code Root Scanning (ms): Min: 0.0, Avg: 0.0, Max: 0.0, Diff: 0.0, Sum: 0.0]
      [Object Copy (ms): Min: 18.8, Avg: 19.2, Max: 19.3, Diff: 0.5, Sum: 153.5]
      [Termination (ms): Min: 0.0, Avg: 0.1, Max: 0.2, Diff: 0.2, Sum: 0.8]
         [Termination Attempts: Min: 1, Avg: 1.9, Max: 3, Diff: 2, Sum: 15]
      [GC Worker Other (ms): Min: 0.0, Avg: 0.0, Max: 0.0, Diff: 0.0, Sum: 0.1]
      [GC Worker Total (ms): Min: 19.8, Avg: 19.8, Max: 19.9, Diff: 0.1, Sum: 158.7]
      [GC Worker End (ms): Min: 1057.1, Avg: 1057.1, Max: 1057.2, Diff: 0.0]
   [Code Root Fixup: 0.0 ms]
   [Code Root Purge: 0.0 ms]
   [Clear CT: 0.1 ms]
   [Other: 1.3 ms]
      [Choose CSet: 0.0 ms]
      [Ref Proc: 0.2 ms]
      [Ref Enq: 0.0 ms]
      [Redirty Cards: 0.1 ms]
      [Humongous Register: 0.1 ms]
      [Humongous Reclaim: 0.3 ms]
      [Free CSet: 0.4 ms]
   [Eden: 366.0M(366.0M)->0.0B(41984.0K) Survivors: 115.0M->62464.0K Heap: 1090.5M(2048.0M)->690.2M(2048.0M)]
 [Times: user=0.25 sys=0.00, real=0.02 secs] 
1.068: [GC pause (G1 Evacuation Pause) (mixed), 0.0133783 secs]
   [Parallel Time: 12.0 ms, GC Workers: 8]
      [GC Worker Start (ms): Min: 1068.3, Avg: 1068.9, Max: 1070.4, Diff: 2.0]
      [Ext Root Scanning (ms): Min: 0.0, Avg: 0.1, Max: 0.3, Diff: 0.3, Sum: 0.9]
      [Update RS (ms): Min: 0.0, Avg: 0.4, Max: 0.6, Diff: 0.6, Sum: 3.5]
         [Processed Buffers: Min: 0, Avg: 5.8, Max: 10, Diff: 10, Sum: 46]
      [Scan RS (ms): Min: 0.0, Avg: 0.1, Max: 0.1, Diff: 0.1, Sum: 0.5]
      [Code Root Scanning (ms): Min: 0.0, Avg: 0.0, Max: 0.0, Diff: 0.0, Sum: 0.0]
      [Object Copy (ms): Min: 9.7, Avg: 10.6, Max: 10.9, Diff: 1.3, Sum: 84.9]
      [Termination (ms): Min: 0.0, Avg: 0.1, Max: 0.2, Diff: 0.2, Sum: 0.9]
         [Termination Attempts: Min: 1, Avg: 1.0, Max: 1, Diff: 0, Sum: 8]
      [GC Worker Other (ms): Min: 0.0, Avg: 0.0, Max: 0.0, Diff: 0.0, Sum: 0.1]
      [GC Worker Total (ms): Min: 9.8, Avg: 11.4, Max: 12.0, Diff: 2.1, Sum: 90.9]
      [GC Worker End (ms): Min: 1080.2, Avg: 1080.3, Max: 1080.3, Diff: 0.1]
   [Code Root Fixup: 0.0 ms]
   [Code Root Purge: 0.0 ms]
   [Clear CT: 0.1 ms]
   [Other: 1.3 ms]
      [Choose CSet: 0.1 ms]
      [Ref Proc: 0.1 ms]
      [Ref Enq: 0.0 ms]
      [Redirty Cards: 0.1 ms]
      [Humongous Register: 0.2 ms]
      [Humongous Reclaim: 0.1 ms]
      [Free CSet: 0.4 ms]
   [Eden: 41984.0K(41984.0K)->0.0B(980.0M) Survivors: 62464.0K->12288.0K Heap: 743.8M(2048.0M)->545.0M(2048.0M)]
 [Times: user=0.08 sys=0.02, real=0.01 secs] 
1.327: [GC pause (G1 Humongous Allocation) (young) (initial-mark), 0.0273992 secs]
   [Parallel Time: 25.3 ms, GC Workers: 8]
      [GC Worker Start (ms): Min: 1327.1, Avg: 1327.1, Max: 1327.1, Diff: 0.0]
      [Ext Root Scanning (ms): Min: 0.1, Avg: 0.1, Max: 0.2, Diff: 0.0, Sum: 1.1]
      [Update RS (ms): Min: 0.4, Avg: 0.4, Max: 0.5, Diff: 0.1, Sum: 3.3]
         [Processed Buffers: Min: 0, Avg: 4.6, Max: 7, Diff: 7, Sum: 37]
      [Scan RS (ms): Min: 0.0, Avg: 0.1, Max: 0.1, Diff: 0.1, Sum: 0.8]
      [Code Root Scanning (ms): Min: 0.0, Avg: 0.0, Max: 0.0, Diff: 0.0, Sum: 0.0]
      [Object Copy (ms): Min: 24.2, Avg: 24.2, Max: 24.3, Diff: 0.1, Sum: 193.8]
      [Termination (ms): Min: 0.0, Avg: 0.2, Max: 0.3, Diff: 0.3, Sum: 1.3]
         [Termination Attempts: Min: 1, Avg: 2.1, Max: 4, Diff: 3, Sum: 17]
      [GC Worker Other (ms): Min: 0.0, Avg: 0.0, Max: 0.0, Diff: 0.0, Sum: 0.1]
      [GC Worker Total (ms): Min: 24.9, Avg: 25.0, Max: 25.2, Diff: 0.2, Sum: 200.4]
      [GC Worker End (ms): Min: 1352.1, Avg: 1352.1, Max: 1352.3, Diff: 0.2]
   [Code Root Fixup: 0.0 ms]
   [Code Root Purge: 0.0 ms]
   [Clear CT: 0.2 ms]
   [Other: 1.9 ms]
      [Choose CSet: 0.0 ms]
      [Ref Proc: 0.1 ms]
      [Ref Enq: 0.0 ms]
      [Redirty Cards: 0.1 ms]
      [Humongous Register: 0.2 ms]
      [Humongous Reclaim: 0.5 ms]
      [Free CSet: 0.6 ms]
   [Eden: 808.0M(980.0M)->0.0B(823.0M) Survivors: 12288.0K->124.0M Heap: 1559.5M(2048.0M)->717.8M(2048.0M)]
 [Times: user=0.05 sys=0.09, real=0.03 secs] 
1.354: [GC concurrent-root-region-scan-start]
1.355: [GC concurrent-root-region-scan-end, 0.0002577 secs]
1.355: [GC concurrent-mark-start]
1.357: [GC concurrent-mark-end, 0.0023322 secs]
1.357: [GC remark 1.357: [Finalize Marking, 0.0001434 secs] 1.357: [GC ref-proc, 0.0000965 secs] 1.358: [Unloading, 0.0004289 secs], 0.0015681 secs]
 [Times: user=0.00 sys=0.00, real=0.00 secs] 
1.359: [GC cleanup 728M->609M(2048M), 0.0008919 secs]
 [Times: user=0.00 sys=0.00, real=0.00 secs] 
1.360: [GC concurrent-cleanup-start]
1.360: [GC concurrent-cleanup-end, 0.0001123 secs]
1.535: [GC pause (G1 Evacuation Pause) (young), 0.0291260 secs]
   [Parallel Time: 26.8 ms, GC Workers: 8]
      [GC Worker Start (ms): Min: 1535.2, Avg: 1535.3, Max: 1535.4, Diff: 0.2]
      [Ext Root Scanning (ms): Min: 0.0, Avg: 0.1, Max: 0.2, Diff: 0.2, Sum: 1.0]
      [Update RS (ms): Min: 0.4, Avg: 0.5, Max: 1.3, Diff: 0.8, Sum: 4.4]
         [Processed Buffers: Min: 0, Avg: 4.4, Max: 6, Diff: 6, Sum: 35]
      [Scan RS (ms): Min: 0.0, Avg: 0.1, Max: 0.1, Diff: 0.1, Sum: 0.8]
      [Code Root Scanning (ms): Min: 0.0, Avg: 0.0, Max: 0.0, Diff: 0.0, Sum: 0.0]
      [Object Copy (ms): Min: 25.3, Avg: 25.8, Max: 26.0, Diff: 0.7, Sum: 206.7]
      [Termination (ms): Min: 0.0, Avg: 0.1, Max: 0.2, Diff: 0.2, Sum: 0.9]
         [Termination Attempts: Min: 1, Avg: 1.0, Max: 1, Diff: 0, Sum: 8]
      [GC Worker Other (ms): Min: 0.0, Avg: 0.0, Max: 0.0, Diff: 0.0, Sum: 0.2]
      [GC Worker Total (ms): Min: 26.6, Avg: 26.7, Max: 26.8, Diff: 0.2, Sum: 213.9]
      [GC Worker End (ms): Min: 1562.0, Avg: 1562.0, Max: 1562.0, Diff: 0.0]
   [Code Root Fixup: 0.0 ms]
   [Code Root Purge: 0.0 ms]
   [Clear CT: 0.4 ms]
   [Other: 1.9 ms]
      [Choose CSet: 0.0 ms]
      [Ref Proc: 0.2 ms]
      [Ref Enq: 0.0 ms]
      [Redirty Cards: 0.1 ms]
      [Humongous Register: 0.2 ms]
      [Humongous Reclaim: 0.5 ms]
      [Free CSet: 0.7 ms]
   [Eden: 823.0M(823.0M)->0.0B(5120.0K) Survivors: 124.0M->119.0M Heap: 1631.9M(2048.0M)->689.1M(2048.0M)]
 [Times: user=0.16 sys=0.09, real=0.03 secs] 
1.566: [GC pause (G1 Evacuation Pause) (mixed), 0.0168564 secs]
   [Parallel Time: 15.5 ms, GC Workers: 8]
      [GC Worker Start (ms): Min: 1566.5, Avg: 1566.6, Max: 1566.7, Diff: 0.2]
      [Ext Root Scanning (ms): Min: 0.0, Avg: 0.1, Max: 0.2, Diff: 0.2, Sum: 1.0]
      [Update RS (ms): Min: 0.2, Avg: 0.2, Max: 0.3, Diff: 0.1, Sum: 1.8]
         [Processed Buffers: Min: 2, Avg: 3.0, Max: 4, Diff: 2, Sum: 24]
      [Scan RS (ms): Min: 0.0, Avg: 0.0, Max: 0.1, Diff: 0.0, Sum: 0.4]
      [Code Root Scanning (ms): Min: 0.0, Avg: 0.0, Max: 0.0, Diff: 0.0, Sum: 0.0]
      [Object Copy (ms): Min: 14.9, Avg: 14.9, Max: 14.9, Diff: 0.1, Sum: 119.1]
      [Termination (ms): Min: 0.0, Avg: 0.0, Max: 0.1, Diff: 0.1, Sum: 0.3]
         [Termination Attempts: Min: 1, Avg: 2.4, Max: 6, Diff: 5, Sum: 19]
      [GC Worker Other (ms): Min: 0.0, Avg: 0.0, Max: 0.0, Diff: 0.0, Sum: 0.1]
      [GC Worker Total (ms): Min: 15.2, Avg: 15.3, Max: 15.4, Diff: 0.2, Sum: 122.6]
      [GC Worker End (ms): Min: 1581.9, Avg: 1581.9, Max: 1582.0, Diff: 0.1]
   [Code Root Fixup: 0.0 ms]
   [Code Root Purge: 0.0 ms]
   [Clear CT: 0.1 ms]
   [Other: 1.2 ms]
      [Choose CSet: 0.2 ms]
      [Ref Proc: 0.2 ms]
      [Ref Enq: 0.0 ms]
      [Redirty Cards: 0.1 ms]
      [Humongous Register: 0.3 ms]
      [Humongous Reclaim: 0.0 ms]
      [Free CSet: 0.3 ms]
   [Eden: 5120.0K(5120.0K)->0.0B(246.0M) Survivors: 119.0M->1024.0K Heap: 696.0M(2048.0M)->574.7M(2048.0M)]
 [Times: user=0.11 sys=0.00, real=0.02 secs] 
1.634: [GC pause (G1 Evacuation Pause) (young), 0.0103274 secs]
   [Parallel Time: 9.2 ms, GC Workers: 8]
      [GC Worker Start (ms): Min: 1634.4, Avg: 1634.4, Max: 1634.4, Diff: 0.0]
      [Ext Root Scanning (ms): Min: 0.1, Avg: 0.1, Max: 0.2, Diff: 0.0, Sum: 1.0]
      [Update RS (ms): Min: 0.4, Avg: 0.5, Max: 0.5, Diff: 0.1, Sum: 3.8]
         [Processed Buffers: Min: 0, Avg: 5.5, Max: 7, Diff: 7, Sum: 44]
      [Scan RS (ms): Min: 0.0, Avg: 0.0, Max: 0.1, Diff: 0.0, Sum: 0.2]
      [Code Root Scanning (ms): Min: 0.0, Avg: 0.0, Max: 0.0, Diff: 0.0, Sum: 0.0]
      [Object Copy (ms): Min: 8.4, Avg: 8.4, Max: 8.5, Diff: 0.0, Sum: 67.5]
      [Termination (ms): Min: 0.0, Avg: 0.0, Max: 0.1, Diff: 0.1, Sum: 0.3]
         [Termination Attempts: Min: 1, Avg: 1.0, Max: 1, Diff: 0, Sum: 8]
      [GC Worker Other (ms): Min: 0.0, Avg: 0.0, Max: 0.0, Diff: 0.0, Sum: 0.1]
      [GC Worker Total (ms): Min: 9.1, Avg: 9.1, Max: 9.2, Diff: 0.1, Sum: 72.9]
      [GC Worker End (ms): Min: 1643.5, Avg: 1643.5, Max: 1643.5, Diff: 0.0]
   [Code Root Fixup: 0.0 ms]
   [Code Root Purge: 0.0 ms]
   [Clear CT: 0.1 ms]
   [Other: 1.0 ms]
      [Choose CSet: 0.0 ms]
      [Ref Proc: 0.1 ms]
      [Ref Enq: 0.0 ms]
      [Redirty Cards: 0.1 ms]
      [Humongous Register: 0.2 ms]
      [Humongous Reclaim: 0.2 ms]
      [Free CSet: 0.3 ms]
   [Eden: 246.0M(246.0M)->0.0B(219.0M) Survivors: 1024.0K->31744.0K Heap: 880.4M(2048.0M)->643.1M(2048.0M)]
 [Times: user=0.13 sys=0.00, real=0.01 secs] 
1.687: [GC pause (G1 Evacuation Pause) (young), 0.0136689 secs]
   [Parallel Time: 12.2 ms, GC Workers: 8]
      [GC Worker Start (ms): Min: 1687.3, Avg: 1687.4, Max: 1688.1, Diff: 0.8]
      [Ext Root Scanning (ms): Min: 0.0, Avg: 0.1, Max: 0.2, Diff: 0.2, Sum: 1.1]
      [Update RS (ms): Min: 0.0, Avg: 0.5, Max: 0.6, Diff: 0.6, Sum: 3.9]
         [Processed Buffers: Min: 0, Avg: 5.1, Max: 8, Diff: 8, Sum: 41]
      [Scan RS (ms): Min: 0.0, Avg: 0.0, Max: 0.0, Diff: 0.0, Sum: 0.2]
      [Code Root Scanning (ms): Min: 0.0, Avg: 0.0, Max: 0.0, Diff: 0.0, Sum: 0.0]
      [Object Copy (ms): Min: 11.0, Avg: 11.2, Max: 11.4, Diff: 0.4, Sum: 89.4]
      [Termination (ms): Min: 0.0, Avg: 0.2, Max: 0.4, Diff: 0.4, Sum: 1.6]
         [Termination Attempts: Min: 1, Avg: 1.0, Max: 1, Diff: 0, Sum: 8]
      [GC Worker Other (ms): Min: 0.0, Avg: 0.0, Max: 0.0, Diff: 0.0, Sum: 0.1]
      [GC Worker Total (ms): Min: 11.4, Avg: 12.0, Max: 12.2, Diff: 0.8, Sum: 96.3]
      [GC Worker End (ms): Min: 1699.5, Avg: 1699.5, Max: 1699.5, Diff: 0.0]
   [Code Root Fixup: 0.0 ms]
   [Code Root Purge: 0.0 ms]
   [Clear CT: 0.1 ms]
   [Other: 1.3 ms]
      [Choose CSet: 0.0 ms]
      [Ref Proc: 0.1 ms]
      [Ref Enq: 0.0 ms]
      [Redirty Cards: 0.1 ms]
      [Humongous Register: 0.2 ms]
      [Humongous Reclaim: 0.2 ms]
      [Free CSet: 0.3 ms]
   [Eden: 219.0M(219.0M)->0.0B(288.0M) Survivors: 31744.0K->32768.0K Heap: 911.6M(2048.0M)->707.4M(2048.0M)]
 [Times: user=0.06 sys=0.00, real=0.01 secs] 
1.758: [GC pause (G1 Evacuation Pause) (young), 0.0128127 secs]
   [Parallel Time: 11.6 ms, GC Workers: 8]
      [GC Worker Start (ms): Min: 1758.3, Avg: 1758.3, Max: 1758.3, Diff: 0.1]
      [Ext Root Scanning (ms): Min: 0.1, Avg: 0.1, Max: 0.3, Diff: 0.2, Sum: 1.2]
      [Update RS (ms): Min: 0.3, Avg: 0.5, Max: 0.8, Diff: 0.4, Sum: 3.7]
         [Processed Buffers: Min: 0, Avg: 4.8, Max: 6, Diff: 6, Sum: 38]
      [Scan RS (ms): Min: 0.0, Avg: 0.0, Max: 0.0, Diff: 0.0, Sum: 0.2]
      [Code Root Scanning (ms): Min: 0.0, Avg: 0.0, Max: 0.0, Diff: 0.0, Sum: 0.0]
      [Object Copy (ms): Min: 10.5, Avg: 10.8, Max: 10.9, Diff: 0.4, Sum: 86.2]
      [Termination (ms): Min: 0.0, Avg: 0.1, Max: 0.1, Diff: 0.1, Sum: 0.5]
         [Termination Attempts: Min: 1, Avg: 1.8, Max: 3, Diff: 2, Sum: 14]
      [GC Worker Other (ms): Min: 0.0, Avg: 0.0, Max: 0.0, Diff: 0.0, Sum: 0.1]
      [GC Worker Total (ms): Min: 11.4, Avg: 11.5, Max: 11.5, Diff: 0.1, Sum: 91.9]
      [GC Worker End (ms): Min: 1769.8, Avg: 1769.8, Max: 1769.8, Diff: 0.0]
   [Code Root Fixup: 0.0 ms]
   [Code Root Purge: 0.0 ms]
   [Clear CT: 0.1 ms]
   [Other: 1.1 ms]
      [Choose CSet: 0.0 ms]
      [Ref Proc: 0.1 ms]
      [Ref Enq: 0.0 ms]
      [Redirty Cards: 0.1 ms]
      [Humongous Register: 0.2 ms]
      [Humongous Reclaim: 0.3 ms]
      [Free CSet: 0.2 ms]
   [Eden: 288.0M(288.0M)->0.0B(315.0M) Survivors: 32768.0K->40960.0K Heap: 1074.6M(2048.0M)->765.8M(2048.0M)]
 [Times: user=0.13 sys=0.00, real=0.01 secs] 
1.819: [GC pause (G1 Humongous Allocation) (young) (initial-mark), 0.0147366 secs]
   [Parallel Time: 13.5 ms, GC Workers: 8]
      [GC Worker Start (ms): Min: 1819.6, Avg: 1819.7, Max: 1819.7, Diff: 0.0]
      [Ext Root Scanning (ms): Min: 0.1, Avg: 0.1, Max: 0.2, Diff: 0.0, Sum: 1.0]
      [Update RS (ms): Min: 0.6, Avg: 0.6, Max: 0.7, Diff: 0.0, Sum: 5.2]
         [Processed Buffers: Min: 4, Avg: 7.6, Max: 9, Diff: 5, Sum: 61]
      [Scan RS (ms): Min: 0.0, Avg: 0.0, Max: 0.0, Diff: 0.0, Sum: 0.3]
      [Code Root Scanning (ms): Min: 0.0, Avg: 0.0, Max: 0.0, Diff: 0.0, Sum: 0.0]
      [Object Copy (ms): Min: 12.4, Avg: 12.5, Max: 12.6, Diff: 0.2, Sum: 100.0]
      [Termination (ms): Min: 0.0, Avg: 0.1, Max: 0.2, Diff: 0.2, Sum: 0.7]
         [Termination Attempts: Min: 1, Avg: 1.3, Max: 3, Diff: 2, Sum: 10]
      [GC Worker Other (ms): Min: 0.0, Avg: 0.0, Max: 0.0, Diff: 0.0, Sum: 0.1]
      [GC Worker Total (ms): Min: 13.4, Avg: 13.4, Max: 13.4, Diff: 0.1, Sum: 107.3]
      [GC Worker End (ms): Min: 1833.1, Avg: 1833.1, Max: 1833.1, Diff: 0.0]
   [Code Root Fixup: 0.0 ms]
   [Code Root Purge: 0.0 ms]
   [Clear CT: 0.1 ms]
   [Other: 1.1 ms]
      [Choose CSet: 0.0 ms]
      [Ref Proc: 0.1 ms]
      [Ref Enq: 0.0 ms]
      [Redirty Cards: 0.1 ms]
      [Humongous Register: 0.2 ms]
      [Humongous Reclaim: 0.2 ms]
      [Free CSet: 0.2 ms]
   [Eden: 277.0M(315.0M)->0.0B(396.0M) Survivors: 40960.0K->46080.0K Heap: 1125.2M(2048.0M)->840.0M(2048.0M)]
 [Times: user=0.13 sys=0.00, real=0.01 secs] 
1.834: [GC concurrent-root-region-scan-start]
1.835: [GC concurrent-root-region-scan-end, 0.0002324 secs]
1.835: [GC concurrent-mark-start]
1.837: [GC concurrent-mark-end, 0.0020743 secs]
1.837: [GC remark 1.837: [Finalize Marking, 0.0001686 secs] 1.837: [GC ref-proc, 0.0001001 secs] 1.837: [Unloading, 0.0005051 secs], 0.0018066 secs]
 [Times: user=0.05 sys=0.00, real=0.00 secs] 
1.839: [GC cleanup 854M->673M(2048M), 0.0010216 secs]
 [Times: user=0.00 sys=0.00, real=0.00 secs] 
1.840: [GC concurrent-cleanup-start]
1.840: [GC concurrent-cleanup-end, 0.0001445 secs]
1.913: [GC pause (G1 Evacuation Pause) (young), 0.0172728 secs]
   [Parallel Time: 16.0 ms, GC Workers: 8]
      [GC Worker Start (ms): Min: 1913.5, Avg: 1913.6, Max: 1913.6, Diff: 0.1]
      [Ext Root Scanning (ms): Min: 0.1, Avg: 0.1, Max: 0.2, Diff: 0.1, Sum: 1.0]
      [Update RS (ms): Min: 0.5, Avg: 0.5, Max: 0.5, Diff: 0.1, Sum: 4.2]
         [Processed Buffers: Min: 0, Avg: 6.1, Max: 8, Diff: 8, Sum: 49]
      [Scan RS (ms): Min: 0.0, Avg: 0.0, Max: 0.1, Diff: 0.0, Sum: 0.3]
      [Code Root Scanning (ms): Min: 0.0, Avg: 0.0, Max: 0.0, Diff: 0.0, Sum: 0.0]
      [Object Copy (ms): Min: 15.1, Avg: 15.1, Max: 15.1, Diff: 0.1, Sum: 120.8]
      [Termination (ms): Min: 0.0, Avg: 0.1, Max: 0.1, Diff: 0.1, Sum: 0.5]
         [Termination Attempts: Min: 1, Avg: 1.0, Max: 1, Diff: 0, Sum: 8]
      [GC Worker Other (ms): Min: 0.0, Avg: 0.0, Max: 0.0, Diff: 0.0, Sum: 0.1]
      [GC Worker Total (ms): Min: 15.8, Avg: 15.9, Max: 15.9, Diff: 0.1, Sum: 127.0]
      [GC Worker End (ms): Min: 1929.4, Avg: 1929.4, Max: 1929.5, Diff: 0.1]
   [Code Root Fixup: 0.0 ms]
   [Code Root Purge: 0.0 ms]
   [Clear CT: 0.1 ms]
   [Other: 1.1 ms]
      [Choose CSet: 0.0 ms]
      [Ref Proc: 0.1 ms]
      [Ref Enq: 0.0 ms]
      [Redirty Cards: 0.1 ms]
      [Humongous Register: 0.2 ms]
      [Humongous Reclaim: 0.2 ms]
      [Free CSet: 0.3 ms]
   [Eden: 396.0M(396.0M)->0.0B(47104.0K) Survivors: 46080.0K->57344.0K Heap: 1161.3M(2048.0M)->741.9M(2048.0M)]
 [Times: user=0.13 sys=0.00, real=0.02 secs] 
1.939: [GC pause (G1 Evacuation Pause) (mixed), 0.0130286 secs]
   [Parallel Time: 11.7 ms, GC Workers: 8]
      [GC Worker Start (ms): Min: 1939.3, Avg: 1939.4, Max: 1939.7, Diff: 0.4]
      [Ext Root Scanning (ms): Min: 0.0, Avg: 0.1, Max: 0.2, Diff: 0.2, Sum: 0.9]
      [Update RS (ms): Min: 0.4, Avg: 0.6, Max: 0.6, Diff: 0.2, Sum: 4.5]
         [Processed Buffers: Min: 3, Avg: 7.0, Max: 8, Diff: 5, Sum: 56]
      [Scan RS (ms): Min: 0.1, Avg: 0.1, Max: 0.1, Diff: 0.1, Sum: 0.6]
      [Code Root Scanning (ms): Min: 0.0, Avg: 0.0, Max: 0.0, Diff: 0.0, Sum: 0.0]
      [Object Copy (ms): Min: 10.7, Avg: 10.7, Max: 10.8, Diff: 0.1, Sum: 85.9]
      [Termination (ms): Min: 0.0, Avg: 0.1, Max: 0.1, Diff: 0.1, Sum: 0.7]
         [Termination Attempts: Min: 1, Avg: 1.0, Max: 1, Diff: 0, Sum: 8]
      [GC Worker Other (ms): Min: 0.0, Avg: 0.0, Max: 0.0, Diff: 0.0, Sum: 0.1]
      [GC Worker Total (ms): Min: 11.3, Avg: 11.6, Max: 11.7, Diff: 0.3, Sum: 92.6]
      [GC Worker End (ms): Min: 1950.9, Avg: 1950.9, Max: 1951.0, Diff: 0.1]
   [Code Root Fixup: 0.0 ms]
   [Code Root Purge: 0.0 ms]
   [Clear CT: 0.1 ms]
   [Other: 1.2 ms]
      [Choose CSet: 0.1 ms]
      [Ref Proc: 0.2 ms]
      [Ref Enq: 0.0 ms]
      [Redirty Cards: 0.1 ms]
      [Humongous Register: 0.2 ms]
      [Humongous Reclaim: 0.1 ms]
      [Free CSet: 0.3 ms]
   [Eden: 47104.0K(47104.0K)->0.0B(91136.0K) Survivors: 57344.0K->13312.0K Heap: 797.6M(2048.0M)->572.1M(2048.0M)]
 [Times: user=0.11 sys=0.00, real=0.01 secs] 
1.970: [GC pause (G1 Evacuation Pause) (mixed), 0.0065937 secs]
   [Parallel Time: 5.7 ms, GC Workers: 8]
      [GC Worker Start (ms): Min: 1970.0, Avg: 1970.1, Max: 1970.4, Diff: 0.4]
      [Ext Root Scanning (ms): Min: 0.0, Avg: 0.1, Max: 0.2, Diff: 0.2, Sum: 0.9]
      [Update RS (ms): Min: 0.4, Avg: 0.6, Max: 0.7, Diff: 0.3, Sum: 4.8]
         [Processed Buffers: Min: 2, Avg: 7.0, Max: 9, Diff: 7, Sum: 56]
      [Scan RS (ms): Min: 0.0, Avg: 0.0, Max: 0.0, Diff: 0.0, Sum: 0.1]
      [Code Root Scanning (ms): Min: 0.0, Avg: 0.0, Max: 0.0, Diff: 0.0, Sum: 0.0]
      [Object Copy (ms): Min: 4.8, Avg: 4.8, Max: 4.9, Diff: 0.1, Sum: 38.8]
      [Termination (ms): Min: 0.0, Avg: 0.1, Max: 0.1, Diff: 0.1, Sum: 0.5]
         [Termination Attempts: Min: 1, Avg: 1.3, Max: 3, Diff: 2, Sum: 10]
      [GC Worker Other (ms): Min: 0.0, Avg: 0.0, Max: 0.0, Diff: 0.0, Sum: 0.1]
      [GC Worker Total (ms): Min: 5.3, Avg: 5.6, Max: 5.7, Diff: 0.4, Sum: 45.2]
      [GC Worker End (ms): Min: 1975.7, Avg: 1975.7, Max: 1975.7, Diff: 0.0]
   [Code Root Fixup: 0.0 ms]
   [Code Root Purge: 0.0 ms]
   [Clear CT: 0.1 ms]
   [Other: 0.8 ms]
      [Choose CSet: 0.0 ms]
      [Ref Proc: 0.1 ms]
      [Ref Enq: 0.0 ms]
      [Redirty Cards: 0.1 ms]
      [Humongous Register: 0.2 ms]
      [Humongous Reclaim: 0.1 ms]
      [Free CSet: 0.1 ms]
   [Eden: 91136.0K(91136.0K)->0.0B(789.0M) Survivors: 13312.0K->13312.0K Heap: 696.9M(2048.0M)->600.7M(2048.0M)]
 [Times: user=0.00 sys=0.00, real=0.01 secs] 
2.085: [GC pause (G1 Humongous Allocation) (young) (initial-mark), 0.0195426 secs]
   [Parallel Time: 17.6 ms, GC Workers: 8]
      [GC Worker Start (ms): Min: 2085.1, Avg: 2085.1, Max: 2085.2, Diff: 0.1]
      [Ext Root Scanning (ms): Min: 0.1, Avg: 0.1, Max: 0.2, Diff: 0.1, Sum: 0.9]
      [Update RS (ms): Min: 0.8, Avg: 0.8, Max: 0.8, Diff: 0.0, Sum: 6.4]
         [Processed Buffers: Min: 4, Avg: 9.6, Max: 11, Diff: 7, Sum: 77]
      [Scan RS (ms): Min: 0.1, Avg: 0.1, Max: 0.1, Diff: 0.0, Sum: 0.6]
      [Code Root Scanning (ms): Min: 0.0, Avg: 0.0, Max: 0.0, Diff: 0.0, Sum: 0.0]
      [Object Copy (ms): Min: 16.3, Avg: 16.4, Max: 16.5, Diff: 0.1, Sum: 131.2]
      [Termination (ms): Min: 0.0, Avg: 0.1, Max: 0.2, Diff: 0.2, Sum: 0.7]
         [Termination Attempts: Min: 1, Avg: 2.0, Max: 3, Diff: 2, Sum: 16]
      [GC Worker Other (ms): Min: 0.0, Avg: 0.0, Max: 0.0, Diff: 0.0, Sum: 0.1]
      [GC Worker Total (ms): Min: 17.4, Avg: 17.5, Max: 17.5, Diff: 0.1, Sum: 139.9]
      [GC Worker End (ms): Min: 2102.6, Avg: 2102.6, Max: 2102.6, Diff: 0.0]
   [Code Root Fixup: 0.0 ms]
   [Code Root Purge: 0.0 ms]
   [Clear CT: 0.2 ms]
   [Other: 1.7 ms]
      [Choose CSet: 0.0 ms]
      [Ref Proc: 0.1 ms]
      [Ref Enq: 0.0 ms]
      [Redirty Cards: 0.1 ms]
      [Humongous Register: 0.2 ms]
      [Humongous Reclaim: 0.5 ms]
      [Free CSet: 0.5 ms]
   [Eden: 604.0M(789.0M)->0.0B(841.0M) Survivors: 13312.0K->101.0M Heap: 1375.6M(2048.0M)->724.5M(2048.0M)]
 [Times: user=0.13 sys=0.00, real=0.02 secs] 
2.105: [GC concurrent-root-region-scan-start]
2.105: [GC concurrent-root-region-scan-end, 0.0002352 secs]
2.105: [GC concurrent-mark-start]
2.107: [GC concurrent-mark-end, 0.0025759 secs]
2.108: [GC remark 2.108: [Finalize Marking, 0.0002006 secs] 2.108: [GC ref-proc, 0.0000967 secs] 2.108: [Unloading, 0.0005435 secs], 0.0020422 secs]
 [Times: user=0.00 sys=0.00, real=0.00 secs] 
2.110: [GC cleanup 741M->653M(2048M), 0.0014571 secs]
 [Times: user=0.00 sys=0.00, real=0.00 secs] 
2.111: [GC concurrent-cleanup-start]
2.111: [GC concurrent-cleanup-end, 0.0001321 secs]
2.263: [GC pause (G1 Evacuation Pause) (young) (to-space exhausted), 0.0210872 secs]
   [Parallel Time: 18.6 ms, GC Workers: 8]
      [GC Worker Start (ms): Min: 2263.5, Avg: 2263.5, Max: 2263.5, Diff: 0.0]
      [Ext Root Scanning (ms): Min: 0.1, Avg: 0.1, Max: 0.1, Diff: 0.0, Sum: 1.0]
      [Update RS (ms): Min: 0.8, Avg: 0.8, Max: 0.8, Diff: 0.0, Sum: 6.2]
         [Processed Buffers: Min: 4, Avg: 10.0, Max: 11, Diff: 7, Sum: 80]
      [Scan RS (ms): Min: 0.1, Avg: 0.1, Max: 0.1, Diff: 0.1, Sum: 1.0]
      [Code Root Scanning (ms): Min: 0.0, Avg: 0.0, Max: 0.0, Diff: 0.0, Sum: 0.0]
      [Object Copy (ms): Min: 17.5, Avg: 17.5, Max: 17.5, Diff: 0.0, Sum: 140.2]
      [Termination (ms): Min: 0.0, Avg: 0.0, Max: 0.0, Diff: 0.0, Sum: 0.1]
         [Termination Attempts: Min: 1, Avg: 1.4, Max: 2, Diff: 1, Sum: 11]
      [GC Worker Other (ms): Min: 0.0, Avg: 0.0, Max: 0.0, Diff: 0.0, Sum: 0.1]
      [GC Worker Total (ms): Min: 18.6, Avg: 18.6, Max: 18.6, Diff: 0.0, Sum: 148.7]
      [GC Worker End (ms): Min: 2282.1, Avg: 2282.1, Max: 2282.1, Diff: 0.0]
   [Code Root Fixup: 0.0 ms]
   [Code Root Purge: 0.0 ms]
   [Clear CT: 0.2 ms]
   [Other: 2.2 ms]
      [Evacuation Failure: 0.7 ms]
      [Choose CSet: 0.0 ms]
      [Ref Proc: 0.1 ms]
      [Ref Enq: 0.0 ms]
      [Redirty Cards: 0.1 ms]
      [Humongous Register: 0.2 ms]
      [Humongous Reclaim: 0.4 ms]
      [Free CSet: 0.6 ms]
   [Eden: 841.0M(841.0M)->0.0B(6144.0K) Survivors: 101.0M->118.0M Heap: 1700.6M(2048.0M)->972.8M(2048.0M)]
 [Times: user=0.13 sys=0.00, real=0.02 secs] 
2.286: [GC pause (G1 Evacuation Pause) (mixed), 0.0163530 secs]
   [Parallel Time: 15.2 ms, GC Workers: 8]
      [GC Worker Start (ms): Min: 2286.0, Avg: 2286.0, Max: 2286.1, Diff: 0.1]
      [Ext Root Scanning (ms): Min: 0.1, Avg: 0.1, Max: 0.2, Diff: 0.1, Sum: 0.9]
      [Update RS (ms): Min: 0.1, Avg: 0.1, Max: 0.2, Diff: 0.1, Sum: 1.1]
         [Processed Buffers: Min: 1, Avg: 2.0, Max: 3, Diff: 2, Sum: 16]
      [Scan RS (ms): Min: 0.0, Avg: 0.1, Max: 0.1, Diff: 0.1, Sum: 0.4]
      [Code Root Scanning (ms): Min: 0.0, Avg: 0.0, Max: 0.0, Diff: 0.0, Sum: 0.0]
      [Object Copy (ms): Min: 14.8, Avg: 14.8, Max: 14.8, Diff: 0.1, Sum: 118.4]
      [Termination (ms): Min: 0.0, Avg: 0.0, Max: 0.1, Diff: 0.1, Sum: 0.4]
         [Termination Attempts: Min: 1, Avg: 1.3, Max: 2, Diff: 1, Sum: 10]
      [GC Worker Other (ms): Min: 0.0, Avg: 0.0, Max: 0.0, Diff: 0.0, Sum: 0.1]
      [GC Worker Total (ms): Min: 15.1, Avg: 15.2, Max: 15.2, Diff: 0.1, Sum: 121.2]
      [GC Worker End (ms): Min: 2301.2, Avg: 2301.2, Max: 2301.2, Diff: 0.0]
   [Code Root Fixup: 0.0 ms]
   [Code Root Purge: 0.0 ms]
   [Clear CT: 0.1 ms]
   [Other: 1.0 ms]
      [Choose CSet: 0.1 ms]
      [Ref Proc: 0.1 ms]
      [Ref Enq: 0.0 ms]
      [Redirty Cards: 0.1 ms]
      [Humongous Register: 0.1 ms]
      [Humongous Reclaim: 0.0 ms]
      [Free CSet: 0.5 ms]
   [Eden: 6144.0K(6144.0K)->0.0B(790.0M) Survivors: 118.0M->3072.0K Heap: 979.3M(2048.0M)->801.9M(2048.0M)]
 [Times: user=0.13 sys=0.00, real=0.02 secs] 
2.325: [GC pause (G1 Humongous Allocation) (young) (initial-mark), 0.0065330 secs]
   [Parallel Time: 5.5 ms, GC Workers: 8]
      [GC Worker Start (ms): Min: 2325.6, Avg: 2325.6, Max: 2325.8, Diff: 0.2]
      [Ext Root Scanning (ms): Min: 0.0, Avg: 0.2, Max: 0.9, Diff: 0.9, Sum: 1.9]
      [Update RS (ms): Min: 0.0, Avg: 0.7, Max: 0.8, Diff: 0.8, Sum: 5.3]
         [Processed Buffers: Min: 0, Avg: 8.5, Max: 11, Diff: 11, Sum: 68]
      [Scan RS (ms): Min: 0.0, Avg: 0.0, Max: 0.0, Diff: 0.0, Sum: 0.1]
      [Code Root Scanning (ms): Min: 0.0, Avg: 0.0, Max: 0.0, Diff: 0.0, Sum: 0.0]
      [Object Copy (ms): Min: 4.3, Avg: 4.4, Max: 4.5, Diff: 0.1, Sum: 35.2]
      [Termination (ms): Min: 0.0, Avg: 0.0, Max: 0.1, Diff: 0.1, Sum: 0.3]
         [Termination Attempts: Min: 1, Avg: 1.8, Max: 3, Diff: 2, Sum: 14]
      [GC Worker Other (ms): Min: 0.0, Avg: 0.0, Max: 0.0, Diff: 0.0, Sum: 0.1]
      [GC Worker Total (ms): Min: 5.2, Avg: 5.4, Max: 5.4, Diff: 0.2, Sum: 42.9]
      [GC Worker End (ms): Min: 2331.0, Avg: 2331.0, Max: 2331.0, Diff: 0.0]
   [Code Root Fixup: 0.0 ms]
   [Code Root Purge: 0.0 ms]
   [Clear CT: 0.1 ms]
   [Other: 0.9 ms]
      [Choose CSet: 0.0 ms]
      [Ref Proc: 0.1 ms]
      [Ref Enq: 0.0 ms]
      [Redirty Cards: 0.2 ms]
      [Humongous Register: 0.2 ms]
      [Humongous Reclaim: 0.1 ms]
      [Free CSet: 0.1 ms]
   [Eden: 127.0M(790.0M)->0.0B(702.0M) Survivors: 3072.0K->40960.0K Heap: 965.9M(2048.0M)->834.5M(2048.0M)]
 [Times: user=0.00 sys=0.00, real=0.01 secs] 
2.332: [GC concurrent-root-region-scan-start]
2.332: [GC concurrent-root-region-scan-end, 0.0001622 secs]
2.332: [GC concurrent-mark-start]
2.335: [GC concurrent-mark-end, 0.0022193 secs]
2.335: [GC remark 2.335: [Finalize Marking, 0.0002304 secs] 2.335: [GC ref-proc, 0.0000924 secs] 2.335: [Unloading, 0.0005293 secs], 0.0018073 secs]
 [Times: user=0.00 sys=0.00, real=0.00 secs] 
2.337: [GC cleanup 850M->738M(2048M), 0.0010091 secs]
 [Times: user=0.00 sys=0.00, real=0.00 secs] 
2.338: [GC concurrent-cleanup-start]
2.338: [GC concurrent-cleanup-end, 0.0001032 secs]
2.474: [GC pause (G1 Evacuation Pause) (young), 0.0236566 secs]
   [Parallel Time: 21.9 ms, GC Workers: 8]
      [GC Worker Start (ms): Min: 2474.2, Avg: 2475.4, Max: 2483.5, Diff: 9.3]
      [Ext Root Scanning (ms): Min: 0.0, Avg: 0.1, Max: 0.2, Diff: 0.1, Sum: 0.9]
      [Update RS (ms): Min: 0.0, Avg: 2.2, Max: 9.8, Diff: 9.8, Sum: 17.5]
         [Processed Buffers: Min: 0, Avg: 12.3, Max: 18, Diff: 18, Sum: 98]
      [Scan RS (ms): Min: 0.1, Avg: 0.1, Max: 0.3, Diff: 0.2, Sum: 1.0]
      [Code Root Scanning (ms): Min: 0.0, Avg: 0.0, Max: 0.0, Diff: 0.0, Sum: 0.0]
      [Object Copy (ms): Min: 11.7, Avg: 18.1, Max: 20.3, Diff: 8.6, Sum: 144.9]
      [Termination (ms): Min: 0.0, Avg: 0.1, Max: 0.2, Diff: 0.2, Sum: 0.7]
         [Termination Attempts: Min: 1, Avg: 2.0, Max: 4, Diff: 3, Sum: 16]
      [GC Worker Other (ms): Min: 0.0, Avg: 0.0, Max: 0.0, Diff: 0.0, Sum: 0.2]
      [GC Worker Total (ms): Min: 12.5, Avg: 20.7, Max: 21.8, Diff: 9.3, Sum: 165.2]
      [GC Worker End (ms): Min: 2496.0, Avg: 2496.0, Max: 2496.0, Diff: 0.0]
   [Code Root Fixup: 0.0 ms]
   [Code Root Purge: 0.0 ms]
   [Clear CT: 0.2 ms]
   [Other: 1.6 ms]
      [Choose CSet: 0.0 ms]
      [Ref Proc: 0.1 ms]
      [Ref Enq: 0.0 ms]
      [Redirty Cards: 0.1 ms]
      [Humongous Register: 0.2 ms]
      [Humongous Reclaim: 0.4 ms]
      [Free CSet: 0.6 ms]
   [Eden: 702.0M(702.0M)->0.0B(9216.0K) Survivors: 40960.0K->95232.0K Heap: 1599.0M(2048.0M)->875.5M(2048.0M)]
 [Times: user=0.20 sys=0.00, real=0.02 secs] 
2.500: [GC pause (G1 Evacuation Pause) (mixed), 0.0134726 secs]
   [Parallel Time: 12.2 ms, GC Workers: 8]
      [GC Worker Start (ms): Min: 2500.7, Avg: 2500.7, Max: 2500.7, Diff: 0.0]
      [Ext Root Scanning (ms): Min: 0.1, Avg: 0.1, Max: 0.1, Diff: 0.0, Sum: 1.0]
      [Update RS (ms): Min: 0.2, Avg: 0.2, Max: 0.3, Diff: 0.1, Sum: 2.0]
         [Processed Buffers: Min: 2, Avg: 3.4, Max: 4, Diff: 2, Sum: 27]
      [Scan RS (ms): Min: 0.0, Avg: 0.0, Max: 0.1, Diff: 0.1, Sum: 0.4]
      [Code Root Scanning (ms): Min: 0.0, Avg: 0.0, Max: 0.0, Diff: 0.0, Sum: 0.0]
      [Object Copy (ms): Min: 11.7, Avg: 11.7, Max: 11.7, Diff: 0.1, Sum: 93.4]
      [Termination (ms): Min: 0.0, Avg: 0.1, Max: 0.1, Diff: 0.1, Sum: 0.5]
         [Termination Attempts: Min: 1, Avg: 1.6, Max: 3, Diff: 2, Sum: 13]
      [GC Worker Other (ms): Min: 0.0, Avg: 0.0, Max: 0.0, Diff: 0.0, Sum: 0.1]
      [GC Worker Total (ms): Min: 12.1, Avg: 12.2, Max: 12.2, Diff: 0.0, Sum: 97.4]
      [GC Worker End (ms): Min: 2512.9, Avg: 2512.9, Max: 2512.9, Diff: 0.0]
   [Code Root Fixup: 0.0 ms]
   [Code Root Purge: 0.0 ms]
   [Clear CT: 0.1 ms]
   [Other: 1.1 ms]
      [Choose CSet: 0.1 ms]
      [Ref Proc: 0.1 ms]
      [Ref Enq: 0.0 ms]
      [Redirty Cards: 0.1 ms]
      [Humongous Register: 0.2 ms]
      [Humongous Reclaim: 0.1 ms]
      [Free CSet: 0.4 ms]
   [Eden: 9216.0K(9216.0K)->0.0B(100352.0K) Survivors: 95232.0K->4096.0K Heap: 886.7M(2048.0M)->681.4M(2048.0M)]
 [Times: user=0.13 sys=0.00, real=0.01 secs] 
2.533: [GC pause (G1 Evacuation Pause) (mixed), 0.0070253 secs]
   [Parallel Time: 6.1 ms, GC Workers: 8]
      [GC Worker Start (ms): Min: 2532.9, Avg: 2533.1, Max: 2534.0, Diff: 1.1]
      [Ext Root Scanning (ms): Min: 0.0, Avg: 0.1, Max: 0.1, Diff: 0.1, Sum: 0.9]
      [Update RS (ms): Min: 0.1, Avg: 0.9, Max: 1.2, Diff: 1.1, Sum: 7.5]
         [Processed Buffers: Min: 2, Avg: 11.3, Max: 14, Diff: 12, Sum: 90]
      [Scan RS (ms): Min: 0.0, Avg: 0.0, Max: 0.1, Diff: 0.1, Sum: 0.4]
      [Code Root Scanning (ms): Min: 0.0, Avg: 0.0, Max: 0.0, Diff: 0.0, Sum: 0.0]
      [Object Copy (ms): Min: 4.7, Avg: 4.8, Max: 4.9, Diff: 0.1, Sum: 38.4]
      [Termination (ms): Min: 0.0, Avg: 0.0, Max: 0.1, Diff: 0.1, Sum: 0.3]
         [Termination Attempts: Min: 1, Avg: 1.0, Max: 1, Diff: 0, Sum: 8]
      [GC Worker Other (ms): Min: 0.0, Avg: 0.0, Max: 0.0, Diff: 0.0, Sum: 0.1]
      [GC Worker Total (ms): Min: 5.0, Avg: 5.9, Max: 6.1, Diff: 1.1, Sum: 47.6]
      [GC Worker End (ms): Min: 2539.0, Avg: 2539.0, Max: 2539.0, Diff: 0.0]
   [Code Root Fixup: 0.0 ms]
   [Code Root Purge: 0.0 ms]
   [Clear CT: 0.1 ms]
   [Other: 0.8 ms]
      [Choose CSet: 0.0 ms]
      [Ref Proc: 0.1 ms]
      [Ref Enq: 0.0 ms]
      [Redirty Cards: 0.1 ms]
      [Humongous Register: 0.2 ms]
      [Humongous Reclaim: 0.1 ms]
      [Free CSet: 0.1 ms]
   [Eden: 100352.0K(100352.0K)->0.0B(876.0M) Survivors: 4096.0K->13312.0K Heap: 803.3M(2048.0M)->632.2M(2048.0M)]
 [Times: user=0.00 sys=0.00, real=0.01 secs] 
2.667: [GC pause (G1 Humongous Allocation) (young) (initial-mark), 0.0204753 secs]
   [Parallel Time: 18.6 ms, GC Workers: 8]
      [GC Worker Start (ms): Min: 2667.0, Avg: 2667.0, Max: 2667.0, Diff: 0.1]
      [Ext Root Scanning (ms): Min: 0.1, Avg: 0.1, Max: 0.2, Diff: 0.1, Sum: 1.0]
      [Update RS (ms): Min: 1.1, Avg: 1.2, Max: 1.2, Diff: 0.1, Sum: 9.4]
         [Processed Buffers: Min: 8, Avg: 13.6, Max: 17, Diff: 9, Sum: 109]
      [Scan RS (ms): Min: 0.0, Avg: 0.1, Max: 0.1, Diff: 0.0, Sum: 0.6]
      [Code Root Scanning (ms): Min: 0.0, Avg: 0.0, Max: 0.0, Diff: 0.0, Sum: 0.0]
      [Object Copy (ms): Min: 17.0, Avg: 17.0, Max: 17.1, Diff: 0.1, Sum: 135.9]
      [Termination (ms): Min: 0.0, Avg: 0.1, Max: 0.1, Diff: 0.1, Sum: 0.6]
         [Termination Attempts: Min: 1, Avg: 1.1, Max: 2, Diff: 1, Sum: 9]
      [GC Worker Other (ms): Min: 0.0, Avg: 0.0, Max: 0.0, Diff: 0.0, Sum: 0.2]
      [GC Worker Total (ms): Min: 18.4, Avg: 18.5, Max: 18.5, Diff: 0.1, Sum: 147.7]
      [GC Worker End (ms): Min: 2685.5, Avg: 2685.5, Max: 2685.5, Diff: 0.0]
   [Code Root Fixup: 0.0 ms]
   [Code Root Purge: 0.0 ms]
   [Clear CT: 0.3 ms]
   [Other: 1.6 ms]
      [Choose CSet: 0.0 ms]
      [Ref Proc: 0.1 ms]
      [Ref Enq: 0.0 ms]
      [Redirty Cards: 0.1 ms]
      [Humongous Register: 0.2 ms]
      [Humongous Reclaim: 0.4 ms]
      [Free CSet: 0.5 ms]
   [Eden: 597.0M(876.0M)->0.0B(781.0M) Survivors: 13312.0K->112.0M Heap: 1382.6M(2048.0M)->769.4M(2048.0M)]
 [Times: user=0.13 sys=0.00, real=0.02 secs] 
2.688: [GC concurrent-root-region-scan-start]
2.688: [GC concurrent-root-region-scan-end, 0.0002076 secs]
2.688: [GC concurrent-mark-start]
2.690: [GC concurrent-mark-end, 0.0018864 secs]
2.690: [GC remark 2.690: [Finalize Marking, 0.0001767 secs] 2.690: [GC ref-proc, 0.0000985 secs] 2.690: [Unloading, 0.0005077 secs], 0.0016965 secs]
 [Times: user=0.00 sys=0.00, real=0.00 secs] 
2.692: [GC cleanup 788M->655M(2048M), 0.0012185 secs]
 [Times: user=0.00 sys=0.00, real=0.00 secs] 
2.693: [GC concurrent-cleanup-start]
2.693: [GC concurrent-cleanup-end, 0.0001125 secs]
2.846: [GC pause (G1 Evacuation Pause) (young), 0.0279602 secs]
   [Parallel Time: 26.1 ms, GC Workers: 8]
      [GC Worker Start (ms): Min: 2846.0, Avg: 2846.0, Max: 2846.1, Diff: 0.1]
      [Ext Root Scanning (ms): Min: 0.1, Avg: 0.1, Max: 0.2, Diff: 0.1, Sum: 1.0]
      [Update RS (ms): Min: 1.2, Avg: 1.2, Max: 1.2, Diff: 0.0, Sum: 9.5]
         [Processed Buffers: Min: 9, Avg: 14.9, Max: 17, Diff: 8, Sum: 119]
      [Scan RS (ms): Min: 0.1, Avg: 0.1, Max: 0.1, Diff: 0.0, Sum: 1.0]
      [Code Root Scanning (ms): Min: 0.0, Avg: 0.0, Max: 0.0, Diff: 0.0, Sum: 0.0]
      [Object Copy (ms): Min: 24.3, Avg: 24.3, Max: 24.4, Diff: 0.1, Sum: 194.7]
      [Termination (ms): Min: 0.0, Avg: 0.1, Max: 0.2, Diff: 0.2, Sum: 0.7]
         [Termination Attempts: Min: 1, Avg: 1.9, Max: 3, Diff: 2, Sum: 15]
      [GC Worker Other (ms): Min: 0.0, Avg: 0.0, Max: 0.0, Diff: 0.0, Sum: 0.1]
      [GC Worker Total (ms): Min: 25.8, Avg: 25.9, Max: 26.0, Diff: 0.1, Sum: 207.1]
      [GC Worker End (ms): Min: 2871.9, Avg: 2871.9, Max: 2872.0, Diff: 0.1]
   [Code Root Fixup: 0.0 ms]
   [Code Root Purge: 0.0 ms]
   [Clear CT: 0.2 ms]
   [Other: 1.6 ms]
      [Choose CSet: 0.0 ms]
      [Ref Proc: 0.1 ms]
      [Ref Enq: 0.0 ms]
      [Redirty Cards: 0.1 ms]
      [Humongous Register: 0.2 ms]
      [Humongous Reclaim: 0.5 ms]
      [Free CSet: 0.6 ms]
   [Eden: 781.0M(781.0M)->0.0B(6144.0K) Survivors: 112.0M->112.0M Heap: 1625.4M(2048.0M)->753.0M(2048.0M)]
 [Times: user=0.23 sys=0.00, real=0.03 secs] 
2.876: [GC pause (G1 Evacuation Pause) (mixed), 0.0166170 secs]
   [Parallel Time: 15.0 ms, GC Workers: 8]
      [GC Worker Start (ms): Min: 2876.4, Avg: 2876.4, Max: 2876.6, Diff: 0.3]
      [Ext Root Scanning (ms): Min: 0.0, Avg: 0.2, Max: 0.2, Diff: 0.2, Sum: 1.3]
      [Update RS (ms): Min: 0.3, Avg: 0.4, Max: 0.6, Diff: 0.3, Sum: 3.1]
         [Processed Buffers: Min: 0, Avg: 3.3, Max: 5, Diff: 5, Sum: 26]
      [Scan RS (ms): Min: 0.0, Avg: 0.1, Max: 0.1, Diff: 0.1, Sum: 0.8]
      [Code Root Scanning (ms): Min: 0.0, Avg: 0.0, Max: 0.0, Diff: 0.0, Sum: 0.0]
      [Object Copy (ms): Min: 14.1, Avg: 14.2, Max: 14.2, Diff: 0.2, Sum: 113.4]
      [Termination (ms): Min: 0.0, Avg: 0.0, Max: 0.1, Diff: 0.1, Sum: 0.3]
         [Termination Attempts: Min: 1, Avg: 1.0, Max: 1, Diff: 0, Sum: 8]
      [GC Worker Other (ms): Min: 0.0, Avg: 0.0, Max: 0.0, Diff: 0.0, Sum: 0.1]
      [GC Worker Total (ms): Min: 14.7, Avg: 14.9, Max: 15.0, Diff: 0.3, Sum: 119.1]
      [GC Worker End (ms): Min: 2891.3, Avg: 2891.3, Max: 2891.3, Diff: 0.0]
   [Code Root Fixup: 0.0 ms]
   [Code Root Purge: 0.0 ms]
   [Clear CT: 0.1 ms]
   [Other: 1.5 ms]
      [Choose CSet: 0.1 ms]
      [Ref Proc: 0.1 ms]
      [Ref Enq: 0.0 ms]
      [Redirty Cards: 0.1 ms]
      [Humongous Register: 0.4 ms]
      [Humongous Reclaim: 0.1 ms]
      [Free CSet: 0.4 ms]
   [Eden: 6144.0K(6144.0K)->0.0B(940.0M) Survivors: 112.0M->2048.0K Heap: 761.1M(2048.0M)->586.2M(2048.0M)]
 [Times: user=0.13 sys=0.00, real=0.02 secs] 
3.005: [GC pause (G1 Humongous Allocation) (young) (initial-mark), 0.0181799 secs]
   [Parallel Time: 16.7 ms, GC Workers: 8]
      [GC Worker Start (ms): Min: 3005.6, Avg: 3005.7, Max: 3005.8, Diff: 0.1]
      [Ext Root Scanning (ms): Min: 0.1, Avg: 0.1, Max: 0.2, Diff: 0.1, Sum: 0.9]
      [Update RS (ms): Min: 1.1, Avg: 1.1, Max: 1.1, Diff: 0.0, Sum: 8.5]
         [Processed Buffers: Min: 7, Avg: 13.1, Max: 14, Diff: 7, Sum: 105]
      [Scan RS (ms): Min: 0.1, Avg: 0.1, Max: 0.1, Diff: 0.0, Sum: 0.6]
      [Code Root Scanning (ms): Min: 0.0, Avg: 0.0, Max: 0.0, Diff: 0.0, Sum: 0.0]
      [Object Copy (ms): Min: 15.2, Avg: 15.2, Max: 15.3, Diff: 0.1, Sum: 122.0]
      [Termination (ms): Min: 0.0, Avg: 0.1, Max: 0.1, Diff: 0.1, Sum: 0.5]
         [Termination Attempts: Min: 1, Avg: 1.0, Max: 1, Diff: 0, Sum: 8]
      [GC Worker Other (ms): Min: 0.0, Avg: 0.0, Max: 0.0, Diff: 0.0, Sum: 0.2]
      [GC Worker Total (ms): Min: 16.5, Avg: 16.6, Max: 16.7, Diff: 0.1, Sum: 132.6]
      [GC Worker End (ms): Min: 3022.3, Avg: 3022.3, Max: 3022.3, Diff: 0.0]
   [Code Root Fixup: 0.0 ms]
   [Code Root Purge: 0.0 ms]
   [Clear CT: 0.2 ms]
   [Other: 1.3 ms]
      [Choose CSet: 0.0 ms]
      [Ref Proc: 0.1 ms]
      [Ref Enq: 0.0 ms]
      [Redirty Cards: 0.1 ms]
      [Humongous Register: 0.2 ms]
      [Humongous Reclaim: 0.3 ms]
      [Free CSet: 0.3 ms]
   [Eden: 605.0M(940.0M)->0.0B(834.0M) Survivors: 2048.0K->118.0M Heap: 1361.0M(2048.0M)->716.8M(2048.0M)]
 [Times: user=0.13 sys=0.00, real=0.02 secs] 
3.024: [GC concurrent-root-region-scan-start]
3.024: [GC concurrent-root-region-scan-end, 0.0002778 secs]
3.024: [GC concurrent-mark-start]
3.027: [GC concurrent-mark-end, 0.0024107 secs]
3.027: [GC remark 3.027: [Finalize Marking, 0.0002272 secs] 3.027: [GC ref-proc, 0.0001088 secs] 3.027: [Unloading, 0.0004540 secs], 0.0017520 secs]
 [Times: user=0.00 sys=0.00, real=0.00 secs] 
3.029: [GC cleanup 734M->619M(2048M), 0.0009519 secs]
 [Times: user=0.00 sys=0.00, real=0.00 secs] 
3.030: [GC concurrent-cleanup-start]
3.030: [GC concurrent-cleanup-end, 0.0001224 secs]
执行结束!共生成对象次数:51648
Heap
 garbage-first heap   total 2097152K, used 1255364K [0x0000000080000000, 0x0000000080104000, 0x0000000100000000)
  region size 1024K, 613 young (627712K), 118 survivors (120832K)
 Metaspace       used 3137K, capacity 4486K, committed 4864K, reserved 1056768K
  class space    used 298K, capacity 386K, committed 512K, reserved 1048576K

java -Xmx4g -Xms4g -XX:+UseG1GC -XX:+PrintGCDetails -XX:+PrintGCTimeStamps GCLogAnalysis
正在执行...
0.294: [GC pause (G1 Evacuation Pause) (young), 0.0111542 secs]
   [Parallel Time: 10.4 ms, GC Workers: 8]
      [GC Worker Start (ms): Min: 294.3, Avg: 295.1, Max: 298.8, Diff: 4.5]
      [Ext Root Scanning (ms): Min: 0.0, Avg: 0.2, Max: 0.3, Diff: 0.3, Sum: 1.2]
      [Update RS (ms): Min: 0.0, Avg: 0.0, Max: 0.0, Diff: 0.0, Sum: 0.0]
         [Processed Buffers: Min: 0, Avg: 0.0, Max: 0, Diff: 0, Sum: 0]
      [Scan RS (ms): Min: 0.0, Avg: 0.0, Max: 0.0, Diff: 0.0, Sum: 0.1]
      [Code Root Scanning (ms): Min: 0.0, Avg: 0.0, Max: 0.0, Diff: 0.0, Sum: 0.0]
      [Object Copy (ms): Min: 5.6, Avg: 9.1, Max: 10.0, Diff: 4.5, Sum: 72.7]
      [Termination (ms): Min: 0.0, Avg: 0.3, Max: 0.4, Diff: 0.4, Sum: 2.1]
         [Termination Attempts: Min: 1, Avg: 1.0, Max: 1, Diff: 0, Sum: 8]
      [GC Worker Other (ms): Min: 0.0, Avg: 0.0, Max: 0.0, Diff: 0.0, Sum: 0.3]
      [GC Worker Total (ms): Min: 5.8, Avg: 9.6, Max: 10.3, Diff: 4.5, Sum: 76.5]
      [GC Worker End (ms): Min: 304.6, Avg: 304.6, Max: 304.7, Diff: 0.1]
   [Code Root Fixup: 0.0 ms]
   [Code Root Purge: 0.0 ms]
   [Clear CT: 0.1 ms]
   [Other: 0.7 ms]
      [Choose CSet: 0.0 ms]
      [Ref Proc: 0.1 ms]
      [Ref Enq: 0.0 ms]
      [Redirty Cards: 0.1 ms]
      [Humongous Register: 0.0 ms]
      [Humongous Reclaim: 0.0 ms]
      [Free CSet: 0.1 ms]
   [Eden: 204.0M(204.0M)->0.0B(178.0M) Survivors: 0.0B->26624.0K Heap: 204.0M(4096.0M)->66138.5K(4096.0M)]
 [Times: user=0.00 sys=0.11, real=0.01 secs] 
0.343: [GC pause (G1 Evacuation Pause) (young), 0.0115146 secs]
   [Parallel Time: 10.8 ms, GC Workers: 8]
      [GC Worker Start (ms): Min: 342.8, Avg: 345.5, Max: 353.5, Diff: 10.8]
      [Ext Root Scanning (ms): Min: 0.0, Avg: 0.1, Max: 0.2, Diff: 0.2, Sum: 1.0]
      [Update RS (ms): Min: 0.0, Avg: 0.0, Max: 0.0, Diff: 0.0, Sum: 0.0]
         [Processed Buffers: Min: 0, Avg: 1.0, Max: 3, Diff: 3, Sum: 8]
      [Scan RS (ms): Min: 0.0, Avg: 0.0, Max: 0.0, Diff: 0.0, Sum: 0.1]
      [Code Root Scanning (ms): Min: 0.0, Avg: 0.0, Max: 0.0, Diff: 0.0, Sum: 0.0]
      [Object Copy (ms): Min: 0.0, Avg: 7.9, Max: 10.6, Diff: 10.6, Sum: 63.1]
      [Termination (ms): Min: 0.0, Avg: 0.1, Max: 0.1, Diff: 0.1, Sum: 0.5]
         [Termination Attempts: Min: 1, Avg: 1.0, Max: 1, Diff: 0, Sum: 8]
      [GC Worker Other (ms): Min: 0.0, Avg: 0.0, Max: 0.0, Diff: 0.0, Sum: 0.1]
      [GC Worker Total (ms): Min: 0.0, Avg: 8.1, Max: 10.8, Diff: 10.8, Sum: 64.7]
      [GC Worker End (ms): Min: 353.5, Avg: 353.5, Max: 353.6, Diff: 0.0]
   [Code Root Fixup: 0.0 ms]
   [Code Root Purge: 0.0 ms]
   [Clear CT: 0.1 ms]
   [Other: 0.6 ms]
      [Choose CSet: 0.0 ms]
      [Ref Proc: 0.1 ms]
      [Ref Enq: 0.0 ms]
      [Redirty Cards: 0.1 ms]
      [Humongous Register: 0.0 ms]
      [Humongous Reclaim: 0.0 ms]
      [Free CSet: 0.1 ms]
   [Eden: 178.0M(178.0M)->0.0B(178.0M) Survivors: 26624.0K->26624.0K Heap: 242.6M(4096.0M)->115.9M(4096.0M)]
 [Times: user=0.02 sys=0.08, real=0.01 secs] 
0.387: [GC pause (G1 Evacuation Pause) (young), 0.0107894 secs]
   [Parallel Time: 10.1 ms, GC Workers: 8]
      [GC Worker Start (ms): Min: 386.8, Avg: 386.9, Max: 387.0, Diff: 0.2]
      [Ext Root Scanning (ms): Min: 0.0, Avg: 0.1, Max: 0.2, Diff: 0.2, Sum: 1.0]
      [Update RS (ms): Min: 0.0, Avg: 0.1, Max: 0.8, Diff: 0.8, Sum: 1.1]
         [Processed Buffers: Min: 1, Avg: 1.0, Max: 1, Diff: 0, Sum: 8]
      [Scan RS (ms): Min: 0.0, Avg: 0.0, Max: 0.0, Diff: 0.0, Sum: 0.1]
      [Code Root Scanning (ms): Min: 0.0, Avg: 0.0, Max: 0.0, Diff: 0.0, Sum: 0.0]
      [Object Copy (ms): Min: 9.1, Avg: 9.5, Max: 9.8, Diff: 0.7, Sum: 76.3]
      [Termination (ms): Min: 0.0, Avg: 0.2, Max: 0.4, Diff: 0.4, Sum: 1.6]
         [Termination Attempts: Min: 1, Avg: 1.0, Max: 1, Diff: 0, Sum: 8]
      [GC Worker Other (ms): Min: 0.0, Avg: 0.0, Max: 0.0, Diff: 0.0, Sum: 0.1]
      [GC Worker Total (ms): Min: 9.9, Avg: 10.0, Max: 10.1, Diff: 0.2, Sum: 80.2]
      [GC Worker End (ms): Min: 396.9, Avg: 396.9, Max: 396.9, Diff: 0.0]
   [Code Root Fixup: 0.0 ms]
   [Code Root Purge: 0.0 ms]
   [Clear CT: 0.1 ms]
   [Other: 0.6 ms]
      [Choose CSet: 0.0 ms]
      [Ref Proc: 0.1 ms]
      [Ref Enq: 0.0 ms]
      [Redirty Cards: 0.1 ms]
      [Humongous Register: 0.0 ms]
      [Humongous Reclaim: 0.0 ms]
      [Free CSet: 0.1 ms]
   [Eden: 178.0M(178.0M)->0.0B(178.0M) Survivors: 26624.0K->26624.0K Heap: 293.9M(4096.0M)->172.2M(4096.0M)]
 [Times: user=0.06 sys=0.06, real=0.01 secs] 
0.429: [GC pause (G1 Evacuation Pause) (young), 0.0110177 secs]
   [Parallel Time: 10.4 ms, GC Workers: 8]
      [GC Worker Start (ms): Min: 428.9, Avg: 429.0, Max: 429.0, Diff: 0.1]
      [Ext Root Scanning (ms): Min: 0.1, Avg: 0.1, Max: 0.2, Diff: 0.1, Sum: 1.1]
      [Update RS (ms): Min: 0.0, Avg: 0.7, Max: 5.3, Diff: 5.3, Sum: 5.7]
         [Processed Buffers: Min: 1, Avg: 1.3, Max: 2, Diff: 1, Sum: 10]
      [Scan RS (ms): Min: 0.0, Avg: 0.0, Max: 0.0, Diff: 0.0, Sum: 0.1]
      [Code Root Scanning (ms): Min: 0.0, Avg: 0.0, Max: 0.0, Diff: 0.0, Sum: 0.0]
      [Object Copy (ms): Min: 4.7, Avg: 9.3, Max: 10.1, Diff: 5.3, Sum: 74.7]
      [Termination (ms): Min: 0.0, Avg: 0.1, Max: 0.2, Diff: 0.2, Sum: 0.6]
         [Termination Attempts: Min: 1, Avg: 1.0, Max: 1, Diff: 0, Sum: 8]
      [GC Worker Other (ms): Min: 0.0, Avg: 0.0, Max: 0.0, Diff: 0.0, Sum: 0.1]
      [GC Worker Total (ms): Min: 10.3, Avg: 10.3, Max: 10.3, Diff: 0.1, Sum: 82.2]
      [GC Worker End (ms): Min: 439.2, Avg: 439.2, Max: 439.2, Diff: 0.0]
   [Code Root Fixup: 0.0 ms]
   [Code Root Purge: 0.0 ms]
   [Clear CT: 0.1 ms]
   [Other: 0.5 ms]
      [Choose CSet: 0.0 ms]
      [Ref Proc: 0.1 ms]
      [Ref Enq: 0.0 ms]
      [Redirty Cards: 0.1 ms]
      [Humongous Register: 0.0 ms]
      [Humongous Reclaim: 0.0 ms]
      [Free CSet: 0.1 ms]
   [Eden: 178.0M(178.0M)->0.0B(178.0M) Survivors: 26624.0K->26624.0K Heap: 350.2M(4096.0M)->223.9M(4096.0M)]
 [Times: user=0.00 sys=0.02, real=0.01 secs] 
0.477: [GC pause (G1 Evacuation Pause) (young), 0.0115663 secs]
   [Parallel Time: 10.7 ms, GC Workers: 8]
      [GC Worker Start (ms): Min: 477.1, Avg: 477.1, Max: 477.3, Diff: 0.2]
      [Ext Root Scanning (ms): Min: 0.0, Avg: 0.1, Max: 0.2, Diff: 0.2, Sum: 0.9]
      [Update RS (ms): Min: 0.0, Avg: 0.0, Max: 0.1, Diff: 0.1, Sum: 0.3]
         [Processed Buffers: Min: 0, Avg: 1.3, Max: 3, Diff: 3, Sum: 10]
      [Scan RS (ms): Min: 0.0, Avg: 0.0, Max: 0.0, Diff: 0.0, Sum: 0.1]
      [Code Root Scanning (ms): Min: 0.0, Avg: 0.0, Max: 0.0, Diff: 0.0, Sum: 0.0]
      [Object Copy (ms): Min: 10.1, Avg: 10.2, Max: 10.3, Diff: 0.2, Sum: 81.4]
      [Termination (ms): Min: 0.0, Avg: 0.2, Max: 0.3, Diff: 0.3, Sum: 1.6]
         [Termination Attempts: Min: 1, Avg: 1.0, Max: 1, Diff: 0, Sum: 8]
      [GC Worker Other (ms): Min: 0.0, Avg: 0.0, Max: 0.0, Diff: 0.0, Sum: 0.1]
      [GC Worker Total (ms): Min: 10.4, Avg: 10.5, Max: 10.7, Diff: 0.3, Sum: 84.4]
      [GC Worker End (ms): Min: 487.6, Avg: 487.7, Max: 487.8, Diff: 0.2]
   [Code Root Fixup: 0.0 ms]
   [Code Root Purge: 0.0 ms]
   [Clear CT: 0.1 ms]
   [Other: 0.7 ms]
      [Choose CSet: 0.0 ms]
      [Ref Proc: 0.2 ms]
      [Ref Enq: 0.0 ms]
      [Redirty Cards: 0.1 ms]
      [Humongous Register: 0.1 ms]
      [Humongous Reclaim: 0.0 ms]
      [Free CSet: 0.1 ms]
   [Eden: 178.0M(178.0M)->0.0B(178.0M) Survivors: 26624.0K->26624.0K Heap: 401.9M(4096.0M)->272.3M(4096.0M)]
 [Times: user=0.05 sys=0.05, real=0.01 secs] 
0.518: [GC pause (G1 Evacuation Pause) (young), 0.0121808 secs]
   [Parallel Time: 11.4 ms, GC Workers: 8]
      [GC Worker Start (ms): Min: 518.2, Avg: 518.3, Max: 518.5, Diff: 0.3]
      [Ext Root Scanning (ms): Min: 0.0, Avg: 0.1, Max: 0.2, Diff: 0.2, Sum: 1.0]
      [Update RS (ms): Min: 0.0, Avg: 0.1, Max: 0.6, Diff: 0.6, Sum: 0.9]
         [Processed Buffers: Min: 0, Avg: 1.1, Max: 2, Diff: 2, Sum: 9]
      [Scan RS (ms): Min: 0.0, Avg: 0.0, Max: 0.0, Diff: 0.0, Sum: 0.1]
      [Code Root Scanning (ms): Min: 0.0, Avg: 0.0, Max: 0.0, Diff: 0.0, Sum: 0.0]
      [Object Copy (ms): Min: 10.5, Avg: 10.7, Max: 10.8, Diff: 0.3, Sum: 85.5]
      [Termination (ms): Min: 0.0, Avg: 0.3, Max: 0.4, Diff: 0.4, Sum: 2.5]
         [Termination Attempts: Min: 1, Avg: 1.0, Max: 1, Diff: 0, Sum: 8]
      [GC Worker Other (ms): Min: 0.0, Avg: 0.0, Max: 0.0, Diff: 0.0, Sum: 0.1]
      [GC Worker Total (ms): Min: 11.0, Avg: 11.3, Max: 11.4, Diff: 0.4, Sum: 90.2]
      [GC Worker End (ms): Min: 529.5, Avg: 529.6, Max: 529.6, Diff: 0.1]
   [Code Root Fixup: 0.0 ms]
   [Code Root Purge: 0.0 ms]
   [Clear CT: 0.1 ms]
   [Other: 0.7 ms]
      [Choose CSet: 0.0 ms]
      [Ref Proc: 0.2 ms]
      [Ref Enq: 0.0 ms]
      [Redirty Cards: 0.1 ms]
      [Humongous Register: 0.1 ms]
      [Humongous Reclaim: 0.0 ms]
      [Free CSet: 0.1 ms]
   [Eden: 178.0M(178.0M)->0.0B(178.0M) Survivors: 26624.0K->26624.0K Heap: 450.3M(4096.0M)->329.6M(4096.0M)]
 [Times: user=0.06 sys=0.05, real=0.01 secs] 
0.559: [GC pause (G1 Evacuation Pause) (young), 0.0122590 secs]
   [Parallel Time: 11.6 ms, GC Workers: 8]
      [GC Worker Start (ms): Min: 559.0, Avg: 559.1, Max: 559.2, Diff: 0.2]
      [Ext Root Scanning (ms): Min: 0.0, Avg: 0.1, Max: 0.2, Diff: 0.2, Sum: 1.1]
      [Update RS (ms): Min: 0.0, Avg: 0.1, Max: 0.1, Diff: 0.1, Sum: 0.5]
         [Processed Buffers: Min: 1, Avg: 1.1, Max: 2, Diff: 1, Sum: 9]
      [Scan RS (ms): Min: 0.0, Avg: 0.0, Max: 0.0, Diff: 0.0, Sum: 0.1]
      [Code Root Scanning (ms): Min: 0.0, Avg: 0.0, Max: 0.0, Diff: 0.0, Sum: 0.0]
      [Object Copy (ms): Min: 11.0, Avg: 11.2, Max: 11.3, Diff: 0.2, Sum: 89.3]
      [Termination (ms): Min: 0.0, Avg: 0.1, Max: 0.2, Diff: 0.2, Sum: 0.8]
         [Termination Attempts: Min: 1, Avg: 1.0, Max: 1, Diff: 0, Sum: 8]
      [GC Worker Other (ms): Min: 0.0, Avg: 0.0, Max: 0.0, Diff: 0.0, Sum: 0.1]
      [GC Worker Total (ms): Min: 11.3, Avg: 11.5, Max: 11.5, Diff: 0.2, Sum: 91.8]
      [GC Worker End (ms): Min: 570.5, Avg: 570.6, Max: 570.6, Diff: 0.0]
   [Code Root Fixup: 0.0 ms]
   [Code Root Purge: 0.0 ms]
   [Clear CT: 0.1 ms]
   [Other: 0.6 ms]
      [Choose CSet: 0.0 ms]
      [Ref Proc: 0.1 ms]
      [Ref Enq: 0.0 ms]
      [Redirty Cards: 0.1 ms]
      [Humongous Register: 0.0 ms]
      [Humongous Reclaim: 0.0 ms]
      [Free CSet: 0.1 ms]
   [Eden: 178.0M(178.0M)->0.0B(212.0M) Survivors: 26624.0K->26624.0K Heap: 507.6M(4096.0M)->389.1M(4096.0M)]
 [Times: user=0.02 sys=0.09, real=0.01 secs] 
0.611: [GC pause (G1 Evacuation Pause) (young), 0.0137711 secs]
   [Parallel Time: 13.1 ms, GC Workers: 8]
      [GC Worker Start (ms): Min: 611.6, Avg: 611.6, Max: 611.7, Diff: 0.0]
      [Ext Root Scanning (ms): Min: 0.1, Avg: 0.1, Max: 0.2, Diff: 0.0, Sum: 1.1]
      [Update RS (ms): Min: 0.0, Avg: 0.1, Max: 0.1, Diff: 0.1, Sum: 0.5]
         [Processed Buffers: Min: 1, Avg: 1.3, Max: 2, Diff: 1, Sum: 10]
      [Scan RS (ms): Min: 0.0, Avg: 0.0, Max: 0.0, Diff: 0.0, Sum: 0.1]
      [Code Root Scanning (ms): Min: 0.0, Avg: 0.0, Max: 0.0, Diff: 0.0, Sum: 0.0]
      [Object Copy (ms): Min: 12.4, Avg: 12.6, Max: 12.7, Diff: 0.4, Sum: 100.7]
      [Termination (ms): Min: 0.0, Avg: 0.2, Max: 0.4, Diff: 0.4, Sum: 1.3]
         [Termination Attempts: Min: 1, Avg: 1.0, Max: 1, Diff: 0, Sum: 8]
      [GC Worker Other (ms): Min: 0.0, Avg: 0.0, Max: 0.0, Diff: 0.0, Sum: 0.1]
      [GC Worker Total (ms): Min: 12.9, Avg: 13.0, Max: 13.0, Diff: 0.0, Sum: 103.7]
      [GC Worker End (ms): Min: 624.6, Avg: 624.6, Max: 624.6, Diff: 0.0]
   [Code Root Fixup: 0.0 ms]
   [Code Root Purge: 0.0 ms]
   [Clear CT: 0.1 ms]
   [Other: 0.6 ms]
      [Choose CSet: 0.0 ms]
      [Ref Proc: 0.1 ms]
      [Ref Enq: 0.0 ms]
      [Redirty Cards: 0.1 ms]
      [Humongous Register: 0.0 ms]
      [Humongous Reclaim: 0.0 ms]
      [Free CSet: 0.1 ms]
   [Eden: 212.0M(212.0M)->0.0B(232.0M) Survivors: 26624.0K->30720.0K Heap: 601.1M(4096.0M)->455.9M(4096.0M)]
 [Times: user=0.03 sys=0.09, real=0.01 secs] 
0.658: [GC pause (G1 Evacuation Pause) (young), 0.0147034 secs]
   [Parallel Time: 14.0 ms, GC Workers: 8]
      [GC Worker Start (ms): Min: 658.4, Avg: 658.4, Max: 658.4, Diff: 0.0]
      [Ext Root Scanning (ms): Min: 0.1, Avg: 0.1, Max: 0.2, Diff: 0.0, Sum: 1.1]
      [Update RS (ms): Min: 0.0, Avg: 0.1, Max: 0.3, Diff: 0.2, Sum: 0.7]
         [Processed Buffers: Min: 1, Avg: 1.1, Max: 2, Diff: 1, Sum: 9]
      [Scan RS (ms): Min: 0.0, Avg: 0.0, Max: 0.0, Diff: 0.0, Sum: 0.1]
      [Code Root Scanning (ms): Min: 0.0, Avg: 0.0, Max: 0.0, Diff: 0.0, Sum: 0.0]
      [Object Copy (ms): Min: 13.3, Avg: 13.6, Max: 13.7, Diff: 0.3, Sum: 108.7]
      [Termination (ms): Min: 0.0, Avg: 0.1, Max: 0.2, Diff: 0.2, Sum: 0.8]
         [Termination Attempts: Min: 1, Avg: 1.0, Max: 1, Diff: 0, Sum: 8]
      [GC Worker Other (ms): Min: 0.0, Avg: 0.0, Max: 0.0, Diff: 0.0, Sum: 0.1]
      [GC Worker Total (ms): Min: 13.9, Avg: 13.9, Max: 14.0, Diff: 0.0, Sum: 111.4]
      [GC Worker End (ms): Min: 672.3, Avg: 672.3, Max: 672.3, Diff: 0.0]
   [Code Root Fixup: 0.0 ms]
   [Code Root Purge: 0.0 ms]
   [Clear CT: 0.1 ms]
   [Other: 0.6 ms]
      [Choose CSet: 0.0 ms]
      [Ref Proc: 0.1 ms]
      [Ref Enq: 0.0 ms]
      [Redirty Cards: 0.1 ms]
      [Humongous Register: 0.0 ms]
      [Humongous Reclaim: 0.0 ms]
      [Free CSet: 0.1 ms]
   [Eden: 232.0M(232.0M)->0.0B(276.0M) Survivors: 30720.0K->34816.0K Heap: 687.9M(4096.0M)->529.4M(4096.0M)]
 [Times: user=0.13 sys=0.00, real=0.02 secs] 
0.721: [GC pause (G1 Evacuation Pause) (young), 0.0166632 secs]
   [Parallel Time: 15.9 ms, GC Workers: 8]
      [GC Worker Start (ms): Min: 721.1, Avg: 721.2, Max: 721.2, Diff: 0.0]
      [Ext Root Scanning (ms): Min: 0.1, Avg: 0.1, Max: 0.2, Diff: 0.0, Sum: 1.1]
      [Update RS (ms): Min: 0.0, Avg: 0.1, Max: 0.1, Diff: 0.1, Sum: 0.6]
         [Processed Buffers: Min: 1, Avg: 1.1, Max: 2, Diff: 1, Sum: 9]
      [Scan RS (ms): Min: 0.0, Avg: 0.0, Max: 0.0, Diff: 0.0, Sum: 0.1]
      [Code Root Scanning (ms): Min: 0.0, Avg: 0.0, Max: 0.0, Diff: 0.0, Sum: 0.0]
      [Object Copy (ms): Min: 15.4, Avg: 15.5, Max: 15.6, Diff: 0.2, Sum: 123.9]
      [Termination (ms): Min: 0.0, Avg: 0.1, Max: 0.2, Diff: 0.2, Sum: 1.1]
         [Termination Attempts: Min: 1, Avg: 1.0, Max: 1, Diff: 0, Sum: 8]
      [GC Worker Other (ms): Min: 0.0, Avg: 0.0, Max: 0.0, Diff: 0.0, Sum: 0.1]
      [GC Worker Total (ms): Min: 15.8, Avg: 15.9, Max: 15.9, Diff: 0.0, Sum: 126.9]
      [GC Worker End (ms): Min: 737.0, Avg: 737.0, Max: 737.0, Diff: 0.0]
   [Code Root Fixup: 0.0 ms]
   [Code Root Purge: 0.0 ms]
   [Clear CT: 0.1 ms]
   [Other: 0.6 ms]
      [Choose CSet: 0.0 ms]
      [Ref Proc: 0.1 ms]
      [Ref Enq: 0.0 ms]
      [Redirty Cards: 0.1 ms]
      [Humongous Register: 0.0 ms]
      [Humongous Reclaim: 0.0 ms]
      [Free CSet: 0.1 ms]
   [Eden: 276.0M(276.0M)->0.0B(322.0M) Survivors: 34816.0K->40960.0K Heap: 805.4M(4096.0M)->607.5M(4096.0M)]
 [Times: user=0.08 sys=0.13, real=0.02 secs] 
0.794: [GC pause (G1 Evacuation Pause) (young), 0.0184442 secs]
   [Parallel Time: 17.6 ms, GC Workers: 8]
      [GC Worker Start (ms): Min: 794.1, Avg: 794.1, Max: 794.2, Diff: 0.0]
      [Ext Root Scanning (ms): Min: 0.1, Avg: 0.1, Max: 0.2, Diff: 0.0, Sum: 1.1]
      [Update RS (ms): Min: 0.0, Avg: 0.1, Max: 0.1, Diff: 0.1, Sum: 0.6]
         [Processed Buffers: Min: 1, Avg: 1.1, Max: 2, Diff: 1, Sum: 9]
      [Scan RS (ms): Min: 0.0, Avg: 0.0, Max: 0.0, Diff: 0.0, Sum: 0.1]
      [Code Root Scanning (ms): Min: 0.0, Avg: 0.0, Max: 0.0, Diff: 0.0, Sum: 0.0]
      [Object Copy (ms): Min: 17.1, Avg: 17.2, Max: 17.3, Diff: 0.2, Sum: 137.6]
      [Termination (ms): Min: 0.0, Avg: 0.1, Max: 0.2, Diff: 0.2, Sum: 1.0]
         [Termination Attempts: Min: 1, Avg: 1.0, Max: 1, Diff: 0, Sum: 8]
      [GC Worker Other (ms): Min: 0.0, Avg: 0.0, Max: 0.0, Diff: 0.0, Sum: 0.1]
      [GC Worker Total (ms): Min: 17.5, Avg: 17.6, Max: 17.6, Diff: 0.1, Sum: 140.5]
      [GC Worker End (ms): Min: 811.7, Avg: 811.7, Max: 811.7, Diff: 0.0]
   [Code Root Fixup: 0.0 ms]
   [Code Root Purge: 0.0 ms]
   [Clear CT: 0.1 ms]
   [Other: 0.7 ms]
      [Choose CSet: 0.0 ms]
      [Ref Proc: 0.1 ms]
      [Ref Enq: 0.0 ms]
      [Redirty Cards: 0.1 ms]
      [Humongous Register: 0.0 ms]
      [Humongous Reclaim: 0.0 ms]
      [Free CSet: 0.2 ms]
   [Eden: 322.0M(322.0M)->0.0B(502.0M) Survivors: 40960.0K->47104.0K Heap: 929.5M(4096.0M)->694.3M(4096.0M)]
 [Times: user=0.06 sys=0.06, real=0.02 secs] 
0.928: [GC pause (G1 Evacuation Pause) (young), 0.0230862 secs]
   [Parallel Time: 22.1 ms, GC Workers: 8]
      [GC Worker Start (ms): Min: 927.7, Avg: 927.7, Max: 927.7, Diff: 0.0]
      [Ext Root Scanning (ms): Min: 0.1, Avg: 0.1, Max: 0.2, Diff: 0.0, Sum: 1.1]
      [Update RS (ms): Min: 0.0, Avg: 0.1, Max: 0.1, Diff: 0.1, Sum: 0.7]
         [Processed Buffers: Min: 1, Avg: 1.1, Max: 2, Diff: 1, Sum: 9]
      [Scan RS (ms): Min: 0.0, Avg: 0.0, Max: 0.1, Diff: 0.0, Sum: 0.2]
      [Code Root Scanning (ms): Min: 0.0, Avg: 0.0, Max: 0.0, Diff: 0.0, Sum: 0.0]
      [Object Copy (ms): Min: 21.5, Avg: 21.6, Max: 21.8, Diff: 0.3, Sum: 172.6]
      [Termination (ms): Min: 0.0, Avg: 0.2, Max: 0.3, Diff: 0.3, Sum: 1.4]
         [Termination Attempts: Min: 1, Avg: 1.0, Max: 1, Diff: 0, Sum: 8]
      [GC Worker Other (ms): Min: 0.0, Avg: 0.0, Max: 0.0, Diff: 0.0, Sum: 0.1]
      [GC Worker Total (ms): Min: 22.0, Avg: 22.0, Max: 22.1, Diff: 0.1, Sum: 176.1]
      [GC Worker End (ms): Min: 949.7, Avg: 949.7, Max: 949.7, Diff: 0.1]
   [Code Root Fixup: 0.0 ms]
   [Code Root Purge: 0.0 ms]
   [Clear CT: 0.1 ms]
   [Other: 0.8 ms]
      [Choose CSet: 0.0 ms]
      [Ref Proc: 0.2 ms]
      [Ref Enq: 0.0 ms]
      [Redirty Cards: 0.1 ms]
      [Humongous Register: 0.0 ms]
      [Humongous Reclaim: 0.0 ms]
      [Free CSet: 0.2 ms]
   [Eden: 502.0M(502.0M)->0.0B(564.0M) Survivors: 47104.0K->71680.0K Heap: 1196.3M(4096.0M)->815.7M(4096.0M)]
 [Times: user=0.03 sys=0.08, real=0.02 secs] 
1.039: [GC pause (G1 Evacuation Pause) (young), 0.0279945 secs]
   [Parallel Time: 27.0 ms, GC Workers: 8]
      [GC Worker Start (ms): Min: 1038.7, Avg: 1038.8, Max: 1038.8, Diff: 0.1]
      [Ext Root Scanning (ms): Min: 0.1, Avg: 0.1, Max: 0.2, Diff: 0.1, Sum: 0.8]
      [Update RS (ms): Min: 0.1, Avg: 0.1, Max: 0.1, Diff: 0.1, Sum: 0.7]
         [Processed Buffers: Min: 1, Avg: 1.1, Max: 2, Diff: 1, Sum: 9]
      [Scan RS (ms): Min: 0.0, Avg: 0.0, Max: 0.1, Diff: 0.0, Sum: 0.2]
      [Code Root Scanning (ms): Min: 0.0, Avg: 0.0, Max: 0.0, Diff: 0.0, Sum: 0.0]
      [Object Copy (ms): Min: 26.4, Avg: 26.5, Max: 26.7, Diff: 0.3, Sum: 211.6]
      [Termination (ms): Min: 0.0, Avg: 0.2, Max: 0.3, Diff: 0.3, Sum: 1.9]
         [Termination Attempts: Min: 1, Avg: 1.0, Max: 1, Diff: 0, Sum: 8]
      [GC Worker Other (ms): Min: 0.0, Avg: 0.0, Max: 0.0, Diff: 0.0, Sum: 0.1]
      [GC Worker Total (ms): Min: 26.9, Avg: 26.9, Max: 27.0, Diff: 0.1, Sum: 215.4]
      [GC Worker End (ms): Min: 1065.7, Avg: 1065.7, Max: 1065.7, Diff: 0.0]
   [Code Root Fixup: 0.0 ms]
   [Code Root Purge: 0.0 ms]
   [Clear CT: 0.1 ms]
   [Other: 0.8 ms]
      [Choose CSet: 0.0 ms]
      [Ref Proc: 0.1 ms]
      [Ref Enq: 0.0 ms]
      [Redirty Cards: 0.1 ms]
      [Humongous Register: 0.0 ms]
      [Humongous Reclaim: 0.0 ms]
      [Free CSet: 0.3 ms]
   [Eden: 564.0M(564.0M)->0.0B(870.0M) Survivors: 71680.0K->81920.0K Heap: 1379.7M(4096.0M)->958.9M(4096.0M)]
 [Times: user=0.09 sys=0.16, real=0.03 secs] 
1.263: [GC pause (G1 Evacuation Pause) (young), 0.0352774 secs]
   [Parallel Time: 34.2 ms, GC Workers: 8]
      [GC Worker Start (ms): Min: 1262.8, Avg: 1262.8, Max: 1262.8, Diff: 0.0]
      [Ext Root Scanning (ms): Min: 0.1, Avg: 0.1, Max: 0.1, Diff: 0.0, Sum: 1.0]
      [Update RS (ms): Min: 0.0, Avg: 0.1, Max: 0.2, Diff: 0.2, Sum: 0.8]
         [Processed Buffers: Min: 0, Avg: 1.1, Max: 2, Diff: 2, Sum: 9]
      [Scan RS (ms): Min: 0.0, Avg: 0.0, Max: 0.1, Diff: 0.1, Sum: 0.4]
      [Code Root Scanning (ms): Min: 0.0, Avg: 0.0, Max: 0.0, Diff: 0.0, Sum: 0.0]
      [Object Copy (ms): Min: 33.5, Avg: 33.6, Max: 33.7, Diff: 0.2, Sum: 269.0]
      [Termination (ms): Min: 0.0, Avg: 0.1, Max: 0.2, Diff: 0.2, Sum: 1.0]
         [Termination Attempts: Min: 1, Avg: 1.0, Max: 1, Diff: 0, Sum: 8]
      [GC Worker Other (ms): Min: 0.0, Avg: 0.0, Max: 0.0, Diff: 0.0, Sum: 0.1]
      [GC Worker Total (ms): Min: 34.0, Avg: 34.0, Max: 34.1, Diff: 0.1, Sum: 272.3]
      [GC Worker End (ms): Min: 1296.8, Avg: 1296.8, Max: 1296.9, Diff: 0.0]
   [Code Root Fixup: 0.0 ms]
   [Code Root Purge: 0.0 ms]
   [Clear CT: 0.2 ms]
   [Other: 0.9 ms]
      [Choose CSet: 0.0 ms]
      [Ref Proc: 0.1 ms]
      [Ref Enq: 0.0 ms]
      [Redirty Cards: 0.1 ms]
      [Humongous Register: 0.0 ms]
      [Humongous Reclaim: 0.0 ms]
      [Free CSet: 0.5 ms]
   [Eden: 870.0M(870.0M)->0.0B(840.0M) Survivors: 81920.0K->120.0M Heap: 1828.9M(4096.0M)->1138.3M(4096.0M)]
 [Times: user=0.09 sys=0.16, real=0.04 secs] 
1.421: [GC pause (G1 Evacuation Pause) (young), 0.0333376 secs]
   [Parallel Time: 32.2 ms, GC Workers: 8]
      [GC Worker Start (ms): Min: 1421.1, Avg: 1421.1, Max: 1421.2, Diff: 0.1]
      [Ext Root Scanning (ms): Min: 0.1, Avg: 0.1, Max: 0.2, Diff: 0.1, Sum: 0.9]
      [Update RS (ms): Min: 0.1, Avg: 0.1, Max: 0.4, Diff: 0.3, Sum: 1.0]
         [Processed Buffers: Min: 1, Avg: 1.1, Max: 2, Diff: 1, Sum: 9]
      [Scan RS (ms): Min: 0.0, Avg: 0.0, Max: 0.1, Diff: 0.1, Sum: 0.4]
      [Code Root Scanning (ms): Min: 0.0, Avg: 0.0, Max: 0.0, Diff: 0.0, Sum: 0.0]
      [Object Copy (ms): Min: 31.5, Avg: 31.6, Max: 31.7, Diff: 0.3, Sum: 252.8]
      [Termination (ms): Min: 0.0, Avg: 0.2, Max: 0.3, Diff: 0.3, Sum: 1.2]
         [Termination Attempts: Min: 1, Avg: 1.5, Max: 2, Diff: 1, Sum: 12]
      [GC Worker Other (ms): Min: 0.0, Avg: 0.0, Max: 0.0, Diff: 0.0, Sum: 0.1]
      [GC Worker Total (ms): Min: 32.0, Avg: 32.1, Max: 32.1, Diff: 0.1, Sum: 256.5]
      [GC Worker End (ms): Min: 1453.2, Avg: 1453.2, Max: 1453.2, Diff: 0.0]
   [Code Root Fixup: 0.0 ms]
   [Code Root Purge: 0.0 ms]
   [Clear CT: 0.2 ms]
   [Other: 1.0 ms]
      [Choose CSet: 0.0 ms]
      [Ref Proc: 0.1 ms]
      [Ref Enq: 0.0 ms]
      [Redirty Cards: 0.1 ms]
      [Humongous Register: 0.0 ms]
      [Humongous Reclaim: 0.0 ms]
      [Free CSet: 0.5 ms]
   [Eden: 840.0M(840.0M)->0.0B(1778.0M) Survivors: 120.0M->120.0M Heap: 1978.3M(4096.0M)->1287.1M(4096.0M)]
 [Times: user=0.09 sys=0.16, real=0.03 secs] 
1.938: [GC pause (G1 Evacuation Pause) (young), 0.0543871 secs]
   [Parallel Time: 52.3 ms, GC Workers: 8]
      [GC Worker Start (ms): Min: 1938.3, Avg: 1938.9, Max: 1942.5, Diff: 4.2]
      [Ext Root Scanning (ms): Min: 0.0, Avg: 0.1, Max: 0.2, Diff: 0.2, Sum: 0.8]
      [Update RS (ms): Min: 0.0, Avg: 0.1, Max: 0.2, Diff: 0.2, Sum: 0.7]
         [Processed Buffers: Min: 0, Avg: 1.1, Max: 2, Diff: 2, Sum: 9]
      [Scan RS (ms): Min: 0.0, Avg: 0.1, Max: 0.2, Diff: 0.1, Sum: 0.9]
      [Code Root Scanning (ms): Min: 0.0, Avg: 0.0, Max: 0.0, Diff: 0.0, Sum: 0.0]
      [Object Copy (ms): Min: 47.8, Avg: 51.2, Max: 51.8, Diff: 4.0, Sum: 409.6]
      [Termination (ms): Min: 0.0, Avg: 0.1, Max: 0.2, Diff: 0.2, Sum: 0.9]
         [Termination Attempts: Min: 1, Avg: 1.0, Max: 1, Diff: 0, Sum: 8]
      [GC Worker Other (ms): Min: 0.0, Avg: 0.0, Max: 0.1, Diff: 0.0, Sum: 0.3]
      [GC Worker Total (ms): Min: 48.1, Avg: 51.7, Max: 52.3, Diff: 4.2, Sum: 413.2]
      [GC Worker End (ms): Min: 1990.5, Avg: 1990.5, Max: 1990.6, Diff: 0.0]
   [Code Root Fixup: 0.0 ms]
   [Code Root Purge: 0.0 ms]
   [Clear CT: 0.5 ms]
   [Other: 1.6 ms]
      [Choose CSet: 0.0 ms]
      [Ref Proc: 0.1 ms]
      [Ref Enq: 0.0 ms]
      [Redirty Cards: 0.1 ms]
      [Humongous Register: 0.1 ms]
      [Humongous Reclaim: 0.0 ms]
      [Free CSet: 1.0 ms]
   [Eden: 1778.0M(1778.0M)->0.0B(1212.0M) Survivors: 120.0M->238.0M Heap: 3065.1M(4096.0M)->1517.9M(4096.0M)]
 [Times: user=0.16 sys=0.28, real=0.06 secs] 
2.169: [GC pause (G1 Evacuation Pause) (young), 0.0459024 secs]
   [Parallel Time: 44.3 ms, GC Workers: 8]
      [GC Worker Start (ms): Min: 2169.2, Avg: 2169.3, Max: 2169.3, Diff: 0.1]
      [Ext Root Scanning (ms): Min: 0.1, Avg: 0.1, Max: 0.2, Diff: 0.1, Sum: 0.9]
      [Update RS (ms): Min: 0.0, Avg: 0.1, Max: 0.2, Diff: 0.1, Sum: 0.7]
         [Processed Buffers: Min: 1, Avg: 1.1, Max: 2, Diff: 1, Sum: 9]
      [Scan RS (ms): Min: 0.0, Avg: 0.1, Max: 0.2, Diff: 0.1, Sum: 0.7]
      [Code Root Scanning (ms): Min: 0.0, Avg: 0.0, Max: 0.0, Diff: 0.0, Sum: 0.0]
      [Object Copy (ms): Min: 43.5, Avg: 43.7, Max: 43.9, Diff: 0.3, Sum: 349.7]
      [Termination (ms): Min: 0.0, Avg: 0.2, Max: 0.4, Diff: 0.4, Sum: 1.5]
         [Termination Attempts: Min: 1, Avg: 1.0, Max: 1, Diff: 0, Sum: 8]
      [GC Worker Other (ms): Min: 0.0, Avg: 0.0, Max: 0.0, Diff: 0.0, Sum: 0.2]
      [GC Worker Total (ms): Min: 44.2, Avg: 44.2, Max: 44.3, Diff: 0.1, Sum: 353.7]
      [GC Worker End (ms): Min: 2213.5, Avg: 2213.5, Max: 2213.5, Diff: 0.0]
   [Code Root Fixup: 0.0 ms]
   [Code Root Purge: 0.0 ms]
   [Clear CT: 0.3 ms]
   [Other: 1.3 ms]
      [Choose CSet: 0.0 ms]
      [Ref Proc: 0.1 ms]
      [Ref Enq: 0.0 ms]
      [Redirty Cards: 0.1 ms]
      [Humongous Register: 0.0 ms]
      [Humongous Reclaim: 0.0 ms]
      [Free CSet: 0.8 ms]
   [Eden: 1212.0M(1212.0M)->0.0B(1648.0M) Survivors: 238.0M->182.0M Heap: 2729.9M(4096.0M)->1643.3M(4096.0M)]
 [Times: user=0.25 sys=0.08, real=0.05 secs] 
2.447: [GC pause (G1 Evacuation Pause) (young), 0.0414353 secs]
   [Parallel Time: 39.9 ms, GC Workers: 8]
      [GC Worker Start (ms): Min: 2447.1, Avg: 2447.2, Max: 2447.2, Diff: 0.1]
      [Ext Root Scanning (ms): Min: 0.1, Avg: 0.1, Max: 0.2, Diff: 0.1, Sum: 0.9]
      [Update RS (ms): Min: 0.1, Avg: 0.1, Max: 0.4, Diff: 0.3, Sum: 0.9]
         [Processed Buffers: Min: 1, Avg: 1.1, Max: 2, Diff: 1, Sum: 9]
      [Scan RS (ms): Min: 0.0, Avg: 0.1, Max: 0.2, Diff: 0.1, Sum: 0.9]
      [Code Root Scanning (ms): Min: 0.0, Avg: 0.0, Max: 0.0, Diff: 0.0, Sum: 0.0]
      [Object Copy (ms): Min: 39.2, Avg: 39.4, Max: 39.5, Diff: 0.3, Sum: 314.9]
      [Termination (ms): Min: 0.0, Avg: 0.1, Max: 0.2, Diff: 0.2, Sum: 0.7]
         [Termination Attempts: Min: 1, Avg: 1.3, Max: 2, Diff: 1, Sum: 10]
      [GC Worker Other (ms): Min: 0.0, Avg: 0.0, Max: 0.0, Diff: 0.0, Sum: 0.2]
      [GC Worker Total (ms): Min: 39.8, Avg: 39.8, Max: 39.9, Diff: 0.1, Sum: 318.6]
      [GC Worker End (ms): Min: 2487.0, Avg: 2487.0, Max: 2487.0, Diff: 0.0]
   [Code Root Fixup: 0.0 ms]
   [Code Root Purge: 0.0 ms]
   [Clear CT: 0.4 ms]
   [Other: 1.1 ms]
      [Choose CSet: 0.0 ms]
      [Ref Proc: 0.1 ms]
      [Ref Enq: 0.0 ms]
      [Redirty Cards: 0.1 ms]
      [Humongous Register: 0.0 ms]
      [Humongous Reclaim: 0.0 ms]
      [Free CSet: 0.8 ms]
   [Eden: 1648.0M(1648.0M)->0.0B(1516.0M) Survivors: 182.0M->230.0M Heap: 3291.3M(4096.0M)->1808.9M(4096.0M)]
 [Times: user=0.25 sys=0.08, real=0.04 secs] 
2.690: [GC pause (G1 Evacuation Pause) (young), 0.0454920 secs]
   [Parallel Time: 43.7 ms, GC Workers: 8]
      [GC Worker Start (ms): Min: 2690.0, Avg: 2690.1, Max: 2690.1, Diff: 0.1]
      [Ext Root Scanning (ms): Min: 0.1, Avg: 0.1, Max: 0.2, Diff: 0.1, Sum: 1.0]
      [Update RS (ms): Min: 0.1, Avg: 0.1, Max: 0.2, Diff: 0.1, Sum: 0.7]
         [Processed Buffers: Min: 1, Avg: 1.1, Max: 2, Diff: 1, Sum: 9]
      [Scan RS (ms): Min: 0.0, Avg: 0.1, Max: 0.1, Diff: 0.1, Sum: 0.8]
      [Code Root Scanning (ms): Min: 0.0, Avg: 0.0, Max: 0.0, Diff: 0.0, Sum: 0.0]
      [Object Copy (ms): Min: 42.9, Avg: 43.1, Max: 43.2, Diff: 0.3, Sum: 344.4]
      [Termination (ms): Min: 0.0, Avg: 0.2, Max: 0.3, Diff: 0.3, Sum: 1.3]
         [Termination Attempts: Min: 1, Avg: 1.0, Max: 1, Diff: 0, Sum: 8]
      [GC Worker Other (ms): Min: 0.0, Avg: 0.0, Max: 0.0, Diff: 0.0, Sum: 0.2]
      [GC Worker Total (ms): Min: 43.5, Avg: 43.5, Max: 43.6, Diff: 0.1, Sum: 348.4]
      [GC Worker End (ms): Min: 2733.6, Avg: 2733.6, Max: 2733.6, Diff: 0.0]
   [Code Root Fixup: 0.0 ms]
   [Code Root Purge: 0.0 ms]
   [Clear CT: 0.3 ms]
   [Other: 1.5 ms]
      [Choose CSet: 0.0 ms]
      [Ref Proc: 0.1 ms]
      [Ref Enq: 0.0 ms]
      [Redirty Cards: 0.1 ms]
      [Humongous Register: 0.0 ms]
      [Humongous Reclaim: 0.0 ms]
      [Free CSet: 1.0 ms]
   [Eden: 1516.0M(1516.0M)->0.0B(1378.0M) Survivors: 230.0M->220.0M Heap: 3324.9M(4096.0M)->1962.7M(4096.0M)]
 [Times: user=0.23 sys=0.14, real=0.05 secs] 
2.955: [GC pause (G1 Evacuation Pause) (young), 0.0452805 secs]
   [Parallel Time: 43.8 ms, GC Workers: 8]
      [GC Worker Start (ms): Min: 2954.7, Avg: 2954.7, Max: 2954.7, Diff: 0.1]
      [Ext Root Scanning (ms): Min: 0.1, Avg: 0.1, Max: 0.2, Diff: 0.1, Sum: 1.0]
      [Update RS (ms): Min: 0.1, Avg: 0.1, Max: 0.2, Diff: 0.2, Sum: 0.7]
         [Processed Buffers: Min: 1, Avg: 1.1, Max: 2, Diff: 1, Sum: 9]
      [Scan RS (ms): Min: 0.0, Avg: 0.1, Max: 0.1, Diff: 0.1, Sum: 0.7]
      [Code Root Scanning (ms): Min: 0.0, Avg: 0.0, Max: 0.0, Diff: 0.0, Sum: 0.0]
      [Object Copy (ms): Min: 42.8, Avg: 43.1, Max: 43.4, Diff: 0.6, Sum: 344.6]
      [Termination (ms): Min: 0.0, Avg: 0.4, Max: 0.5, Diff: 0.5, Sum: 2.8]
         [Termination Attempts: Min: 1, Avg: 1.0, Max: 1, Diff: 0, Sum: 8]
      [GC Worker Other (ms): Min: 0.0, Avg: 0.0, Max: 0.0, Diff: 0.0, Sum: 0.2]
      [GC Worker Total (ms): Min: 43.7, Avg: 43.8, Max: 43.8, Diff: 0.1, Sum: 350.1]
      [GC Worker End (ms): Min: 2998.4, Avg: 2998.4, Max: 2998.5, Diff: 0.0]
   [Code Root Fixup: 0.0 ms]
   [Code Root Purge: 0.0 ms]
   [Clear CT: 0.3 ms]
   [Other: 1.1 ms]
      [Choose CSet: 0.0 ms]
      [Ref Proc: 0.1 ms]
      [Ref Enq: 0.0 ms]
      [Redirty Cards: 0.1 ms]
      [Humongous Register: 0.0 ms]
      [Humongous Reclaim: 0.0 ms]
      [Free CSet: 0.7 ms]
   [Eden: 1378.0M(1378.0M)->0.0B(1260.0M) Survivors: 220.0M->200.0M Heap: 3340.7M(4096.0M)->2095.3M(4096.0M)]
 [Times: user=0.27 sys=0.11, real=0.05 secs] 
执行结束!共生成对象次数:50439
Heap
 garbage-first heap   total 4194304K, used 3255611K [0x00000006c0000000, 0x00000006c0204000, 0x00000007c0000000)
  region size 2048K, 643 young (1316864K), 100 survivors (204800K)
 Metaspace       used 3137K, capacity 4486K, committed 4864K, reserved 1056768K
  class space    used 298K, capacity 386K, committed 512K, reserved 1048576K

java -Xmx8g -Xms8g -XX:+UseG1GC -XX:+PrintGCDetails -XX:+PrintGCTimeStamps GCLogAnalysis
正在执行...
0.336: [GC pause (G1 Evacuation Pause) (young), 0.0198601 secs]
   [Parallel Time: 19.0 ms, GC Workers: 8]
      [GC Worker Start (ms): Min: 336.0, Avg: 336.0, Max: 336.0, Diff: 0.1]
      [Ext Root Scanning (ms): Min: 0.0, Avg: 0.1, Max: 0.2, Diff: 0.2, Sum: 1.2]
      [Update RS (ms): Min: 0.0, Avg: 0.0, Max: 0.0, Diff: 0.0, Sum: 0.0]
         [Processed Buffers: Min: 0, Avg: 0.0, Max: 0, Diff: 0, Sum: 0]
      [Scan RS (ms): Min: 0.0, Avg: 0.0, Max: 0.0, Diff: 0.0, Sum: 0.1]
      [Code Root Scanning (ms): Min: 0.0, Avg: 0.0, Max: 0.0, Diff: 0.0, Sum: 0.0]
      [Object Copy (ms): Min: 11.5, Avg: 17.6, Max: 18.7, Diff: 7.2, Sum: 140.7]
      [Termination (ms): Min: 0.0, Avg: 0.2, Max: 0.4, Diff: 0.4, Sum: 1.6]
         [Termination Attempts: Min: 1, Avg: 1.0, Max: 1, Diff: 0, Sum: 8]
      [GC Worker Other (ms): Min: 0.0, Avg: 0.9, Max: 7.2, Diff: 7.2, Sum: 7.4]
      [GC Worker Total (ms): Min: 18.9, Avg: 18.9, Max: 18.9, Diff: 0.1, Sum: 151.1]
      [GC Worker End (ms): Min: 354.9, Avg: 354.9, Max: 354.9, Diff: 0.0]
   [Code Root Fixup: 0.0 ms]
   [Code Root Purge: 0.0 ms]
   [Clear CT: 0.1 ms]
   [Other: 0.7 ms]
      [Choose CSet: 0.0 ms]
      [Ref Proc: 0.1 ms]
      [Ref Enq: 0.0 ms]
      [Redirty Cards: 0.1 ms]
      [Humongous Register: 0.0 ms]
      [Humongous Reclaim: 0.0 ms]
      [Free CSet: 0.1 ms]
   [Eden: 408.0M(408.0M)->0.0B(356.0M) Survivors: 0.0B->53248.0K Heap: 408.0M(8192.0M)->132.7M(8192.0M)]
 [Times: user=0.01 sys=0.11, real=0.02 secs] 
0.436: [GC pause (G1 Evacuation Pause) (young), 0.0201806 secs]
   [Parallel Time: 19.4 ms, GC Workers: 8]
      [GC Worker Start (ms): Min: 435.9, Avg: 436.1, Max: 436.6, Diff: 0.7]
      [Ext Root Scanning (ms): Min: 0.0, Avg: 0.1, Max: 0.3, Diff: 0.3, Sum: 1.0]
      [Update RS (ms): Min: 0.0, Avg: 0.0, Max: 0.0, Diff: 0.0, Sum: 0.1]
         [Processed Buffers: Min: 0, Avg: 1.0, Max: 2, Diff: 2, Sum: 8]
      [Scan RS (ms): Min: 0.0, Avg: 0.0, Max: 0.0, Diff: 0.0, Sum: 0.1]
      [Code Root Scanning (ms): Min: 0.0, Avg: 0.0, Max: 0.0, Diff: 0.0, Sum: 0.0]
      [Object Copy (ms): Min: 18.3, Avg: 18.8, Max: 19.0, Diff: 0.7, Sum: 150.2]
      [Termination (ms): Min: 0.0, Avg: 0.2, Max: 0.3, Diff: 0.3, Sum: 1.5]
         [Termination Attempts: Min: 1, Avg: 1.0, Max: 1, Diff: 0, Sum: 8]
      [GC Worker Other (ms): Min: 0.0, Avg: 0.0, Max: 0.0, Diff: 0.0, Sum: 0.1]
      [GC Worker Total (ms): Min: 18.6, Avg: 19.1, Max: 19.3, Diff: 0.7, Sum: 153.1]
      [GC Worker End (ms): Min: 455.2, Avg: 455.2, Max: 455.2, Diff: 0.0]
   [Code Root Fixup: 0.0 ms]
   [Code Root Purge: 0.0 ms]
   [Clear CT: 0.1 ms]
   [Other: 0.7 ms]
      [Choose CSet: 0.0 ms]
      [Ref Proc: 0.1 ms]
      [Ref Enq: 0.0 ms]
      [Redirty Cards: 0.1 ms]
      [Humongous Register: 0.1 ms]
      [Humongous Reclaim: 0.0 ms]
      [Free CSet: 0.1 ms]
   [Eden: 356.0M(356.0M)->0.0B(356.0M) Survivors: 53248.0K->53248.0K Heap: 488.7M(8192.0M)->227.3M(8192.0M)]
 [Times: user=0.02 sys=0.11, real=0.02 secs] 
0.534: [GC pause (G1 Evacuation Pause) (young), 0.0208276 secs]
   [Parallel Time: 20.1 ms, GC Workers: 8]
      [GC Worker Start (ms): Min: 534.4, Avg: 534.5, Max: 534.5, Diff: 0.1]
      [Ext Root Scanning (ms): Min: 0.1, Avg: 0.1, Max: 0.2, Diff: 0.1, Sum: 1.1]
      [Update RS (ms): Min: 0.1, Avg: 0.1, Max: 0.4, Diff: 0.4, Sum: 0.9]
         [Processed Buffers: Min: 1, Avg: 1.4, Max: 3, Diff: 2, Sum: 11]
      [Scan RS (ms): Min: 0.0, Avg: 0.0, Max: 0.0, Diff: 0.0, Sum: 0.1]
      [Code Root Scanning (ms): Min: 0.0, Avg: 0.0, Max: 0.0, Diff: 0.0, Sum: 0.0]
      [Object Copy (ms): Min: 19.1, Avg: 19.5, Max: 19.7, Diff: 0.6, Sum: 155.8]
      [Termination (ms): Min: 0.0, Avg: 0.2, Max: 0.3, Diff: 0.3, Sum: 1.5]
         [Termination Attempts: Min: 1, Avg: 1.0, Max: 1, Diff: 0, Sum: 8]
      [GC Worker Other (ms): Min: 0.0, Avg: 0.0, Max: 0.0, Diff: 0.0, Sum: 0.1]
      [GC Worker Total (ms): Min: 19.9, Avg: 19.9, Max: 20.0, Diff: 0.1, Sum: 159.5]
      [GC Worker End (ms): Min: 554.4, Avg: 554.4, Max: 554.4, Diff: 0.0]
   [Code Root Fixup: 0.0 ms]
   [Code Root Purge: 0.0 ms]
   [Clear CT: 0.1 ms]
   [Other: 0.7 ms]
      [Choose CSet: 0.0 ms]
      [Ref Proc: 0.1 ms]
      [Ref Enq: 0.0 ms]
      [Redirty Cards: 0.1 ms]
      [Humongous Register: 0.1 ms]
      [Humongous Reclaim: 0.0 ms]
      [Free CSet: 0.1 ms]
   [Eden: 356.0M(356.0M)->0.0B(356.0M) Survivors: 53248.0K->53248.0K Heap: 583.3M(8192.0M)->323.5M(8192.0M)]
 [Times: user=0.08 sys=0.16, real=0.02 secs] 
0.650: [GC pause (G1 Evacuation Pause) (young), 0.0233235 secs]
   [Parallel Time: 22.4 ms, GC Workers: 8]
      [GC Worker Start (ms): Min: 650.7, Avg: 653.2, Max: 663.6, Diff: 12.9]
      [Ext Root Scanning (ms): Min: 0.0, Avg: 0.1, Max: 0.2, Diff: 0.2, Sum: 0.8]
      [Update RS (ms): Min: 0.0, Avg: 0.1, Max: 0.1, Diff: 0.1, Sum: 0.4]
         [Processed Buffers: Min: 0, Avg: 1.3, Max: 3, Diff: 3, Sum: 10]
      [Scan RS (ms): Min: 0.0, Avg: 0.0, Max: 0.0, Diff: 0.0, Sum: 0.1]
      [Code Root Scanning (ms): Min: 0.0, Avg: 0.0, Max: 0.0, Diff: 0.0, Sum: 0.0]
      [Object Copy (ms): Min: 9.3, Avg: 19.5, Max: 21.9, Diff: 12.6, Sum: 155.7]
      [Termination (ms): Min: 0.0, Avg: 0.1, Max: 0.2, Diff: 0.2, Sum: 0.9]
         [Termination Attempts: Min: 1, Avg: 1.0, Max: 1, Diff: 0, Sum: 8]
      [GC Worker Other (ms): Min: 0.0, Avg: 0.0, Max: 0.0, Diff: 0.0, Sum: 0.1]
      [GC Worker Total (ms): Min: 9.4, Avg: 19.7, Max: 22.3, Diff: 12.9, Sum: 158.0]
      [GC Worker End (ms): Min: 673.0, Avg: 673.0, Max: 673.0, Diff: 0.0]
   [Code Root Fixup: 0.0 ms]
   [Code Root Purge: 0.0 ms]
   [Clear CT: 0.1 ms]
   [Other: 0.8 ms]
      [Choose CSet: 0.0 ms]
      [Ref Proc: 0.2 ms]
      [Ref Enq: 0.0 ms]
      [Redirty Cards: 0.1 ms]
      [Humongous Register: 0.1 ms]
      [Humongous Reclaim: 0.0 ms]
      [Free CSet: 0.1 ms]
   [Eden: 356.0M(356.0M)->0.0B(356.0M) Survivors: 53248.0K->53248.0K Heap: 679.5M(8192.0M)->419.9M(8192.0M)]
 [Times: user=0.09 sys=0.02, real=0.02 secs] 
0.757: [GC pause (G1 Evacuation Pause) (young), 0.0220018 secs]
   [Parallel Time: 21.1 ms, GC Workers: 8]
      [GC Worker Start (ms): Min: 756.8, Avg: 757.0, Max: 758.2, Diff: 1.4]
      [Ext Root Scanning (ms): Min: 0.0, Avg: 0.1, Max: 0.2, Diff: 0.2, Sum: 1.1]
      [Update RS (ms): Min: 0.0, Avg: 0.1, Max: 0.1, Diff: 0.1, Sum: 0.6]
         [Processed Buffers: Min: 0, Avg: 1.1, Max: 2, Diff: 2, Sum: 9]
      [Scan RS (ms): Min: 0.0, Avg: 0.0, Max: 0.0, Diff: 0.0, Sum: 0.1]
      [Code Root Scanning (ms): Min: 0.0, Avg: 0.0, Max: 0.0, Diff: 0.0, Sum: 0.0]
      [Object Copy (ms): Min: 19.4, Avg: 20.4, Max: 20.7, Diff: 1.3, Sum: 163.3]
      [Termination (ms): Min: 0.0, Avg: 0.2, Max: 0.4, Diff: 0.4, Sum: 1.2]
         [Termination Attempts: Min: 1, Avg: 1.0, Max: 1, Diff: 0, Sum: 8]
      [GC Worker Other (ms): Min: 0.0, Avg: 0.0, Max: 0.0, Diff: 0.0, Sum: 0.1]
      [GC Worker Total (ms): Min: 19.5, Avg: 20.8, Max: 21.0, Diff: 1.5, Sum: 166.3]
      [GC Worker End (ms): Min: 777.7, Avg: 777.8, Max: 777.8, Diff: 0.1]
   [Code Root Fixup: 0.0 ms]
   [Code Root Purge: 0.0 ms]
   [Clear CT: 0.1 ms]
   [Other: 0.8 ms]
      [Choose CSet: 0.0 ms]
      [Ref Proc: 0.1 ms]
      [Ref Enq: 0.0 ms]
      [Redirty Cards: 0.1 ms]
      [Humongous Register: 0.1 ms]
      [Humongous Reclaim: 0.0 ms]
      [Free CSet: 0.1 ms]
   [Eden: 356.0M(356.0M)->0.0B(356.0M) Survivors: 53248.0K->53248.0K Heap: 775.9M(8192.0M)->528.4M(8192.0M)]
 [Times: user=0.03 sys=0.08, real=0.02 secs] 
0.854: [GC pause (G1 Evacuation Pause) (young), 0.0210390 secs]
   [Parallel Time: 20.3 ms, GC Workers: 8]
      [GC Worker Start (ms): Min: 854.0, Avg: 854.0, Max: 854.2, Diff: 0.2]
      [Ext Root Scanning (ms): Min: 0.0, Avg: 0.1, Max: 0.2, Diff: 0.2, Sum: 1.1]
      [Update RS (ms): Min: 0.0, Avg: 0.2, Max: 1.3, Diff: 1.3, Sum: 1.9]
         [Processed Buffers: Min: 0, Avg: 1.1, Max: 2, Diff: 2, Sum: 9]
      [Scan RS (ms): Min: 0.0, Avg: 0.0, Max: 0.0, Diff: 0.0, Sum: 0.1]
      [Code Root Scanning (ms): Min: 0.0, Avg: 0.0, Max: 0.0, Diff: 0.0, Sum: 0.0]
      [Object Copy (ms): Min: 18.6, Avg: 19.6, Max: 20.0, Diff: 1.4, Sum: 156.7]
      [Termination (ms): Min: 0.0, Avg: 0.3, Max: 0.4, Diff: 0.4, Sum: 2.0]
         [Termination Attempts: Min: 1, Avg: 1.3, Max: 3, Diff: 2, Sum: 10]
      [GC Worker Other (ms): Min: 0.0, Avg: 0.0, Max: 0.0, Diff: 0.0, Sum: 0.1]
      [GC Worker Total (ms): Min: 20.1, Avg: 20.2, Max: 20.3, Diff: 0.2, Sum: 161.8]
      [GC Worker End (ms): Min: 874.3, Avg: 874.3, Max: 874.3, Diff: 0.0]
   [Code Root Fixup: 0.0 ms]
   [Code Root Purge: 0.0 ms]
   [Clear CT: 0.1 ms]
   [Other: 0.7 ms]
      [Choose CSet: 0.0 ms]
      [Ref Proc: 0.1 ms]
      [Ref Enq: 0.0 ms]
      [Redirty Cards: 0.1 ms]
      [Humongous Register: 0.1 ms]
      [Humongous Reclaim: 0.0 ms]
      [Free CSet: 0.1 ms]
   [Eden: 356.0M(356.0M)->0.0B(356.0M) Survivors: 53248.0K->53248.0K Heap: 884.4M(8192.0M)->618.2M(8192.0M)]
 [Times: user=0.02 sys=0.09, real=0.02 secs] 
0.931: [GC pause (G1 Evacuation Pause) (young), 0.0214604 secs]
   [Parallel Time: 20.7 ms, GC Workers: 8]
      [GC Worker Start (ms): Min: 931.5, Avg: 933.6, Max: 948.3, Diff: 16.9]
      [Ext Root Scanning (ms): Min: 0.0, Avg: 0.1, Max: 0.2, Diff: 0.2, Sum: 1.0]
      [Update RS (ms): Min: 0.0, Avg: 0.1, Max: 0.2, Diff: 0.2, Sum: 0.7]
         [Processed Buffers: Min: 0, Avg: 1.1, Max: 2, Diff: 2, Sum: 9]
      [Scan RS (ms): Min: 0.0, Avg: 0.0, Max: 0.0, Diff: 0.0, Sum: 0.1]
      [Code Root Scanning (ms): Min: 0.0, Avg: 0.0, Max: 0.0, Diff: 0.0, Sum: 0.0]
      [Object Copy (ms): Min: 3.5, Avg: 18.1, Max: 20.4, Diff: 16.9, Sum: 144.6]
      [Termination (ms): Min: 0.0, Avg: 0.2, Max: 0.3, Diff: 0.3, Sum: 1.2]
         [Termination Attempts: Min: 1, Avg: 1.0, Max: 1, Diff: 0, Sum: 8]
      [GC Worker Other (ms): Min: 0.0, Avg: 0.0, Max: 0.1, Diff: 0.1, Sum: 0.2]
      [GC Worker Total (ms): Min: 3.8, Avg: 18.5, Max: 20.6, Diff: 16.8, Sum: 147.8]
      [GC Worker End (ms): Min: 952.1, Avg: 952.1, Max: 952.1, Diff: 0.0]
   [Code Root Fixup: 0.0 ms]
   [Code Root Purge: 0.0 ms]
   [Clear CT: 0.1 ms]
   [Other: 0.7 ms]
      [Choose CSet: 0.0 ms]
      [Ref Proc: 0.1 ms]
      [Ref Enq: 0.0 ms]
      [Redirty Cards: 0.1 ms]
      [Humongous Register: 0.0 ms]
      [Humongous Reclaim: 0.0 ms]
      [Free CSet: 0.1 ms]
   [Eden: 356.0M(356.0M)->0.0B(356.0M) Survivors: 53248.0K->53248.0K Heap: 974.2M(8192.0M)->723.9M(8192.0M)]
 [Times: user=0.02 sys=0.09, real=0.02 secs] 
1.009: [GC pause (G1 Evacuation Pause) (young), 0.0193473 secs]
   [Parallel Time: 18.6 ms, GC Workers: 8]
      [GC Worker Start (ms): Min: 1009.6, Avg: 1009.7, Max: 1009.8, Diff: 0.2]
      [Ext Root Scanning (ms): Min: 0.0, Avg: 0.1, Max: 0.2, Diff: 0.2, Sum: 1.1]
      [Update RS (ms): Min: 0.0, Avg: 0.1, Max: 0.3, Diff: 0.3, Sum: 1.0]
         [Processed Buffers: Min: 1, Avg: 1.1, Max: 2, Diff: 1, Sum: 9]
      [Scan RS (ms): Min: 0.0, Avg: 0.0, Max: 0.0, Diff: 0.0, Sum: 0.1]
      [Code Root Scanning (ms): Min: 0.0, Avg: 0.0, Max: 0.0, Diff: 0.0, Sum: 0.0]
      [Object Copy (ms): Min: 17.7, Avg: 17.9, Max: 18.2, Diff: 0.4, Sum: 143.3]
      [Termination (ms): Min: 0.0, Avg: 0.3, Max: 0.4, Diff: 0.4, Sum: 2.0]
         [Termination Attempts: Min: 1, Avg: 1.0, Max: 1, Diff: 0, Sum: 8]
      [GC Worker Other (ms): Min: 0.0, Avg: 0.0, Max: 0.0, Diff: 0.0, Sum: 0.1]
      [GC Worker Total (ms): Min: 18.3, Avg: 18.4, Max: 18.5, Diff: 0.2, Sum: 147.5]
      [GC Worker End (ms): Min: 1028.1, Avg: 1028.1, Max: 1028.1, Diff: 0.0]
   [Code Root Fixup: 0.0 ms]
   [Code Root Purge: 0.0 ms]
   [Clear CT: 0.1 ms]
   [Other: 0.7 ms]
      [Choose CSet: 0.0 ms]
      [Ref Proc: 0.1 ms]
      [Ref Enq: 0.0 ms]
      [Redirty Cards: 0.1 ms]
      [Humongous Register: 0.1 ms]
      [Humongous Reclaim: 0.0 ms]
      [Free CSet: 0.1 ms]
   [Eden: 356.0M(356.0M)->0.0B(356.0M) Survivors: 53248.0K->53248.0K Heap: 1079.9M(8192.0M)->812.1M(8192.0M)]
 [Times: user=0.03 sys=0.09, real=0.02 secs] 
1.079: [GC pause (G1 Evacuation Pause) (young), 0.0212066 secs]
   [Parallel Time: 20.5 ms, GC Workers: 8]
      [GC Worker Start (ms): Min: 1079.3, Avg: 1079.3, Max: 1079.4, Diff: 0.2]
      [Ext Root Scanning (ms): Min: 0.0, Avg: 0.1, Max: 0.2, Diff: 0.2, Sum: 1.1]
      [Update RS (ms): Min: 0.0, Avg: 0.1, Max: 0.4, Diff: 0.4, Sum: 0.9]
         [Processed Buffers: Min: 1, Avg: 1.1, Max: 2, Diff: 1, Sum: 9]
      [Scan RS (ms): Min: 0.0, Avg: 0.0, Max: 0.0, Diff: 0.0, Sum: 0.1]
      [Code Root Scanning (ms): Min: 0.0, Avg: 0.0, Max: 0.0, Diff: 0.0, Sum: 0.0]
      [Object Copy (ms): Min: 19.6, Avg: 19.9, Max: 20.2, Diff: 0.6, Sum: 159.3]
      [Termination (ms): Min: 0.0, Avg: 0.2, Max: 0.3, Diff: 0.3, Sum: 1.7]
         [Termination Attempts: Min: 1, Avg: 1.0, Max: 1, Diff: 0, Sum: 8]
      [GC Worker Other (ms): Min: 0.0, Avg: 0.0, Max: 0.0, Diff: 0.0, Sum: 0.1]
      [GC Worker Total (ms): Min: 20.2, Avg: 20.4, Max: 20.4, Diff: 0.2, Sum: 163.2]
      [GC Worker End (ms): Min: 1099.7, Avg: 1099.7, Max: 1099.7, Diff: 0.0]
   [Code Root Fixup: 0.0 ms]
   [Code Root Purge: 0.0 ms]
   [Clear CT: 0.1 ms]
   [Other: 0.6 ms]
      [Choose CSet: 0.0 ms]
      [Ref Proc: 0.1 ms]
      [Ref Enq: 0.0 ms]
      [Redirty Cards: 0.1 ms]
      [Humongous Register: 0.0 ms]
      [Humongous Reclaim: 0.0 ms]
      [Free CSet: 0.1 ms]
   [Eden: 356.0M(356.0M)->0.0B(356.0M) Survivors: 53248.0K->53248.0K Heap: 1168.1M(8192.0M)->913.3M(8192.0M)]
 [Times: user=0.13 sys=0.11, real=0.02 secs] 
1.151: [GC pause (G1 Evacuation Pause) (young), 0.0209630 secs]
   [Parallel Time: 20.2 ms, GC Workers: 8]
      [GC Worker Start (ms): Min: 1151.1, Avg: 1151.1, Max: 1151.1, Diff: 0.0]
      [Ext Root Scanning (ms): Min: 0.1, Avg: 0.1, Max: 0.2, Diff: 0.0, Sum: 1.1]
      [Update RS (ms): Min: 0.1, Avg: 0.1, Max: 0.2, Diff: 0.2, Sum: 0.7]
         [Processed Buffers: Min: 1, Avg: 1.1, Max: 2, Diff: 1, Sum: 9]
      [Scan RS (ms): Min: 0.0, Avg: 0.0, Max: 0.0, Diff: 0.0, Sum: 0.1]
      [Code Root Scanning (ms): Min: 0.0, Avg: 0.0, Max: 0.0, Diff: 0.0, Sum: 0.0]
      [Object Copy (ms): Min: 19.4, Avg: 19.7, Max: 19.9, Diff: 0.5, Sum: 157.7]
      [Termination (ms): Min: 0.0, Avg: 0.2, Max: 0.4, Diff: 0.4, Sum: 1.8]
         [Termination Attempts: Min: 1, Avg: 1.3, Max: 2, Diff: 1, Sum: 10]
      [GC Worker Other (ms): Min: 0.0, Avg: 0.0, Max: 0.0, Diff: 0.0, Sum: 0.1]
      [GC Worker Total (ms): Min: 20.2, Avg: 20.2, Max: 20.2, Diff: 0.0, Sum: 161.4]
      [GC Worker End (ms): Min: 1171.3, Avg: 1171.3, Max: 1171.3, Diff: 0.0]
   [Code Root Fixup: 0.0 ms]
   [Code Root Purge: 0.0 ms]
   [Clear CT: 0.1 ms]
   [Other: 0.6 ms]
      [Choose CSet: 0.0 ms]
      [Ref Proc: 0.1 ms]
      [Ref Enq: 0.0 ms]
      [Redirty Cards: 0.1 ms]
      [Humongous Register: 0.0 ms]
      [Humongous Reclaim: 0.0 ms]
      [Free CSet: 0.1 ms]
   [Eden: 356.0M(356.0M)->0.0B(432.0M) Survivors: 53248.0K->53248.0K Heap: 1269.3M(8192.0M)->1018.1M(8192.0M)]
 [Times: user=0.11 sys=0.02, real=0.02 secs] 
1.242: [GC pause (G1 Evacuation Pause) (young), 0.0210612 secs]
   [Parallel Time: 20.3 ms, GC Workers: 8]
      [GC Worker Start (ms): Min: 1242.4, Avg: 1242.5, Max: 1242.5, Diff: 0.0]
      [Ext Root Scanning (ms): Min: 0.1, Avg: 0.1, Max: 0.2, Diff: 0.0, Sum: 1.0]
      [Update RS (ms): Min: 0.0, Avg: 0.1, Max: 0.1, Diff: 0.1, Sum: 0.6]
         [Processed Buffers: Min: 1, Avg: 1.1, Max: 2, Diff: 1, Sum: 9]
      [Scan RS (ms): Min: 0.0, Avg: 0.0, Max: 0.0, Diff: 0.0, Sum: 0.1]
      [Code Root Scanning (ms): Min: 0.0, Avg: 0.0, Max: 0.0, Diff: 0.0, Sum: 0.0]
      [Object Copy (ms): Min: 19.7, Avg: 19.8, Max: 20.0, Diff: 0.3, Sum: 158.4]
      [Termination (ms): Min: 0.0, Avg: 0.2, Max: 0.3, Diff: 0.3, Sum: 1.4]
         [Termination Attempts: Min: 1, Avg: 1.0, Max: 1, Diff: 0, Sum: 8]
      [GC Worker Other (ms): Min: 0.0, Avg: 0.0, Max: 0.0, Diff: 0.0, Sum: 0.1]
      [GC Worker Total (ms): Min: 20.2, Avg: 20.2, Max: 20.2, Diff: 0.0, Sum: 161.6]
      [GC Worker End (ms): Min: 1262.7, Avg: 1262.7, Max: 1262.7, Diff: 0.0]
   [Code Root Fixup: 0.0 ms]
   [Code Root Purge: 0.0 ms]
   [Clear CT: 0.1 ms]
   [Other: 0.6 ms]
      [Choose CSet: 0.0 ms]
      [Ref Proc: 0.1 ms]
      [Ref Enq: 0.0 ms]
      [Redirty Cards: 0.1 ms]
      [Humongous Register: 0.0 ms]
      [Humongous Reclaim: 0.0 ms]
      [Free CSet: 0.1 ms]
   [Eden: 432.0M(432.0M)->0.0B(492.0M) Survivors: 53248.0K->65536.0K Heap: 1450.1M(8192.0M)->1123.3M(8192.0M)]
 [Times: user=0.06 sys=0.06, real=0.02 secs] 
1.337: [GC pause (G1 Evacuation Pause) (young), 0.0267433 secs]
   [Parallel Time: 26.0 ms, GC Workers: 8]
      [GC Worker Start (ms): Min: 1337.3, Avg: 1337.3, Max: 1337.4, Diff: 0.1]
      [Ext Root Scanning (ms): Min: 0.1, Avg: 0.1, Max: 0.2, Diff: 0.1, Sum: 0.9]
      [Update RS (ms): Min: 0.1, Avg: 0.1, Max: 0.1, Diff: 0.1, Sum: 0.6]
         [Processed Buffers: Min: 1, Avg: 1.1, Max: 2, Diff: 1, Sum: 9]
      [Scan RS (ms): Min: 0.0, Avg: 0.0, Max: 0.0, Diff: 0.0, Sum: 0.1]
      [Code Root Scanning (ms): Min: 0.0, Avg: 0.0, Max: 0.0, Diff: 0.0, Sum: 0.0]
      [Object Copy (ms): Min: 25.4, Avg: 25.6, Max: 25.7, Diff: 0.3, Sum: 204.7]
      [Termination (ms): Min: 0.0, Avg: 0.1, Max: 0.3, Diff: 0.3, Sum: 1.2]
         [Termination Attempts: Min: 1, Avg: 1.0, Max: 1, Diff: 0, Sum: 8]
      [GC Worker Other (ms): Min: 0.0, Avg: 0.0, Max: 0.0, Diff: 0.0, Sum: 0.1]
      [GC Worker Total (ms): Min: 25.9, Avg: 25.9, Max: 26.0, Diff: 0.1, Sum: 207.6]
      [GC Worker End (ms): Min: 1363.3, Avg: 1363.3, Max: 1363.3, Diff: 0.0]
   [Code Root Fixup: 0.0 ms]
   [Code Root Purge: 0.0 ms]
   [Clear CT: 0.1 ms]
   [Other: 0.6 ms]
      [Choose CSet: 0.0 ms]
      [Ref Proc: 0.1 ms]
      [Ref Enq: 0.0 ms]
      [Redirty Cards: 0.1 ms]
      [Humongous Register: 0.0 ms]
      [Humongous Reclaim: 0.0 ms]
      [Free CSet: 0.1 ms]
   [Eden: 492.0M(492.0M)->0.0B(616.0M) Survivors: 65536.0K->73728.0K Heap: 1615.3M(8192.0M)->1268.4M(8192.0M)]
 [Times: user=0.03 sys=0.11, real=0.03 secs] 
1.467: [GC pause (G1 Evacuation Pause) (young), 0.0284547 secs]
   [Parallel Time: 27.6 ms, GC Workers: 8]
      [GC Worker Start (ms): Min: 1467.1, Avg: 1467.1, Max: 1467.1, Diff: 0.0]
      [Ext Root Scanning (ms): Min: 0.1, Avg: 0.1, Max: 0.1, Diff: 0.0, Sum: 1.0]
      [Update RS (ms): Min: 0.0, Avg: 0.1, Max: 0.1, Diff: 0.1, Sum: 0.7]
         [Processed Buffers: Min: 1, Avg: 1.1, Max: 2, Diff: 1, Sum: 9]
      [Scan RS (ms): Min: 0.0, Avg: 0.0, Max: 0.0, Diff: 0.0, Sum: 0.1]
      [Code Root Scanning (ms): Min: 0.0, Avg: 0.0, Max: 0.0, Diff: 0.0, Sum: 0.0]
      [Object Copy (ms): Min: 27.0, Avg: 27.2, Max: 27.3, Diff: 0.3, Sum: 217.4]
      [Termination (ms): Min: 0.0, Avg: 0.2, Max: 0.2, Diff: 0.2, Sum: 1.3]
         [Termination Attempts: Min: 1, Avg: 1.3, Max: 2, Diff: 1, Sum: 10]
      [GC Worker Other (ms): Min: 0.0, Avg: 0.0, Max: 0.0, Diff: 0.0, Sum: 0.1]
      [GC Worker Total (ms): Min: 27.5, Avg: 27.6, Max: 27.6, Diff: 0.1, Sum: 220.5]
      [GC Worker End (ms): Min: 1494.6, Avg: 1494.7, Max: 1494.7, Diff: 0.0]
   [Code Root Fixup: 0.0 ms]
   [Code Root Purge: 0.0 ms]
   [Clear CT: 0.2 ms]
   [Other: 0.7 ms]
      [Choose CSet: 0.0 ms]
      [Ref Proc: 0.1 ms]
      [Ref Enq: 0.0 ms]
      [Redirty Cards: 0.1 ms]
      [Humongous Register: 0.0 ms]
      [Humongous Reclaim: 0.0 ms]
      [Free CSet: 0.2 ms]
   [Eden: 616.0M(616.0M)->0.0B(732.0M) Survivors: 73728.0K->90112.0K Heap: 1884.4M(8192.0M)->1421.5M(8192.0M)]
 [Times: user=0.08 sys=0.17, real=0.03 secs] 
1.618: [GC pause (G1 Evacuation Pause) (young), 0.0318827 secs]
   [Parallel Time: 31.0 ms, GC Workers: 8]
      [GC Worker Start (ms): Min: 1618.1, Avg: 1618.1, Max: 1618.1, Diff: 0.0]
      [Ext Root Scanning (ms): Min: 0.1, Avg: 0.1, Max: 0.1, Diff: 0.0, Sum: 1.0]
      [Update RS (ms): Min: 0.0, Avg: 0.1, Max: 0.2, Diff: 0.1, Sum: 0.6]
         [Processed Buffers: Min: 1, Avg: 1.1, Max: 2, Diff: 1, Sum: 9]
      [Scan RS (ms): Min: 0.0, Avg: 0.0, Max: 0.0, Diff: 0.0, Sum: 0.1]
      [Code Root Scanning (ms): Min: 0.0, Avg: 0.0, Max: 0.0, Diff: 0.0, Sum: 0.0]
      [Object Copy (ms): Min: 30.4, Avg: 30.5, Max: 30.6, Diff: 0.1, Sum: 243.7]
      [Termination (ms): Min: 0.0, Avg: 0.1, Max: 0.2, Diff: 0.2, Sum: 0.8]
         [Termination Attempts: Min: 1, Avg: 1.0, Max: 1, Diff: 0, Sum: 8]
      [GC Worker Other (ms): Min: 0.0, Avg: 0.0, Max: 0.1, Diff: 0.1, Sum: 0.2]
      [GC Worker Total (ms): Min: 30.8, Avg: 30.8, Max: 30.9, Diff: 0.2, Sum: 246.4]
      [GC Worker End (ms): Min: 1648.9, Avg: 1648.9, Max: 1649.0, Diff: 0.1]
   [Code Root Fixup: 0.0 ms]
   [Code Root Purge: 0.0 ms]
   [Clear CT: 0.1 ms]
   [Other: 0.7 ms]
      [Choose CSet: 0.0 ms]
      [Ref Proc: 0.1 ms]
      [Ref Enq: 0.0 ms]
      [Redirty Cards: 0.1 ms]
      [Humongous Register: 0.0 ms]
      [Humongous Reclaim: 0.0 ms]
      [Free CSet: 0.2 ms]
   [Eden: 732.0M(732.0M)->0.0B(988.0M) Survivors: 90112.0K->104.0M Heap: 2153.5M(8192.0M)->1577.1M(8192.0M)]
 [Times: user=0.09 sys=0.14, real=0.03 secs] 
1.833: [GC pause (G1 Evacuation Pause) (young), 0.0348381 secs]
   [Parallel Time: 33.8 ms, GC Workers: 8]
      [GC Worker Start (ms): Min: 1833.4, Avg: 1833.4, Max: 1833.4, Diff: 0.0]
      [Ext Root Scanning (ms): Min: 0.1, Avg: 0.1, Max: 0.1, Diff: 0.1, Sum: 1.0]
      [Update RS (ms): Min: 0.0, Avg: 0.1, Max: 0.2, Diff: 0.2, Sum: 0.8]
         [Processed Buffers: Min: 0, Avg: 1.1, Max: 2, Diff: 2, Sum: 9]
      [Scan RS (ms): Min: 0.0, Avg: 0.0, Max: 0.1, Diff: 0.0, Sum: 0.2]
      [Code Root Scanning (ms): Min: 0.0, Avg: 0.0, Max: 0.0, Diff: 0.0, Sum: 0.0]
      [Object Copy (ms): Min: 33.1, Avg: 33.2, Max: 33.3, Diff: 0.2, Sum: 265.7]
      [Termination (ms): Min: 0.0, Avg: 0.1, Max: 0.2, Diff: 0.2, Sum: 0.9]
         [Termination Attempts: Min: 1, Avg: 1.0, Max: 1, Diff: 0, Sum: 8]
      [GC Worker Other (ms): Min: 0.0, Avg: 0.0, Max: 0.0, Diff: 0.0, Sum: 0.2]
      [GC Worker Total (ms): Min: 33.6, Avg: 33.6, Max: 33.6, Diff: 0.1, Sum: 268.7]
      [GC Worker End (ms): Min: 1867.0, Avg: 1867.0, Max: 1867.0, Diff: 0.0]
   [Code Root Fixup: 0.0 ms]
   [Code Root Purge: 0.0 ms]
   [Clear CT: 0.2 ms]
   [Other: 0.8 ms]
      [Choose CSet: 0.0 ms]
      [Ref Proc: 0.1 ms]
      [Ref Enq: 0.0 ms]
      [Redirty Cards: 0.1 ms]
      [Humongous Register: 0.0 ms]
      [Humongous Reclaim: 0.0 ms]
      [Free CSet: 0.3 ms]
   [Eden: 988.0M(988.0M)->0.0B(1424.0M) Survivors: 104.0M->140.0M Heap: 2565.1M(8192.0M)->1750.2M(8192.0M)]
 [Times: user=0.11 sys=0.14, real=0.03 secs] 
2.166: [GC pause (G1 Evacuation Pause) (young), 0.0435846 secs]
   [Parallel Time: 42.3 ms, GC Workers: 8]
      [GC Worker Start (ms): Min: 2166.4, Avg: 2166.4, Max: 2166.5, Diff: 0.2]
      [Ext Root Scanning (ms): Min: 0.0, Avg: 0.1, Max: 0.2, Diff: 0.2, Sum: 0.8]
      [Update RS (ms): Min: 0.0, Avg: 0.1, Max: 0.3, Diff: 0.2, Sum: 0.8]
         [Processed Buffers: Min: 0, Avg: 1.1, Max: 2, Diff: 2, Sum: 9]
      [Scan RS (ms): Min: 0.0, Avg: 0.0, Max: 0.1, Diff: 0.1, Sum: 0.3]
      [Code Root Scanning (ms): Min: 0.0, Avg: 0.0, Max: 0.0, Diff: 0.0, Sum: 0.0]
      [Object Copy (ms): Min: 41.7, Avg: 41.8, Max: 42.0, Diff: 0.3, Sum: 334.5]
      [Termination (ms): Min: 0.0, Avg: 0.1, Max: 0.2, Diff: 0.2, Sum: 1.2]
         [Termination Attempts: Min: 1, Avg: 1.1, Max: 2, Diff: 1, Sum: 9]
      [GC Worker Other (ms): Min: 0.0, Avg: 0.0, Max: 0.0, Diff: 0.0, Sum: 0.2]
      [GC Worker Total (ms): Min: 42.1, Avg: 42.2, Max: 42.3, Diff: 0.2, Sum: 337.8]
      [GC Worker End (ms): Min: 2208.6, Avg: 2208.7, Max: 2208.7, Diff: 0.0]
   [Code Root Fixup: 0.0 ms]
   [Code Root Purge: 0.0 ms]
   [Clear CT: 0.3 ms]
   [Other: 0.9 ms]
      [Choose CSet: 0.0 ms]
      [Ref Proc: 0.1 ms]
      [Ref Enq: 0.0 ms]
      [Redirty Cards: 0.1 ms]
      [Humongous Register: 0.1 ms]
      [Humongous Reclaim: 0.0 ms]
      [Free CSet: 0.4 ms]
   [Eden: 1424.0M(1424.0M)->0.0B(1692.0M) Survivors: 140.0M->196.0M Heap: 3174.2M(8192.0M)->1962.2M(8192.0M)]
 [Times: user=0.09 sys=0.25, real=0.04 secs] 
2.506: [GC pause (G1 Evacuation Pause) (young), 0.0445945 secs]
   [Parallel Time: 43.3 ms, GC Workers: 8]
      [GC Worker Start (ms): Min: 2505.9, Avg: 2506.0, Max: 2506.0, Diff: 0.2]
      [Ext Root Scanning (ms): Min: 0.0, Avg: 0.1, Max: 0.2, Diff: 0.2, Sum: 0.7]
      [Update RS (ms): Min: 0.0, Avg: 0.1, Max: 0.2, Diff: 0.2, Sum: 0.7]
         [Processed Buffers: Min: 1, Avg: 1.1, Max: 2, Diff: 1, Sum: 9]
      [Scan RS (ms): Min: 0.0, Avg: 0.0, Max: 0.1, Diff: 0.1, Sum: 0.4]
      [Code Root Scanning (ms): Min: 0.0, Avg: 0.0, Max: 0.0, Diff: 0.0, Sum: 0.0]
      [Object Copy (ms): Min: 42.6, Avg: 42.7, Max: 42.9, Diff: 0.3, Sum: 341.4]
      [Termination (ms): Min: 0.0, Avg: 0.2, Max: 0.3, Diff: 0.3, Sum: 1.7]
         [Termination Attempts: Min: 1, Avg: 1.0, Max: 1, Diff: 0, Sum: 8]
      [GC Worker Other (ms): Min: 0.0, Avg: 0.0, Max: 0.0, Diff: 0.0, Sum: 0.1]
      [GC Worker Total (ms): Min: 43.1, Avg: 43.1, Max: 43.2, Diff: 0.1, Sum: 345.1]
      [GC Worker End (ms): Min: 2549.1, Avg: 2549.1, Max: 2549.1, Diff: 0.0]
   [Code Root Fixup: 0.0 ms]
   [Code Root Purge: 0.0 ms]
   [Clear CT: 0.3 ms]
   [Other: 0.9 ms]
      [Choose CSet: 0.0 ms]
      [Ref Proc: 0.1 ms]
      [Ref Enq: 0.0 ms]
      [Redirty Cards: 0.1 ms]
      [Humongous Register: 0.0 ms]
      [Humongous Reclaim: 0.0 ms]
      [Free CSet: 0.5 ms]
   [Eden: 1692.0M(1692.0M)->0.0B(4676.0M) Survivors: 196.0M->236.0M Heap: 3654.2M(8192.0M)->2132.8M(8192.0M)]
 [Times: user=0.09 sys=0.16, real=0.04 secs] 
执行结束!共生成对象次数:48368
Heap
 garbage-first heap   total 8388608K, used 4977490K [0x00000005c0000000, 0x00000005c0404000, 0x00000007c0000000)
  region size 4096K, 742 young (3039232K), 59 survivors (241664K)
 Metaspace       used 3137K, capacity 4486K, committed 4864K, reserved 1056768K
  class space    used 298K, capacity 386K, committed 512K, reserved 1048576K

java -Xmx12g -Xms12g -XX:+UseG1GC -XX:+PrintGCDetails -XX:+PrintGCTimeStamps GCLogAnalysis
正在执行...
0.659: [GC pause (G1 Evacuation Pause) (young), 0.0256855 secs]
   [Parallel Time: 24.5 ms, GC Workers: 8]
      [GC Worker Start (ms): Min: 659.2, Avg: 659.2, Max: 659.2, Diff: 0.0]
      [Ext Root Scanning (ms): Min: 0.0, Avg: 0.2, Max: 0.8, Diff: 0.8, Sum: 1.9]
      [Update RS (ms): Min: 0.0, Avg: 0.0, Max: 0.0, Diff: 0.0, Sum: 0.0]
         [Processed Buffers: Min: 0, Avg: 0.0, Max: 0, Diff: 0, Sum: 0]
      [Scan RS (ms): Min: 0.0, Avg: 0.0, Max: 0.0, Diff: 0.0, Sum: 0.1]
      [Code Root Scanning (ms): Min: 0.0, Avg: 0.0, Max: 0.0, Diff: 0.0, Sum: 0.0]
      [Object Copy (ms): Min: 23.4, Avg: 23.9, Max: 24.1, Diff: 0.8, Sum: 191.5]
      [Termination (ms): Min: 0.0, Avg: 0.1, Max: 0.2, Diff: 0.2, Sum: 1.1]
         [Termination Attempts: Min: 1, Avg: 1.0, Max: 1, Diff: 0, Sum: 8]
      [GC Worker Other (ms): Min: 0.0, Avg: 0.2, Max: 1.0, Diff: 0.9, Sum: 1.3]
      [GC Worker Total (ms): Min: 24.5, Avg: 24.5, Max: 24.5, Diff: 0.0, Sum: 196.0]
      [GC Worker End (ms): Min: 683.7, Avg: 683.7, Max: 683.7, Diff: 0.0]
   [Code Root Fixup: 0.0 ms]
   [Code Root Purge: 0.0 ms]
   [Clear CT: 0.1 ms]
   [Other: 1.0 ms]
      [Choose CSet: 0.0 ms]
      [Ref Proc: 0.1 ms]
      [Ref Enq: 0.0 ms]
      [Redirty Cards: 0.1 ms]
      [Humongous Register: 0.1 ms]
      [Humongous Reclaim: 0.0 ms]
      [Free CSet: 0.2 ms]
   [Eden: 612.0M(612.0M)->0.0B(532.0M) Survivors: 0.0B->81920.0K Heap: 612.0M(12288.0M)->171.7M(12288.0M)]
 [Times: user=0.03 sys=0.11, real=0.03 secs] 
0.781: [GC pause (G1 Evacuation Pause) (young), 0.0262937 secs]
   [Parallel Time: 25.3 ms, GC Workers: 8]
      [GC Worker Start (ms): Min: 781.3, Avg: 781.4, Max: 781.4, Diff: 0.0]
      [Ext Root Scanning (ms): Min: 0.1, Avg: 0.1, Max: 0.2, Diff: 0.1, Sum: 1.1]
      [Update RS (ms): Min: 0.0, Avg: 0.0, Max: 0.0, Diff: 0.0, Sum: 0.1]
         [Processed Buffers: Min: 0, Avg: 1.0, Max: 3, Diff: 3, Sum: 8]
      [Scan RS (ms): Min: 0.0, Avg: 0.0, Max: 0.0, Diff: 0.0, Sum: 0.2]
      [Code Root Scanning (ms): Min: 0.0, Avg: 0.0, Max: 0.0, Diff: 0.0, Sum: 0.0]
      [Object Copy (ms): Min: 24.7, Avg: 24.8, Max: 25.0, Diff: 0.2, Sum: 198.7]
      [Termination (ms): Min: 0.0, Avg: 0.2, Max: 0.3, Diff: 0.3, Sum: 1.2]
         [Termination Attempts: Min: 1, Avg: 1.0, Max: 1, Diff: 0, Sum: 8]
      [GC Worker Other (ms): Min: 0.0, Avg: 0.0, Max: 0.0, Diff: 0.0, Sum: 0.1]
      [GC Worker Total (ms): Min: 25.1, Avg: 25.2, Max: 25.2, Diff: 0.0, Sum: 201.4]
      [GC Worker End (ms): Min: 806.5, Avg: 806.5, Max: 806.5, Diff: 0.0]
   [Code Root Fixup: 0.0 ms]
   [Code Root Purge: 0.0 ms]
   [Clear CT: 0.1 ms]
   [Other: 0.9 ms]
      [Choose CSet: 0.0 ms]
      [Ref Proc: 0.1 ms]
      [Ref Enq: 0.0 ms]
      [Redirty Cards: 0.1 ms]
      [Humongous Register: 0.1 ms]
      [Humongous Reclaim: 0.0 ms]
      [Free CSet: 0.2 ms]
   [Eden: 532.0M(532.0M)->0.0B(532.0M) Survivors: 81920.0K->81920.0K Heap: 703.7M(12288.0M)->286.2M(12288.0M)]
 [Times: user=0.11 sys=0.02, real=0.03 secs] 
0.894: [GC pause (G1 Evacuation Pause) (young), 0.0285864 secs]
   [Parallel Time: 27.6 ms, GC Workers: 8]
      [GC Worker Start (ms): Min: 894.3, Avg: 894.4, Max: 894.4, Diff: 0.1]
      [Ext Root Scanning (ms): Min: 0.1, Avg: 0.1, Max: 0.2, Diff: 0.1, Sum: 1.1]
      [Update RS (ms): Min: 0.0, Avg: 0.4, Max: 2.3, Diff: 2.2, Sum: 3.5]
         [Processed Buffers: Min: 1, Avg: 1.5, Max: 3, Diff: 2, Sum: 12]
      [Scan RS (ms): Min: 0.0, Avg: 0.0, Max: 0.0, Diff: 0.0, Sum: 0.1]
      [Code Root Scanning (ms): Min: 0.0, Avg: 0.0, Max: 0.0, Diff: 0.0, Sum: 0.0]
      [Object Copy (ms): Min: 24.5, Avg: 26.4, Max: 26.9, Diff: 2.5, Sum: 210.9]
      [Termination (ms): Min: 0.0, Avg: 0.3, Max: 0.6, Diff: 0.6, Sum: 2.3]
         [Termination Attempts: Min: 1, Avg: 1.0, Max: 1, Diff: 0, Sum: 8]
      [GC Worker Other (ms): Min: 0.0, Avg: 0.0, Max: 0.0, Diff: 0.0, Sum: 0.1]
      [GC Worker Total (ms): Min: 27.2, Avg: 27.3, Max: 27.5, Diff: 0.4, Sum: 218.1]
      [GC Worker End (ms): Min: 921.6, Avg: 921.6, Max: 921.9, Diff: 0.3]
   [Code Root Fixup: 0.0 ms]
   [Code Root Purge: 0.0 ms]
   [Clear CT: 0.1 ms]
   [Other: 0.9 ms]
      [Choose CSet: 0.0 ms]
      [Ref Proc: 0.1 ms]
      [Ref Enq: 0.0 ms]
      [Redirty Cards: 0.1 ms]
      [Humongous Register: 0.1 ms]
      [Humongous Reclaim: 0.0 ms]
      [Free CSet: 0.1 ms]
   [Eden: 532.0M(532.0M)->0.0B(532.0M) Survivors: 81920.0K->81920.0K Heap: 818.2M(12288.0M)->415.0M(12288.0M)]
 [Times: user=0.14 sys=0.11, real=0.03 secs] 
1.018: [GC pause (G1 Evacuation Pause) (young), 0.0273182 secs]
   [Parallel Time: 26.4 ms, GC Workers: 8]
      [GC Worker Start (ms): Min: 1017.7, Avg: 1017.7, Max: 1017.7, Diff: 0.1]
      [Ext Root Scanning (ms): Min: 0.1, Avg: 0.1, Max: 0.2, Diff: 0.1, Sum: 1.1]
      [Update RS (ms): Min: 0.0, Avg: 0.1, Max: 0.4, Diff: 0.3, Sum: 0.8]
         [Processed Buffers: Min: 1, Avg: 1.1, Max: 2, Diff: 1, Sum: 9]
      [Scan RS (ms): Min: 0.0, Avg: 0.0, Max: 0.0, Diff: 0.0, Sum: 0.1]
      [Code Root Scanning (ms): Min: 0.0, Avg: 0.0, Max: 0.0, Diff: 0.0, Sum: 0.0]
      [Object Copy (ms): Min: 25.6, Avg: 25.9, Max: 26.1, Diff: 0.5, Sum: 207.4]
      [Termination (ms): Min: 0.0, Avg: 0.1, Max: 0.3, Diff: 0.3, Sum: 1.1]
         [Termination Attempts: Min: 1, Avg: 1.0, Max: 1, Diff: 0, Sum: 8]
      [GC Worker Other (ms): Min: 0.0, Avg: 0.0, Max: 0.0, Diff: 0.0, Sum: 0.1]
      [GC Worker Total (ms): Min: 26.3, Avg: 26.3, Max: 26.3, Diff: 0.1, Sum: 210.5]
      [GC Worker End (ms): Min: 1044.0, Avg: 1044.0, Max: 1044.1, Diff: 0.0]
   [Code Root Fixup: 0.0 ms]
   [Code Root Purge: 0.0 ms]
   [Clear CT: 0.1 ms]
   [Other: 0.8 ms]
      [Choose CSet: 0.0 ms]
      [Ref Proc: 0.1 ms]
      [Ref Enq: 0.0 ms]
      [Redirty Cards: 0.1 ms]
      [Humongous Register: 0.1 ms]
      [Humongous Reclaim: 0.0 ms]
      [Free CSet: 0.1 ms]
   [Eden: 532.0M(532.0M)->0.0B(532.0M) Survivors: 81920.0K->81920.0K Heap: 947.0M(12288.0M)->536.7M(12288.0M)]
 [Times: user=0.13 sys=0.02, real=0.03 secs] 
1.133: [GC pause (G1 Evacuation Pause) (young), 0.0295295 secs]
   [Parallel Time: 28.6 ms, GC Workers: 8]
      [GC Worker Start (ms): Min: 1132.7, Avg: 1132.8, Max: 1133.0, Diff: 0.3]
      [Ext Root Scanning (ms): Min: 0.0, Avg: 0.1, Max: 0.2, Diff: 0.2, Sum: 0.8]
      [Update RS (ms): Min: 0.0, Avg: 0.1, Max: 0.1, Diff: 0.1, Sum: 0.6]
         [Processed Buffers: Min: 0, Avg: 1.1, Max: 2, Diff: 2, Sum: 9]
      [Scan RS (ms): Min: 0.0, Avg: 0.0, Max: 0.0, Diff: 0.0, Sum: 0.1]
      [Code Root Scanning (ms): Min: 0.0, Avg: 0.0, Max: 0.0, Diff: 0.0, Sum: 0.0]
      [Object Copy (ms): Min: 27.8, Avg: 28.0, Max: 28.2, Diff: 0.5, Sum: 223.7]
      [Termination (ms): Min: 0.0, Avg: 0.3, Max: 0.4, Diff: 0.4, Sum: 2.2]
         [Termination Attempts: Min: 1, Avg: 1.0, Max: 1, Diff: 0, Sum: 8]
      [GC Worker Other (ms): Min: 0.0, Avg: 0.0, Max: 0.0, Diff: 0.0, Sum: 0.1]
      [GC Worker Total (ms): Min: 28.2, Avg: 28.4, Max: 28.6, Diff: 0.3, Sum: 227.5]
      [GC Worker End (ms): Min: 1161.3, Avg: 1161.3, Max: 1161.3, Diff: 0.0]
   [Code Root Fixup: 0.0 ms]
   [Code Root Purge: 0.0 ms]
   [Clear CT: 0.1 ms]
   [Other: 0.8 ms]
      [Choose CSet: 0.0 ms]
      [Ref Proc: 0.1 ms]
      [Ref Enq: 0.0 ms]
      [Redirty Cards: 0.1 ms]
      [Humongous Register: 0.1 ms]
      [Humongous Reclaim: 0.0 ms]
      [Free CSet: 0.2 ms]
   [Eden: 532.0M(532.0M)->0.0B(532.0M) Survivors: 81920.0K->81920.0K Heap: 1068.7M(12288.0M)->656.9M(12288.0M)]
 [Times: user=0.11 sys=0.11, real=0.03 secs] 
1.248: [GC pause (G1 Evacuation Pause) (young), 0.0275119 secs]
   [Parallel Time: 26.4 ms, GC Workers: 8]
      [GC Worker Start (ms): Min: 1248.0, Avg: 1248.1, Max: 1248.3, Diff: 0.3]
      [Ext Root Scanning (ms): Min: 0.0, Avg: 0.1, Max: 0.3, Diff: 0.3, Sum: 1.2]
      [Update RS (ms): Min: 0.0, Avg: 0.1, Max: 0.1, Diff: 0.1, Sum: 0.7]
         [Processed Buffers: Min: 1, Avg: 1.1, Max: 2, Diff: 1, Sum: 9]
      [Scan RS (ms): Min: 0.0, Avg: 0.0, Max: 0.0, Diff: 0.0, Sum: 0.1]
      [Code Root Scanning (ms): Min: 0.0, Avg: 0.0, Max: 0.0, Diff: 0.0, Sum: 0.0]
      [Object Copy (ms): Min: 25.7, Avg: 25.8, Max: 25.9, Diff: 0.2, Sum: 206.6]
      [Termination (ms): Min: 0.0, Avg: 0.1, Max: 0.2, Diff: 0.2, Sum: 1.0]
         [Termination Attempts: Min: 1, Avg: 1.0, Max: 1, Diff: 0, Sum: 8]
      [GC Worker Other (ms): Min: 0.0, Avg: 0.0, Max: 0.0, Diff: 0.0, Sum: 0.1]
      [GC Worker Total (ms): Min: 26.0, Avg: 26.2, Max: 26.3, Diff: 0.3, Sum: 209.6]
      [GC Worker End (ms): Min: 1274.3, Avg: 1274.3, Max: 1274.3, Diff: 0.0]
   [Code Root Fixup: 0.0 ms]
   [Code Root Purge: 0.0 ms]
   [Clear CT: 0.2 ms]
   [Other: 0.9 ms]
      [Choose CSet: 0.0 ms]
      [Ref Proc: 0.1 ms]
      [Ref Enq: 0.0 ms]
      [Redirty Cards: 0.1 ms]
      [Humongous Register: 0.1 ms]
      [Humongous Reclaim: 0.0 ms]
      [Free CSet: 0.2 ms]
   [Eden: 532.0M(532.0M)->0.0B(532.0M) Survivors: 81920.0K->81920.0K Heap: 1188.9M(12288.0M)->781.3M(12288.0M)]
 [Times: user=0.05 sys=0.08, real=0.03 secs] 
1.354: [GC pause (G1 Evacuation Pause) (young), 0.0256268 secs]
   [Parallel Time: 24.7 ms, GC Workers: 8]
      [GC Worker Start (ms): Min: 1354.2, Avg: 1354.2, Max: 1354.3, Diff: 0.1]
      [Ext Root Scanning (ms): Min: 0.1, Avg: 0.1, Max: 0.1, Diff: 0.0, Sum: 1.0]
      [Update RS (ms): Min: 0.0, Avg: 0.1, Max: 0.3, Diff: 0.2, Sum: 0.7]
         [Processed Buffers: Min: 1, Avg: 1.1, Max: 2, Diff: 1, Sum: 9]
      [Scan RS (ms): Min: 0.0, Avg: 0.0, Max: 0.0, Diff: 0.0, Sum: 0.1]
      [Code Root Scanning (ms): Min: 0.0, Avg: 0.0, Max: 0.0, Diff: 0.0, Sum: 0.0]
      [Object Copy (ms): Min: 23.9, Avg: 24.1, Max: 24.3, Diff: 0.4, Sum: 192.7]
      [Termination (ms): Min: 0.0, Avg: 0.2, Max: 0.4, Diff: 0.4, Sum: 1.6]
         [Termination Attempts: Min: 1, Avg: 1.4, Max: 3, Diff: 2, Sum: 11]
      [GC Worker Other (ms): Min: 0.0, Avg: 0.0, Max: 0.0, Diff: 0.0, Sum: 0.1]
      [GC Worker Total (ms): Min: 24.5, Avg: 24.5, Max: 24.5, Diff: 0.1, Sum: 196.1]
      [GC Worker End (ms): Min: 1378.7, Avg: 1378.8, Max: 1378.8, Diff: 0.0]
   [Code Root Fixup: 0.0 ms]
   [Code Root Purge: 0.0 ms]
   [Clear CT: 0.1 ms]
   [Other: 0.9 ms]
      [Choose CSet: 0.0 ms]
      [Ref Proc: 0.1 ms]
      [Ref Enq: 0.0 ms]
      [Redirty Cards: 0.1 ms]
      [Humongous Register: 0.1 ms]
      [Humongous Reclaim: 0.0 ms]
      [Free CSet: 0.2 ms]
   [Eden: 532.0M(532.0M)->0.0B(532.0M) Survivors: 81920.0K->81920.0K Heap: 1313.3M(12288.0M)->894.2M(12288.0M)]
 [Times: user=0.14 sys=0.11, real=0.03 secs] 
1.458: [GC pause (G1 Evacuation Pause) (young), 0.0266477 secs]
   [Parallel Time: 25.5 ms, GC Workers: 8]
      [GC Worker Start (ms): Min: 1458.4, Avg: 1458.5, Max: 1458.5, Diff: 0.1]
      [Ext Root Scanning (ms): Min: 0.1, Avg: 0.1, Max: 0.1, Diff: 0.0, Sum: 1.0]
      [Update RS (ms): Min: 0.0, Avg: 0.1, Max: 0.3, Diff: 0.3, Sum: 0.9]
         [Processed Buffers: Min: 1, Avg: 1.1, Max: 2, Diff: 1, Sum: 9]
      [Scan RS (ms): Min: 0.0, Avg: 0.0, Max: 0.0, Diff: 0.0, Sum: 0.1]
      [Code Root Scanning (ms): Min: 0.0, Avg: 0.0, Max: 0.0, Diff: 0.0, Sum: 0.0]
      [Object Copy (ms): Min: 24.8, Avg: 25.0, Max: 25.3, Diff: 0.4, Sum: 199.7]
      [Termination (ms): Min: 0.0, Avg: 0.3, Max: 0.5, Diff: 0.5, Sum: 2.1]
         [Termination Attempts: Min: 1, Avg: 1.0, Max: 1, Diff: 0, Sum: 8]
      [GC Worker Other (ms): Min: 0.0, Avg: 0.0, Max: 0.0, Diff: 0.0, Sum: 0.1]
      [GC Worker Total (ms): Min: 25.5, Avg: 25.5, Max: 25.5, Diff: 0.1, Sum: 203.9]
      [GC Worker End (ms): Min: 1483.9, Avg: 1484.0, Max: 1484.0, Diff: 0.0]
   [Code Root Fixup: 0.0 ms]
   [Code Root Purge: 0.0 ms]
   [Clear CT: 0.1 ms]
   [Other: 1.0 ms]
      [Choose CSet: 0.0 ms]
      [Ref Proc: 0.3 ms]
      [Ref Enq: 0.0 ms]
      [Redirty Cards: 0.1 ms]
      [Humongous Register: 0.1 ms]
      [Humongous Reclaim: 0.0 ms]
      [Free CSet: 0.2 ms]
   [Eden: 532.0M(532.0M)->0.0B(532.0M) Survivors: 81920.0K->81920.0K Heap: 1426.2M(12288.0M)->1018.3M(12288.0M)]
 [Times: user=0.13 sys=0.13, real=0.03 secs] 
1.564: [GC pause (G1 Evacuation Pause) (young), 0.0256504 secs]
   [Parallel Time: 24.7 ms, GC Workers: 8]
      [GC Worker Start (ms): Min: 1564.5, Avg: 1564.5, Max: 1564.5, Diff: 0.1]
      [Ext Root Scanning (ms): Min: 0.1, Avg: 0.1, Max: 0.2, Diff: 0.1, Sum: 0.9]
      [Update RS (ms): Min: 0.1, Avg: 0.1, Max: 0.2, Diff: 0.1, Sum: 0.7]
         [Processed Buffers: Min: 1, Avg: 1.1, Max: 2, Diff: 1, Sum: 9]
      [Scan RS (ms): Min: 0.0, Avg: 0.0, Max: 0.0, Diff: 0.0, Sum: 0.1]
      [Code Root Scanning (ms): Min: 0.0, Avg: 0.0, Max: 0.0, Diff: 0.0, Sum: 0.0]
      [Object Copy (ms): Min: 24.1, Avg: 24.2, Max: 24.3, Diff: 0.2, Sum: 193.3]
      [Termination (ms): Min: 0.0, Avg: 0.1, Max: 0.2, Diff: 0.2, Sum: 1.1]
         [Termination Attempts: Min: 1, Avg: 1.3, Max: 2, Diff: 1, Sum: 10]
      [GC Worker Other (ms): Min: 0.0, Avg: 0.0, Max: 0.0, Diff: 0.0, Sum: 0.1]
      [GC Worker Total (ms): Min: 24.5, Avg: 24.5, Max: 24.6, Diff: 0.1, Sum: 196.2]
      [GC Worker End (ms): Min: 1589.0, Avg: 1589.0, Max: 1589.0, Diff: 0.0]
   [Code Root Fixup: 0.0 ms]
   [Code Root Purge: 0.0 ms]
   [Clear CT: 0.2 ms]
   [Other: 0.8 ms]
      [Choose CSet: 0.0 ms]
      [Ref Proc: 0.1 ms]
      [Ref Enq: 0.0 ms]
      [Redirty Cards: 0.1 ms]
      [Humongous Register: 0.1 ms]
      [Humongous Reclaim: 0.0 ms]
      [Free CSet: 0.2 ms]
   [Eden: 532.0M(532.0M)->0.0B(532.0M) Survivors: 81920.0K->81920.0K Heap: 1550.3M(12288.0M)->1142.5M(12288.0M)]
 [Times: user=0.11 sys=0.03, real=0.03 secs] 
1.666: [GC pause (G1 Evacuation Pause) (young), 0.0261431 secs]
   [Parallel Time: 25.1 ms, GC Workers: 8]
      [GC Worker Start (ms): Min: 1665.8, Avg: 1665.8, Max: 1665.8, Diff: 0.1]
      [Ext Root Scanning (ms): Min: 0.1, Avg: 0.1, Max: 0.1, Diff: 0.0, Sum: 1.0]
      [Update RS (ms): Min: 0.1, Avg: 0.2, Max: 0.2, Diff: 0.2, Sum: 1.2]
         [Processed Buffers: Min: 1, Avg: 1.1, Max: 2, Diff: 1, Sum: 9]
      [Scan RS (ms): Min: 0.0, Avg: 0.0, Max: 0.0, Diff: 0.0, Sum: 0.1]
      [Code Root Scanning (ms): Min: 0.0, Avg: 0.0, Max: 0.0, Diff: 0.0, Sum: 0.0]
      [Object Copy (ms): Min: 24.5, Avg: 24.6, Max: 24.8, Diff: 0.3, Sum: 196.8]
      [Termination (ms): Min: 0.0, Avg: 0.2, Max: 0.3, Diff: 0.3, Sum: 1.3]
         [Termination Attempts: Min: 1, Avg: 1.0, Max: 1, Diff: 0, Sum: 8]
      [GC Worker Other (ms): Min: 0.0, Avg: 0.0, Max: 0.0, Diff: 0.0, Sum: 0.1]
      [GC Worker Total (ms): Min: 25.0, Avg: 25.1, Max: 25.1, Diff: 0.1, Sum: 200.4]
      [GC Worker End (ms): Min: 1690.9, Avg: 1690.9, Max: 1690.9, Diff: 0.0]
   [Code Root Fixup: 0.0 ms]
   [Code Root Purge: 0.0 ms]
   [Clear CT: 0.1 ms]
   [Other: 0.9 ms]
      [Choose CSet: 0.0 ms]
      [Ref Proc: 0.1 ms]
      [Ref Enq: 0.0 ms]
      [Redirty Cards: 0.1 ms]
      [Humongous Register: 0.1 ms]
      [Humongous Reclaim: 0.0 ms]
      [Free CSet: 0.2 ms]
   [Eden: 532.0M(532.0M)->0.0B(532.0M) Survivors: 81920.0K->81920.0K Heap: 1674.5M(12288.0M)->1270.4M(12288.0M)]
 [Times: user=0.06 sys=0.19, real=0.03 secs] 
1.768: [GC pause (G1 Evacuation Pause) (young), 0.0246642 secs]
   [Parallel Time: 23.7 ms, GC Workers: 8]
      [GC Worker Start (ms): Min: 1768.0, Avg: 1768.1, Max: 1768.1, Diff: 0.0]
      [Ext Root Scanning (ms): Min: 0.1, Avg: 0.1, Max: 0.1, Diff: 0.0, Sum: 0.9]
      [Update RS (ms): Min: 0.0, Avg: 0.2, Max: 0.6, Diff: 0.6, Sum: 1.5]
         [Processed Buffers: Min: 0, Avg: 1.1, Max: 2, Diff: 2, Sum: 9]
      [Scan RS (ms): Min: 0.0, Avg: 0.0, Max: 0.0, Diff: 0.0, Sum: 0.1]
      [Code Root Scanning (ms): Min: 0.0, Avg: 0.0, Max: 0.0, Diff: 0.0, Sum: 0.0]
      [Object Copy (ms): Min: 22.9, Avg: 23.2, Max: 23.5, Diff: 0.5, Sum: 185.3]
      [Termination (ms): Min: 0.0, Avg: 0.2, Max: 0.3, Diff: 0.3, Sum: 1.4]
         [Termination Attempts: Min: 1, Avg: 1.0, Max: 1, Diff: 0, Sum: 8]
      [GC Worker Other (ms): Min: 0.0, Avg: 0.0, Max: 0.0, Diff: 0.0, Sum: 0.1]
      [GC Worker Total (ms): Min: 23.6, Avg: 23.7, Max: 23.7, Diff: 0.0, Sum: 189.4]
      [GC Worker End (ms): Min: 1791.7, Avg: 1791.7, Max: 1791.7, Diff: 0.0]
   [Code Root Fixup: 0.0 ms]
   [Code Root Purge: 0.0 ms]
   [Clear CT: 0.1 ms]
   [Other: 0.8 ms]
      [Choose CSet: 0.0 ms]
      [Ref Proc: 0.1 ms]
      [Ref Enq: 0.0 ms]
      [Redirty Cards: 0.1 ms]
      [Humongous Register: 0.1 ms]
      [Humongous Reclaim: 0.0 ms]
      [Free CSet: 0.1 ms]
   [Eden: 532.0M(532.0M)->0.0B(600.0M) Survivors: 81920.0K->81920.0K Heap: 1802.4M(12288.0M)->1388.5M(12288.0M)]
 [Times: user=0.09 sys=0.03, real=0.02 secs] 
1.874: [GC pause (G1 Evacuation Pause) (young), 0.0289620 secs]
   [Parallel Time: 28.0 ms, GC Workers: 8]
      [GC Worker Start (ms): Min: 1873.9, Avg: 1873.9, Max: 1874.0, Diff: 0.2]
      [Ext Root Scanning (ms): Min: 0.0, Avg: 0.1, Max: 0.1, Diff: 0.1, Sum: 0.9]
      [Update RS (ms): Min: 0.1, Avg: 0.1, Max: 0.3, Diff: 0.3, Sum: 0.8]
         [Processed Buffers: Min: 1, Avg: 1.1, Max: 2, Diff: 1, Sum: 9]
      [Scan RS (ms): Min: 0.0, Avg: 0.0, Max: 0.0, Diff: 0.0, Sum: 0.1]
      [Code Root Scanning (ms): Min: 0.0, Avg: 0.0, Max: 0.0, Diff: 0.0, Sum: 0.0]
      [Object Copy (ms): Min: 27.4, Avg: 27.5, Max: 27.6, Diff: 0.2, Sum: 219.8]
      [Termination (ms): Min: 0.0, Avg: 0.3, Max: 0.4, Diff: 0.4, Sum: 2.1]
         [Termination Attempts: Min: 1, Avg: 1.3, Max: 3, Diff: 2, Sum: 10]
      [GC Worker Other (ms): Min: 0.0, Avg: 0.0, Max: 0.0, Diff: 0.0, Sum: 0.1]
      [GC Worker Total (ms): Min: 27.8, Avg: 28.0, Max: 28.0, Diff: 0.2, Sum: 223.8]
      [GC Worker End (ms): Min: 1901.9, Avg: 1901.9, Max: 1901.9, Diff: 0.0]
   [Code Root Fixup: 0.0 ms]
   [Code Root Purge: 0.0 ms]
   [Clear CT: 0.1 ms]
   [Other: 0.8 ms]
      [Choose CSet: 0.0 ms]
      [Ref Proc: 0.1 ms]
      [Ref Enq: 0.0 ms]
      [Redirty Cards: 0.1 ms]
      [Humongous Register: 0.1 ms]
      [Humongous Reclaim: 0.0 ms]
      [Free CSet: 0.2 ms]
   [Eden: 600.0M(600.0M)->0.0B(792.0M) Survivors: 81920.0K->90112.0K Heap: 1988.5M(12288.0M)->1531.6M(12288.0M)]
 [Times: user=0.05 sys=0.06, real=0.03 secs] 
2.036: [GC pause (G1 Evacuation Pause) (young), 0.0309086 secs]
   [Parallel Time: 29.9 ms, GC Workers: 8]
      [GC Worker Start (ms): Min: 2036.5, Avg: 2036.5, Max: 2036.6, Diff: 0.1]
      [Ext Root Scanning (ms): Min: 0.1, Avg: 0.1, Max: 0.2, Diff: 0.1, Sum: 1.0]
      [Update RS (ms): Min: 0.1, Avg: 0.1, Max: 0.2, Diff: 0.1, Sum: 0.8]
         [Processed Buffers: Min: 1, Avg: 1.1, Max: 2, Diff: 1, Sum: 9]
      [Scan RS (ms): Min: 0.0, Avg: 0.0, Max: 0.0, Diff: 0.0, Sum: 0.1]
      [Code Root Scanning (ms): Min: 0.0, Avg: 0.0, Max: 0.0, Diff: 0.0, Sum: 0.0]
      [Object Copy (ms): Min: 29.0, Avg: 29.2, Max: 29.5, Diff: 0.5, Sum: 233.9]
      [Termination (ms): Min: 0.0, Avg: 0.3, Max: 0.4, Diff: 0.4, Sum: 2.1]
         [Termination Attempts: Min: 1, Avg: 1.0, Max: 1, Diff: 0, Sum: 8]
      [GC Worker Other (ms): Min: 0.0, Avg: 0.0, Max: 0.0, Diff: 0.0, Sum: 0.1]
      [GC Worker Total (ms): Min: 29.7, Avg: 29.8, Max: 29.8, Diff: 0.1, Sum: 238.0]
      [GC Worker End (ms): Min: 2066.3, Avg: 2066.3, Max: 2066.3, Diff: 0.0]
   [Code Root Fixup: 0.0 ms]
   [Code Root Purge: 0.0 ms]
   [Clear CT: 0.2 ms]
   [Other: 0.9 ms]
      [Choose CSet: 0.0 ms]
      [Ref Proc: 0.1 ms]
      [Ref Enq: 0.0 ms]
      [Redirty Cards: 0.1 ms]
      [Humongous Register: 0.1 ms]
      [Humongous Reclaim: 0.0 ms]
      [Free CSet: 0.2 ms]
   [Eden: 792.0M(792.0M)->0.0B(796.0M) Survivors: 90112.0K->112.0M Heap: 2323.6M(12288.0M)->1701.7M(12288.0M)]
 [Times: user=0.09 sys=0.16, real=0.03 secs] 
2.190: [GC pause (G1 Evacuation Pause) (young), 0.0301075 secs]
   [Parallel Time: 29.0 ms, GC Workers: 8]
      [GC Worker Start (ms): Min: 2190.6, Avg: 2190.6, Max: 2190.6, Diff: 0.0]
      [Ext Root Scanning (ms): Min: 0.1, Avg: 0.1, Max: 0.1, Diff: 0.0, Sum: 1.0]
      [Update RS (ms): Min: 0.1, Avg: 0.1, Max: 0.4, Diff: 0.3, Sum: 1.1]
         [Processed Buffers: Min: 1, Avg: 1.1, Max: 2, Diff: 1, Sum: 9]
      [Scan RS (ms): Min: 0.0, Avg: 0.0, Max: 0.0, Diff: 0.0, Sum: 0.2]
      [Code Root Scanning (ms): Min: 0.0, Avg: 0.0, Max: 0.0, Diff: 0.0, Sum: 0.0]
      [Object Copy (ms): Min: 28.0, Avg: 28.4, Max: 28.6, Diff: 0.6, Sum: 227.2]
      [Termination (ms): Min: 0.0, Avg: 0.2, Max: 0.4, Diff: 0.4, Sum: 1.7]
         [Termination Attempts: Min: 1, Avg: 1.0, Max: 1, Diff: 0, Sum: 8]
      [GC Worker Other (ms): Min: 0.0, Avg: 0.0, Max: 0.0, Diff: 0.0, Sum: 0.1]
      [GC Worker Total (ms): Min: 28.9, Avg: 28.9, Max: 29.0, Diff: 0.1, Sum: 231.3]
      [GC Worker End (ms): Min: 2219.5, Avg: 2219.5, Max: 2219.6, Diff: 0.1]
   [Code Root Fixup: 0.0 ms]
   [Code Root Purge: 0.0 ms]
   [Clear CT: 0.2 ms]
   [Other: 0.9 ms]
      [Choose CSet: 0.0 ms]
      [Ref Proc: 0.1 ms]
      [Ref Enq: 0.0 ms]
      [Redirty Cards: 0.1 ms]
      [Humongous Register: 0.1 ms]
      [Humongous Reclaim: 0.0 ms]
      [Free CSet: 0.2 ms]
   [Eden: 796.0M(796.0M)->0.0B(3904.0M) Survivors: 112.0M->116.0M Heap: 2497.7M(12288.0M)->1855.7M(12288.0M)]
 [Times: user=0.17 sys=0.06, real=0.03 secs] 
执行结束!共生成对象次数:44013
Heap
 garbage-first heap   total 12582912K, used 5443295K [0x00000004c0000000, 0x00000004c0406000, 0x00000007c0000000)
  region size 4096K, 895 young (3665920K), 29 survivors (118784K)
 Metaspace       used 3137K, capacity 4486K, committed 4864K, reserved 1056768K
  class space    used 298K, capacity 386K, committed 512K, reserved 1048576K

